# Linker from Snapdragon LLVM ARM Compiler Version 4.0.3
# Linker based on LLVM version: 4.0
# Notable linker command/script options:
# CPU Architecture Version: 
# Target triple environment for the link: gnueabi
# Maximum GP size: 8
# Link type: Static
# ABI Page Size: 0x4
# CommandLine : C:\Users\nikol\projects\quectel\development\customer\threadx\tools\LLVM\4.0.3\bin\ld.qcld.exe -X --eh-frame-hdr -m armelf_linux_eabi -dynamic-linker /lib/ld-musl-arm.so.1 -o out/noomiojs.elf -mno-unaligned-access -entry=0x43000000 -entry=0x43000000 ./ldscripts/txm_module_preamble_llvm.o --wrap getchar --wrap gets --wrap printf --wrap puts --wrap malloc --wrap free --wrap realloc --wrap calloc -T ./ldscripts/sections.ld -Map=out/noomiojs.map -gc-sections -gc-sections ./out/common/src/retarget.o ./out/common/src/malloc.o ./out/common/src/stubs.o ./out/common/src/printf.o ./out/common/src/file.o ./out/common/src/cli.o ./out/common/src/time.o ./out/./src/noomiojs.o ./out/./src/dummy_date_provider.o ./out/./src/native/event_mngr.o ./out/./src/native/timers.o ./out/./src/native/console.o ./out/./src/native/gpio.o ./out/./src/native/at.o ./out/./src/native/i2c.o ./out/./src/duk_module_node.o ./out/src/duk/duktape.o ../../../../Quectel_BG96_QuecOpen_SDK_Package_V3.0.1-AUS/SDK/libs/llvm\azure_sdk.lib ../../../../Quectel_BG96_QuecOpen_SDK_Package_V3.0.1-AUS/SDK/libs/llvm\azure_sdk_port.lib ../../../../Quectel_BG96_QuecOpen_SDK_Package_V3.0.1-AUS/SDK/libs/llvm\diag_dam_lib.lib ../../../../Quectel_BG96_QuecOpen_SDK_Package_V3.0.1-AUS/SDK/libs/llvm\qapi_psm_lib.lib ../../../../Quectel_BG96_QuecOpen_SDK_Package_V3.0.1-AUS/SDK/libs/llvm\timer_dam_lib.lib ../../../../Quectel_BG96_QuecOpen_SDK_Package_V3.0.1-AUS/SDK/libs/llvm\txm_lib.lib -lm -lc -LC:\Users\nikol\projects\quectel\development\customer\threadx\tools\LLVM\4.0.3\armv7m-none-eabi\libc\lib -LC:\Users\nikol\projects\quectel\development\customer\threadx\tools\LLVM\4.0.3\armv7m-none-eabi\lib --start-group -lunwind -lc++ -lc++abi --end-group -LC:\Users\nikol\projects\quectel\development\customer\threadx\tools\LLVM\4.0.3\lib\clang\4.0.3\lib\baremetal --start-group -lc -lclang_rt.builtins-armv7m --end-group -lm -lc 
Archive member included because of file (symbol)
../../../../Quectel_BG96_QuecOpen_SDK_Package_V3.0.1-AUS/SDK/libs/llvm\txm_lib.lib(txm_module_thread_shell_entry.o)
		./out/common/src/retarget.o (_txm_module_kernel_call_dispatcher)
../../../../Quectel_BG96_QuecOpen_SDK_Package_V3.0.1-AUS/SDK/libs/llvm\txm_lib.lib(txm_module_callback_request_thread_entry.o)
		./ldscripts/txm_module_preamble_llvm.o (_txm_module_callback_request_thread_entry)
../../../../Quectel_BG96_QuecOpen_SDK_Package_V3.0.1-AUS/SDK/libs/llvm\txm_lib.lib(txm_module_system_call11.o)
		./out/./src/noomiojs.o (_txm_module_system_call11)
../../../../Quectel_BG96_QuecOpen_SDK_Package_V3.0.1-AUS/SDK/libs/llvm\txm_lib.lib(txm_module_system_call12.o)
		./out/common/src/file.o (_txm_module_system_call12)
../../../../Quectel_BG96_QuecOpen_SDK_Package_V3.0.1-AUS/SDK/libs/llvm\txm_lib.lib(txm_module_system_call4.o)
		./out/common/src/retarget.o (_txm_module_system_call4)
../../../../Quectel_BG96_QuecOpen_SDK_Package_V3.0.1-AUS/SDK/libs/llvm\txm_lib.lib(txm_module_system_call5.o)
		./out/common/src/retarget.o (_txm_module_system_call5)
../../../../Quectel_BG96_QuecOpen_SDK_Package_V3.0.1-AUS/SDK/libs/llvm\txm_lib.lib(txm_module_system_call6.o)
		./out/common/src/retarget.o (_txm_module_system_call6)
../../../../Quectel_BG96_QuecOpen_SDK_Package_V3.0.1-AUS/SDK/libs/llvm\txm_lib.lib(txm_module_system_call7.o)
		./out/common/src/cli.o (_txm_module_system_call7)
../../../../Quectel_BG96_QuecOpen_SDK_Package_V3.0.1-AUS/SDK/libs/llvm\txm_lib.lib(txm_module_system_call8.o)
		./out/./src/native/timers.o (_txm_module_system_call8)
C:\Users\nikol\projects\quectel\development\customer\threadx\tools\LLVM\4.0.3\armv7m-none-eabi\libc\lib/libc.a(setlocale.o)
		./out/common/src/retarget.o (setlocale)
C:\Users\nikol\projects\quectel\development\customer\threadx\tools\LLVM\4.0.3\armv7m-none-eabi\libc\lib/libc.a(__fpclassify.o)
		./out/src/duk/duktape.o (__fpclassify)
C:\Users\nikol\projects\quectel\development\customer\threadx\tools\LLVM\4.0.3\armv7m-none-eabi\libc\lib/libc.a(acos.o)
		./out/src/duk/duktape.o (acos)
C:\Users\nikol\projects\quectel\development\customer\threadx\tools\LLVM\4.0.3\armv7m-none-eabi\libc\lib/libc.a(sqrt.o)
		./out/src/duk/duktape.o (sqrt)
C:\Users\nikol\projects\quectel\development\customer\threadx\tools\LLVM\4.0.3\armv7m-none-eabi\libc\lib/libc.a(asin.o)
		./out/src/duk/duktape.o (asin)
C:\Users\nikol\projects\quectel\development\customer\threadx\tools\LLVM\4.0.3\armv7m-none-eabi\libc\lib/libc.a(atan.o)
		./out/src/duk/duktape.o (atan)
C:\Users\nikol\projects\quectel\development\customer\threadx\tools\LLVM\4.0.3\armv7m-none-eabi\libc\lib/libc.a(atan2.o)
		./out/src/duk/duktape.o (atan2)
C:\Users\nikol\projects\quectel\development\customer\threadx\tools\LLVM\4.0.3\armv7m-none-eabi\libc\lib/libc.a(ceil.o)
		./out/src/duk/duktape.o (ceil)
C:\Users\nikol\projects\quectel\development\customer\threadx\tools\LLVM\4.0.3\armv7m-none-eabi\libc\lib/libc.a(cos.o)
		./out/src/duk/duktape.o (cos)
C:\Users\nikol\projects\quectel\development\customer\threadx\tools\LLVM\4.0.3\armv7m-none-eabi\libc\lib/libc.a(exp.o)
		./out/src/duk/duktape.o (exp)
C:\Users\nikol\projects\quectel\development\customer\threadx\tools\LLVM\4.0.3\armv7m-none-eabi\libc\lib/libc.a(floor.o)
		./out/src/duk/duktape.o (floor)
C:\Users\nikol\projects\quectel\development\customer\threadx\tools\LLVM\4.0.3\armv7m-none-eabi\libc\lib/libc.a(fmod.o)
		./out/src/duk/duktape.o (fmod)
C:\Users\nikol\projects\quectel\development\customer\threadx\tools\LLVM\4.0.3\armv7m-none-eabi\libc\lib/libc.a(log.o)
		./out/src/duk/duktape.o (log)
C:\Users\nikol\projects\quectel\development\customer\threadx\tools\LLVM\4.0.3\armv7m-none-eabi\libc\lib/libc.a(pow.o)
		./out/src/duk/duktape.o (pow)
C:\Users\nikol\projects\quectel\development\customer\threadx\tools\LLVM\4.0.3\armv7m-none-eabi\libc\lib/libc.a(scalbn.o)
		C:\Users\nikol\projects\quectel\development\customer\threadx\tools\LLVM\4.0.3\armv7m-none-eabi\libc\lib/libc.a(exp.o) (scalbn)
C:\Users\nikol\projects\quectel\development\customer\threadx\tools\LLVM\4.0.3\armv7m-none-eabi\libc\lib/libc.a(sin.o)
		./out/src/duk/duktape.o (sin)
C:\Users\nikol\projects\quectel\development\customer\threadx\tools\LLVM\4.0.3\armv7m-none-eabi\libc\lib/libc.a(tan.o)
		./out/src/duk/duktape.o (tan)
C:\Users\nikol\projects\quectel\development\customer\threadx\tools\LLVM\4.0.3\armv7m-none-eabi\libc\lib/libc.a(getopt.o)
		./out/common/src/cli.o (getopt)
C:\Users\nikol\projects\quectel\development\customer\threadx\tools\LLVM\4.0.3\armv7m-none-eabi\libc\lib/libc.a(mbtowc.o)
		C:\Users\nikol\projects\quectel\development\customer\threadx\tools\LLVM\4.0.3\armv7m-none-eabi\libc\lib/libc.a(getopt.o) (mbtowc)
C:\Users\nikol\projects\quectel\development\customer\threadx\tools\LLVM\4.0.3\armv7m-none-eabi\libc\lib/libc.a(longjmp.o)
		./out/src/duk/duktape.o (longjmp)
C:\Users\nikol\projects\quectel\development\customer\threadx\tools\LLVM\4.0.3\armv7m-none-eabi\libc\lib/libc.a(setjmp.o)
		./out/src/duk/duktape.o (setjmp)
C:\Users\nikol\projects\quectel\development\customer\threadx\tools\LLVM\4.0.3\armv7m-none-eabi\libc\lib/libc.a(vfprintf.o)
		./out/src/duk/duktape.o (vsnprintf)
C:\Users\nikol\projects\quectel\development\customer\threadx\tools\LLVM\4.0.3\armv7m-none-eabi\libc\lib/libc.a(flockfile.o)
		C:\Users\nikol\projects\quectel\development\customer\threadx\tools\LLVM\4.0.3\armv7m-none-eabi\libc\lib/libc.a(getopt.o) (flockfile)
C:\Users\nikol\projects\quectel\development\customer\threadx\tools\LLVM\4.0.3\armv7m-none-eabi\libc\lib/libc.a(fputs.o)
		C:\Users\nikol\projects\quectel\development\customer\threadx\tools\LLVM\4.0.3\armv7m-none-eabi\libc\lib/libc.a(getopt.o) (fputs)
C:\Users\nikol\projects\quectel\development\customer\threadx\tools\LLVM\4.0.3\armv7m-none-eabi\libc\lib/libc.a(ftrylockfile.o)
		C:\Users\nikol\projects\quectel\development\customer\threadx\tools\LLVM\4.0.3\armv7m-none-eabi\libc\lib/libc.a(flockfile.o) (ftrylockfile)
C:\Users\nikol\projects\quectel\development\customer\threadx\tools\LLVM\4.0.3\armv7m-none-eabi\libc\lib/libc.a(funlockfile.o)
		C:\Users\nikol\projects\quectel\development\customer\threadx\tools\LLVM\4.0.3\armv7m-none-eabi\libc\lib/libc.a(getopt.o) (funlockfile)
C:\Users\nikol\projects\quectel\development\customer\threadx\tools\LLVM\4.0.3\armv7m-none-eabi\libc\lib/libc.a(fwrite.o)
		C:\Users\nikol\projects\quectel\development\customer\threadx\tools\LLVM\4.0.3\armv7m-none-eabi\libc\lib/libc.a(vfprintf.o) (__fwritex)
C:\Users\nikol\projects\quectel\development\customer\threadx\tools\LLVM\4.0.3\armv7m-none-eabi\libc\lib/libc.a(putc.o)
		C:\Users\nikol\projects\quectel\development\customer\threadx\tools\LLVM\4.0.3\armv7m-none-eabi\libc\lib/libc.a(getopt.o) (putc)
C:\Users\nikol\projects\quectel\development\customer\threadx\tools\LLVM\4.0.3\armv7m-none-eabi\libc\lib/libc.a(snprintf.o)
		./out/./src/native/timers.o (snprintf)
C:\Users\nikol\projects\quectel\development\customer\threadx\tools\LLVM\4.0.3\armv7m-none-eabi\libc\lib/libc.a(sprintf.o)
		./out/src/duk/duktape.o (sprintf)
C:\Users\nikol\projects\quectel\development\customer\threadx\tools\LLVM\4.0.3\armv7m-none-eabi\libc\lib/libc.a(sscanf.o)
		./out/src/duk/duktape.o (sscanf)
C:\Users\nikol\projects\quectel\development\customer\threadx\tools\LLVM\4.0.3\armv7m-none-eabi\libc\lib/libc.a(stderr.o)
		C:\Users\nikol\projects\quectel\development\customer\threadx\tools\LLVM\4.0.3\armv7m-none-eabi\libc\lib/libc.a(getopt.o) (stderr)
C:\Users\nikol\projects\quectel\development\customer\threadx\tools\LLVM\4.0.3\armv7m-none-eabi\libc\lib/libc.a(vsnprintf.o)
		C:\Users\nikol\projects\quectel\development\customer\threadx\tools\LLVM\4.0.3\armv7m-none-eabi\libc\lib/libc.a(vfprintf.o) (vsnprintf_full)
C:\Users\nikol\projects\quectel\development\customer\threadx\tools\LLVM\4.0.3\armv7m-none-eabi\libc\lib/libc.a(vsprintf.o)
		C:\Users\nikol\projects\quectel\development\customer\threadx\tools\LLVM\4.0.3\armv7m-none-eabi\libc\lib/libc.a(sprintf.o) (vsprintf)
C:\Users\nikol\projects\quectel\development\customer\threadx\tools\LLVM\4.0.3\armv7m-none-eabi\libc\lib/libc.a(vsscanf.o)
		C:\Users\nikol\projects\quectel\development\customer\threadx\tools\LLVM\4.0.3\armv7m-none-eabi\libc\lib/libc.a(sscanf.o) (vsscanf)
C:\Users\nikol\projects\quectel\development\customer\threadx\tools\LLVM\4.0.3\armv7m-none-eabi\libc\lib/libc.a(__aeabi_memclr.o)
		C:\Users\nikol\projects\quectel\development\customer\threadx\tools\LLVM\4.0.3\armv7m-none-eabi\libc\lib/libc.a(vfprintf.o) (__aeabi_memclr4)
C:\Users\nikol\projects\quectel\development\customer\threadx\tools\LLVM\4.0.3\armv7m-none-eabi\libc\lib/libc.a(__aeabi_memcpy.o)
		C:\Users\nikol\projects\quectel\development\customer\threadx\tools\LLVM\4.0.3\armv7m-none-eabi\libc\lib/libc.a(vsnprintf.o) (__aeabi_memcpy8)
C:\Users\nikol\projects\quectel\development\customer\threadx\tools\LLVM\4.0.3\armv7m-none-eabi\libc\lib/libc.a(memcpy_le.o)
		./out/common/src/malloc.o (memcpy)
C:\Users\nikol\projects\quectel\development\customer\threadx\tools\LLVM\4.0.3\armv7m-none-eabi\libc\lib/libc.a(memset_nofp_armv7.o)
		./out/common/src/malloc.o (memset)
C:\Users\nikol\projects\quectel\development\customer\threadx\tools\LLVM\4.0.3\armv7m-none-eabi\libc\lib/libc.a(memchr.o)
		./out/src/duk/duktape.o (memchr)
C:\Users\nikol\projects\quectel\development\customer\threadx\tools\LLVM\4.0.3\armv7m-none-eabi\libc\lib/libc.a(memcmp.o)
		./out/src/duk/duktape.o (memcmp)
C:\Users\nikol\projects\quectel\development\customer\threadx\tools\LLVM\4.0.3\armv7m-none-eabi\libc\lib/libc.a(memmove.o)
		./out/src/duk/duktape.o (memmove)
C:\Users\nikol\projects\quectel\development\customer\threadx\tools\LLVM\4.0.3\armv7m-none-eabi\libc\lib/libc.a(strchr.o)
		./out/common/src/cli.o (strchr)
C:\Users\nikol\projects\quectel\development\customer\threadx\tools\LLVM\4.0.3\armv7m-none-eabi\libc\lib/libc.a(strchrnul.o)
		C:\Users\nikol\projects\quectel\development\customer\threadx\tools\LLVM\4.0.3\armv7m-none-eabi\libc\lib/libc.a(setlocale.o) (__strchrnul)
C:\Users\nikol\projects\quectel\development\customer\threadx\tools\LLVM\4.0.3\armv7m-none-eabi\libc\lib/libc.a(strcmp.o)
		./out/common/src/file.o (strcmp)
C:\Users\nikol\projects\quectel\development\customer\threadx\tools\LLVM\4.0.3\armv7m-none-eabi\libc\lib/libc.a(strdup.o)
		./out/common/src/cli.o (strdup)
C:\Users\nikol\projects\quectel\development\customer\threadx\tools\LLVM\4.0.3\armv7m-none-eabi\libc\lib/libc.a(strlen.o)
		./out/common/src/retarget.o (strlen)
C:\Users\nikol\projects\quectel\development\customer\threadx\tools\LLVM\4.0.3\armv7m-none-eabi\libc\lib/libc.a(strncmp.o)
		./out/./src/native/gpio.o (strncmp)
C:\Users\nikol\projects\quectel\development\customer\threadx\tools\LLVM\4.0.3\armv7m-none-eabi\libc\lib/libc.a(strncpy.o)
		./out/common/src/file.o (strncpy)
C:\Users\nikol\projects\quectel\development\customer\threadx\tools\LLVM\4.0.3\armv7m-none-eabi\libc\lib/libc.a(strtok.o)
		./out/common/src/cli.o (strtok)
C:\Users\nikol\projects\quectel\development\customer\threadx\tools\LLVM\4.0.3\armv7m-none-eabi\libc\lib/libc.a(__lock.o)
		C:\Users\nikol\projects\quectel\development\customer\threadx\tools\LLVM\4.0.3\armv7m-none-eabi\libc\lib/libc.a(setlocale.o) (__lock)
C:\Users\nikol\projects\quectel\development\customer\threadx\tools\LLVM\4.0.3\armv7m-none-eabi\libc\lib/libc.a(__wait.o)
		C:\Users\nikol\projects\quectel\development\customer\threadx\tools\LLVM\4.0.3\armv7m-none-eabi\libc\lib/libc.a(flockfile.o) (__wait)
C:\Users\nikol\projects\quectel\development\customer\threadx\tools\LLVM\4.0.3\armv7m-none-eabi\libc\lib/libc.a(mktime.o)
		./out/src/duk/duktape.o (mktime)
C:\Users\nikol\projects\quectel\development\customer\threadx\tools\LLVM\4.0.3\armv7m-none-eabi\libc\lib/libc.a(strftime.o)
		./out/src/duk/duktape.o (strftime)
C:\Users\nikol\projects\quectel\development\customer\threadx\tools\LLVM\4.0.3\armv7m-none-eabi\libc\lib/libc.a(strptime.o)
		./out/src/duk/duktape.o (strptime)
C:\Users\nikol\projects\quectel\development\customer\threadx\tools\LLVM\4.0.3\armv7m-none-eabi\libc\lib/libc.a(write.o)
		./out/common/src/cli.o (write)
C:\Users\nikol\projects\quectel\development\customer\threadx\tools\LLVM\4.0.3\armv7m-none-eabi\libc\lib/libc.a(__errno_location.o)
		C:\Users\nikol\projects\quectel\development\customer\threadx\tools\LLVM\4.0.3\armv7m-none-eabi\libc\lib/libc.a(mbtowc.o) (__errno_location)
C:\Users\nikol\projects\quectel\development\customer\threadx\tools\LLVM\4.0.3\armv7m-none-eabi\libc\lib/libc.a(strerror.o)
		C:\Users\nikol\projects\quectel\development\customer\threadx\tools\LLVM\4.0.3\armv7m-none-eabi\libc\lib/libc.a(vfprintf.o) (strerror)
C:\Users\nikol\projects\quectel\development\customer\threadx\tools\LLVM\4.0.3\armv7m-none-eabi\libc\lib/libc.a(libc.o)
		C:\Users\nikol\projects\quectel\development\customer\threadx\tools\LLVM\4.0.3\armv7m-none-eabi\libc\lib/libc.a(setlocale.o) (__libc)
C:\Users\nikol\projects\quectel\development\customer\threadx\tools\LLVM\4.0.3\armv7m-none-eabi\libc\lib/libc.a(syscall_ret.o)
		C:\Users\nikol\projects\quectel\development\customer\threadx\tools\LLVM\4.0.3\armv7m-none-eabi\libc\lib/libc.a(write.o) (__syscall_ret)
C:\Users\nikol\projects\quectel\development\customer\threadx\tools\LLVM\4.0.3\armv7m-none-eabi\libc\lib/libc.a(__lctrans.o)
		C:\Users\nikol\projects\quectel\development\customer\threadx\tools\LLVM\4.0.3\armv7m-none-eabi\libc\lib/libc.a(strerror.o) (__lctrans)
C:\Users\nikol\projects\quectel\development\customer\threadx\tools\LLVM\4.0.3\armv7m-none-eabi\libc\lib/libc.a(langinfo.o)
		C:\Users\nikol\projects\quectel\development\customer\threadx\tools\LLVM\4.0.3\armv7m-none-eabi\libc\lib/libc.a(strftime.o) (__nl_langinfo_l)
C:\Users\nikol\projects\quectel\development\customer\threadx\tools\LLVM\4.0.3\armv7m-none-eabi\libc\lib/libc.a(locale_map.o)
		C:\Users\nikol\projects\quectel\development\customer\threadx\tools\LLVM\4.0.3\armv7m-none-eabi\libc\lib/libc.a(setlocale.o) (__get_locale)
C:\Users\nikol\projects\quectel\development\customer\threadx\tools\LLVM\4.0.3\armv7m-none-eabi\libc\lib/libc.a(__cos.o)
		C:\Users\nikol\projects\quectel\development\customer\threadx\tools\LLVM\4.0.3\armv7m-none-eabi\libc\lib/libc.a(cos.o) (__cos)
C:\Users\nikol\projects\quectel\development\customer\threadx\tools\LLVM\4.0.3\armv7m-none-eabi\libc\lib/libc.a(__rem_pio2.o)
		C:\Users\nikol\projects\quectel\development\customer\threadx\tools\LLVM\4.0.3\armv7m-none-eabi\libc\lib/libc.a(cos.o) (__rem_pio2)
C:\Users\nikol\projects\quectel\development\customer\threadx\tools\LLVM\4.0.3\armv7m-none-eabi\libc\lib/libc.a(__rem_pio2_large.o)
		C:\Users\nikol\projects\quectel\development\customer\threadx\tools\LLVM\4.0.3\armv7m-none-eabi\libc\lib/libc.a(__rem_pio2.o) (__rem_pio2_large)
C:\Users\nikol\projects\quectel\development\customer\threadx\tools\LLVM\4.0.3\armv7m-none-eabi\libc\lib/libc.a(__sin.o)
		C:\Users\nikol\projects\quectel\development\customer\threadx\tools\LLVM\4.0.3\armv7m-none-eabi\libc\lib/libc.a(cos.o) (__sin)
C:\Users\nikol\projects\quectel\development\customer\threadx\tools\LLVM\4.0.3\armv7m-none-eabi\libc\lib/libc.a(__tan.o)
		C:\Users\nikol\projects\quectel\development\customer\threadx\tools\LLVM\4.0.3\armv7m-none-eabi\libc\lib/libc.a(tan.o) (__tan)
C:\Users\nikol\projects\quectel\development\customer\threadx\tools\LLVM\4.0.3\armv7m-none-eabi\libc\lib/libc.a(fabs.o)
		C:\Users\nikol\projects\quectel\development\customer\threadx\tools\LLVM\4.0.3\armv7m-none-eabi\libc\lib/libc.a(asin.o) (fabs)
C:\Users\nikol\projects\quectel\development\customer\threadx\tools\LLVM\4.0.3\armv7m-none-eabi\libc\lib/libc.a(munmap.o)
		C:\Users\nikol\projects\quectel\development\customer\threadx\tools\LLVM\4.0.3\armv7m-none-eabi\libc\lib/libc.a(locale_map.o) (__munmap)
C:\Users\nikol\projects\quectel\development\customer\threadx\tools\LLVM\4.0.3\armv7m-none-eabi\libc\lib/libc.a(internal.o)
		C:\Users\nikol\projects\quectel\development\customer\threadx\tools\LLVM\4.0.3\armv7m-none-eabi\libc\lib/libc.a(mbtowc.o) (__fsmu8)
C:\Users\nikol\projects\quectel\development\customer\threadx\tools\LLVM\4.0.3\armv7m-none-eabi\libc\lib/libc.a(wctomb.o)
		C:\Users\nikol\projects\quectel\development\customer\threadx\tools\LLVM\4.0.3\armv7m-none-eabi\libc\lib/libc.a(vfprintf.o) (wctomb)
C:\Users\nikol\projects\quectel\development\customer\threadx\tools\LLVM\4.0.3\armv7m-none-eabi\libc\lib/libc.a(__overflow.o)
		C:\Users\nikol\projects\quectel\development\customer\threadx\tools\LLVM\4.0.3\armv7m-none-eabi\libc\lib/libc.a(putc.o) (__overflow)
C:\Users\nikol\projects\quectel\development\customer\threadx\tools\LLVM\4.0.3\armv7m-none-eabi\libc\lib/libc.a(__string_read.o)
		C:\Users\nikol\projects\quectel\development\customer\threadx\tools\LLVM\4.0.3\armv7m-none-eabi\libc\lib/libc.a(vsscanf.o) (__string_read)
C:\Users\nikol\projects\quectel\development\customer\threadx\tools\LLVM\4.0.3\armv7m-none-eabi\libc\lib/libc.a(__towrite.o)
		C:\Users\nikol\projects\quectel\development\customer\threadx\tools\LLVM\4.0.3\armv7m-none-eabi\libc\lib/libc.a(fwrite.o) (__towrite)
C:\Users\nikol\projects\quectel\development\customer\threadx\tools\LLVM\4.0.3\armv7m-none-eabi\libc\lib/libc.a(__lockfile.o)
		C:\Users\nikol\projects\quectel\development\customer\threadx\tools\LLVM\4.0.3\armv7m-none-eabi\libc\lib/libc.a(vfprintf.o) (__lockfile)
C:\Users\nikol\projects\quectel\development\customer\threadx\tools\LLVM\4.0.3\armv7m-none-eabi\libc\lib/libc.a(__stdio_close.o)
		C:\Users\nikol\projects\quectel\development\customer\threadx\tools\LLVM\4.0.3\armv7m-none-eabi\libc\lib/libc.a(stderr.o) (__stdio_close)
C:\Users\nikol\projects\quectel\development\customer\threadx\tools\LLVM\4.0.3\armv7m-none-eabi\libc\lib/libc.a(__stdio_seek.o)
		C:\Users\nikol\projects\quectel\development\customer\threadx\tools\LLVM\4.0.3\armv7m-none-eabi\libc\lib/libc.a(stderr.o) (__stdio_seek)
C:\Users\nikol\projects\quectel\development\customer\threadx\tools\LLVM\4.0.3\armv7m-none-eabi\libc\lib/libc.a(__stdio_write.o)
		C:\Users\nikol\projects\quectel\development\customer\threadx\tools\LLVM\4.0.3\armv7m-none-eabi\libc\lib/libc.a(stderr.o) (__stdio_write)
C:\Users\nikol\projects\quectel\development\customer\threadx\tools\LLVM\4.0.3\armv7m-none-eabi\libc\lib/libc.a(vfscanf.o)
		C:\Users\nikol\projects\quectel\development\customer\threadx\tools\LLVM\4.0.3\armv7m-none-eabi\libc\lib/libc.a(vsscanf.o) (vfscanf)
C:\Users\nikol\projects\quectel\development\customer\threadx\tools\LLVM\4.0.3\armv7m-none-eabi\libc\lib/libc.a(abs.o)
		C:\Users\nikol\projects\quectel\development\customer\threadx\tools\LLVM\4.0.3\armv7m-none-eabi\libc\lib/libc.a(strftime.o) (abs)
C:\Users\nikol\projects\quectel\development\customer\threadx\tools\LLVM\4.0.3\armv7m-none-eabi\libc\lib/libc.a(strtol.o)
		C:\Users\nikol\projects\quectel\development\customer\threadx\tools\LLVM\4.0.3\armv7m-none-eabi\libc\lib/libc.a(strftime.o) (strtoul)
C:\Users\nikol\projects\quectel\development\customer\threadx\tools\LLVM\4.0.3\armv7m-none-eabi\libc\lib/libc.a(stpncpy.o)
		C:\Users\nikol\projects\quectel\development\customer\threadx\tools\LLVM\4.0.3\armv7m-none-eabi\libc\lib/libc.a(strncpy.o) (__stpncpy)
C:\Users\nikol\projects\quectel\development\customer\threadx\tools\LLVM\4.0.3\armv7m-none-eabi\libc\lib/libc.a(strcspn.o)
		C:\Users\nikol\projects\quectel\development\customer\threadx\tools\LLVM\4.0.3\armv7m-none-eabi\libc\lib/libc.a(strtok.o) (strcspn)
C:\Users\nikol\projects\quectel\development\customer\threadx\tools\LLVM\4.0.3\armv7m-none-eabi\libc\lib/libc.a(strncasecmp.o)
		C:\Users\nikol\projects\quectel\development\customer\threadx\tools\LLVM\4.0.3\armv7m-none-eabi\libc\lib/libc.a(strptime.o) (strncasecmp)
C:\Users\nikol\projects\quectel\development\customer\threadx\tools\LLVM\4.0.3\armv7m-none-eabi\libc\lib/libc.a(strspn.o)
		C:\Users\nikol\projects\quectel\development\customer\threadx\tools\LLVM\4.0.3\armv7m-none-eabi\libc\lib/libc.a(strtok.o) (strspn)
C:\Users\nikol\projects\quectel\development\customer\threadx\tools\LLVM\4.0.3\armv7m-none-eabi\libc\lib/libc.a(__syscall_cp.o)
		C:\Users\nikol\projects\quectel\development\customer\threadx\tools\LLVM\4.0.3\armv7m-none-eabi\libc\lib/libc.a(write.o) (__syscall_cp)
C:\Users\nikol\projects\quectel\development\customer\threadx\tools\LLVM\4.0.3\armv7m-none-eabi\libc\lib/libc.a(__map_file.o)
		C:\Users\nikol\projects\quectel\development\customer\threadx\tools\LLVM\4.0.3\armv7m-none-eabi\libc\lib/libc.a(locale_map.o) (__map_file)
C:\Users\nikol\projects\quectel\development\customer\threadx\tools\LLVM\4.0.3\armv7m-none-eabi\libc\lib/libc.a(__secs_to_tm.o)
		C:\Users\nikol\projects\quectel\development\customer\threadx\tools\LLVM\4.0.3\armv7m-none-eabi\libc\lib/libc.a(mktime.o) (__secs_to_tm)
C:\Users\nikol\projects\quectel\development\customer\threadx\tools\LLVM\4.0.3\armv7m-none-eabi\libc\lib/libc.a(__tm_to_secs.o)
		C:\Users\nikol\projects\quectel\development\customer\threadx\tools\LLVM\4.0.3\armv7m-none-eabi\libc\lib/libc.a(mktime.o) (__tm_to_secs)
C:\Users\nikol\projects\quectel\development\customer\threadx\tools\LLVM\4.0.3\armv7m-none-eabi\libc\lib/libc.a(__tz.o)
		C:\Users\nikol\projects\quectel\development\customer\threadx\tools\LLVM\4.0.3\armv7m-none-eabi\libc\lib/libc.a(mktime.o) (__secs_to_zone)
C:\Users\nikol\projects\quectel\development\customer\threadx\tools\LLVM\4.0.3\armv7m-none-eabi\libc\lib/libc.a(__year_to_secs.o)
		C:\Users\nikol\projects\quectel\development\customer\threadx\tools\LLVM\4.0.3\armv7m-none-eabi\libc\lib/libc.a(__tm_to_secs.o) (__year_to_secs)
C:\Users\nikol\projects\quectel\development\customer\threadx\tools\LLVM\4.0.3\armv7m-none-eabi\libc\lib/libc.a(tolower.o)
		C:\Users\nikol\projects\quectel\development\customer\threadx\tools\LLVM\4.0.3\armv7m-none-eabi\libc\lib/libc.a(strncasecmp.o) (tolower)
C:\Users\nikol\projects\quectel\development\customer\threadx\tools\LLVM\4.0.3\armv7m-none-eabi\libc\lib/libc.a(getenv.o)
		C:\Users\nikol\projects\quectel\development\customer\threadx\tools\LLVM\4.0.3\armv7m-none-eabi\libc\lib/libc.a(locale_map.o) (getenv)
C:\Users\nikol\projects\quectel\development\customer\threadx\tools\LLVM\4.0.3\armv7m-none-eabi\libc\lib/libc.a(syscall.o)
		C:\Users\nikol\projects\quectel\development\customer\threadx\tools\LLVM\4.0.3\armv7m-none-eabi\libc\lib/libc.a(__syscall_cp.o) (__syscall)
C:\Users\nikol\projects\quectel\development\customer\threadx\tools\LLVM\4.0.3\armv7m-none-eabi\libc\lib/libc.a(floatscan.o)
		C:\Users\nikol\projects\quectel\development\customer\threadx\tools\LLVM\4.0.3\armv7m-none-eabi\libc\lib/libc.a(vfscanf.o) (__floatscan)
C:\Users\nikol\projects\quectel\development\customer\threadx\tools\LLVM\4.0.3\armv7m-none-eabi\libc\lib/libc.a(intscan.o)
		C:\Users\nikol\projects\quectel\development\customer\threadx\tools\LLVM\4.0.3\armv7m-none-eabi\libc\lib/libc.a(vfscanf.o) (__intscan)
C:\Users\nikol\projects\quectel\development\customer\threadx\tools\LLVM\4.0.3\armv7m-none-eabi\libc\lib/libc.a(shgetc.o)
		C:\Users\nikol\projects\quectel\development\customer\threadx\tools\LLVM\4.0.3\armv7m-none-eabi\libc\lib/libc.a(vfscanf.o) (__shlim)
C:\Users\nikol\projects\quectel\development\customer\threadx\tools\LLVM\4.0.3\armv7m-none-eabi\libc\lib/libc.a(__mo_lookup.o)
		C:\Users\nikol\projects\quectel\development\customer\threadx\tools\LLVM\4.0.3\armv7m-none-eabi\libc\lib/libc.a(locale_map.o) (__mo_lookup)
C:\Users\nikol\projects\quectel\development\customer\threadx\tools\LLVM\4.0.3\armv7m-none-eabi\libc\lib/libc.a(c_locale.o)
		C:\Users\nikol\projects\quectel\development\customer\threadx\tools\LLVM\4.0.3\armv7m-none-eabi\libc\lib/libc.a(locale_map.o) (__c_dot_utf8)
C:\Users\nikol\projects\quectel\development\customer\threadx\tools\LLVM\4.0.3\armv7m-none-eabi\libc\lib/libc.a(copysignl.o)
		C:\Users\nikol\projects\quectel\development\customer\threadx\tools\LLVM\4.0.3\armv7m-none-eabi\libc\lib/libc.a(floatscan.o) (copysignl)
C:\Users\nikol\projects\quectel\development\customer\threadx\tools\LLVM\4.0.3\armv7m-none-eabi\libc\lib/libc.a(fmodl.o)
		C:\Users\nikol\projects\quectel\development\customer\threadx\tools\LLVM\4.0.3\armv7m-none-eabi\libc\lib/libc.a(floatscan.o) (fmodl)
C:\Users\nikol\projects\quectel\development\customer\threadx\tools\LLVM\4.0.3\armv7m-none-eabi\libc\lib/libc.a(scalbnl.o)
		C:\Users\nikol\projects\quectel\development\customer\threadx\tools\LLVM\4.0.3\armv7m-none-eabi\libc\lib/libc.a(floatscan.o) (scalbnl)
C:\Users\nikol\projects\quectel\development\customer\threadx\tools\LLVM\4.0.3\armv7m-none-eabi\libc\lib/libc.a(mmap.o)
		C:\Users\nikol\projects\quectel\development\customer\threadx\tools\LLVM\4.0.3\armv7m-none-eabi\libc\lib/libc.a(__map_file.o) (__mmap)
C:\Users\nikol\projects\quectel\development\customer\threadx\tools\LLVM\4.0.3\armv7m-none-eabi\libc\lib/libc.a(mbrtowc.o)
		C:\Users\nikol\projects\quectel\development\customer\threadx\tools\LLVM\4.0.3\armv7m-none-eabi\libc\lib/libc.a(vfscanf.o) (mbrtowc)
C:\Users\nikol\projects\quectel\development\customer\threadx\tools\LLVM\4.0.3\armv7m-none-eabi\libc\lib/libc.a(mbsinit.o)
		C:\Users\nikol\projects\quectel\development\customer\threadx\tools\LLVM\4.0.3\armv7m-none-eabi\libc\lib/libc.a(vfscanf.o) (mbsinit)
C:\Users\nikol\projects\quectel\development\customer\threadx\tools\LLVM\4.0.3\armv7m-none-eabi\libc\lib/libc.a(wcrtomb.o)
		C:\Users\nikol\projects\quectel\development\customer\threadx\tools\LLVM\4.0.3\armv7m-none-eabi\libc\lib/libc.a(wctomb.o) (wcrtomb)
C:\Users\nikol\projects\quectel\development\customer\threadx\tools\LLVM\4.0.3\armv7m-none-eabi\libc\lib/libc.a(__stdio_exit.o)
		C:\Users\nikol\projects\quectel\development\customer\threadx\tools\LLVM\4.0.3\armv7m-none-eabi\libc\lib/libc.a(__towrite.o) (__stdio_exit_needed)
C:\Users\nikol\projects\quectel\development\customer\threadx\tools\LLVM\4.0.3\armv7m-none-eabi\libc\lib/libc.a(__uflow.o)
		C:\Users\nikol\projects\quectel\development\customer\threadx\tools\LLVM\4.0.3\armv7m-none-eabi\libc\lib/libc.a(shgetc.o) (__uflow)
C:\Users\nikol\projects\quectel\development\customer\threadx\tools\LLVM\4.0.3\armv7m-none-eabi\libc\lib/libc.a(ofl.o)
		C:\Users\nikol\projects\quectel\development\customer\threadx\tools\LLVM\4.0.3\armv7m-none-eabi\libc\lib/libc.a(__stdio_exit.o) (__ofl_lock)
C:\Users\nikol\projects\quectel\development\customer\threadx\tools\LLVM\4.0.3\armv7m-none-eabi\libc\lib/libc.a(__month_to_secs.o)
		C:\Users\nikol\projects\quectel\development\customer\threadx\tools\LLVM\4.0.3\armv7m-none-eabi\libc\lib/libc.a(__tm_to_secs.o) (__month_to_secs)
C:\Users\nikol\projects\quectel\development\customer\threadx\tools\LLVM\4.0.3\armv7m-none-eabi\libc\lib/libc.a(__environ.o)
		C:\Users\nikol\projects\quectel\development\customer\threadx\tools\LLVM\4.0.3\armv7m-none-eabi\libc\lib/libc.a(getenv.o) (__environ)
C:\Users\nikol\projects\quectel\development\customer\threadx\tools\LLVM\4.0.3\armv7m-none-eabi\libc\lib/libc.a(copysign.o)
		C:\Users\nikol\projects\quectel\development\customer\threadx\tools\LLVM\4.0.3\armv7m-none-eabi\libc\lib/libc.a(copysignl.o) (copysign)
C:\Users\nikol\projects\quectel\development\customer\threadx\tools\LLVM\4.0.3\armv7m-none-eabi\libc\lib/libc.a(__toread.o)
		C:\Users\nikol\projects\quectel\development\customer\threadx\tools\LLVM\4.0.3\armv7m-none-eabi\libc\lib/libc.a(__uflow.o) (__toread)
C:\Users\nikol\projects\quectel\development\customer\threadx\tools\LLVM\4.0.3\lib\clang\4.0.3\lib\baremetal/libclang_rt.builtins-armv7m.a(aeabi_dcmp.S.obj)
		./out/src/duk/duktape.o (__aeabi_dcmpeq)
C:\Users\nikol\projects\quectel\development\customer\threadx\tools\LLVM\4.0.3\lib\clang\4.0.3\lib\baremetal/libclang_rt.builtins-armv7m.a(aeabi_ldivmod.S.obj)
		./out/src/duk/duktape.o (__aeabi_ldivmod)
C:\Users\nikol\projects\quectel\development\customer\threadx\tools\LLVM\4.0.3\lib\clang\4.0.3\lib\baremetal/libclang_rt.builtins-armv7m.a(aeabi_uldivmod.S.obj)
		./out/common/src/printf.o (__aeabi_uldivmod)
C:\Users\nikol\projects\quectel\development\customer\threadx\tools\LLVM\4.0.3\lib\clang\4.0.3\lib\baremetal/libclang_rt.builtins-armv7m.a(adddf3.c.obj)
		./out/common/src/printf.o (__aeabi_dadd)
C:\Users\nikol\projects\quectel\development\customer\threadx\tools\LLVM\4.0.3\lib\clang\4.0.3\lib\baremetal/libclang_rt.builtins-armv7m.a(comparedf2.c.obj)
		./out/common/src/printf.o (__aeabi_dcmpun)
C:\Users\nikol\projects\quectel\development\customer\threadx\tools\LLVM\4.0.3\lib\clang\4.0.3\lib\baremetal/libclang_rt.builtins-armv7m.a(divdf3.c.obj)
		./out/common/src/printf.o (__aeabi_ddiv)
C:\Users\nikol\projects\quectel\development\customer\threadx\tools\LLVM\4.0.3\lib\clang\4.0.3\lib\baremetal/libclang_rt.builtins-armv7m.a(divmoddi4.c.obj)
		C:\Users\nikol\projects\quectel\development\customer\threadx\tools\LLVM\4.0.3\lib\clang\4.0.3\lib\baremetal/libclang_rt.builtins-armv7m.a(aeabi_ldivmod.S.obj) (__divmoddi4)
C:\Users\nikol\projects\quectel\development\customer\threadx\tools\LLVM\4.0.3\lib\clang\4.0.3\lib\baremetal/libclang_rt.builtins-armv7m.a(extendsfdf2.c.obj)
		./out/src/duk/duktape.o (__aeabi_f2d)
C:\Users\nikol\projects\quectel\development\customer\threadx\tools\LLVM\4.0.3\lib\clang\4.0.3\lib\baremetal/libclang_rt.builtins-armv7m.a(fixdfdi.c.obj)
		./out/src/duk/duktape.o (__aeabi_d2lz)
C:\Users\nikol\projects\quectel\development\customer\threadx\tools\LLVM\4.0.3\lib\clang\4.0.3\lib\baremetal/libclang_rt.builtins-armv7m.a(fixdfsi.c.obj)
		./out/common/src/printf.o (__aeabi_d2iz)
C:\Users\nikol\projects\quectel\development\customer\threadx\tools\LLVM\4.0.3\lib\clang\4.0.3\lib\baremetal/libclang_rt.builtins-armv7m.a(fixunsdfdi.c.obj)
		C:\Users\nikol\projects\quectel\development\customer\threadx\tools\LLVM\4.0.3\lib\clang\4.0.3\lib\baremetal/libclang_rt.builtins-armv7m.a(fixdfdi.c.obj) (__fixunsdfdi)
C:\Users\nikol\projects\quectel\development\customer\threadx\tools\LLVM\4.0.3\lib\clang\4.0.3\lib\baremetal/libclang_rt.builtins-armv7m.a(fixunsdfsi.c.obj)
		./out/common/src/printf.o (__aeabi_d2uiz)
C:\Users\nikol\projects\quectel\development\customer\threadx\tools\LLVM\4.0.3\lib\clang\4.0.3\lib\baremetal/libclang_rt.builtins-armv7m.a(floatdidf.c.obj)
		./out/src/duk/duktape.o (__aeabi_l2d)
C:\Users\nikol\projects\quectel\development\customer\threadx\tools\LLVM\4.0.3\lib\clang\4.0.3\lib\baremetal/libclang_rt.builtins-armv7m.a(floatsidf.c.obj)
		./out/common/src/printf.o (__aeabi_i2d)
C:\Users\nikol\projects\quectel\development\customer\threadx\tools\LLVM\4.0.3\lib\clang\4.0.3\lib\baremetal/libclang_rt.builtins-armv7m.a(floatsisf.c.obj)
		C:\Users\nikol\projects\quectel\development\customer\threadx\tools\LLVM\4.0.3\armv7m-none-eabi\libc\lib/libc.a(floatscan.o) (__aeabi_i2f)
C:\Users\nikol\projects\quectel\development\customer\threadx\tools\LLVM\4.0.3\lib\clang\4.0.3\lib\baremetal/libclang_rt.builtins-armv7m.a(floatunsidf.c.obj)
		./out/common/src/printf.o (__aeabi_ui2d)
C:\Users\nikol\projects\quectel\development\customer\threadx\tools\LLVM\4.0.3\lib\clang\4.0.3\lib\baremetal/libclang_rt.builtins-armv7m.a(muldf3.c.obj)
		./out/common/src/printf.o (__aeabi_dmul)
C:\Users\nikol\projects\quectel\development\customer\threadx\tools\LLVM\4.0.3\lib\clang\4.0.3\lib\baremetal/libclang_rt.builtins-armv7m.a(mulsf3.c.obj)
		C:\Users\nikol\projects\quectel\development\customer\threadx\tools\LLVM\4.0.3\armv7m-none-eabi\libc\lib/libc.a(floatscan.o) (__aeabi_fmul)
C:\Users\nikol\projects\quectel\development\customer\threadx\tools\LLVM\4.0.3\lib\clang\4.0.3\lib\baremetal/libclang_rt.builtins-armv7m.a(subdf3.c.obj)
		./out/common/src/printf.o (__aeabi_dsub)
C:\Users\nikol\projects\quectel\development\customer\threadx\tools\LLVM\4.0.3\lib\clang\4.0.3\lib\baremetal/libclang_rt.builtins-armv7m.a(truncdfsf2.c.obj)
		./out/src/duk/duktape.o (__aeabi_d2f)
C:\Users\nikol\projects\quectel\development\customer\threadx\tools\LLVM\4.0.3\lib\clang\4.0.3\lib\baremetal/libclang_rt.builtins-armv7m.a(udivmoddi4.c.obj)
		C:\Users\nikol\projects\quectel\development\customer\threadx\tools\LLVM\4.0.3\lib\clang\4.0.3\lib\baremetal/libclang_rt.builtins-armv7m.a(aeabi_uldivmod.S.obj) (__udivmoddi4)
C:\Users\nikol\projects\quectel\development\customer\threadx\tools\LLVM\4.0.3\lib\clang\4.0.3\lib\baremetal/libclang_rt.builtins-armv7m.a(divdi3.c.obj)
		C:\Users\nikol\projects\quectel\development\customer\threadx\tools\LLVM\4.0.3\lib\clang\4.0.3\lib\baremetal/libclang_rt.builtins-armv7m.a(divmoddi4.c.obj) (__divdi3)

Allocating common symbols
Common symbol	size	file

bytes	0x400	./out/common/src/retarget.o
recv_queue_mem	0x400	./out/common/src/retarget.o
in_buffer	0x2004	./out/common/src/retarget.o
out_tx_done_sem	0x4	./out/common/src/retarget.o
out_tx_mutex	0x4	./out/common/src/retarget.o
recv_queue	0x4	./out/common/src/retarget.o
mem_heap	0x80000	./out/common/src/malloc.o
byte_malloc_mem_pool	0x4	./out/common/src/malloc.o
at_msg_mem	0x80	./out/./src/noomiojs.o
event_mngr_msg_mem	0xc8	./out/./src/noomiojs.o
event_mngr_task_mem	0x3000	./out/./src/noomiojs.o
timer_mem	0x90	./out/./src/noomiojs.o
at_data_queue	0x4	./out/./src/noomiojs.o
at_msg_queue	0x4	./out/./src/noomiojs.o
event_mngr_msg_queue	0x4	./out/./src/noomiojs.o
event_mngr_task_byte_pool	0x4	./out/./src/noomiojs.o
event_mngr_thread_handle	0x4	./out/./src/noomiojs.o
event_mngr_thread_stack	0x4	./out/./src/noomiojs.o
evnt_gatekeeper	0x4	./out/./src/noomiojs.o
evnt_group	0x4	./out/./src/noomiojs.o
timer_pool	0x4	./out/./src/noomiojs.o
worker_thread_handle	0x4	./out/./src/noomiojs.o
worker_thread_stack	0x4	./out/./src/noomiojs.o
gpio_id_tbl	0x38	./out/./src/native/gpio.o
gpio_interrupt_id_tbl	0x38	./out/./src/native/gpio.o
tlmm_config	0x118	./out/./src/native/gpio.o
_txm_module_entry_info	0x4	../../../../Quectel_BG96_QuecOpen_SDK_Package_V3.0.1-AUS/SDK/libs/llvm\txm_lib.lib(txm_module_thread_shell_entry.o)
_txm_module_instance_ptr	0x4	../../../../Quectel_BG96_QuecOpen_SDK_Package_V3.0.1-AUS/SDK/libs/llvm\txm_lib.lib(txm_module_thread_shell_entry.o)
_txm_module_kernel_call_dispatcher	0x4	../../../../Quectel_BG96_QuecOpen_SDK_Package_V3.0.1-AUS/SDK/libs/llvm\txm_lib.lib(txm_module_thread_shell_entry.o)
__libc	0x40	C:\Users\nikol\projects\quectel\development\customer\threadx\tools\LLVM\4.0.3\armv7m-none-eabi\libc\lib/libc.a(libc.o)
__optpos	0x4	C:\Users\nikol\projects\quectel\development\customer\threadx\tools\LLVM\4.0.3\armv7m-none-eabi\libc\lib/libc.a(getopt.o)
optarg	0x4	C:\Users\nikol\projects\quectel\development\customer\threadx\tools\LLVM\4.0.3\armv7m-none-eabi\libc\lib/libc.a(getopt.o)
optopt	0x4	C:\Users\nikol\projects\quectel\development\customer\threadx\tools\LLVM\4.0.3\armv7m-none-eabi\libc\lib/libc.a(getopt.o)

Linker Script and memory map
LOAD ./ldscripts/txm_module_preamble_llvm.o[]
LOAD ./out/common/src/retarget.o[]
LOAD ./out/common/src/malloc.o[]
LOAD ./out/common/src/stubs.o[]
LOAD ./out/common/src/printf.o[]
LOAD ./out/common/src/file.o[]
LOAD ./out/common/src/cli.o[]
LOAD ./out/common/src/time.o[]
LOAD ./out/./src/noomiojs.o[]
LOAD ./out/./src/dummy_date_provider.o[]
LOAD ./out/./src/native/event_mngr.o[]
LOAD ./out/./src/native/timers.o[]
LOAD ./out/./src/native/console.o[]
LOAD ./out/./src/native/gpio.o[]
LOAD ./out/./src/native/at.o[]
LOAD ./out/./src/native/i2c.o[]
LOAD ./out/./src/duk_module_node.o[]
LOAD ./out/src/duk/duktape.o[]
LOAD ../../../../Quectel_BG96_QuecOpen_SDK_Package_V3.0.1-AUS/SDK/libs/llvm\txm_lib.lib(txm_module_thread_shell_entry.o) []
LOAD ../../../../Quectel_BG96_QuecOpen_SDK_Package_V3.0.1-AUS/SDK/libs/llvm\txm_lib.lib(txm_module_callback_request_thread_entry.o) []
LOAD ../../../../Quectel_BG96_QuecOpen_SDK_Package_V3.0.1-AUS/SDK/libs/llvm\txm_lib.lib(txm_module_system_call11.o) []
LOAD ../../../../Quectel_BG96_QuecOpen_SDK_Package_V3.0.1-AUS/SDK/libs/llvm\txm_lib.lib(txm_module_system_call12.o) []
LOAD ../../../../Quectel_BG96_QuecOpen_SDK_Package_V3.0.1-AUS/SDK/libs/llvm\txm_lib.lib(txm_module_system_call4.o) []
LOAD ../../../../Quectel_BG96_QuecOpen_SDK_Package_V3.0.1-AUS/SDK/libs/llvm\txm_lib.lib(txm_module_system_call5.o) []
LOAD ../../../../Quectel_BG96_QuecOpen_SDK_Package_V3.0.1-AUS/SDK/libs/llvm\txm_lib.lib(txm_module_system_call6.o) []
LOAD ../../../../Quectel_BG96_QuecOpen_SDK_Package_V3.0.1-AUS/SDK/libs/llvm\txm_lib.lib(txm_module_system_call7.o) []
LOAD ../../../../Quectel_BG96_QuecOpen_SDK_Package_V3.0.1-AUS/SDK/libs/llvm\txm_lib.lib(txm_module_system_call8.o) []
LOAD C:\Users\nikol\projects\quectel\development\customer\threadx\tools\LLVM\4.0.3\armv7m-none-eabi\libc\lib/libc.a(setlocale.o) []
LOAD C:\Users\nikol\projects\quectel\development\customer\threadx\tools\LLVM\4.0.3\armv7m-none-eabi\libc\lib/libc.a(__fpclassify.o) []
LOAD C:\Users\nikol\projects\quectel\development\customer\threadx\tools\LLVM\4.0.3\armv7m-none-eabi\libc\lib/libc.a(acos.o) []
LOAD C:\Users\nikol\projects\quectel\development\customer\threadx\tools\LLVM\4.0.3\armv7m-none-eabi\libc\lib/libc.a(sqrt.o) []
LOAD C:\Users\nikol\projects\quectel\development\customer\threadx\tools\LLVM\4.0.3\armv7m-none-eabi\libc\lib/libc.a(asin.o) []
LOAD C:\Users\nikol\projects\quectel\development\customer\threadx\tools\LLVM\4.0.3\armv7m-none-eabi\libc\lib/libc.a(atan.o) []
LOAD C:\Users\nikol\projects\quectel\development\customer\threadx\tools\LLVM\4.0.3\armv7m-none-eabi\libc\lib/libc.a(atan2.o) []
LOAD C:\Users\nikol\projects\quectel\development\customer\threadx\tools\LLVM\4.0.3\armv7m-none-eabi\libc\lib/libc.a(ceil.o) []
LOAD C:\Users\nikol\projects\quectel\development\customer\threadx\tools\LLVM\4.0.3\armv7m-none-eabi\libc\lib/libc.a(cos.o) []
LOAD C:\Users\nikol\projects\quectel\development\customer\threadx\tools\LLVM\4.0.3\armv7m-none-eabi\libc\lib/libc.a(exp.o) []
LOAD C:\Users\nikol\projects\quectel\development\customer\threadx\tools\LLVM\4.0.3\armv7m-none-eabi\libc\lib/libc.a(floor.o) []
LOAD C:\Users\nikol\projects\quectel\development\customer\threadx\tools\LLVM\4.0.3\armv7m-none-eabi\libc\lib/libc.a(fmod.o) []
LOAD C:\Users\nikol\projects\quectel\development\customer\threadx\tools\LLVM\4.0.3\armv7m-none-eabi\libc\lib/libc.a(log.o) []
LOAD C:\Users\nikol\projects\quectel\development\customer\threadx\tools\LLVM\4.0.3\armv7m-none-eabi\libc\lib/libc.a(pow.o) []
LOAD C:\Users\nikol\projects\quectel\development\customer\threadx\tools\LLVM\4.0.3\armv7m-none-eabi\libc\lib/libc.a(scalbn.o) []
LOAD C:\Users\nikol\projects\quectel\development\customer\threadx\tools\LLVM\4.0.3\armv7m-none-eabi\libc\lib/libc.a(sin.o) []
LOAD C:\Users\nikol\projects\quectel\development\customer\threadx\tools\LLVM\4.0.3\armv7m-none-eabi\libc\lib/libc.a(tan.o) []
LOAD C:\Users\nikol\projects\quectel\development\customer\threadx\tools\LLVM\4.0.3\armv7m-none-eabi\libc\lib/libc.a(getopt.o) []
LOAD C:\Users\nikol\projects\quectel\development\customer\threadx\tools\LLVM\4.0.3\armv7m-none-eabi\libc\lib/libc.a(mbtowc.o) []
LOAD C:\Users\nikol\projects\quectel\development\customer\threadx\tools\LLVM\4.0.3\armv7m-none-eabi\libc\lib/libc.a(longjmp.o) []
LOAD C:\Users\nikol\projects\quectel\development\customer\threadx\tools\LLVM\4.0.3\armv7m-none-eabi\libc\lib/libc.a(setjmp.o) []
LOAD C:\Users\nikol\projects\quectel\development\customer\threadx\tools\LLVM\4.0.3\armv7m-none-eabi\libc\lib/libc.a(vfprintf.o) []
LOAD C:\Users\nikol\projects\quectel\development\customer\threadx\tools\LLVM\4.0.3\armv7m-none-eabi\libc\lib/libc.a(flockfile.o) []
LOAD C:\Users\nikol\projects\quectel\development\customer\threadx\tools\LLVM\4.0.3\armv7m-none-eabi\libc\lib/libc.a(fputs.o) []
LOAD C:\Users\nikol\projects\quectel\development\customer\threadx\tools\LLVM\4.0.3\armv7m-none-eabi\libc\lib/libc.a(ftrylockfile.o) []
LOAD C:\Users\nikol\projects\quectel\development\customer\threadx\tools\LLVM\4.0.3\armv7m-none-eabi\libc\lib/libc.a(funlockfile.o) []
LOAD C:\Users\nikol\projects\quectel\development\customer\threadx\tools\LLVM\4.0.3\armv7m-none-eabi\libc\lib/libc.a(fwrite.o) []
LOAD C:\Users\nikol\projects\quectel\development\customer\threadx\tools\LLVM\4.0.3\armv7m-none-eabi\libc\lib/libc.a(putc.o) []
LOAD C:\Users\nikol\projects\quectel\development\customer\threadx\tools\LLVM\4.0.3\armv7m-none-eabi\libc\lib/libc.a(snprintf.o) []
LOAD C:\Users\nikol\projects\quectel\development\customer\threadx\tools\LLVM\4.0.3\armv7m-none-eabi\libc\lib/libc.a(sprintf.o) []
LOAD C:\Users\nikol\projects\quectel\development\customer\threadx\tools\LLVM\4.0.3\armv7m-none-eabi\libc\lib/libc.a(sscanf.o) []
LOAD C:\Users\nikol\projects\quectel\development\customer\threadx\tools\LLVM\4.0.3\armv7m-none-eabi\libc\lib/libc.a(stderr.o) []
LOAD C:\Users\nikol\projects\quectel\development\customer\threadx\tools\LLVM\4.0.3\armv7m-none-eabi\libc\lib/libc.a(vsnprintf.o) []
LOAD C:\Users\nikol\projects\quectel\development\customer\threadx\tools\LLVM\4.0.3\armv7m-none-eabi\libc\lib/libc.a(vsprintf.o) []
LOAD C:\Users\nikol\projects\quectel\development\customer\threadx\tools\LLVM\4.0.3\armv7m-none-eabi\libc\lib/libc.a(vsscanf.o) []
LOAD C:\Users\nikol\projects\quectel\development\customer\threadx\tools\LLVM\4.0.3\armv7m-none-eabi\libc\lib/libc.a(__aeabi_memclr.o) []
LOAD C:\Users\nikol\projects\quectel\development\customer\threadx\tools\LLVM\4.0.3\armv7m-none-eabi\libc\lib/libc.a(__aeabi_memcpy.o) []
LOAD C:\Users\nikol\projects\quectel\development\customer\threadx\tools\LLVM\4.0.3\armv7m-none-eabi\libc\lib/libc.a(memcpy_le.o) []
LOAD C:\Users\nikol\projects\quectel\development\customer\threadx\tools\LLVM\4.0.3\armv7m-none-eabi\libc\lib/libc.a(memset_nofp_armv7.o) []
LOAD C:\Users\nikol\projects\quectel\development\customer\threadx\tools\LLVM\4.0.3\armv7m-none-eabi\libc\lib/libc.a(memchr.o) []
LOAD C:\Users\nikol\projects\quectel\development\customer\threadx\tools\LLVM\4.0.3\armv7m-none-eabi\libc\lib/libc.a(memcmp.o) []
LOAD C:\Users\nikol\projects\quectel\development\customer\threadx\tools\LLVM\4.0.3\armv7m-none-eabi\libc\lib/libc.a(memmove.o) []
LOAD C:\Users\nikol\projects\quectel\development\customer\threadx\tools\LLVM\4.0.3\armv7m-none-eabi\libc\lib/libc.a(strchr.o) []
LOAD C:\Users\nikol\projects\quectel\development\customer\threadx\tools\LLVM\4.0.3\armv7m-none-eabi\libc\lib/libc.a(strchrnul.o) []
LOAD C:\Users\nikol\projects\quectel\development\customer\threadx\tools\LLVM\4.0.3\armv7m-none-eabi\libc\lib/libc.a(strcmp.o) []
LOAD C:\Users\nikol\projects\quectel\development\customer\threadx\tools\LLVM\4.0.3\armv7m-none-eabi\libc\lib/libc.a(strdup.o) []
LOAD C:\Users\nikol\projects\quectel\development\customer\threadx\tools\LLVM\4.0.3\armv7m-none-eabi\libc\lib/libc.a(strlen.o) []
LOAD C:\Users\nikol\projects\quectel\development\customer\threadx\tools\LLVM\4.0.3\armv7m-none-eabi\libc\lib/libc.a(strncmp.o) []
LOAD C:\Users\nikol\projects\quectel\development\customer\threadx\tools\LLVM\4.0.3\armv7m-none-eabi\libc\lib/libc.a(strncpy.o) []
LOAD C:\Users\nikol\projects\quectel\development\customer\threadx\tools\LLVM\4.0.3\armv7m-none-eabi\libc\lib/libc.a(strtok.o) []
LOAD C:\Users\nikol\projects\quectel\development\customer\threadx\tools\LLVM\4.0.3\armv7m-none-eabi\libc\lib/libc.a(__lock.o) []
LOAD C:\Users\nikol\projects\quectel\development\customer\threadx\tools\LLVM\4.0.3\armv7m-none-eabi\libc\lib/libc.a(__wait.o) []
LOAD C:\Users\nikol\projects\quectel\development\customer\threadx\tools\LLVM\4.0.3\armv7m-none-eabi\libc\lib/libc.a(mktime.o) []
LOAD C:\Users\nikol\projects\quectel\development\customer\threadx\tools\LLVM\4.0.3\armv7m-none-eabi\libc\lib/libc.a(strftime.o) []
LOAD C:\Users\nikol\projects\quectel\development\customer\threadx\tools\LLVM\4.0.3\armv7m-none-eabi\libc\lib/libc.a(strptime.o) []
LOAD C:\Users\nikol\projects\quectel\development\customer\threadx\tools\LLVM\4.0.3\armv7m-none-eabi\libc\lib/libc.a(write.o) []
LOAD C:\Users\nikol\projects\quectel\development\customer\threadx\tools\LLVM\4.0.3\armv7m-none-eabi\libc\lib/libc.a(__errno_location.o) []
LOAD C:\Users\nikol\projects\quectel\development\customer\threadx\tools\LLVM\4.0.3\armv7m-none-eabi\libc\lib/libc.a(strerror.o) []
LOAD C:\Users\nikol\projects\quectel\development\customer\threadx\tools\LLVM\4.0.3\armv7m-none-eabi\libc\lib/libc.a(libc.o) []
LOAD C:\Users\nikol\projects\quectel\development\customer\threadx\tools\LLVM\4.0.3\armv7m-none-eabi\libc\lib/libc.a(syscall_ret.o) []
LOAD C:\Users\nikol\projects\quectel\development\customer\threadx\tools\LLVM\4.0.3\armv7m-none-eabi\libc\lib/libc.a(__lctrans.o) []
LOAD C:\Users\nikol\projects\quectel\development\customer\threadx\tools\LLVM\4.0.3\armv7m-none-eabi\libc\lib/libc.a(langinfo.o) []
LOAD C:\Users\nikol\projects\quectel\development\customer\threadx\tools\LLVM\4.0.3\armv7m-none-eabi\libc\lib/libc.a(locale_map.o) []
LOAD C:\Users\nikol\projects\quectel\development\customer\threadx\tools\LLVM\4.0.3\armv7m-none-eabi\libc\lib/libc.a(__cos.o) []
LOAD C:\Users\nikol\projects\quectel\development\customer\threadx\tools\LLVM\4.0.3\armv7m-none-eabi\libc\lib/libc.a(__rem_pio2.o) []
LOAD C:\Users\nikol\projects\quectel\development\customer\threadx\tools\LLVM\4.0.3\armv7m-none-eabi\libc\lib/libc.a(__rem_pio2_large.o) []
LOAD C:\Users\nikol\projects\quectel\development\customer\threadx\tools\LLVM\4.0.3\armv7m-none-eabi\libc\lib/libc.a(__sin.o) []
LOAD C:\Users\nikol\projects\quectel\development\customer\threadx\tools\LLVM\4.0.3\armv7m-none-eabi\libc\lib/libc.a(__tan.o) []
LOAD C:\Users\nikol\projects\quectel\development\customer\threadx\tools\LLVM\4.0.3\armv7m-none-eabi\libc\lib/libc.a(fabs.o) []
LOAD C:\Users\nikol\projects\quectel\development\customer\threadx\tools\LLVM\4.0.3\armv7m-none-eabi\libc\lib/libc.a(munmap.o) []
LOAD C:\Users\nikol\projects\quectel\development\customer\threadx\tools\LLVM\4.0.3\armv7m-none-eabi\libc\lib/libc.a(internal.o) []
LOAD C:\Users\nikol\projects\quectel\development\customer\threadx\tools\LLVM\4.0.3\armv7m-none-eabi\libc\lib/libc.a(wctomb.o) []
LOAD C:\Users\nikol\projects\quectel\development\customer\threadx\tools\LLVM\4.0.3\armv7m-none-eabi\libc\lib/libc.a(__overflow.o) []
LOAD C:\Users\nikol\projects\quectel\development\customer\threadx\tools\LLVM\4.0.3\armv7m-none-eabi\libc\lib/libc.a(__string_read.o) []
LOAD C:\Users\nikol\projects\quectel\development\customer\threadx\tools\LLVM\4.0.3\armv7m-none-eabi\libc\lib/libc.a(__towrite.o) []
LOAD C:\Users\nikol\projects\quectel\development\customer\threadx\tools\LLVM\4.0.3\armv7m-none-eabi\libc\lib/libc.a(__lockfile.o) []
LOAD C:\Users\nikol\projects\quectel\development\customer\threadx\tools\LLVM\4.0.3\armv7m-none-eabi\libc\lib/libc.a(__stdio_close.o) []
LOAD C:\Users\nikol\projects\quectel\development\customer\threadx\tools\LLVM\4.0.3\armv7m-none-eabi\libc\lib/libc.a(__stdio_seek.o) []
LOAD C:\Users\nikol\projects\quectel\development\customer\threadx\tools\LLVM\4.0.3\armv7m-none-eabi\libc\lib/libc.a(__stdio_write.o) []
LOAD C:\Users\nikol\projects\quectel\development\customer\threadx\tools\LLVM\4.0.3\armv7m-none-eabi\libc\lib/libc.a(vfscanf.o) []
LOAD C:\Users\nikol\projects\quectel\development\customer\threadx\tools\LLVM\4.0.3\armv7m-none-eabi\libc\lib/libc.a(abs.o) []
LOAD C:\Users\nikol\projects\quectel\development\customer\threadx\tools\LLVM\4.0.3\armv7m-none-eabi\libc\lib/libc.a(strtol.o) []
LOAD C:\Users\nikol\projects\quectel\development\customer\threadx\tools\LLVM\4.0.3\armv7m-none-eabi\libc\lib/libc.a(stpncpy.o) []
LOAD C:\Users\nikol\projects\quectel\development\customer\threadx\tools\LLVM\4.0.3\armv7m-none-eabi\libc\lib/libc.a(strcspn.o) []
LOAD C:\Users\nikol\projects\quectel\development\customer\threadx\tools\LLVM\4.0.3\armv7m-none-eabi\libc\lib/libc.a(strncasecmp.o) []
LOAD C:\Users\nikol\projects\quectel\development\customer\threadx\tools\LLVM\4.0.3\armv7m-none-eabi\libc\lib/libc.a(strspn.o) []
LOAD C:\Users\nikol\projects\quectel\development\customer\threadx\tools\LLVM\4.0.3\armv7m-none-eabi\libc\lib/libc.a(__syscall_cp.o) []
LOAD C:\Users\nikol\projects\quectel\development\customer\threadx\tools\LLVM\4.0.3\armv7m-none-eabi\libc\lib/libc.a(__map_file.o) []
LOAD C:\Users\nikol\projects\quectel\development\customer\threadx\tools\LLVM\4.0.3\armv7m-none-eabi\libc\lib/libc.a(__secs_to_tm.o) []
LOAD C:\Users\nikol\projects\quectel\development\customer\threadx\tools\LLVM\4.0.3\armv7m-none-eabi\libc\lib/libc.a(__tm_to_secs.o) []
LOAD C:\Users\nikol\projects\quectel\development\customer\threadx\tools\LLVM\4.0.3\armv7m-none-eabi\libc\lib/libc.a(__tz.o) []
LOAD C:\Users\nikol\projects\quectel\development\customer\threadx\tools\LLVM\4.0.3\armv7m-none-eabi\libc\lib/libc.a(__year_to_secs.o) []
LOAD C:\Users\nikol\projects\quectel\development\customer\threadx\tools\LLVM\4.0.3\armv7m-none-eabi\libc\lib/libc.a(tolower.o) []
LOAD C:\Users\nikol\projects\quectel\development\customer\threadx\tools\LLVM\4.0.3\armv7m-none-eabi\libc\lib/libc.a(getenv.o) []
LOAD C:\Users\nikol\projects\quectel\development\customer\threadx\tools\LLVM\4.0.3\armv7m-none-eabi\libc\lib/libc.a(syscall.o) []
LOAD C:\Users\nikol\projects\quectel\development\customer\threadx\tools\LLVM\4.0.3\armv7m-none-eabi\libc\lib/libc.a(floatscan.o) []
LOAD C:\Users\nikol\projects\quectel\development\customer\threadx\tools\LLVM\4.0.3\armv7m-none-eabi\libc\lib/libc.a(intscan.o) []
LOAD C:\Users\nikol\projects\quectel\development\customer\threadx\tools\LLVM\4.0.3\armv7m-none-eabi\libc\lib/libc.a(shgetc.o) []
LOAD C:\Users\nikol\projects\quectel\development\customer\threadx\tools\LLVM\4.0.3\armv7m-none-eabi\libc\lib/libc.a(__mo_lookup.o) []
LOAD C:\Users\nikol\projects\quectel\development\customer\threadx\tools\LLVM\4.0.3\armv7m-none-eabi\libc\lib/libc.a(c_locale.o) []
LOAD C:\Users\nikol\projects\quectel\development\customer\threadx\tools\LLVM\4.0.3\armv7m-none-eabi\libc\lib/libc.a(copysignl.o) []
LOAD C:\Users\nikol\projects\quectel\development\customer\threadx\tools\LLVM\4.0.3\armv7m-none-eabi\libc\lib/libc.a(fmodl.o) []
LOAD C:\Users\nikol\projects\quectel\development\customer\threadx\tools\LLVM\4.0.3\armv7m-none-eabi\libc\lib/libc.a(scalbnl.o) []
LOAD C:\Users\nikol\projects\quectel\development\customer\threadx\tools\LLVM\4.0.3\armv7m-none-eabi\libc\lib/libc.a(mmap.o) []
LOAD C:\Users\nikol\projects\quectel\development\customer\threadx\tools\LLVM\4.0.3\armv7m-none-eabi\libc\lib/libc.a(mbrtowc.o) []
LOAD C:\Users\nikol\projects\quectel\development\customer\threadx\tools\LLVM\4.0.3\armv7m-none-eabi\libc\lib/libc.a(mbsinit.o) []
LOAD C:\Users\nikol\projects\quectel\development\customer\threadx\tools\LLVM\4.0.3\armv7m-none-eabi\libc\lib/libc.a(wcrtomb.o) []
LOAD C:\Users\nikol\projects\quectel\development\customer\threadx\tools\LLVM\4.0.3\armv7m-none-eabi\libc\lib/libc.a(__stdio_exit.o) []
LOAD C:\Users\nikol\projects\quectel\development\customer\threadx\tools\LLVM\4.0.3\armv7m-none-eabi\libc\lib/libc.a(__uflow.o) []
LOAD C:\Users\nikol\projects\quectel\development\customer\threadx\tools\LLVM\4.0.3\armv7m-none-eabi\libc\lib/libc.a(ofl.o) []
LOAD C:\Users\nikol\projects\quectel\development\customer\threadx\tools\LLVM\4.0.3\armv7m-none-eabi\libc\lib/libc.a(__month_to_secs.o) []
LOAD C:\Users\nikol\projects\quectel\development\customer\threadx\tools\LLVM\4.0.3\armv7m-none-eabi\libc\lib/libc.a(__environ.o) []
LOAD C:\Users\nikol\projects\quectel\development\customer\threadx\tools\LLVM\4.0.3\armv7m-none-eabi\libc\lib/libc.a(copysign.o) []
LOAD C:\Users\nikol\projects\quectel\development\customer\threadx\tools\LLVM\4.0.3\armv7m-none-eabi\libc\lib/libc.a(__toread.o) []
START GROUP
END GROUP
START GROUP
LOAD C:\Users\nikol\projects\quectel\development\customer\threadx\tools\LLVM\4.0.3\lib\clang\4.0.3\lib\baremetal/libclang_rt.builtins-armv7m.a(aeabi_dcmp.S.obj) []
LOAD C:\Users\nikol\projects\quectel\development\customer\threadx\tools\LLVM\4.0.3\lib\clang\4.0.3\lib\baremetal/libclang_rt.builtins-armv7m.a(aeabi_ldivmod.S.obj) []
LOAD C:\Users\nikol\projects\quectel\development\customer\threadx\tools\LLVM\4.0.3\lib\clang\4.0.3\lib\baremetal/libclang_rt.builtins-armv7m.a(aeabi_uldivmod.S.obj) []
LOAD C:\Users\nikol\projects\quectel\development\customer\threadx\tools\LLVM\4.0.3\lib\clang\4.0.3\lib\baremetal/libclang_rt.builtins-armv7m.a(adddf3.c.obj) []
LOAD C:\Users\nikol\projects\quectel\development\customer\threadx\tools\LLVM\4.0.3\lib\clang\4.0.3\lib\baremetal/libclang_rt.builtins-armv7m.a(comparedf2.c.obj) []
LOAD C:\Users\nikol\projects\quectel\development\customer\threadx\tools\LLVM\4.0.3\lib\clang\4.0.3\lib\baremetal/libclang_rt.builtins-armv7m.a(divdf3.c.obj) []
LOAD C:\Users\nikol\projects\quectel\development\customer\threadx\tools\LLVM\4.0.3\lib\clang\4.0.3\lib\baremetal/libclang_rt.builtins-armv7m.a(divmoddi4.c.obj) []
LOAD C:\Users\nikol\projects\quectel\development\customer\threadx\tools\LLVM\4.0.3\lib\clang\4.0.3\lib\baremetal/libclang_rt.builtins-armv7m.a(extendsfdf2.c.obj) []
LOAD C:\Users\nikol\projects\quectel\development\customer\threadx\tools\LLVM\4.0.3\lib\clang\4.0.3\lib\baremetal/libclang_rt.builtins-armv7m.a(fixdfdi.c.obj) []
LOAD C:\Users\nikol\projects\quectel\development\customer\threadx\tools\LLVM\4.0.3\lib\clang\4.0.3\lib\baremetal/libclang_rt.builtins-armv7m.a(fixdfsi.c.obj) []
LOAD C:\Users\nikol\projects\quectel\development\customer\threadx\tools\LLVM\4.0.3\lib\clang\4.0.3\lib\baremetal/libclang_rt.builtins-armv7m.a(fixunsdfdi.c.obj) []
LOAD C:\Users\nikol\projects\quectel\development\customer\threadx\tools\LLVM\4.0.3\lib\clang\4.0.3\lib\baremetal/libclang_rt.builtins-armv7m.a(fixunsdfsi.c.obj) []
LOAD C:\Users\nikol\projects\quectel\development\customer\threadx\tools\LLVM\4.0.3\lib\clang\4.0.3\lib\baremetal/libclang_rt.builtins-armv7m.a(floatdidf.c.obj) []
LOAD C:\Users\nikol\projects\quectel\development\customer\threadx\tools\LLVM\4.0.3\lib\clang\4.0.3\lib\baremetal/libclang_rt.builtins-armv7m.a(floatsidf.c.obj) []
LOAD C:\Users\nikol\projects\quectel\development\customer\threadx\tools\LLVM\4.0.3\lib\clang\4.0.3\lib\baremetal/libclang_rt.builtins-armv7m.a(floatsisf.c.obj) []
LOAD C:\Users\nikol\projects\quectel\development\customer\threadx\tools\LLVM\4.0.3\lib\clang\4.0.3\lib\baremetal/libclang_rt.builtins-armv7m.a(floatunsidf.c.obj) []
LOAD C:\Users\nikol\projects\quectel\development\customer\threadx\tools\LLVM\4.0.3\lib\clang\4.0.3\lib\baremetal/libclang_rt.builtins-armv7m.a(muldf3.c.obj) []
LOAD C:\Users\nikol\projects\quectel\development\customer\threadx\tools\LLVM\4.0.3\lib\clang\4.0.3\lib\baremetal/libclang_rt.builtins-armv7m.a(mulsf3.c.obj) []
LOAD C:\Users\nikol\projects\quectel\development\customer\threadx\tools\LLVM\4.0.3\lib\clang\4.0.3\lib\baremetal/libclang_rt.builtins-armv7m.a(subdf3.c.obj) []
LOAD C:\Users\nikol\projects\quectel\development\customer\threadx\tools\LLVM\4.0.3\lib\clang\4.0.3\lib\baremetal/libclang_rt.builtins-armv7m.a(truncdfsf2.c.obj) []
LOAD C:\Users\nikol\projects\quectel\development\customer\threadx\tools\LLVM\4.0.3\lib\clang\4.0.3\lib\baremetal/libclang_rt.builtins-armv7m.a(udivmoddi4.c.obj) []
LOAD C:\Users\nikol\projects\quectel\development\customer\threadx\tools\LLVM\4.0.3\lib\clang\4.0.3\lib\baremetal/libclang_rt.builtins-armv7m.a(divdi3.c.obj) []
END GROUP

Linker scripts used (including INCLUDE command)
./ldscripts/sections.ld

ER_RO	0x43000000	0x5561c # Offset: 0x60, LMA: 0x43000000
	Image$$ER_RO$$Base(0x43000000) = .( 0x43000000 );
*txm_module_preamble_llvm.o(.text .text.* )
*txm_module_preamble_llvm.o(Init )
Init	0x43000000	0x80	./ldscripts/txm_module_preamble_llvm.o	#SHT_PROGBITS,SHF_ALLOC|SHF_EXECINSTR,4
	0x43000000		.CODE32
	0x43000000		_txm_module_preamble
*txm_module_preamble_llvm.o(.rodata .rodata.* )
KEEP (*(.text .text.* ))
.text	0x43000080	0x684	./out/common/src/retarget.o	#SHT_PROGBITS,SHF_ALLOC|SHF_EXECINSTR,4
	0x43000080		$a.0
	0x43000080		task_main_entry
	0x43000220		$d.1
	0x43000264		$a.2
	0x43000264		putchar
	0x4300030c		$d.3
	0x43000320		$a.4
	0x43000320		_putchar
	0x43000324		__wrap_puts
	0x430003d4		$d.5
	0x430003e8		$a.6
	0x430003e8		__wrap_printf
	0x430004c0		$d.7
	0x430004d8		$a.8
	0x430004d8		__wrap_gets
	0x430004e0		__wrap_getchar
	0x43000530		$d.9
	0x4300053c		$a.10
	0x4300053c		__wrap_fprintf
	0x43000550		$d.11
	0x43000554		$a.12
	0x43000554		__wrap_write
	0x43000608		$d.13
	0x4300061c		$a.14
	0x4300061c		uart_rx_cb
	0x4300068c		$d.15
	0x430006a4		$a.16
	0x430006a4		uart_tx_cb
	0x430006c4		$d.17
	0x430006cc		$a.18
	0x430006cc		qapi_uart_tx_user_cb_dispatcher
	0x430006e8		qapi_uart_rx_user_cb_dispatcher
.text	0x43000704	0x1d0	./out/common/src/malloc.o	#SHT_PROGBITS,SHF_ALLOC|SHF_EXECINSTR,4
	0x43000704		$a.0
	0x43000704		memscpy
	0x43000728		malloc_byte_pool_init
	0x4300079c		$d.1
	0x430007b4		$a.2
	0x430007b4		malloc_get_pool
	0x430007c0		$d.3
	0x430007c4		$a.4
	0x430007c4		__wrap_malloc
	0x4300083c		$d.5
	0x43000844		$a.6
	0x43000844		__wrap_free
	0x43000884		$d.7
	0x4300088c		$a.8
	0x4300088c		__wrap_calloc
	0x430008c4		__wrap_realloc
	0x430008cc		memalign
.text	0x430008d4	0xf0	./out/common/src/stubs.o	#SHT_PROGBITS,SHF_ALLOC|SHF_EXECINSTR,4
	0x430008d4		$a.0
	0x430008d4		abort
	0x4300090c		$d.1
	0x43000910		$a.2
	0x43000910		exit
	0x43000948		$d.3
	0x4300094c		$a.4
	0x4300094c		_Exit
	0x43000984		$d.5
	0x43000988		$a.6
	0x43000988		quick_exit
	0x430009c0		$d.7
.text	0x430009c4	0x18f8	./out/common/src/printf.o	#SHT_PROGBITS,SHF_ALLOC|SHF_EXECINSTR,4
	0x430009c4		$a.0
	0x430009c4		printf_
	0x43000a08		$d.1
	0x43000a0c		$a.2
	0x43000a0c		_vsnprintf
	0x43000be0		$d.3
	0x43000c08		$a.4
	0x430011d0		$d.5
	0x4300122c		$a.6
	0x4300124c		$d.7
	0x43001254		_out_char
	0x43001254		$a.8
	0x43001260		sprintf_
	0x430012a0		$d.9
	0x430012a4		$a.10
	0x430012a4		_out_buffer
	0x430012b0		snprintf_
	0x430012ec		$d.11
	0x430012f0		$a.12
	0x430012f0		vprintf_
	0x43001314		$d.13
	0x43001318		$a.14
	0x43001318		vsnprintf_
	0x43001340		$d.15
	0x43001344		fctprintf
	0x43001344		$a.16
	0x4300138c		$d.17
	0x43001390		$a.18
	0x43001390		_out_fct
	0x430013a4		_out_null
	0x430013a8		_atoi
	0x430013e8		_ntoa_long_long
	0x430014cc		_ntoa_long
	0x43001588		_ftoa
	0x43001a80		$d.19
	0x43001aa0		$a.20
	0x43001aa0		_etoa
	0x43002020		$d.21
	0x43002060		$a.22
	0x43002060		_ntoa_format
	0x430021e0		_out_rev
.text	0x430022bc	0x894	./out/common/src/file.o	#SHT_PROGBITS,SHF_ALLOC|SHF_EXECINSTR,4
	0x430022bc		$a.0
	0x430022bc		fopen
	0x430023ec		$d.1
	0x4300240c		$a.2
	0x4300240c		fclose
	0x4300247c		fseek
	0x430024e8		$d.3
	0x430024ec		ftell
	0x430024ec		$a.4
	0x4300254c		fstat
	0x43002620		lstat
	0x430026f0		$d.5
	0x430026f4		$a.6
	0x430026f4		fread
	0x43002768		$d.7
	0x4300276c		__wrap_fwrite
	0x4300276c		$a.8
	0x430027d8		$d.9
	0x430027dc		$a.10
	0x430027dc		opendir
	0x43002848		$d.11
	0x4300284c		$a.12
	0x4300284c		readdir
	0x430028cc		$d.13
	0x430028d4		$a.14
	0x430028d4		closedir
	0x4300293c		rmdir
	0x430029a0		$d.15
	0x430029a4		$a.16
	0x430029a4		mkdir
	0x43002a0c		unlink
	0x43002a70		$d.17
	0x43002a74		$a.18
	0x43002a74		truncate
	0x43002ad4		$d.19
	0x43002ad8		$a.20
	0x43002ad8		rename
	0x43002b44		$d.21
	0x43002b48		$a.22
	0x43002b48		access
.text	0x43002b50	0x94c	./out/common/src/cli.o	#SHT_PROGBITS,SHF_ALLOC|SHF_EXECINSTR,4
	0x43002b50		$a.0
	0x43002b50		cli_free
	0x43002b6c		cli_new
	0x43002c80		$d.1
	0x43002ca0		$a.2
	0x43002ca0		cli_cmd_meminfo
	0x43002d70		$d.3
	0x43002d88		$a.4
	0x43002d88		cli_cmd_ls
	0x43002e90		$d.5
	0x43002e9c		$a.6
	0x43002e9c		cli_cmd_cat
	0x43002fb8		$d.7
	0x43002fc4		$a.8
	0x43002fc4		cli_cmd_rm
	0x43003048		$d.9
	0x43003058		$a.10
	0x43003058		cli_cmd_mkdir
	0x430030ac		$d.11
	0x430030b8		$a.12
	0x430030b8		cli_cmd_touch
	0x43003110		$d.13
	0x43003120		$a.14
	0x43003120		cli_cmd_echo
	0x430031f4		$d.15
	0x4300320c		$a.16
	0x4300320c		cli_register
	0x43003284		cli_input
	0x4300347c		$d.17
.text	0x4300349c	0x24	./out/common/src/time.o	#SHT_PROGBITS,SHF_ALLOC|SHF_EXECINSTR,4
	0x4300349c		$a.0
	0x4300349c		localtime
	0x430034bc		$d.1
.text	0x430034c0	0x8a4	./out/./src/noomiojs.o	#SHT_PROGBITS,SHF_ALLOC|SHF_EXECINSTR,4
	0x430034c0		$a.0
	0x430034c0		main
	0x43003a00		$d.1
	0x43003aac		$a.2
	0x43003aac		cb_resolve_module
	0x43003b08		$d.3
	0x43003b10		$a.4
	0x43003b10		cb_load_module
	0x43003cc0		$d.5
	0x43003cd4		$a.6
	0x43003cd4		wrapped_compile_execute
	0x43003d5c		$d.7
.text	0x43003d64	0x10	./out/./src/dummy_date_provider.o	#SHT_PROGBITS,SHF_ALLOC|SHF_EXECINSTR,4
	0x43003d64		$a.0
	0x43003d64		dummy_get_now
	0x43003d70		$d.1
.text	0x43003d74	0x77c	./out/./src/native/event_mngr.o	#SHT_PROGBITS,SHF_ALLOC|SHF_EXECINSTR,4
	0x43003d74		$a.0
	0x43003d74		event_mngr_task
	0x43003f5c		$d.1
	0x43003f88		$a.2
	0x4300433c		$d.3
	0x43004398		$a.4
	0x43004398		worker_task
	0x430044d8		$d.5
.text	0x430044f0	0x378	./out/./src/native/timers.o	#SHT_PROGBITS,SHF_ALLOC|SHF_EXECINSTR,4
	0x430044f0		$a.0
	0x430044f0		native_timer_set_timeout
	0x43004608		$d.1
	0x43004618		$a.2
	0x43004618		invoke_timer_cb
	0x43004668		$d.3
	0x43004678		$a.4
	0x43004678		native_timer_set_interval
	0x430047ac		$d.5
	0x430047bc		$a.6
	0x430047bc		native_timer_clear_interval
	0x43004864		$d.7
.text	0x43004868	0x5c	./out/./src/native/console.o	#SHT_PROGBITS,SHF_ALLOC|SHF_EXECINSTR,4
	0x43004868		$a.0
	0x43004868		native_print
	0x430048bc		$d.1
.text	0x430048c4	0x1104	./out/./src/native/gpio.o	#SHT_PROGBITS,SHF_ALLOC|SHF_EXECINSTR,4
	0x430048c4		$a.0
	0x430048c4		qapi_custom_cb_gpioint_dispatcher
	0x430048d4		native_digital_in
	0x43004a80		$d.1
	0x43004aa4		$a.2
	0x43004aa4		config
	0x43004c04		$d.3
	0x43004c18		finalizer
	0x43004c18		$a.4
	0x43004c28		read
	0x43004ce0		$d.5
	0x43004ce8		$a.6
	0x43004ce8		release
	0x43004dc0		$d.7
	0x43004dd8		$a.8
	0x43004dd8		native_digital_out
	0x43004fbc		$d.9
	0x43004fe4		write
	0x43004fe4		$a.10
	0x43005090		$d.11
	0x4300509c		$a.12
	0x4300509c		native_digital_in_out
	0x43005220		$d.13
	0x4300524c		$a.14
	0x4300524c		native_digital_interrupt_in
	0x43005490		$d.15
	0x430054d0		$a.16
	0x430054d0		on
	0x43005690		$d.17
	0x430056c8		$a.18
	0x430056c8		trigger
	0x43005750		$d.19
	0x43005760		$a.20
	0x43005760		enable_irq
	0x430057e8		$d.21
	0x430057f8		$a.22
	0x430057f8		disable_irq
	0x43005880		$d.23
	0x43005890		$a.24
	0x43005890		deactivate
	0x43005918		$d.25
	0x43005928		$a.26
	0x43005928		native_init_gpio_consts
	0x43005954		$d.27
	0x43005958		$a.28
	0x43005958		invoke_interrupt_cb
	0x430059b4		$d.29
.text	0x430059c8	0x5cc	./out/./src/native/at.o	#SHT_PROGBITS,SHF_ALLOC|SHF_EXECINSTR,4
	0x430059c8		$a.0
	0x430059c8		invoke_callback_pipe0
	0x430059fc		$d.1
	0x43005a08		$a.2
	0x43005a08		invoke_callback_pipe1
	0x43005a3c		$d.3
	0x43005a48		$a.4
	0x43005a48		native_at
	0x43005af8		$d.5
	0x43005b14		$a.6
	0x43005b14		write
	0x43005bd4		$d.7
	0x43005be8		$a.8
	0x43005be8		close
	0x43005cec		$d.9
	0x43005d08		$a.10
	0x43005d08		on
	0x43005f18		$d.11
	0x43005f50		$a.12
	0x43005f50		native_init_at_consts
	0x43005f7c		$d.13
	0x43005f80		$a.14
	0x43005f80		atc_pipe_cb_uspace_dispatcher
.text	0x43005f94	0x98c	./out/./src/native/i2c.o	#SHT_PROGBITS,SHF_ALLOC|SHF_EXECINSTR,4
	0x43005f94		$a.0
	0x43005f94		i2c_module_cb_manager
	0x43005fbc		native_i2c
	0x430060d0		$d.1
	0x43006100		$a.2
	0x43006100		start
	0x430061e0		$d.3
	0x430061f4		$a.4
	0x430061f4		transfer
	0x430063d4		$d.5
	0x430063f0		$a.6
	0x430063f0		stop
	0x430064d4		$d.7
	0x430064e8		$a.8
	0x430064e8		frequency
	0x43006534		$d.9
	0x43006538		$a.10
	0x43006538		on
	0x4300683c		$d.11
	0x43006870		$a.12
	0x43006870		native_init_i2c_consts
	0x4300689c		$d.13
	0x430068a0		$a.14
	0x430068a0		invoke_i2c_callback_1
	0x4300690c		$d.15
.text	0x43006920	0x76c	./out/./src/duk_module_node.o	#SHT_PROGBITS,SHF_ALLOC|SHF_EXECINSTR,4
	0x43006920		$a.0
	0x43006920		duk_module_node_peval_main
	0x43006960		$d.1
	0x43006964		$a.2
	0x43006964		duk__push_module_object
	0x43006a34		$d.3
	0x43006a4c		$a.4
	0x43006a4c		duk__eval_module_source
	0x43006b90		$d.5
	0x43006bb8		$a.6
	0x43006bb8		duk_module_node_init
	0x43006cd8		$d.7
	0x43006cf8		$a.8
	0x43006cf8		duk__push_require_function
	0x43006db8		$d.9
	0x43006dd8		$a.10
	0x43006dd8		duk__handle_require
	0x43007028		$d.11
	0x4300704c		$a.12
	0x4300704c		duk__del_cached_module
	0x43007088		$d.13
.text	0x4300708c	0x2e610	./out/src/duk/duktape.o	#SHT_PROGBITS,SHF_ALLOC|SHF_EXECINSTR,4
	0x4300708c		$a.0
	0x4300708c		duk_bi_object_constructor
	0x430070e4		$d.1
	0x430070e8		$a.2
	0x430070e8		duk_bi_function_constructor
	0x43007220		$d.3
	0x43007238		duk_bi_function_prototype
	0x43007238		$a.4
	0x43007240		duk_bi_array_constructor
	0x43007428		$d.5
	0x43007434		$a.6
	0x43007434		duk_bi_string_constructor
	0x43007540		$d.7
	0x4300754c		$a.8
	0x4300754c		duk_bi_boolean_constructor
	0x430075b0		duk_bi_number_constructor
	0x43007644		duk_bi_date_constructor
	0x4300776c		$d.9
	0x43007774		$a.10
	0x43007774		duk_bi_regexp_constructor
	0x430078c0		duk_bi_error_constructor_shared
	0x43007918		$d.11
	0x43007920		$a.12
	0x43007920		duk_bi_type_error_thrower
	0x43007928		duk_bi_global_object_parse_int
	0x430079a4		duk_bi_global_object_parse_float
	0x430079cc		duk_bi_pointer_constructor
	0x43007a48		$d.13
	0x43007a4c		duk_bi_arraybuffer_constructor
	0x43007a4c		$a.14
	0x43007abc		$d.15
	0x43007ac0		duk_bi_dataview_constructor
	0x43007ac0		$a.16
	0x43007b7c		duk_bi_typedarray_constructor
	0x43007e2c		$d.17
	0x43007e40		duk_bi_nodejs_buffer_constructor
	0x43007e40		$a.18
	0x43007e8c		duk_bi_global_object_eval
	0x43008004		duk_bi_global_object_is_nan
	0x43008044		duk_bi_global_object_is_finite
	0x43008080		duk_bi_global_object_decode_uri
	0x43008098		$d.19
	0x430080a0		duk_bi_global_object_decode_uri_component
	0x430080a0		$a.20
	0x430080b8		$d.21
	0x430080c0		duk_bi_global_object_encode_uri
	0x430080c0		$a.22
	0x430080d8		$d.23
	0x430080e0		$a.24
	0x430080e0		duk_bi_global_object_encode_uri_component
	0x430080f8		$d.25
	0x43008100		duk_bi_global_object_escape
	0x43008100		$a.26
	0x43008118		$d.27
	0x4300811c		$a.28
	0x4300811c		duk_bi_global_object_unescape
	0x43008134		$d.29
	0x43008138		$a.30
	0x43008138		duk_bi_object_getprototype_shared
	0x430081e0		duk_bi_object_setprototype_shared
	0x43008340		duk_bi_object_constructor_get_own_property_descriptor
	0x43008374		duk_bi_object_constructor_keys_shared
	0x430083c4		$d.31
	0x430083c8		$a.32
	0x430083c8		duk_bi_object_constructor_create
	0x43008424		$d.33
	0x43008428		$a.34
	0x43008428		duk_bi_object_constructor_define_property
	0x430084e0		duk_bi_object_constructor_define_properties
	0x430085dc		duk_bi_object_constructor_seal_freeze_shared
	0x43008600		duk_bi_object_constructor_prevent_extensions
	0x4300866c		duk_bi_object_constructor_is_sealed_frozen_shared
	0x4300878c		duk_bi_object_constructor_is_extensible
	0x430087e8		duk_bi_object_prototype_to_string
	0x430088b4		$d.35
	0x430088c4		duk_bi_object_prototype_to_locale_string
	0x430088c4		$a.36
	0x430088f8		duk_bi_object_prototype_value_of
	0x43008908		duk_bi_object_prototype_has_own_property
	0x4300891c		duk_bi_object_prototype_is_prototype_of
	0x43008970		duk_bi_object_prototype_property_is_enumerable
	0x43008984		duk_bi_function_prototype_to_string
	0x43008a48		$d.37
	0x43008a5c		$a.38
	0x43008a5c		duk_bi_function_prototype_apply
	0x43008a64		duk_bi_function_prototype_call
	0x43008a6c		duk_bi_function_prototype_bind
	0x43008d68		$d.39
	0x43008d78		$a.40
	0x43008d78		duk_bi_native_function_length
	0x43008de4		duk_bi_native_function_name
	0x43008e3c		duk_bi_array_constructor_is_array
	0x43008e60		duk_bi_array_prototype_to_string
	0x43008ec4		$d.41
	0x43008ec8		duk_bi_array_prototype_join_shared
	0x43008ec8		$a.42
	0x43009014		$d.43
	0x43009018		$a.44
	0x43009018		duk_bi_array_prototype_concat
	0x43009140		$d.45
	0x43009148		duk_bi_array_prototype_pop
	0x43009148		$a.46
	0x430091c4		duk_bi_array_prototype_push
	0x43009278		$d.47
	0x43009288		duk_bi_array_prototype_reverse
	0x43009288		$a.48
	0x43009348		duk_bi_array_prototype_shift
	0x4300941c		duk_bi_array_prototype_slice
	0x43009504		$d.49
	0x43009508		duk_bi_array_prototype_sort
	0x43009508		$a.50
	0x4300953c		duk_bi_array_prototype_splice
	0x430097b4		$d.51
	0x430097c8		$a.52
	0x430097c8		duk_bi_array_prototype_unshift
	0x430098d0		$d.53
	0x430098e0		$a.54
	0x430098e0		duk_bi_array_prototype_indexof_shared
	0x430099d0		duk_bi_array_prototype_iter_shared
	0x43009aa8		$d.55
	0x43009ab8		$a.56
	0x43009ba8		$d.57
	0x43009bac		duk_bi_array_prototype_reduce_shared
	0x43009bac		$a.58
	0x43009cbc		duk_bi_string_constructor_from_char_code
	0x43009d64		duk_bi_string_prototype_to_string
	0x43009dd4		$d.59
	0x43009dd8		$a.60
	0x43009dd8		duk_bi_string_prototype_char_at
	0x43009e0c		duk_bi_string_prototype_char_code_at
	0x43009e7c		duk_bi_string_prototype_concat
	0x43009eb0		duk_bi_string_prototype_indexof_shared
	0x4300a004		duk_bi_string_prototype_locale_compare
	0x4300a074		duk_bi_string_prototype_match
	0x4300a19c		duk_bi_string_prototype_replace
	0x4300a854		$d.61
	0x4300a858		duk_bi_string_prototype_search
	0x4300a858		$a.62
	0x4300a8c0		$d.63
	0x4300a8c4		$a.64
	0x4300a8c4		duk_bi_string_prototype_slice
	0x4300a954		duk_bi_string_prototype_split
	0x4300acf8		$d.65
	0x4300acfc		$a.66
	0x4300acfc		duk_bi_string_prototype_substring
	0x4300ad78		duk_bi_string_prototype_caseconv_shared
	0x4300ae7c		duk_bi_string_prototype_trim
	0x4300ae9c		duk_bi_string_prototype_substr
	0x4300af1c		duk_bi_boolean_prototype_tostring_shared
	0x4300afa0		$d.67
	0x4300afa4		$a.68
	0x4300afa4		duk_bi_number_prototype_to_string
	0x4300aff4		duk_bi_number_prototype_to_locale_string
	0x4300b004		duk_bi_number_prototype_value_of
	0x4300b014		duk_bi_number_prototype_to_fixed
	0x4300b0b4		$d.69
	0x4300b0c0		duk_bi_number_prototype_to_exponential
	0x4300b0c0		$a.70
	0x4300b148		duk_bi_number_prototype_to_precision
	0x4300b1cc		duk_bi_date_constructor_parse
	0x4300b1f0		duk_bi_date_constructor_utc
	0x4300b250		duk_bi_date_constructor_now
	0x4300b274		duk_bi_date_prototype_tostring_shared
	0x4300b4fc		$d.71
	0x4300b528		$a.72
	0x4300b528		duk_bi_date_prototype_to_json
	0x4300b5c8		$d.73
	0x4300b5cc		duk_bi_date_prototype_value_of
	0x4300b5cc		$a.74
	0x4300b5f4		duk_bi_date_prototype_get_shared
	0x4300b678		duk_bi_date_prototype_get_timezone_offset
	0x4300b6c0		duk_bi_date_prototype_set_time
	0x4300b70c		$d.75
	0x4300b710		$a.76
	0x4300b710		duk_bi_date_prototype_set_shared
	0x4300b848		$d.77
	0x4300b84c		duk_bi_regexp_prototype_exec
	0x4300b84c		$a.78
	0x4300b868		duk_bi_regexp_prototype_test
	0x4300b8a4		duk_bi_regexp_prototype_tostring
	0x4300b8f8		$d.79
	0x4300b8fc		duk_bi_regexp_prototype_flags
	0x4300b8fc		$a.80
	0x4300b990		duk_bi_regexp_prototype_shared_getter
	0x4300ba70		$d.81
	0x4300ba74		$a.82
	0x4300ba74		duk_bi_error_prototype_stack_getter
	0x4300ba84		duk_bi_error_prototype_stack_setter
	0x4300ba98		duk_bi_error_prototype_filename_getter
	0x4300baa0		duk_bi_error_prototype_filename_setter
	0x4300bab4		duk_bi_error_prototype_linenumber_getter
	0x4300babc		duk_bi_error_prototype_linenumber_setter
	0x4300bad0		duk_bi_error_prototype_to_string
	0x4300bbcc		$d.83
	0x4300bbdc		duk_bi_math_object_onearg_shared
	0x4300bbdc		$a.84
	0x4300bc1c		$d.85
	0x4300bc20		$a.86
	0x4300bc20		duk_bi_math_object_twoarg_shared
	0x4300bc94		$d.87
	0x4300bc98		$a.88
	0x4300bc98		duk_bi_math_object_max
	0x4300bcc0		$d.89
	0x4300bcc4		$a.90
	0x4300bcc4		duk_bi_math_object_min
	0x4300bcec		$d.91
	0x4300bcf0		$a.92
	0x4300bcf0		duk_bi_math_object_random
	0x4300bd14		duk_bi_json_object_parse
	0x4300bd30		duk_bi_json_object_stringify
	0x4300bd58		duk_bi_duktape_object_info
	0x4300bd6c		duk_bi_duktape_object_act
	0x4300bd90		duk_bi_duktape_object_gc
	0x4300bdbc		duk_bi_duktape_object_fin
	0x4300be14		duk_bi_duktape_object_enc
	0x4300beb4		$d.93
	0x4300bec0		duk_bi_duktape_object_dec
	0x4300bec0		$a.94
	0x4300bf54		$d.95
	0x4300bf60		$a.96
	0x4300bf60		duk_bi_duktape_object_compact
	0x4300bf74		duk_bi_pointer_prototype_tostring_shared
	0x4300bff8		$d.97
	0x4300bffc		duk_bi_arraybuffer_isview
	0x4300bffc		$a.98
	0x4300c074		duk_bi_typedarray_bytelength_getter
	0x4300c0a8		duk_bi_buffer_slice_shared
	0x4300c260		$d.99
	0x4300c264		$a.100
	0x4300c264		duk_bi_typedarray_byteoffset_getter
	0x4300c2a4		duk_bi_typedarray_buffer_getter
	0x4300c390		$d.101
	0x4300c39c		$a.102
	0x4300c39c		duk_bi_buffer_readfield
	0x4300c46c		$d.103
	0x4300c484		$a.104
	0x4300c6d8		$d.105
	0x4300c6dc		$a.106
	0x4300c6dc		duk_bi_buffer_writefield
	0x4300c824		$d.107
	0x4300c83c		$a.108
	0x4300ca40		$d.109
	0x4300ca48		duk_bi_typedarray_set
	0x4300ca48		$a.110
	0x4300cc78		$d.111
	0x4300cc7c		duk_bi_uint8array_allocplain
	0x4300cc7c		$a.112
	0x4300cc8c		duk_bi_uint8array_plainof
	0x4300ccc0		duk_bi_nodejs_buffer_concat
	0x4300cf0c		$d.113
	0x4300cf14		duk_bi_nodejs_buffer_is_encoding
	0x4300cf14		$a.114
	0x4300cf4c		$d.115
	0x4300cf50		duk_bi_nodejs_buffer_is_buffer
	0x4300cf50		$a.116
	0x4300cf98		duk_bi_nodejs_buffer_byte_length
	0x4300cfc4		duk_bi_buffer_compare_shared
	0x4300d0a0		duk_bi_nodejs_buffer_tostring
	0x4300d440		$d.117
	0x4300d460		duk_bi_nodejs_buffer_tojson
	0x4300d460		$a.118
	0x4300d52c		$d.119
	0x4300d530		$a.120
	0x4300d530		duk_bi_nodejs_buffer_fill
	0x4300d638		duk_bi_nodejs_buffer_copy
	0x4300d778		$d.121
	0x4300d77c		duk_bi_nodejs_buffer_write
	0x4300d77c		$a.122
	0x4300d824		duk_bi_cbor_encode
	0x4300d84c		duk_bi_cbor_decode
	0x4300d860		duk_resize_buffer
	0x4300d8b0		$d.123
	0x4300d8b8		duk_require_hbuffer
	0x4300d8b8		$a.124
	0x4300d8e8		$d.125
	0x4300d8ec		duk_err_handle_error
	0x4300d8ec		$a.126
	0x4300d8fc		duk_hbuffer_resize
	0x4300d980		$d.127
	0x4300d988		$a.128
	0x4300d988		duk_steal_buffer
	0x4300d9e0		$d.129
	0x4300d9e8		duk_config_buffer
	0x4300d9e8		$a.130
	0x4300da20		$d.131
	0x4300da28		$a.132
	0x4300da28		duk_dump_function
	0x4300da34		$d.133
	0x4300da3c		$a.134
	0x4300da3c		duk_load_function
	0x4300da48		$d.135
	0x4300da50		duk_call
	0x4300da50		$a.136
	0x4300da84		duk__call_get_idx_func
	0x4300dab8		duk_insert_undefined
	0x4300dad8		duk_handle_call_unprotected
	0x4300eb40		$d.137
	0x4300eb9c		duk_call_method
	0x4300eb9c		$a.138
	0x4300ebc0		duk_call_prop
	0x4300ec30		duk_require_normalize_index
	0x4300ec60		duk_err_type_invalid_args
	0x4300ec6c		$d.139
	0x4300ec70		$a.140
	0x4300ec70		duk__call_prop_prep_stack
	0x4300ecf8		duk_pcall
	0x4300ed38		$d.141
	0x4300ed3c		$a.142
	0x4300ed3c		duk_safe_call
	0x4300edfc		$d.143
	0x4300ee04		duk__pcall_raw
	0x4300ee04		$a.144
	0x4300ee44		duk_pcall_method
	0x4300ee84		$d.145
	0x4300ee88		duk_pcall_prop
	0x4300ee88		$a.146
	0x4300eec8		$d.147
	0x4300eecc		duk__pcall_prop_raw
	0x4300eecc		$a.148
	0x4300ef04		duk_debug_log
	0x4300f4c4		$d.149
	0x4300f4ec		$a.150
	0x4300f500		$d.151
	0x4300f56c		$a.152
	0x4300f56c		duk_handle_safe_call
	0x4300f7f8		$d.153
	0x4300f808		$a.154
	0x4300f808		duk_new
	0x4300f844		duk_push_object
	0x4300f864		$d.155
	0x4300f868		$a.156
	0x4300f868		duk_insert
	0x4300f8a0		duk_pnew
	0x4300f8d8		$d.157
	0x4300f8dc		$a.158
	0x4300f8dc		duk__pnew_helper
	0x4300f8f0		duk_is_constructor_call
	0x4300f910		duk_require_constructor_call
	0x4300f934		$d.159
	0x4300f93c		$a.160
	0x4300f93c		duk_is_strict_call
	0x4300f95c		duk_get_current_magic
	0x4300f990		duk_get_magic
	0x4300f9e8		$d.161
	0x4300f9f0		$a.162
	0x4300f9f0		duk_require_tval
	0x4300fa20		duk_set_magic
	0x4300fa64		$d.163
	0x4300fa68		$a.164
	0x4300fa68		duk_base64_encode
	0x4300fa74		$d.165
	0x4300fa7c		$a.166
	0x4300fa7c		duk_base64_decode
	0x4300fa88		$d.167
	0x4300fa90		$a.168
	0x4300fa90		duk_hex_encode
	0x4300fa9c		$d.169
	0x4300faa4		$a.170
	0x4300faa4		duk_hex_decode
	0x4300fab0		$d.171
	0x4300fab8		duk_json_encode
	0x4300fab8		$a.172
	0x4300fb00		duk_bi_json_stringify_helper
	0x4300fe4c		$d.173
	0x4300fe54		duk_replace
	0x4300fe54		$a.174
	0x4300feac		duk_get_string
	0x4300fec0		duk_json_decode
	0x4300fef4		duk_bi_json_parse_helper
	0x4300ffdc		$d.175
	0x4300ffe0		$a.176
	0x4300ffe0		duk_eval_raw
	0x4301004c		duk_compile_raw
	0x430100bc		$d.177
	0x430100c0		duk_push_global_object
	0x430100c0		$a.178
	0x430100c8		duk_pop
	0x430100d0		duk__do_compile
	0x430101ac		$d.179
	0x430101b4		duk_push_context_dump
	0x430101b4		$a.180
	0x43010258		$d.181
	0x4301025c		duk_get_top
	0x4301025c		$a.182
	0x43010270		duk_push_bare_array
	0x430102ac		duk_dup
	0x4301032c		duk_put_prop_index
	0x43010360		duk_get_top_index
	0x43010380		duk_push_sprintf
	0x430103a8		duk_safe_to_lstring
	0x4301045c		$d.183
	0x43010460		duk_debugger_attach
	0x43010460		$a.184
	0x4301046c		$d.185
	0x43010474		$a.186
	0x43010474		duk_debugger_detach
	0x43010480		$d.187
	0x43010488		duk_debugger_cooperate
	0x43010488		$a.188
	0x4301048c		duk_debugger_notify
	0x430104c8		$d.189
	0x430104cc		$a.190
	0x430104cc		duk_err_range
	0x430104d4		duk_pop_n
	0x43010554		$d.191
	0x43010558		$a.192
	0x43010558		duk_debugger_pause
	0x4301055c		duk_create_heap
	0x43011564		$d.193
	0x4301165c		$a.194
	0x43011b84		$d.195
	0x43011ba4		$a.196
	0x43011c68		$d.197
	0x43011c78		$a.198
	0x43011cf8		$d.199
	0x43011d00		$a.200
	0x43011d24		$d.201
	0x43011ea8		duk_default_alloc_function
	0x43011ea8		$a.202
	0x43011eb0		duk_default_realloc_function
	0x43011ebc		duk_default_free_function
	0x43011ec4		duk_default_fatal_handler
	0x43011f00		$d.203
	0x43011f10		$a.204
	0x43011f10		duk_destroy_heap
	0x43011f20		duk_heap_free
	0x43012398		$d.205
	0x430123ec		duk_suspend
	0x430123ec		$a.206
	0x43012470		duk_push_tval
	0x430124c4		duk_resume
	0x4301250c		duk_pop_2
	0x43012514		duk_set_global_object
	0x430125b8		$d.207
	0x430125c0		duk_get_tval
	0x430125c0		$a.208
	0x430125e4		duk_require_hobject
	0x43012614		$d.209
	0x43012618		$a.210
	0x43012618		duk_heaphdr_incref
	0x43012630		duk_heaphdr_decref
	0x43012654		duk_hobjenv_alloc
	0x43012664		duk_inspect_value
	0x4301287c		$d.211
	0x43012884		duk_get_tval_or_unused
	0x43012884		$a.212
	0x4301289c		$d.213
	0x430128a0		$a.214
	0x430128a0		duk_get_type_tval
	0x430128c4		$d.215
	0x430128e8		$a.216
	0x43012930		duk_push_bare_object
	0x43012950		$d.217
	0x43012954		duk_push_pointer
	0x43012954		$a.218
	0x43012984		duk_put_prop_string
	0x430129b8		duk_inspect_callstack_entry
	0x43012a6c		$d.219
	0x43012a74		$a.220
	0x43012a74		duk_hthread_get_activation_for_level
	0x43012ab0		duk_push_undefined
	0x43012ad0		duk_push_uint
	0x43012b00		duk_put_prop_stridx_short_raw
	0x43012b10		duk_alloc_raw
	0x43012b20		duk_free_raw
	0x43012b30		duk_realloc_raw
	0x43012b40		duk_alloc
	0x43012b48		duk_heap_mem_alloc
	0x43012c64		$d.221
	0x43012c84		duk_free
[...]
.debug_str	0x5c0ba	0xf	../../../../Quectel_BG96_QuecOpen_SDK_Package_V3.0.1-AUS/SDK/libs/llvm\txm_lib.lib(txm_module_callback_request_thread_entry.o)	#SHT_PROGBITS,SHF_MERGE|SHF_STRINGS,1
	0x1ba0		
.debug_str	0x5c0c9	0x11	../../../../Quectel_BG96_QuecOpen_SDK_Package_V3.0.1-AUS/SDK/libs/llvm\txm_lib.lib(txm_module_callback_request_thread_entry.o)	#SHT_PROGBITS,SHF_MERGE|SHF_STRINGS,1
	0x1baf		
.debug_str	0x5c0da	0x24	../../../../Quectel_BG96_QuecOpen_SDK_Package_V3.0.1-AUS/SDK/libs/llvm\txm_lib.lib(txm_module_callback_request_thread_entry.o)	#SHT_PROGBITS,SHF_MERGE|SHF_STRINGS,1
	0x1bc0		
.debug_str	0x5c0fe	0x1a	../../../../Quectel_BG96_QuecOpen_SDK_Package_V3.0.1-AUS/SDK/libs/llvm\txm_lib.lib(txm_module_callback_request_thread_entry.o)	#SHT_PROGBITS,SHF_MERGE|SHF_STRINGS,1
	0x1be4		
.debug_str	0x5c118	0x22	../../../../Quectel_BG96_QuecOpen_SDK_Package_V3.0.1-AUS/SDK/libs/llvm\txm_lib.lib(txm_module_callback_request_thread_entry.o)	#SHT_PROGBITS,SHF_MERGE|SHF_STRINGS,1
	0x1bfe		
.debug_str	0x5c13a	0x1e	../../../../Quectel_BG96_QuecOpen_SDK_Package_V3.0.1-AUS/SDK/libs/llvm\txm_lib.lib(txm_module_callback_request_thread_entry.o)	#SHT_PROGBITS,SHF_MERGE|SHF_STRINGS,1
	0x1c20		
.debug_str	0x5c158	0x25	../../../../Quectel_BG96_QuecOpen_SDK_Package_V3.0.1-AUS/SDK/libs/llvm\txm_lib.lib(txm_module_callback_request_thread_entry.o)	#SHT_PROGBITS,SHF_MERGE|SHF_STRINGS,1
	0x1c3e		
.debug_str	0x5c17d	0x24	../../../../Quectel_BG96_QuecOpen_SDK_Package_V3.0.1-AUS/SDK/libs/llvm\txm_lib.lib(txm_module_callback_request_thread_entry.o)	#SHT_PROGBITS,SHF_MERGE|SHF_STRINGS,1
	0x1c63		
.debug_str	0x5c1a1	0x22	../../../../Quectel_BG96_QuecOpen_SDK_Package_V3.0.1-AUS/SDK/libs/llvm\txm_lib.lib(txm_module_callback_request_thread_entry.o)	#SHT_PROGBITS,SHF_MERGE|SHF_STRINGS,1
	0x1c87		
.debug_str	0x5c1c3	0x29	../../../../Quectel_BG96_QuecOpen_SDK_Package_V3.0.1-AUS/SDK/libs/llvm\txm_lib.lib(txm_module_callback_request_thread_entry.o)	#SHT_PROGBITS,SHF_MERGE|SHF_STRINGS,1
	0x1ca9		
.debug_str	0x5c1ec	0x19	../../../../Quectel_BG96_QuecOpen_SDK_Package_V3.0.1-AUS/SDK/libs/llvm\txm_lib.lib(txm_module_callback_request_thread_entry.o)	#SHT_PROGBITS,SHF_MERGE|SHF_STRINGS,1
	0x1cd2		
.debug_str	0x5c205	0x1f	../../../../Quectel_BG96_QuecOpen_SDK_Package_V3.0.1-AUS/SDK/libs/llvm\txm_lib.lib(txm_module_callback_request_thread_entry.o)	#SHT_PROGBITS,SHF_MERGE|SHF_STRINGS,1
	0x1ceb		
.debug_str	0x5c224	0x17	../../../../Quectel_BG96_QuecOpen_SDK_Package_V3.0.1-AUS/SDK/libs/llvm\txm_lib.lib(txm_module_callback_request_thread_entry.o)	#SHT_PROGBITS,SHF_MERGE|SHF_STRINGS,1
	0x1d0a		
.debug_str	0x5c23b	0x1c	../../../../Quectel_BG96_QuecOpen_SDK_Package_V3.0.1-AUS/SDK/libs/llvm\txm_lib.lib(txm_module_callback_request_thread_entry.o)	#SHT_PROGBITS,SHF_MERGE|SHF_STRINGS,1
	0x1d21		
.debug_str	0x5c257	0x1c	../../../../Quectel_BG96_QuecOpen_SDK_Package_V3.0.1-AUS/SDK/libs/llvm\txm_lib.lib(txm_module_callback_request_thread_entry.o)	#SHT_PROGBITS,SHF_MERGE|SHF_STRINGS,1
	0x1d3d		
.debug_str	0x5c273	0x19	../../../../Quectel_BG96_QuecOpen_SDK_Package_V3.0.1-AUS/SDK/libs/llvm\txm_lib.lib(txm_module_callback_request_thread_entry.o)	#SHT_PROGBITS,SHF_MERGE|SHF_STRINGS,1
	0x1d59		
.debug_str	0x5c28c	0x1d	../../../../Quectel_BG96_QuecOpen_SDK_Package_V3.0.1-AUS/SDK/libs/llvm\txm_lib.lib(txm_module_callback_request_thread_entry.o)	#SHT_PROGBITS,SHF_MERGE|SHF_STRINGS,1
	0x1d72		
.debug_str	0x5c2a9	0x21	../../../../Quectel_BG96_QuecOpen_SDK_Package_V3.0.1-AUS/SDK/libs/llvm\txm_lib.lib(txm_module_callback_request_thread_entry.o)	#SHT_PROGBITS,SHF_MERGE|SHF_STRINGS,1
	0x1d8f		
.debug_str	0x5c2ca	0x25	../../../../Quectel_BG96_QuecOpen_SDK_Package_V3.0.1-AUS/SDK/libs/llvm\txm_lib.lib(txm_module_callback_request_thread_entry.o)	#SHT_PROGBITS,SHF_MERGE|SHF_STRINGS,1
	0x1db0		
.debug_str	0x5c2ef	0x1c	../../../../Quectel_BG96_QuecOpen_SDK_Package_V3.0.1-AUS/SDK/libs/llvm\txm_lib.lib(txm_module_callback_request_thread_entry.o)	#SHT_PROGBITS,SHF_MERGE|SHF_STRINGS,1
	0x1dd5		
.debug_str	0x5c30b	0x1c	../../../../Quectel_BG96_QuecOpen_SDK_Package_V3.0.1-AUS/SDK/libs/llvm\txm_lib.lib(txm_module_callback_request_thread_entry.o)	#SHT_PROGBITS,SHF_MERGE|SHF_STRINGS,1
	0x1df1		
.debug_str	0x5c327	0x1c	../../../../Quectel_BG96_QuecOpen_SDK_Package_V3.0.1-AUS/SDK/libs/llvm\txm_lib.lib(txm_module_callback_request_thread_entry.o)	#SHT_PROGBITS,SHF_MERGE|SHF_STRINGS,1
	0x1e0d		
.debug_str	0x5c343	0x1c	../../../../Quectel_BG96_QuecOpen_SDK_Package_V3.0.1-AUS/SDK/libs/llvm\txm_lib.lib(txm_module_callback_request_thread_entry.o)	#SHT_PROGBITS,SHF_MERGE|SHF_STRINGS,1
	0x1e29		
.debug_str	0x5c35f	0x1c	../../../../Quectel_BG96_QuecOpen_SDK_Package_V3.0.1-AUS/SDK/libs/llvm\txm_lib.lib(txm_module_callback_request_thread_entry.o)	#SHT_PROGBITS,SHF_MERGE|SHF_STRINGS,1
	0x1e45		
.debug_str	0x5c37b	0x1c	../../../../Quectel_BG96_QuecOpen_SDK_Package_V3.0.1-AUS/SDK/libs/llvm\txm_lib.lib(txm_module_callback_request_thread_entry.o)	#SHT_PROGBITS,SHF_MERGE|SHF_STRINGS,1
	0x1e61		
.debug_str	0x5c397	0x1b	../../../../Quectel_BG96_QuecOpen_SDK_Package_V3.0.1-AUS/SDK/libs/llvm\txm_lib.lib(txm_module_callback_request_thread_entry.o)	#SHT_PROGBITS,SHF_MERGE|SHF_STRINGS,1
	0x1e7d		
.debug_str	0x5c3b2	0x14	../../../../Quectel_BG96_QuecOpen_SDK_Package_V3.0.1-AUS/SDK/libs/llvm\txm_lib.lib(txm_module_callback_request_thread_entry.o)	#SHT_PROGBITS,SHF_MERGE|SHF_STRINGS,1
	0x1e98		
.debug_str	0x5c3c6	0x30	../../../../Quectel_BG96_QuecOpen_SDK_Package_V3.0.1-AUS/SDK/libs/llvm\txm_lib.lib(txm_module_callback_request_thread_entry.o)	#SHT_PROGBITS,SHF_MERGE|SHF_STRINGS,1
	0x1eac		
.debug_str	0x5c3f6	0x23	../../../../Quectel_BG96_QuecOpen_SDK_Package_V3.0.1-AUS/SDK/libs/llvm\txm_lib.lib(txm_module_callback_request_thread_entry.o)	#SHT_PROGBITS,SHF_MERGE|SHF_STRINGS,1
	0x1edc		
.debug_str	0x5c419	0x23	../../../../Quectel_BG96_QuecOpen_SDK_Package_V3.0.1-AUS/SDK/libs/llvm\txm_lib.lib(txm_module_callback_request_thread_entry.o)	#SHT_PROGBITS,SHF_MERGE|SHF_STRINGS,1
	0x1eff		
.debug_str	0x5c43c	0x20	../../../../Quectel_BG96_QuecOpen_SDK_Package_V3.0.1-AUS/SDK/libs/llvm\txm_lib.lib(txm_module_callback_request_thread_entry.o)	#SHT_PROGBITS,SHF_MERGE|SHF_STRINGS,1
	0x1f22		
.debug_str	0x5c45c	0x29	../../../../Quectel_BG96_QuecOpen_SDK_Package_V3.0.1-AUS/SDK/libs/llvm\txm_lib.lib(txm_module_callback_request_thread_entry.o)	#SHT_PROGBITS,SHF_MERGE|SHF_STRINGS,1
	0x1f42		
.debug_str	0x5c485	0x25	../../../../Quectel_BG96_QuecOpen_SDK_Package_V3.0.1-AUS/SDK/libs/llvm\txm_lib.lib(txm_module_callback_request_thread_entry.o)	#SHT_PROGBITS,SHF_MERGE|SHF_STRINGS,1
	0x1f6b		
.debug_str	0x5c4aa	0x25	../../../../Quectel_BG96_QuecOpen_SDK_Package_V3.0.1-AUS/SDK/libs/llvm\txm_lib.lib(txm_module_callback_request_thread_entry.o)	#SHT_PROGBITS,SHF_MERGE|SHF_STRINGS,1
	0x1f90		
.debug_str	0x5c4cf	0x28	../../../../Quectel_BG96_QuecOpen_SDK_Package_V3.0.1-AUS/SDK/libs/llvm\txm_lib.lib(txm_module_callback_request_thread_entry.o)	#SHT_PROGBITS,SHF_MERGE|SHF_STRINGS,1
	0x1fb5		
.debug_str	0x5c4f7	0x2c	../../../../Quectel_BG96_QuecOpen_SDK_Package_V3.0.1-AUS/SDK/libs/llvm\txm_lib.lib(txm_module_callback_request_thread_entry.o)	#SHT_PROGBITS,SHF_MERGE|SHF_STRINGS,1
	0x1fdd		
.debug_str	0x5c523	0x23	../../../../Quectel_BG96_QuecOpen_SDK_Package_V3.0.1-AUS/SDK/libs/llvm\txm_lib.lib(txm_module_callback_request_thread_entry.o)	#SHT_PROGBITS,SHF_MERGE|SHF_STRINGS,1
	0x2009		
.debug_str	0x5c546	0x23	../../../../Quectel_BG96_QuecOpen_SDK_Package_V3.0.1-AUS/SDK/libs/llvm\txm_lib.lib(txm_module_callback_request_thread_entry.o)	#SHT_PROGBITS,SHF_MERGE|SHF_STRINGS,1
	0x202c		
.debug_str	0x5c569	0x23	../../../../Quectel_BG96_QuecOpen_SDK_Package_V3.0.1-AUS/SDK/libs/llvm\txm_lib.lib(txm_module_callback_request_thread_entry.o)	#SHT_PROGBITS,SHF_MERGE|SHF_STRINGS,1
	0x204f		
.debug_str	0x5c58c	0x23	../../../../Quectel_BG96_QuecOpen_SDK_Package_V3.0.1-AUS/SDK/libs/llvm\txm_lib.lib(txm_module_callback_request_thread_entry.o)	#SHT_PROGBITS,SHF_MERGE|SHF_STRINGS,1
	0x2072		
.debug_str	0x5c5af	0x23	../../../../Quectel_BG96_QuecOpen_SDK_Package_V3.0.1-AUS/SDK/libs/llvm\txm_lib.lib(txm_module_callback_request_thread_entry.o)	#SHT_PROGBITS,SHF_MERGE|SHF_STRINGS,1
	0x2095		
.debug_str	0x5c5d2	0x23	../../../../Quectel_BG96_QuecOpen_SDK_Package_V3.0.1-AUS/SDK/libs/llvm\txm_lib.lib(txm_module_callback_request_thread_entry.o)	#SHT_PROGBITS,SHF_MERGE|SHF_STRINGS,1
	0x20b8		
.debug_str	0x5c5f5	0x22	../../../../Quectel_BG96_QuecOpen_SDK_Package_V3.0.1-AUS/SDK/libs/llvm\txm_lib.lib(txm_module_callback_request_thread_entry.o)	#SHT_PROGBITS,SHF_MERGE|SHF_STRINGS,1
	0x20db		
.debug_str	0x5c617	0x1b	../../../../Quectel_BG96_QuecOpen_SDK_Package_V3.0.1-AUS/SDK/libs/llvm\txm_lib.lib(txm_module_callback_request_thread_entry.o)	#SHT_PROGBITS,SHF_MERGE|SHF_STRINGS,1
	0x20fd		
.debug_str	0x5c632	0x12	../../../../Quectel_BG96_QuecOpen_SDK_Package_V3.0.1-AUS/SDK/libs/llvm\txm_lib.lib(txm_module_callback_request_thread_entry.o)	#SHT_PROGBITS,SHF_MERGE|SHF_STRINGS,1
	0x2118		
.debug_str	0x5c644	0x15	../../../../Quectel_BG96_QuecOpen_SDK_Package_V3.0.1-AUS/SDK/libs/llvm\txm_lib.lib(txm_module_callback_request_thread_entry.o)	#SHT_PROGBITS,SHF_MERGE|SHF_STRINGS,1
	0x212a		
.debug_str	0x5c659	0x12	../../../../Quectel_BG96_QuecOpen_SDK_Package_V3.0.1-AUS/SDK/libs/llvm\txm_lib.lib(txm_module_callback_request_thread_entry.o)	#SHT_PROGBITS,SHF_MERGE|SHF_STRINGS,1
	0x213f		
.debug_str	0x5c66b	0xa4	../../../../Quectel_BG96_QuecOpen_SDK_Package_V3.0.1-AUS/SDK/libs/llvm\txm_lib.lib(txm_module_system_call11.o)	#SHT_PROGBITS,SHF_MERGE|SHF_STRINGS,1
	0x2151		
.debug_str	0x5c70f	0x1a	../../../../Quectel_BG96_QuecOpen_SDK_Package_V3.0.1-AUS/SDK/libs/llvm\txm_lib.lib(txm_module_system_call11.o)	#SHT_PROGBITS,SHF_MERGE|SHF_STRINGS,1
	0x21f5		
.debug_str	0x5c729	0x11	../../../../Quectel_BG96_QuecOpen_SDK_Package_V3.0.1-AUS/SDK/libs/llvm\txm_lib.lib(txm_module_system_call11.o)	#SHT_PROGBITS,SHF_MERGE|SHF_STRINGS,1
	0x220f		
.debug_str	0x5c73a	0x8	../../../../Quectel_BG96_QuecOpen_SDK_Package_V3.0.1-AUS/SDK/libs/llvm\txm_lib.lib(txm_module_system_call11.o)	#SHT_PROGBITS,SHF_MERGE|SHF_STRINGS,1
	0x2220		
.debug_str	0x5c742	0x8	../../../../Quectel_BG96_QuecOpen_SDK_Package_V3.0.1-AUS/SDK/libs/llvm\txm_lib.lib(txm_module_system_call11.o)	#SHT_PROGBITS,SHF_MERGE|SHF_STRINGS,1
	0x2228		
.debug_str	0x5c74a	0x8	../../../../Quectel_BG96_QuecOpen_SDK_Package_V3.0.1-AUS/SDK/libs/llvm\txm_lib.lib(txm_module_system_call11.o)	#SHT_PROGBITS,SHF_MERGE|SHF_STRINGS,1
	0x2230		
.debug_str	0x5c752	0x8	../../../../Quectel_BG96_QuecOpen_SDK_Package_V3.0.1-AUS/SDK/libs/llvm\txm_lib.lib(txm_module_system_call11.o)	#SHT_PROGBITS,SHF_MERGE|SHF_STRINGS,1
	0x2238		
.debug_str	0x5c75a	0x8	../../../../Quectel_BG96_QuecOpen_SDK_Package_V3.0.1-AUS/SDK/libs/llvm\txm_lib.lib(txm_module_system_call11.o)	#SHT_PROGBITS,SHF_MERGE|SHF_STRINGS,1
	0x2240		
.debug_str	0x5c762	0x8	../../../../Quectel_BG96_QuecOpen_SDK_Package_V3.0.1-AUS/SDK/libs/llvm\txm_lib.lib(txm_module_system_call11.o)	#SHT_PROGBITS,SHF_MERGE|SHF_STRINGS,1
	0x2248		
.debug_str	0x5c76a	0x8	../../../../Quectel_BG96_QuecOpen_SDK_Package_V3.0.1-AUS/SDK/libs/llvm\txm_lib.lib(txm_module_system_call11.o)	#SHT_PROGBITS,SHF_MERGE|SHF_STRINGS,1
	0x2250		
.debug_str	0x5c772	0x8	../../../../Quectel_BG96_QuecOpen_SDK_Package_V3.0.1-AUS/SDK/libs/llvm\txm_lib.lib(txm_module_system_call11.o)	#SHT_PROGBITS,SHF_MERGE|SHF_STRINGS,1
	0x2258		
.debug_str	0x5c77a	0x8	../../../../Quectel_BG96_QuecOpen_SDK_Package_V3.0.1-AUS/SDK/libs/llvm\txm_lib.lib(txm_module_system_call11.o)	#SHT_PROGBITS,SHF_MERGE|SHF_STRINGS,1
	0x2260		
.debug_str	0x5c782	0x8	../../../../Quectel_BG96_QuecOpen_SDK_Package_V3.0.1-AUS/SDK/libs/llvm\txm_lib.lib(txm_module_system_call11.o)	#SHT_PROGBITS,SHF_MERGE|SHF_STRINGS,1
	0x2268		
.debug_str	0x5c78a	0x9	../../../../Quectel_BG96_QuecOpen_SDK_Package_V3.0.1-AUS/SDK/libs/llvm\txm_lib.lib(txm_module_system_call11.o)	#SHT_PROGBITS,SHF_MERGE|SHF_STRINGS,1
	0x2270		
.debug_str	0x5c793	0x9	../../../../Quectel_BG96_QuecOpen_SDK_Package_V3.0.1-AUS/SDK/libs/llvm\txm_lib.lib(txm_module_system_call11.o)	#SHT_PROGBITS,SHF_MERGE|SHF_STRINGS,1
	0x2279		
.debug_str	0x5c79c	0xd	../../../../Quectel_BG96_QuecOpen_SDK_Package_V3.0.1-AUS/SDK/libs/llvm\txm_lib.lib(txm_module_system_call11.o)	#SHT_PROGBITS,SHF_MERGE|SHF_STRINGS,1
	0x2282		
.debug_str	0x5c7a9	0xa4	../../../../Quectel_BG96_QuecOpen_SDK_Package_V3.0.1-AUS/SDK/libs/llvm\txm_lib.lib(txm_module_system_call12.o)	#SHT_PROGBITS,SHF_MERGE|SHF_STRINGS,1
	0x228f		
.debug_str	0x5c84d	0x1a	../../../../Quectel_BG96_QuecOpen_SDK_Package_V3.0.1-AUS/SDK/libs/llvm\txm_lib.lib(txm_module_system_call12.o)	#SHT_PROGBITS,SHF_MERGE|SHF_STRINGS,1
	0x2333		
.debug_str	0x5c867	0x9	../../../../Quectel_BG96_QuecOpen_SDK_Package_V3.0.1-AUS/SDK/libs/llvm\txm_lib.lib(txm_module_system_call12.o)	#SHT_PROGBITS,SHF_MERGE|SHF_STRINGS,1
	0x234d		
.debug_str	0x5c870	0xa3	../../../../Quectel_BG96_QuecOpen_SDK_Package_V3.0.1-AUS/SDK/libs/llvm\txm_lib.lib(txm_module_system_call4.o)	#SHT_PROGBITS,SHF_MERGE|SHF_STRINGS,1
	0x2356		
.debug_str	0x5c913	0x19	../../../../Quectel_BG96_QuecOpen_SDK_Package_V3.0.1-AUS/SDK/libs/llvm\txm_lib.lib(txm_module_system_call4.o)	#SHT_PROGBITS,SHF_MERGE|SHF_STRINGS,1
	0x23f9		
.debug_str	0x5c92c	0xa3	../../../../Quectel_BG96_QuecOpen_SDK_Package_V3.0.1-AUS/SDK/libs/llvm\txm_lib.lib(txm_module_system_call5.o)	#SHT_PROGBITS,SHF_MERGE|SHF_STRINGS,1
	0x2412		
.debug_str	0x5c9cf	0x19	../../../../Quectel_BG96_QuecOpen_SDK_Package_V3.0.1-AUS/SDK/libs/llvm\txm_lib.lib(txm_module_system_call5.o)	#SHT_PROGBITS,SHF_MERGE|SHF_STRINGS,1
	0x24b5		
.debug_str	0x5c9e8	0xa3	../../../../Quectel_BG96_QuecOpen_SDK_Package_V3.0.1-AUS/SDK/libs/llvm\txm_lib.lib(txm_module_system_call6.o)	#SHT_PROGBITS,SHF_MERGE|SHF_STRINGS,1
	0x24ce		
.debug_str	0x5ca8b	0x19	../../../../Quectel_BG96_QuecOpen_SDK_Package_V3.0.1-AUS/SDK/libs/llvm\txm_lib.lib(txm_module_system_call6.o)	#SHT_PROGBITS,SHF_MERGE|SHF_STRINGS,1
	0x2571		
.debug_str	0x5caa4	0xa3	../../../../Quectel_BG96_QuecOpen_SDK_Package_V3.0.1-AUS/SDK/libs/llvm\txm_lib.lib(txm_module_system_call7.o)	#SHT_PROGBITS,SHF_MERGE|SHF_STRINGS,1
	0x258a		
.debug_str	0x5cb47	0x19	../../../../Quectel_BG96_QuecOpen_SDK_Package_V3.0.1-AUS/SDK/libs/llvm\txm_lib.lib(txm_module_system_call7.o)	#SHT_PROGBITS,SHF_MERGE|SHF_STRINGS,1
	0x262d		
.debug_str	0x5cb60	0xa3	../../../../Quectel_BG96_QuecOpen_SDK_Package_V3.0.1-AUS/SDK/libs/llvm\txm_lib.lib(txm_module_system_call8.o)	#SHT_PROGBITS,SHF_MERGE|SHF_STRINGS,1
	0x2646		
.debug_str	0x5cc03	0x19	../../../../Quectel_BG96_QuecOpen_SDK_Package_V3.0.1-AUS/SDK/libs/llvm\txm_lib.lib(txm_module_system_call8.o)	#SHT_PROGBITS,SHF_MERGE|SHF_STRINGS,1
	0x26e9		

.debug_loc	0x5cc1c	0x5d3 # Offset: 0x5cc1c
*(.debug_loc )
.debug_loc	0x5cc1c	0x3c	../../../../Quectel_BG96_QuecOpen_SDK_Package_V3.0.1-AUS/SDK/libs/llvm\txm_lib.lib(txm_module_thread_shell_entry.o)	#SHT_PROGBITS,,1
.debug_loc	0x5cc58	0x75	../../../../Quectel_BG96_QuecOpen_SDK_Package_V3.0.1-AUS/SDK/libs/llvm\txm_lib.lib(txm_module_callback_request_thread_entry.o)	#SHT_PROGBITS,,1
.debug_loc	0x5cccd	0x103	../../../../Quectel_BG96_QuecOpen_SDK_Package_V3.0.1-AUS/SDK/libs/llvm\txm_lib.lib(txm_module_system_call11.o)	#SHT_PROGBITS,,1
.debug_loc	0x5cdd0	0x118	../../../../Quectel_BG96_QuecOpen_SDK_Package_V3.0.1-AUS/SDK/libs/llvm\txm_lib.lib(txm_module_system_call12.o)	#SHT_PROGBITS,,1
.debug_loc	0x5cee8	0x73	../../../../Quectel_BG96_QuecOpen_SDK_Package_V3.0.1-AUS/SDK/libs/llvm\txm_lib.lib(txm_module_system_call4.o)	#SHT_PROGBITS,,1
.debug_loc	0x5cf5b	0x87	../../../../Quectel_BG96_QuecOpen_SDK_Package_V3.0.1-AUS/SDK/libs/llvm\txm_lib.lib(txm_module_system_call5.o)	#SHT_PROGBITS,,1
.debug_loc	0x5cfe2	0x9b	../../../../Quectel_BG96_QuecOpen_SDK_Package_V3.0.1-AUS/SDK/libs/llvm\txm_lib.lib(txm_module_system_call6.o)	#SHT_PROGBITS,,1
.debug_loc	0x5d07d	0xaf	../../../../Quectel_BG96_QuecOpen_SDK_Package_V3.0.1-AUS/SDK/libs/llvm\txm_lib.lib(txm_module_system_call7.o)	#SHT_PROGBITS,,1
.debug_loc	0x5d12c	0xc3	../../../../Quectel_BG96_QuecOpen_SDK_Package_V3.0.1-AUS/SDK/libs/llvm\txm_lib.lib(txm_module_system_call8.o)	#SHT_PROGBITS,,1

.debug_macinfo	0x5d1ef	0x9 # Offset: 0x5d1ef
*(.debug_macinfo )
.debug_macinfo	0x5d1ef	0x1	../../../../Quectel_BG96_QuecOpen_SDK_Package_V3.0.1-AUS/SDK/libs/llvm\txm_lib.lib(txm_module_thread_shell_entry.o)	#SHT_PROGBITS,,1
.debug_macinfo	0x5d1f0	0x1	../../../../Quectel_BG96_QuecOpen_SDK_Package_V3.0.1-AUS/SDK/libs/llvm\txm_lib.lib(txm_module_callback_request_thread_entry.o)	#SHT_PROGBITS,,1
.debug_macinfo	0x5d1f1	0x1	../../../../Quectel_BG96_QuecOpen_SDK_Package_V3.0.1-AUS/SDK/libs/llvm\txm_lib.lib(txm_module_system_call11.o)	#SHT_PROGBITS,,1
.debug_macinfo	0x5d1f2	0x1	../../../../Quectel_BG96_QuecOpen_SDK_Package_V3.0.1-AUS/SDK/libs/llvm\txm_lib.lib(txm_module_system_call12.o)	#SHT_PROGBITS,,1
.debug_macinfo	0x5d1f3	0x1	../../../../Quectel_BG96_QuecOpen_SDK_Package_V3.0.1-AUS/SDK/libs/llvm\txm_lib.lib(txm_module_system_call4.o)	#SHT_PROGBITS,,1
.debug_macinfo	0x5d1f4	0x1	../../../../Quectel_BG96_QuecOpen_SDK_Package_V3.0.1-AUS/SDK/libs/llvm\txm_lib.lib(txm_module_system_call5.o)	#SHT_PROGBITS,,1
.debug_macinfo	0x5d1f5	0x1	../../../../Quectel_BG96_QuecOpen_SDK_Package_V3.0.1-AUS/SDK/libs/llvm\txm_lib.lib(txm_module_system_call6.o)	#SHT_PROGBITS,,1
.debug_macinfo	0x5d1f6	0x1	../../../../Quectel_BG96_QuecOpen_SDK_Package_V3.0.1-AUS/SDK/libs/llvm\txm_lib.lib(txm_module_system_call7.o)	#SHT_PROGBITS,,1
.debug_macinfo	0x5d1f7	0x1	../../../../Quectel_BG96_QuecOpen_SDK_Package_V3.0.1-AUS/SDK/libs/llvm\txm_lib.lib(txm_module_system_call8.o)	#SHT_PROGBITS,,1

.debug_weaknames	0x5d1f8	0x0 # Offset: 0x5d1f8

.debug_funcnames	0x5d1f8	0x0 # Offset: 0x5d1f8

.debug_typenames	0x5d1f8	0x0 # Offset: 0x5d1f8

.debug_varnames	0x5d1f8	0x0 # Offset: 0x5d1f8

.debug_pubtypes	0x5d1f8	0x5d3 # Offset: 0x5d1f8
*(.debug_pubtypes )
.debug_pubtypes	0x5d1f8	0x1e2	../../../../Quectel_BG96_QuecOpen_SDK_Package_V3.0.1-AUS/SDK/libs/llvm\txm_lib.lib(txm_module_thread_shell_entry.o)	#SHT_PROGBITS,,1
.debug_pubtypes	0x5d3da	0x293	../../../../Quectel_BG96_QuecOpen_SDK_Package_V3.0.1-AUS/SDK/libs/llvm\txm_lib.lib(txm_module_callback_request_thread_entry.o)	#SHT_PROGBITS,,1
.debug_pubtypes	0x5d66d	0x32	../../../../Quectel_BG96_QuecOpen_SDK_Package_V3.0.1-AUS/SDK/libs/llvm\txm_lib.lib(txm_module_system_call11.o)	#SHT_PROGBITS,,1
.debug_pubtypes	0x5d69f	0x32	../../../../Quectel_BG96_QuecOpen_SDK_Package_V3.0.1-AUS/SDK/libs/llvm\txm_lib.lib(txm_module_system_call12.o)	#SHT_PROGBITS,,1
.debug_pubtypes	0x5d6d1	0x32	../../../../Quectel_BG96_QuecOpen_SDK_Package_V3.0.1-AUS/SDK/libs/llvm\txm_lib.lib(txm_module_system_call4.o)	#SHT_PROGBITS,,1
.debug_pubtypes	0x5d703	0x32	../../../../Quectel_BG96_QuecOpen_SDK_Package_V3.0.1-AUS/SDK/libs/llvm\txm_lib.lib(txm_module_system_call5.o)	#SHT_PROGBITS,,1
.debug_pubtypes	0x5d735	0x32	../../../../Quectel_BG96_QuecOpen_SDK_Package_V3.0.1-AUS/SDK/libs/llvm\txm_lib.lib(txm_module_system_call6.o)	#SHT_PROGBITS,,1
.debug_pubtypes	0x5d767	0x32	../../../../Quectel_BG96_QuecOpen_SDK_Package_V3.0.1-AUS/SDK/libs/llvm\txm_lib.lib(txm_module_system_call7.o)	#SHT_PROGBITS,,1
.debug_pubtypes	0x5d799	0x32	../../../../Quectel_BG96_QuecOpen_SDK_Package_V3.0.1-AUS/SDK/libs/llvm\txm_lib.lib(txm_module_system_call8.o)	#SHT_PROGBITS,,1

.debug_ranges	0x5d7cb	0x0 # Offset: 0x5d7cb
*(.debug_ranges )

.gnu.attributes	0x0	0x0 # Offset: 0x5d7cb, LMA: 0x0

.note.gnu.arm.ident	0x0	0x0 # Offset: 0x5d7cb, LMA: 0x0

.ARM.attributes	0x5d7cb	0x10 # Offset: 0x5d7cb

.comment	0x5d7db	0x65 # Offset: 0x5d7db
.comment	0x5d7db	0x1	C:\Users\nikol\projects\quectel\development\customer\threadx\tools\LLVM\4.0.3\armv7m-none-eabi\libc\lib/libc.a(setlocale.o)	#SHT_PROGBITS,SHF_MERGE|SHF_STRINGS,1
.comment	0x5d818	0x28	Linker Version	#SHT_PROGBITS,SHF_MERGE|SHF_STRINGS,1

.note.GNU-stack	0x5d840	0x0 # Offset: 0x5d840

/DISCARD/	0x75	0x0 # Offset: 0x5d840, LMA: 0x0

.shstrtab	0x5d840	0xbe # Offset: 0x5d840

.symtab	0x5d900	0x17660 # Offset: 0x5d900

.strtab	0x74f60	0x12083 # Offset: 0x74f60
