# Linker from Snapdragon LLVM ARM Compiler Version 4.0.3
# Linker based on LLVM version: 4.0
# Notable linker command/script options:
# CPU Architecture Version: 
# Target triple environment for the link: gnueabi
# Maximum GP size: 8
# Link type: Static
# ABI Page Size: 0x4
# CommandLine : C:\Users\nikol\projects\quectel\development\customer\threadx\tools\LLVM\4.0.3\bin\ld.qcld.exe -X --eh-frame-hdr -m armelf_linux_eabi -dynamic-linker /lib/ld-musl-arm.so.1 -o out/ml.elf -L../../ -mno-unaligned-access -entry=0x43000000 ../../ldscripts/txm_module_preamble_llvm.o --wrap getchar --wrap gets --wrap printf --wrap puts --wrap malloc --wrap free --wrap realloc --wrap calloc -T ../../ldscripts/sections.ld -Map=out/ml.map -gc-sections -gc-sections out/common/src/retarget.o out/common/src/malloc.o out/common/src/stubs.o out/common/src/printf.o out/common/src/file.o out/common/src/cli.o out/main.o ../../../../../Quectel_BG96_QuecOpen_SDK_Package_V3.0.1-AUS/SDK/libs/llvm\azure_sdk.lib ../../../../../Quectel_BG96_QuecOpen_SDK_Package_V3.0.1-AUS/SDK/libs/llvm\azure_sdk_port.lib ../../../../../Quectel_BG96_QuecOpen_SDK_Package_V3.0.1-AUS/SDK/libs/llvm\diag_dam_lib.lib ../../../../../Quectel_BG96_QuecOpen_SDK_Package_V3.0.1-AUS/SDK/libs/llvm\qapi_psm_lib.lib ../../../../../Quectel_BG96_QuecOpen_SDK_Package_V3.0.1-AUS/SDK/libs/llvm\timer_dam_lib.lib ../../../../../Quectel_BG96_QuecOpen_SDK_Package_V3.0.1-AUS/SDK/libs/llvm\txm_lib.lib -lm -lonnx -LC:\Users\nikol\projects\quectel\development\customer\threadx\tools\LLVM\4.0.3\armv7m-none-eabi\libc\lib -LC:\Users\nikol\projects\quectel\development\customer\threadx\tools\LLVM\4.0.3\armv7m-none-eabi\lib --start-group -lunwind -lc++ -lc++abi --end-group -LC:\Users\nikol\projects\quectel\development\customer\threadx\tools\LLVM\4.0.3\lib\clang\4.0.3\lib\baremetal --start-group -lc -lclang_rt.builtins-armv7m --end-group -lm -lc 
Archive member included because of file (symbol)
../../../../../Quectel_BG96_QuecOpen_SDK_Package_V3.0.1-AUS/SDK/libs/llvm\txm_lib.lib(txm_module_thread_shell_entry.o)
		out/common/src/retarget.o (_txm_module_kernel_call_dispatcher)
../../../../../Quectel_BG96_QuecOpen_SDK_Package_V3.0.1-AUS/SDK/libs/llvm\txm_lib.lib(txm_module_callback_request_thread_entry.o)
		../../ldscripts/txm_module_preamble_llvm.o (_txm_module_callback_request_thread_entry)
../../../../../Quectel_BG96_QuecOpen_SDK_Package_V3.0.1-AUS/SDK/libs/llvm\txm_lib.lib(txm_module_system_call12.o)
		out/common/src/file.o (_txm_module_system_call12)
../../../../../Quectel_BG96_QuecOpen_SDK_Package_V3.0.1-AUS/SDK/libs/llvm\txm_lib.lib(txm_module_system_call4.o)
		out/common/src/retarget.o (_txm_module_system_call4)
../../../../../Quectel_BG96_QuecOpen_SDK_Package_V3.0.1-AUS/SDK/libs/llvm\txm_lib.lib(txm_module_system_call5.o)
		out/common/src/retarget.o (_txm_module_system_call5)
../../../../../Quectel_BG96_QuecOpen_SDK_Package_V3.0.1-AUS/SDK/libs/llvm\txm_lib.lib(txm_module_system_call7.o)
		out/common/src/cli.o (_txm_module_system_call7)
C:\Users\nikol\projects\quectel\development\customer\threadx\tools\LLVM\4.0.3\armv7m-none-eabi\libc\lib/libc.a(setlocale.o)
		out/main.o (setlocale)
C:\Users\nikol\projects\quectel\development\customer\threadx\tools\LLVM\4.0.3\armv7m-none-eabi\libc\lib/libc.a(getopt.o)
		out/common/src/cli.o (getopt)
C:\Users\nikol\projects\quectel\development\customer\threadx\tools\LLVM\4.0.3\armv7m-none-eabi\libc\lib/libc.a(mbtowc.o)
		C:\Users\nikol\projects\quectel\development\customer\threadx\tools\LLVM\4.0.3\armv7m-none-eabi\libc\lib/libc.a(getopt.o) (mbtowc)
C:\Users\nikol\projects\quectel\development\customer\threadx\tools\LLVM\4.0.3\armv7m-none-eabi\libc\lib/libc.a(flockfile.o)
		C:\Users\nikol\projects\quectel\development\customer\threadx\tools\LLVM\4.0.3\armv7m-none-eabi\libc\lib/libc.a(getopt.o) (flockfile)
C:\Users\nikol\projects\quectel\development\customer\threadx\tools\LLVM\4.0.3\armv7m-none-eabi\libc\lib/libc.a(fputs.o)
		C:\Users\nikol\projects\quectel\development\customer\threadx\tools\LLVM\4.0.3\armv7m-none-eabi\libc\lib/libc.a(getopt.o) (fputs)
C:\Users\nikol\projects\quectel\development\customer\threadx\tools\LLVM\4.0.3\armv7m-none-eabi\libc\lib/libc.a(ftrylockfile.o)
		C:\Users\nikol\projects\quectel\development\customer\threadx\tools\LLVM\4.0.3\armv7m-none-eabi\libc\lib/libc.a(flockfile.o) (ftrylockfile)
C:\Users\nikol\projects\quectel\development\customer\threadx\tools\LLVM\4.0.3\armv7m-none-eabi\libc\lib/libc.a(funlockfile.o)
		C:\Users\nikol\projects\quectel\development\customer\threadx\tools\LLVM\4.0.3\armv7m-none-eabi\libc\lib/libc.a(getopt.o) (funlockfile)
C:\Users\nikol\projects\quectel\development\customer\threadx\tools\LLVM\4.0.3\armv7m-none-eabi\libc\lib/libc.a(fwrite.o)
		C:\Users\nikol\projects\quectel\development\customer\threadx\tools\LLVM\4.0.3\armv7m-none-eabi\libc\lib/libc.a(getopt.o) (fwrite)
C:\Users\nikol\projects\quectel\development\customer\threadx\tools\LLVM\4.0.3\armv7m-none-eabi\libc\lib/libc.a(putc.o)
		C:\Users\nikol\projects\quectel\development\customer\threadx\tools\LLVM\4.0.3\armv7m-none-eabi\libc\lib/libc.a(getopt.o) (putc)
C:\Users\nikol\projects\quectel\development\customer\threadx\tools\LLVM\4.0.3\armv7m-none-eabi\libc\lib/libc.a(stderr.o)
		C:\Users\nikol\projects\quectel\development\customer\threadx\tools\LLVM\4.0.3\armv7m-none-eabi\libc\lib/libc.a(getopt.o) (stderr)
C:\Users\nikol\projects\quectel\development\customer\threadx\tools\LLVM\4.0.3\armv7m-none-eabi\libc\lib/libc.a(memcpy_le.o)
		out/common/src/malloc.o (memcpy)
C:\Users\nikol\projects\quectel\development\customer\threadx\tools\LLVM\4.0.3\armv7m-none-eabi\libc\lib/libc.a(memset_nofp_armv7.o)
		out/common/src/malloc.o (memset)
C:\Users\nikol\projects\quectel\development\customer\threadx\tools\LLVM\4.0.3\armv7m-none-eabi\libc\lib/libc.a(strchrnul.o)
		C:\Users\nikol\projects\quectel\development\customer\threadx\tools\LLVM\4.0.3\armv7m-none-eabi\libc\lib/libc.a(setlocale.o) (__strchrnul)
C:\Users\nikol\projects\quectel\development\customer\threadx\tools\LLVM\4.0.3\armv7m-none-eabi\libc\lib/libc.a(strcmp.o)
		out/common/src/file.o (strcmp)
C:\Users\nikol\projects\quectel\development\customer\threadx\tools\LLVM\4.0.3\armv7m-none-eabi\libc\lib/libc.a(strdup.o)
		out/common/src/cli.o (strdup)
C:\Users\nikol\projects\quectel\development\customer\threadx\tools\LLVM\4.0.3\armv7m-none-eabi\libc\lib/libc.a(strlen.o)
		out/common/src/retarget.o (strlen)
C:\Users\nikol\projects\quectel\development\customer\threadx\tools\LLVM\4.0.3\armv7m-none-eabi\libc\lib/libc.a(strncpy.o)
		out/common/src/file.o (strncpy)
C:\Users\nikol\projects\quectel\development\customer\threadx\tools\LLVM\4.0.3\armv7m-none-eabi\libc\lib/libc.a(strtok.o)
		out/common/src/cli.o (strtok)
C:\Users\nikol\projects\quectel\development\customer\threadx\tools\LLVM\4.0.3\armv7m-none-eabi\libc\lib/libc.a(__lock.o)
		C:\Users\nikol\projects\quectel\development\customer\threadx\tools\LLVM\4.0.3\armv7m-none-eabi\libc\lib/libc.a(setlocale.o) (__lock)
C:\Users\nikol\projects\quectel\development\customer\threadx\tools\LLVM\4.0.3\armv7m-none-eabi\libc\lib/libc.a(__wait.o)
		C:\Users\nikol\projects\quectel\development\customer\threadx\tools\LLVM\4.0.3\armv7m-none-eabi\libc\lib/libc.a(flockfile.o) (__wait)
C:\Users\nikol\projects\quectel\development\customer\threadx\tools\LLVM\4.0.3\armv7m-none-eabi\libc\lib/libc.a(__errno_location.o)
		C:\Users\nikol\projects\quectel\development\customer\threadx\tools\LLVM\4.0.3\armv7m-none-eabi\libc\lib/libc.a(mbtowc.o) (__errno_location)
C:\Users\nikol\projects\quectel\development\customer\threadx\tools\LLVM\4.0.3\armv7m-none-eabi\libc\lib/libc.a(libc.o)
		C:\Users\nikol\projects\quectel\development\customer\threadx\tools\LLVM\4.0.3\armv7m-none-eabi\libc\lib/libc.a(setlocale.o) (__libc)
C:\Users\nikol\projects\quectel\development\customer\threadx\tools\LLVM\4.0.3\armv7m-none-eabi\libc\lib/libc.a(__lctrans.o)
		C:\Users\nikol\projects\quectel\development\customer\threadx\tools\LLVM\4.0.3\armv7m-none-eabi\libc\lib/libc.a(getopt.o) (__lctrans_cur)
C:\Users\nikol\projects\quectel\development\customer\threadx\tools\LLVM\4.0.3\armv7m-none-eabi\libc\lib/libc.a(locale_map.o)
		C:\Users\nikol\projects\quectel\development\customer\threadx\tools\LLVM\4.0.3\armv7m-none-eabi\libc\lib/libc.a(setlocale.o) (__get_locale)
C:\Users\nikol\projects\quectel\development\customer\threadx\tools\LLVM\4.0.3\armv7m-none-eabi\libc\lib/libc.a(munmap.o)
		C:\Users\nikol\projects\quectel\development\customer\threadx\tools\LLVM\4.0.3\armv7m-none-eabi\libc\lib/libc.a(locale_map.o) (__munmap)
C:\Users\nikol\projects\quectel\development\customer\threadx\tools\LLVM\4.0.3\armv7m-none-eabi\libc\lib/libc.a(internal.o)
		C:\Users\nikol\projects\quectel\development\customer\threadx\tools\LLVM\4.0.3\armv7m-none-eabi\libc\lib/libc.a(mbtowc.o) (__fsmu8)
C:\Users\nikol\projects\quectel\development\customer\threadx\tools\LLVM\4.0.3\armv7m-none-eabi\libc\lib/libc.a(__overflow.o)
		C:\Users\nikol\projects\quectel\development\customer\threadx\tools\LLVM\4.0.3\armv7m-none-eabi\libc\lib/libc.a(putc.o) (__overflow)
C:\Users\nikol\projects\quectel\development\customer\threadx\tools\LLVM\4.0.3\armv7m-none-eabi\libc\lib/libc.a(__towrite.o)
		C:\Users\nikol\projects\quectel\development\customer\threadx\tools\LLVM\4.0.3\armv7m-none-eabi\libc\lib/libc.a(fwrite.o) (__towrite)
C:\Users\nikol\projects\quectel\development\customer\threadx\tools\LLVM\4.0.3\armv7m-none-eabi\libc\lib/libc.a(__lockfile.o)
		C:\Users\nikol\projects\quectel\development\customer\threadx\tools\LLVM\4.0.3\armv7m-none-eabi\libc\lib/libc.a(fwrite.o) (__lockfile)
C:\Users\nikol\projects\quectel\development\customer\threadx\tools\LLVM\4.0.3\armv7m-none-eabi\libc\lib/libc.a(__stdio_close.o)
		C:\Users\nikol\projects\quectel\development\customer\threadx\tools\LLVM\4.0.3\armv7m-none-eabi\libc\lib/libc.a(stderr.o) (__stdio_close)
C:\Users\nikol\projects\quectel\development\customer\threadx\tools\LLVM\4.0.3\armv7m-none-eabi\libc\lib/libc.a(__stdio_seek.o)
		C:\Users\nikol\projects\quectel\development\customer\threadx\tools\LLVM\4.0.3\armv7m-none-eabi\libc\lib/libc.a(stderr.o) (__stdio_seek)
C:\Users\nikol\projects\quectel\development\customer\threadx\tools\LLVM\4.0.3\armv7m-none-eabi\libc\lib/libc.a(__stdio_write.o)
		C:\Users\nikol\projects\quectel\development\customer\threadx\tools\LLVM\4.0.3\armv7m-none-eabi\libc\lib/libc.a(stderr.o) (__stdio_write)
C:\Users\nikol\projects\quectel\development\customer\threadx\tools\LLVM\4.0.3\armv7m-none-eabi\libc\lib/libc.a(stpncpy.o)
		C:\Users\nikol\projects\quectel\development\customer\threadx\tools\LLVM\4.0.3\armv7m-none-eabi\libc\lib/libc.a(strncpy.o) (__stpncpy)
C:\Users\nikol\projects\quectel\development\customer\threadx\tools\LLVM\4.0.3\armv7m-none-eabi\libc\lib/libc.a(strcspn.o)
		C:\Users\nikol\projects\quectel\development\customer\threadx\tools\LLVM\4.0.3\armv7m-none-eabi\libc\lib/libc.a(strtok.o) (strcspn)
C:\Users\nikol\projects\quectel\development\customer\threadx\tools\LLVM\4.0.3\armv7m-none-eabi\libc\lib/libc.a(strspn.o)
		C:\Users\nikol\projects\quectel\development\customer\threadx\tools\LLVM\4.0.3\armv7m-none-eabi\libc\lib/libc.a(strtok.o) (strspn)
C:\Users\nikol\projects\quectel\development\customer\threadx\tools\LLVM\4.0.3\armv7m-none-eabi\libc\lib/libc.a(__map_file.o)
		C:\Users\nikol\projects\quectel\development\customer\threadx\tools\LLVM\4.0.3\armv7m-none-eabi\libc\lib/libc.a(locale_map.o) (__map_file)
C:\Users\nikol\projects\quectel\development\customer\threadx\tools\LLVM\4.0.3\armv7m-none-eabi\libc\lib/libc.a(getenv.o)
		C:\Users\nikol\projects\quectel\development\customer\threadx\tools\LLVM\4.0.3\armv7m-none-eabi\libc\lib/libc.a(locale_map.o) (getenv)
C:\Users\nikol\projects\quectel\development\customer\threadx\tools\LLVM\4.0.3\armv7m-none-eabi\libc\lib/libc.a(syscall_ret.o)
		C:\Users\nikol\projects\quectel\development\customer\threadx\tools\LLVM\4.0.3\armv7m-none-eabi\libc\lib/libc.a(munmap.o) (__syscall_ret)
C:\Users\nikol\projects\quectel\development\customer\threadx\tools\LLVM\4.0.3\armv7m-none-eabi\libc\lib/libc.a(__mo_lookup.o)
		C:\Users\nikol\projects\quectel\development\customer\threadx\tools\LLVM\4.0.3\armv7m-none-eabi\libc\lib/libc.a(locale_map.o) (__mo_lookup)
C:\Users\nikol\projects\quectel\development\customer\threadx\tools\LLVM\4.0.3\armv7m-none-eabi\libc\lib/libc.a(c_locale.o)
		C:\Users\nikol\projects\quectel\development\customer\threadx\tools\LLVM\4.0.3\armv7m-none-eabi\libc\lib/libc.a(locale_map.o) (__c_dot_utf8)
C:\Users\nikol\projects\quectel\development\customer\threadx\tools\LLVM\4.0.3\armv7m-none-eabi\libc\lib/libc.a(mmap.o)
		C:\Users\nikol\projects\quectel\development\customer\threadx\tools\LLVM\4.0.3\armv7m-none-eabi\libc\lib/libc.a(__map_file.o) (__mmap)
C:\Users\nikol\projects\quectel\development\customer\threadx\tools\LLVM\4.0.3\armv7m-none-eabi\libc\lib/libc.a(__stdio_exit.o)
		C:\Users\nikol\projects\quectel\development\customer\threadx\tools\LLVM\4.0.3\armv7m-none-eabi\libc\lib/libc.a(__towrite.o) (__stdio_exit_needed)
C:\Users\nikol\projects\quectel\development\customer\threadx\tools\LLVM\4.0.3\armv7m-none-eabi\libc\lib/libc.a(ofl.o)
		C:\Users\nikol\projects\quectel\development\customer\threadx\tools\LLVM\4.0.3\armv7m-none-eabi\libc\lib/libc.a(__stdio_exit.o) (__ofl_lock)
C:\Users\nikol\projects\quectel\development\customer\threadx\tools\LLVM\4.0.3\armv7m-none-eabi\libc\lib/libc.a(__aeabi_memclr.o)
		C:\Users\nikol\projects\quectel\development\customer\threadx\tools\LLVM\4.0.3\armv7m-none-eabi\libc\lib/libc.a(strspn.o) (__aeabi_memclr4)
C:\Users\nikol\projects\quectel\development\customer\threadx\tools\LLVM\4.0.3\armv7m-none-eabi\libc\lib/libc.a(strchr.o)
		C:\Users\nikol\projects\quectel\development\customer\threadx\tools\LLVM\4.0.3\armv7m-none-eabi\libc\lib/libc.a(getenv.o) (strchr)
C:\Users\nikol\projects\quectel\development\customer\threadx\tools\LLVM\4.0.3\armv7m-none-eabi\libc\lib/libc.a(strncmp.o)
		C:\Users\nikol\projects\quectel\development\customer\threadx\tools\LLVM\4.0.3\armv7m-none-eabi\libc\lib/libc.a(getenv.o) (strncmp)
C:\Users\nikol\projects\quectel\development\customer\threadx\tools\LLVM\4.0.3\armv7m-none-eabi\libc\lib/libc.a(__environ.o)
		C:\Users\nikol\projects\quectel\development\customer\threadx\tools\LLVM\4.0.3\armv7m-none-eabi\libc\lib/libc.a(getenv.o) (__environ)
C:\Users\nikol\projects\quectel\development\customer\threadx\tools\LLVM\4.0.3\lib\clang\4.0.3\lib\baremetal/libclang_rt.builtins-armv7m.a(aeabi_uldivmod.S.obj)
		out/common/src/printf.o (__aeabi_uldivmod)
C:\Users\nikol\projects\quectel\development\customer\threadx\tools\LLVM\4.0.3\lib\clang\4.0.3\lib\baremetal/libclang_rt.builtins-armv7m.a(udivmoddi4.c.obj)
		C:\Users\nikol\projects\quectel\development\customer\threadx\tools\LLVM\4.0.3\lib\clang\4.0.3\lib\baremetal/libclang_rt.builtins-armv7m.a(aeabi_uldivmod.S.obj) (__udivmoddi4)

Allocating common symbols
Common symbol	size	file

stdin_buf	0x80	out/common/src/retarget.o
in_tx_sem	0x4	out/common/src/retarget.o
out_tx_done_sem	0x4	out/common/src/retarget.o
out_tx_mutex	0x4	out/common/src/retarget.o
mem_heap	0x80000	out/common/src/malloc.o
byte_malloc_mem_pool	0x4	out/common/src/malloc.o
_txm_module_entry_info	0x4	../../../../../Quectel_BG96_QuecOpen_SDK_Package_V3.0.1-AUS/SDK/libs/llvm\txm_lib.lib(txm_module_thread_shell_entry.o)
_txm_module_instance_ptr	0x4	../../../../../Quectel_BG96_QuecOpen_SDK_Package_V3.0.1-AUS/SDK/libs/llvm\txm_lib.lib(txm_module_thread_shell_entry.o)
_txm_module_kernel_call_dispatcher	0x4	../../../../../Quectel_BG96_QuecOpen_SDK_Package_V3.0.1-AUS/SDK/libs/llvm\txm_lib.lib(txm_module_thread_shell_entry.o)
__libc	0x40	C:\Users\nikol\projects\quectel\development\customer\threadx\tools\LLVM\4.0.3\armv7m-none-eabi\libc\lib/libc.a(libc.o)
__optpos	0x4	C:\Users\nikol\projects\quectel\development\customer\threadx\tools\LLVM\4.0.3\armv7m-none-eabi\libc\lib/libc.a(getopt.o)
optarg	0x4	C:\Users\nikol\projects\quectel\development\customer\threadx\tools\LLVM\4.0.3\armv7m-none-eabi\libc\lib/libc.a(getopt.o)
optopt	0x4	C:\Users\nikol\projects\quectel\development\customer\threadx\tools\LLVM\4.0.3\armv7m-none-eabi\libc\lib/libc.a(getopt.o)

Linker Script and memory map
LOAD ../../ldscripts/txm_module_preamble_llvm.o[]
LOAD out/common/src/retarget.o[]
LOAD out/common/src/malloc.o[]
LOAD out/common/src/stubs.o[]
LOAD out/common/src/printf.o[]
LOAD out/common/src/file.o[]
LOAD out/common/src/cli.o[]
LOAD out/main.o[]
LOAD ../../../../../Quectel_BG96_QuecOpen_SDK_Package_V3.0.1-AUS/SDK/libs/llvm\txm_lib.lib(txm_module_thread_shell_entry.o) []
LOAD ../../../../../Quectel_BG96_QuecOpen_SDK_Package_V3.0.1-AUS/SDK/libs/llvm\txm_lib.lib(txm_module_callback_request_thread_entry.o) []
LOAD ../../../../../Quectel_BG96_QuecOpen_SDK_Package_V3.0.1-AUS/SDK/libs/llvm\txm_lib.lib(txm_module_system_call12.o) []
LOAD ../../../../../Quectel_BG96_QuecOpen_SDK_Package_V3.0.1-AUS/SDK/libs/llvm\txm_lib.lib(txm_module_system_call4.o) []
LOAD ../../../../../Quectel_BG96_QuecOpen_SDK_Package_V3.0.1-AUS/SDK/libs/llvm\txm_lib.lib(txm_module_system_call5.o) []
LOAD ../../../../../Quectel_BG96_QuecOpen_SDK_Package_V3.0.1-AUS/SDK/libs/llvm\txm_lib.lib(txm_module_system_call7.o) []
START GROUP
END GROUP
START GROUP
LOAD C:\Users\nikol\projects\quectel\development\customer\threadx\tools\LLVM\4.0.3\armv7m-none-eabi\libc\lib/libc.a(setlocale.o) []
LOAD C:\Users\nikol\projects\quectel\development\customer\threadx\tools\LLVM\4.0.3\armv7m-none-eabi\libc\lib/libc.a(getopt.o) []
LOAD C:\Users\nikol\projects\quectel\development\customer\threadx\tools\LLVM\4.0.3\armv7m-none-eabi\libc\lib/libc.a(mbtowc.o) []
LOAD C:\Users\nikol\projects\quectel\development\customer\threadx\tools\LLVM\4.0.3\armv7m-none-eabi\libc\lib/libc.a(flockfile.o) []
LOAD C:\Users\nikol\projects\quectel\development\customer\threadx\tools\LLVM\4.0.3\armv7m-none-eabi\libc\lib/libc.a(fputs.o) []
LOAD C:\Users\nikol\projects\quectel\development\customer\threadx\tools\LLVM\4.0.3\armv7m-none-eabi\libc\lib/libc.a(ftrylockfile.o) []
LOAD C:\Users\nikol\projects\quectel\development\customer\threadx\tools\LLVM\4.0.3\armv7m-none-eabi\libc\lib/libc.a(funlockfile.o) []
LOAD C:\Users\nikol\projects\quectel\development\customer\threadx\tools\LLVM\4.0.3\armv7m-none-eabi\libc\lib/libc.a(fwrite.o) []
LOAD C:\Users\nikol\projects\quectel\development\customer\threadx\tools\LLVM\4.0.3\armv7m-none-eabi\libc\lib/libc.a(putc.o) []
LOAD C:\Users\nikol\projects\quectel\development\customer\threadx\tools\LLVM\4.0.3\armv7m-none-eabi\libc\lib/libc.a(stderr.o) []
LOAD C:\Users\nikol\projects\quectel\development\customer\threadx\tools\LLVM\4.0.3\armv7m-none-eabi\libc\lib/libc.a(memcpy_le.o) []
LOAD C:\Users\nikol\projects\quectel\development\customer\threadx\tools\LLVM\4.0.3\armv7m-none-eabi\libc\lib/libc.a(memset_nofp_armv7.o) []
LOAD C:\Users\nikol\projects\quectel\development\customer\threadx\tools\LLVM\4.0.3\armv7m-none-eabi\libc\lib/libc.a(strchrnul.o) []
LOAD C:\Users\nikol\projects\quectel\development\customer\threadx\tools\LLVM\4.0.3\armv7m-none-eabi\libc\lib/libc.a(strcmp.o) []
LOAD C:\Users\nikol\projects\quectel\development\customer\threadx\tools\LLVM\4.0.3\armv7m-none-eabi\libc\lib/libc.a(strdup.o) []
LOAD C:\Users\nikol\projects\quectel\development\customer\threadx\tools\LLVM\4.0.3\armv7m-none-eabi\libc\lib/libc.a(strlen.o) []
LOAD C:\Users\nikol\projects\quectel\development\customer\threadx\tools\LLVM\4.0.3\armv7m-none-eabi\libc\lib/libc.a(strncpy.o) []
LOAD C:\Users\nikol\projects\quectel\development\customer\threadx\tools\LLVM\4.0.3\armv7m-none-eabi\libc\lib/libc.a(strtok.o) []
LOAD C:\Users\nikol\projects\quectel\development\customer\threadx\tools\LLVM\4.0.3\armv7m-none-eabi\libc\lib/libc.a(__lock.o) []
LOAD C:\Users\nikol\projects\quectel\development\customer\threadx\tools\LLVM\4.0.3\armv7m-none-eabi\libc\lib/libc.a(__wait.o) []
LOAD C:\Users\nikol\projects\quectel\development\customer\threadx\tools\LLVM\4.0.3\armv7m-none-eabi\libc\lib/libc.a(__errno_location.o) []
LOAD C:\Users\nikol\projects\quectel\development\customer\threadx\tools\LLVM\4.0.3\armv7m-none-eabi\libc\lib/libc.a(libc.o) []
LOAD C:\Users\nikol\projects\quectel\development\customer\threadx\tools\LLVM\4.0.3\armv7m-none-eabi\libc\lib/libc.a(__lctrans.o) []
LOAD C:\Users\nikol\projects\quectel\development\customer\threadx\tools\LLVM\4.0.3\armv7m-none-eabi\libc\lib/libc.a(locale_map.o) []
LOAD C:\Users\nikol\projects\quectel\development\customer\threadx\tools\LLVM\4.0.3\armv7m-none-eabi\libc\lib/libc.a(munmap.o) []
LOAD C:\Users\nikol\projects\quectel\development\customer\threadx\tools\LLVM\4.0.3\armv7m-none-eabi\libc\lib/libc.a(internal.o) []
LOAD C:\Users\nikol\projects\quectel\development\customer\threadx\tools\LLVM\4.0.3\armv7m-none-eabi\libc\lib/libc.a(__overflow.o) []
LOAD C:\Users\nikol\projects\quectel\development\customer\threadx\tools\LLVM\4.0.3\armv7m-none-eabi\libc\lib/libc.a(__towrite.o) []
LOAD C:\Users\nikol\projects\quectel\development\customer\threadx\tools\LLVM\4.0.3\armv7m-none-eabi\libc\lib/libc.a(__lockfile.o) []
LOAD C:\Users\nikol\projects\quectel\development\customer\threadx\tools\LLVM\4.0.3\armv7m-none-eabi\libc\lib/libc.a(__stdio_close.o) []
LOAD C:\Users\nikol\projects\quectel\development\customer\threadx\tools\LLVM\4.0.3\armv7m-none-eabi\libc\lib/libc.a(__stdio_seek.o) []
LOAD C:\Users\nikol\projects\quectel\development\customer\threadx\tools\LLVM\4.0.3\armv7m-none-eabi\libc\lib/libc.a(__stdio_write.o) []
LOAD C:\Users\nikol\projects\quectel\development\customer\threadx\tools\LLVM\4.0.3\armv7m-none-eabi\libc\lib/libc.a(stpncpy.o) []
LOAD C:\Users\nikol\projects\quectel\development\customer\threadx\tools\LLVM\4.0.3\armv7m-none-eabi\libc\lib/libc.a(strcspn.o) []
LOAD C:\Users\nikol\projects\quectel\development\customer\threadx\tools\LLVM\4.0.3\armv7m-none-eabi\libc\lib/libc.a(strspn.o) []
LOAD C:\Users\nikol\projects\quectel\development\customer\threadx\tools\LLVM\4.0.3\armv7m-none-eabi\libc\lib/libc.a(__map_file.o) []
LOAD C:\Users\nikol\projects\quectel\development\customer\threadx\tools\LLVM\4.0.3\armv7m-none-eabi\libc\lib/libc.a(getenv.o) []
LOAD C:\Users\nikol\projects\quectel\development\customer\threadx\tools\LLVM\4.0.3\armv7m-none-eabi\libc\lib/libc.a(syscall_ret.o) []
LOAD C:\Users\nikol\projects\quectel\development\customer\threadx\tools\LLVM\4.0.3\armv7m-none-eabi\libc\lib/libc.a(__mo_lookup.o) []
LOAD C:\Users\nikol\projects\quectel\development\customer\threadx\tools\LLVM\4.0.3\armv7m-none-eabi\libc\lib/libc.a(c_locale.o) []
LOAD C:\Users\nikol\projects\quectel\development\customer\threadx\tools\LLVM\4.0.3\armv7m-none-eabi\libc\lib/libc.a(mmap.o) []
LOAD C:\Users\nikol\projects\quectel\development\customer\threadx\tools\LLVM\4.0.3\armv7m-none-eabi\libc\lib/libc.a(__stdio_exit.o) []
LOAD C:\Users\nikol\projects\quectel\development\customer\threadx\tools\LLVM\4.0.3\armv7m-none-eabi\libc\lib/libc.a(ofl.o) []
LOAD C:\Users\nikol\projects\quectel\development\customer\threadx\tools\LLVM\4.0.3\armv7m-none-eabi\libc\lib/libc.a(__aeabi_memclr.o) []
LOAD C:\Users\nikol\projects\quectel\development\customer\threadx\tools\LLVM\4.0.3\armv7m-none-eabi\libc\lib/libc.a(strchr.o) []
LOAD C:\Users\nikol\projects\quectel\development\customer\threadx\tools\LLVM\4.0.3\armv7m-none-eabi\libc\lib/libc.a(strncmp.o) []
LOAD C:\Users\nikol\projects\quectel\development\customer\threadx\tools\LLVM\4.0.3\armv7m-none-eabi\libc\lib/libc.a(__environ.o) []
LOAD C:\Users\nikol\projects\quectel\development\customer\threadx\tools\LLVM\4.0.3\lib\clang\4.0.3\lib\baremetal/libclang_rt.builtins-armv7m.a(aeabi_uldivmod.S.obj) []
LOAD C:\Users\nikol\projects\quectel\development\customer\threadx\tools\LLVM\4.0.3\lib\clang\4.0.3\lib\baremetal/libclang_rt.builtins-armv7m.a(udivmoddi4.c.obj) []
END GROUP

Linker scripts used (including INCLUDE command)
../../ldscripts/sections.ld

ER_RO	0x43000000	0x4744 # Offset: 0x60, LMA: 0x43000000
	Image$$ER_RO$$Base(0x43000000) = .( 0x43000000 );
*txm_module_preamble_llvm.o(.text .text.* )
*txm_module_preamble_llvm.o(Init )
Init	0x43000000	0x80	../../ldscripts/txm_module_preamble_llvm.o	#SHT_PROGBITS,SHF_ALLOC|SHF_EXECINSTR,4
	0x43000000		.CODE32
	0x43000000		_txm_module_preamble
*txm_module_preamble_llvm.o(.rodata .rodata.* )
KEEP (*(.text .text.* ))
.text	0x43000080	0x574	out/common/src/retarget.o	#SHT_PROGBITS,SHF_ALLOC|SHF_EXECINSTR,4
	0x43000080		$a.0
	0x43000080		task_main_entry
	0x430001fc		$d.1
	0x43000234		$a.2
	0x43000234		putchar
	0x430002e0		$d.3
	0x430002f4		$a.4
	0x430002f4		_putchar
	0x430002f8		__wrap_puts
	0x430003ac		$d.5
	0x430003c0		$a.6
	0x430003c0		__wrap_printf
	0x430004a0		$d.7
	0x430004b8		$a.8
	0x430004b8		__wrap_gets
	0x430004c0		__wrap_getchar
	0x43000548		$d.9
	0x4300055c		$a.10
	0x4300055c		uart_rx_cb
	0x43000584		$d.11
	0x4300058c		$a.12
	0x4300058c		uart_tx_cb
	0x430005ac		$d.13
	0x430005b4		$a.14
	0x430005b4		qapi_uart_tx_user_cb_dispatcher
	0x430005d4		qapi_uart_rx_user_cb_dispatcher
.text	0x430005f4	0x2fc	out/common/src/malloc.o	#SHT_PROGBITS,SHF_ALLOC|SHF_EXECINSTR,4
	0x430005f4		$a.0
	0x430005f4		memscpy
	0x4300061c		malloc_byte_pool_init
	0x43000694		$d.1
	0x430006ac		$a.2
	0x430006ac		malloc_get_pool
	0x430006b8		$d.3
	0x430006bc		$a.4
	0x430006bc		__wrap_malloc
	0x4300075c		$d.5
	0x43000764		$a.6
	0x43000764		__wrap_free
	0x430007dc		$d.7
	0x430007e8		$a.8
	0x430007e8		__wrap_calloc
	0x43000824		__wrap_realloc
	0x430008dc		$d.9
	0x430008e8		$a.10
	0x430008e8		memalign
.text	0x430008f0	0x100	out/common/src/stubs.o	#SHT_PROGBITS,SHF_ALLOC|SHF_EXECINSTR,4
	0x430008f0		$a.0
	0x430008f0		abort
	0x4300092c		$d.1
	0x43000930		$a.2
	0x43000930		exit
	0x4300096c		$d.3
	0x43000970		$a.4
	0x43000970		_Exit
	0x430009ac		$d.5
	0x430009b0		$a.6
	0x430009b0		quick_exit
	0x430009ec		$d.7
.text	0x430009f0	0x1538	out/common/src/printf.o	#SHT_PROGBITS,SHF_ALLOC|SHF_EXECINSTR,8
	0x430009f0		$a.0
	0x430009f0		printf_
	0x43000a3c		$d.1
	0x43000a40		$a.2
	0x43000a40		_vsnprintf
	0x43000c08		$d.3
	0x43000c30		$a.4
	0x43001208		$d.5
	0x43001264		$a.6
	0x43001284		$d.7
	0x4300128c		_out_char
	0x4300128c		$a.8
	0x43001298		sprintf_
	0x430012e0		$d.9
	0x430012e4		$a.10
	0x430012e4		_out_buffer
	0x430012f0		snprintf_
	0x43001334		$d.11
	0x43001338		$a.12
	0x43001338		vprintf_
	0x43001360		$d.13
	0x43001364		$a.14
	0x43001364		vsnprintf_
	0x43001390		$d.15
	0x43001394		fctprintf
	0x43001394		$a.16
	0x430013e4		$d.17
	0x430013e8		$a.18
	0x430013e8		_out_fct
	0x430013fc		_out_null
	0x43001400		_atoi
	0x43001440		_ntoa_long_long
	0x43001538		_ntoa_long
	0x430015f8		_ftoa
	0x43001918		$d.19
	0x43001958		$a.20
	0x43001958		_etoa
	0x43001c70		$d.21
	0x43001cc0		$a.22
	0x43001cc0		_ntoa_format
	0x43001e44		_out_rev
.text	0x43001f28	0x64c	out/common/src/file.o	#SHT_PROGBITS,SHF_ALLOC|SHF_EXECINSTR,4
	0x43001f28		$a.0
	0x43001f28		fopen
	0x43002064		$d.1
	0x43002084		$a.2
	0x43002084		fclose
	0x430020f8		fseek
	0x43002168		$d.3
	0x4300216c		$a.4
	0x4300216c		ftell
	0x430021d0		fstat
	0x430022a8		lstat
	0x4300237c		$d.5
	0x43002380		$a.6
	0x43002380		fread
	0x430023f8		$d.7
	0x430023fc		$a.8
	0x430023fc		opendir
	0x43002470		$d.9
	0x43002474		$a.10
	0x43002474		readdir
	0x43002500		$d.11
	0x43002508		$a.12
	0x43002508		closedir
.text	0x43002574	0x36c	out/common/src/cli.o	#SHT_PROGBITS,SHF_ALLOC|SHF_EXECINSTR,4
	0x43002574		$a.0
	0x43002574		cli_free
	0x43002594		cli_new
	0x430025fc		$d.1
	0x43002608		$a.2
	0x43002608		cli_cmd_help
	0x43002670		$d.3
	0x43002680		$a.4
	0x43002680		cli_cmd_meminfo
	0x43002730		$d.5
	0x43002744		$a.6
	0x43002744		cli_register
	0x430027a8		cli_input
	0x430028d4		$d.7
.text	0x430028e0	0xb8	out/main.o	#SHT_PROGBITS,SHF_ALLOC|SHF_EXECINSTR,4
	0x430028e0		$a.0
	0x430028e0		main
	0x43002928		$d.1
	0x43002934		$a.2
	0x43002934		cli_cmd_onnx
	0x4300298c		$d.3
.text._txm_module_thread_shell_entry	0x43002998	0x94	../../../../../Quectel_BG96_QuecOpen_SDK_Package_V3.0.1-AUS/SDK/libs/llvm\txm_lib.lib(txm_module_thread_shell_entry.o)	#SHT_PROGBITS,SHF_ALLOC|SHF_EXECINSTR,4
	0x43002998		$a.0
	0x43002998		_txm_module_thread_shell_entry
	0x43002a20		$d.1
.text._txm_module_callback_request_thread_entry	0x43002a2c	0x108	../../../../../Quectel_BG96_QuecOpen_SDK_Package_V3.0.1-AUS/SDK/libs/llvm\txm_lib.lib(txm_module_callback_request_thread_entry.o)	#SHT_PROGBITS,SHF_ALLOC|SHF_EXECINSTR,4
	0x43002a2c		$a.0
	0x43002a2c		_txm_module_callback_request_thread_entry
	0x43002a84		$d.1
	0x43002a98		$a.2
	0x43002b2c		$d.3
.text._txm_module_system_call12	0x43002b34	0x70	../../../../../Quectel_BG96_QuecOpen_SDK_Package_V3.0.1-AUS/SDK/libs/llvm\txm_lib.lib(txm_module_system_call12.o)	#SHT_PROGBITS,SHF_ALLOC|SHF_EXECINSTR,4
	0x43002b34		$a.0
	0x43002b34		_txm_module_system_call12
	0x43002ba0		$d.1
.text._txm_module_system_call4	0x43002ba4	0x2c	../../../../../Quectel_BG96_QuecOpen_SDK_Package_V3.0.1-AUS/SDK/libs/llvm\txm_lib.lib(txm_module_system_call4.o)	#SHT_PROGBITS,SHF_ALLOC|SHF_EXECINSTR,4
	0x43002ba4		$a.0
	0x43002ba4		_txm_module_system_call4
	0x43002bcc		$d.1
.text._txm_module_system_call5	0x43002bd0	0x34	../../../../../Quectel_BG96_QuecOpen_SDK_Package_V3.0.1-AUS/SDK/libs/llvm\txm_lib.lib(txm_module_system_call5.o)	#SHT_PROGBITS,SHF_ALLOC|SHF_EXECINSTR,4
	0x43002bd0		$a.0
	0x43002bd0		_txm_module_system_call5
	0x43002c00		$d.1
.text._txm_module_system_call7	0x43002c04	0x44	../../../../../Quectel_BG96_QuecOpen_SDK_Package_V3.0.1-AUS/SDK/libs/llvm\txm_lib.lib(txm_module_system_call7.o)	#SHT_PROGBITS,SHF_ALLOC|SHF_EXECINSTR,4
	0x43002c04		$a.0
	0x43002c04		_txm_module_system_call7
	0x43002c44		$d.1
.text.setlocale	0x43002c48	0xe8	C:\Users\nikol\projects\quectel\development\customer\threadx\tools\LLVM\4.0.3\armv7m-none-eabi\libc\lib/libc.a(setlocale.o)	#SHT_PROGBITS,SHF_ALLOC|SHF_EXECINSTR,4
	0x43002c48		$t
	0x43002c49		setlocale
	0x43002d20		$d
.text.setlocale_one_unlocked	0x43002d30	0x34	C:\Users\nikol\projects\quectel\development\customer\threadx\tools\LLVM\4.0.3\armv7m-none-eabi\libc\lib/libc.a(setlocale.o)	#SHT_PROGBITS,SHF_ALLOC|SHF_EXECINSTR,4
	0x43002d30		$t
	0x43002d31		setlocale_one_unlocked
	0x43002d5c		$d
.text.__getopt_msg	0x43002d64	0x64	C:\Users\nikol\projects\quectel\development\customer\threadx\tools\LLVM\4.0.3\armv7m-none-eabi\libc\lib/libc.a(getopt.o)	#SHT_PROGBITS,SHF_ALLOC|SHF_EXECINSTR,4
	0x43002d64		$t
	0x43002d65		__getopt_msg
	0x43002dc4		$d
.text.getopt	0x43002dc8	0x174	C:\Users\nikol\projects\quectel\development\customer\threadx\tools\LLVM\4.0.3\armv7m-none-eabi\libc\lib/libc.a(getopt.o)	#SHT_PROGBITS,SHF_ALLOC|SHF_EXECINSTR,4
	0x43002dc8		$t
	0x43002dc9		getopt
	0x43002dc9		__posix_getopt
	0x43002f24		$d
.text.mbtowc	0x43002f3c	0xcc	C:\Users\nikol\projects\quectel\development\customer\threadx\tools\LLVM\4.0.3\armv7m-none-eabi\libc\lib/libc.a(mbtowc.o)	#SHT_PROGBITS,SHF_ALLOC|SHF_EXECINSTR,4
	0x43002f3c		$t
	0x43002f3d		mbtowc
	0x43003004		$d
.text.flockfile	0x43003008	0x28	C:\Users\nikol\projects\quectel\development\customer\threadx\tools\LLVM\4.0.3\armv7m-none-eabi\libc\lib/libc.a(flockfile.o)	#SHT_PROGBITS,SHF_ALLOC|SHF_EXECINSTR,2
	0x43003008		$t
	0x43003009		flockfile
.text.fputs	0x43003030	0x26	C:\Users\nikol\projects\quectel\development\customer\threadx\tools\LLVM\4.0.3\armv7m-none-eabi\libc\lib/libc.a(fputs.o)	#SHT_PROGBITS,SHF_ALLOC|SHF_EXECINSTR,2
	0x43003030		$t
	0x43003031		fputs
	0x43003031		fputs_unlocked
.text.__do_orphaned_stdio_locks	0x43003056	0x1e	C:\Users\nikol\projects\quectel\development\customer\threadx\tools\LLVM\4.0.3\armv7m-none-eabi\libc\lib/libc.a(ftrylockfile.o)	#SHT_PROGBITS,SHF_ALLOC|SHF_EXECINSTR,2
	0x43003056		$t
	0x43003057		__do_orphaned_stdio_locks
.text.__unlist_locked_file	0x43003074	0x26	C:\Users\nikol\projects\quectel\development\customer\threadx\tools\LLVM\4.0.3\armv7m-none-eabi\libc\lib/libc.a(ftrylockfile.o)	#SHT_PROGBITS,SHF_ALLOC|SHF_EXECINSTR,2
	0x43003074		$t
	0x43003075		__unlist_locked_file
PADDING_ALIGNMENT	0x4300309a	0x2	0x0
.text.ftrylockfile	0x4300309c	0x80	C:\Users\nikol\projects\quectel\development\customer\threadx\tools\LLVM\4.0.3\armv7m-none-eabi\libc\lib/libc.a(ftrylockfile.o)	#SHT_PROGBITS,SHF_ALLOC|SHF_EXECINSTR,4
	0x4300309c		$t
	0x4300309d		ftrylockfile
	0x43003118		$d
.text.funlockfile	0x4300311c	0x24	C:\Users\nikol\projects\quectel\development\customer\threadx\tools\LLVM\4.0.3\armv7m-none-eabi\libc\lib/libc.a(funlockfile.o)	#SHT_PROGBITS,SHF_ALLOC|SHF_EXECINSTR,2
	0x4300311c		$t
	0x4300311d		funlockfile
.text.__fwritex	0x43003140	0x76	C:\Users\nikol\projects\quectel\development\customer\threadx\tools\LLVM\4.0.3\armv7m-none-eabi\libc\lib/libc.a(fwrite.o)	#SHT_PROGBITS,SHF_ALLOC|SHF_EXECINSTR,2
	0x43003140		$t
	0x43003141		__fwritex
.text.fwrite	0x430031b6	0x58	C:\Users\nikol\projects\quectel\development\customer\threadx\tools\LLVM\4.0.3\armv7m-none-eabi\libc\lib/libc.a(fwrite.o)	#SHT_PROGBITS,SHF_ALLOC|SHF_EXECINSTR,2
	0x430031b6		$t
	0x430031b7		fwrite
	0x430031b7		fwrite_unlocked
.text.putc	0x4300320e	0x68	C:\Users\nikol\projects\quectel\development\customer\threadx\tools\LLVM\4.0.3\armv7m-none-eabi\libc\lib/libc.a(putc.o)	#SHT_PROGBITS,SHF_ALLOC|SHF_EXECINSTR,2
	0x4300320e		$t
	0x4300320f		putc
	0x4300320f		_IO_putc
.text	0x43003276	0x2ee	C:\Users\nikol\projects\quectel\development\customer\threadx\tools\LLVM\4.0.3\armv7m-none-eabi\libc\lib/libc.a(memcpy_le.o)	#SHT_PROGBITS,SHF_ALLOC|SHF_EXECINSTR,2
	0x43003276		$t
	0x43003277		memcpy
	0x430032b6		src_aligned
	0x43003304		congruent_aligned32
	0x43003304		cached_aligned32
	0x4300331a		less_than_32_left
	0x43003368		non_congruent
	0x430033e4		loop16
	0x43003440		loop8
	0x4300349c		loop24
	0x430034f4		less_than_thirtytwo
	0x4300351e		partial_word_tail
	0x4300353a		copy_last_3_and_return
.text	0x43003564	0x68	C:\Users\nikol\projects\quectel\development\customer\threadx\tools\LLVM\4.0.3\armv7m-none-eabi\libc\lib/libc.a(memset_nofp_armv7.o)	#SHT_PROGBITS,SHF_ALLOC|SHF_EXECINSTR,4
	0x43003564		$t
	0x43003565		memset
.text.__strchrnul	0x430035cc	0x5c	C:\Users\nikol\projects\quectel\development\customer\threadx\tools\LLVM\4.0.3\armv7m-none-eabi\libc\lib/libc.a(strchrnul.o)	#SHT_PROGBITS,SHF_ALLOC|SHF_EXECINSTR,2
	0x430035cc		$t
	0x430035cd		__strchrnul
	0x430035cd		strchrnul
.text.strcmp	0x43003628	0x14	C:\Users\nikol\projects\quectel\development\customer\threadx\tools\LLVM\4.0.3\armv7m-none-eabi\libc\lib/libc.a(strcmp.o)	#SHT_PROGBITS,SHF_ALLOC|SHF_EXECINSTR,2
	0x43003628		$t
	0x43003629		strcmp
.text.__strdup	0x4300363c	0x22	C:\Users\nikol\projects\quectel\development\customer\threadx\tools\LLVM\4.0.3\armv7m-none-eabi\libc\lib/libc.a(strdup.o)	#SHT_PROGBITS,SHF_ALLOC|SHF_EXECINSTR,2
	0x4300363c		$t
	0x4300363d		__strdup
	0x4300363d		strdup
.text.strlen	0x4300365e	0x34	C:\Users\nikol\projects\quectel\development\customer\threadx\tools\LLVM\4.0.3\armv7m-none-eabi\libc\lib/libc.a(strlen.o)	#SHT_PROGBITS,SHF_ALLOC|SHF_EXECINSTR,2
	0x4300365e		$t
	0x4300365f		strlen
.text.strncpy	0x43003692	0xc	C:\Users\nikol\projects\quectel\development\customer\threadx\tools\LLVM\4.0.3\armv7m-none-eabi\libc\lib/libc.a(strncpy.o)	#SHT_PROGBITS,SHF_ALLOC|SHF_EXECINSTR,2
	0x43003692		$t
	0x43003693		strncpy
PADDING_ALIGNMENT	0x4300369e	0x2	0x0
.text.strtok	0x430036a0	0x50	C:\Users\nikol\projects\quectel\development\customer\threadx\tools\LLVM\4.0.3\armv7m-none-eabi\libc\lib/libc.a(strtok.o)	#SHT_PROGBITS,SHF_ALLOC|SHF_EXECINSTR,4
	0x430036a0		$t
	0x430036a1		strtok
	0x430036ec		$d
.text.__lock	0x430036f0	0x38	C:\Users\nikol\projects\quectel\development\customer\threadx\tools\LLVM\4.0.3\armv7m-none-eabi\libc\lib/libc.a(__lock.o)	#SHT_PROGBITS,SHF_ALLOC|SHF_EXECINSTR,4
	0x430036f0		$t
	0x430036f1		__lock
	0x43003724		$d
.text.__unlock	0x43003728	0x32	C:\Users\nikol\projects\quectel\development\customer\threadx\tools\LLVM\4.0.3\armv7m-none-eabi\libc\lib/libc.a(__lock.o)	#SHT_PROGBITS,SHF_ALLOC|SHF_EXECINSTR,2
	0x43003728		$t
	0x43003729		__unlock
.text.__syscall3	0x4300375a	0xa	C:\Users\nikol\projects\quectel\development\customer\threadx\tools\LLVM\4.0.3\armv7m-none-eabi\libc\lib/libc.a(__lock.o)	#SHT_PROGBITS,SHF_ALLOC|SHF_EXECINSTR,2
	0x4300375a		$t
	0x4300375b		__syscall3
.text.__wait	0x43003764	0x64	C:\Users\nikol\projects\quectel\development\customer\threadx\tools\LLVM\4.0.3\armv7m-none-eabi\libc\lib/libc.a(__wait.o)	#SHT_PROGBITS,SHF_ALLOC|SHF_EXECINSTR,2
	0x43003764		$t
	0x43003765		__wait
.text.__syscall4	0x430037c8	0xa	C:\Users\nikol\projects\quectel\development\customer\threadx\tools\LLVM\4.0.3\armv7m-none-eabi\libc\lib/libc.a(__wait.o)	#SHT_PROGBITS,SHF_ALLOC|SHF_EXECINSTR,2
	0x430037c8		$t
	0x430037c9		__syscall4
.text.a_fetch_add	0x430037d2	0x18	C:\Users\nikol\projects\quectel\development\customer\threadx\tools\LLVM\4.0.3\armv7m-none-eabi\libc\lib/libc.a(__wait.o)	#SHT_PROGBITS,SHF_ALLOC|SHF_EXECINSTR,2
	0x430037d2		$t
	0x430037d3		a_fetch_add
.text.__errno_location	0x430037ea	0x8	C:\Users\nikol\projects\quectel\development\customer\threadx\tools\LLVM\4.0.3\armv7m-none-eabi\libc\lib/libc.a(__errno_location.o)	#SHT_PROGBITS,SHF_ALLOC|SHF_EXECINSTR,2
	0x430037ea		$t
	0x430037eb		__errno_location
.text.dummy	0x430037f2	0x2	C:\Users\nikol\projects\quectel\development\customer\threadx\tools\LLVM\4.0.3\armv7m-none-eabi\libc\lib/libc.a(__lctrans.o)	#SHT_PROGBITS,SHF_ALLOC|SHF_EXECINSTR,2
	0x430037f2		$t
	0x430037f3		dummy
.text.__lctrans	0x430037f4	0x4	C:\Users\nikol\projects\quectel\development\customer\threadx\tools\LLVM\4.0.3\armv7m-none-eabi\libc\lib/libc.a(__lctrans.o)	#SHT_PROGBITS,SHF_ALLOC|SHF_EXECINSTR,2
	0x430037f4		$t
	0x430037f5		__lctrans
.text.__lctrans_cur	0x430037f8	0xe	C:\Users\nikol\projects\quectel\development\customer\threadx\tools\LLVM\4.0.3\armv7m-none-eabi\libc\lib/libc.a(__lctrans.o)	#SHT_PROGBITS,SHF_ALLOC|SHF_EXECINSTR,2
	0x430037f8		$t
	0x430037f9		__lctrans_cur
.text.__lctrans_impl	0x43003806	0x1e	C:\Users\nikol\projects\quectel\development\customer\threadx\tools\LLVM\4.0.3\armv7m-none-eabi\libc\lib/libc.a(locale_map.o)	#SHT_PROGBITS,SHF_ALLOC|SHF_EXECINSTR,2
	0x43003806		$t
	0x43003807		__lctrans_impl
.text.__get_locale	0x43003824	0x1e8	C:\Users\nikol\projects\quectel\development\customer\threadx\tools\LLVM\4.0.3\armv7m-none-eabi\libc\lib/libc.a(locale_map.o)	#SHT_PROGBITS,SHF_ALLOC|SHF_EXECINSTR,4
	0x43003824		$t
	0x43003825		__get_locale
	0x430039e8		$d
.text.dummy	0x43003a0c	0x2	C:\Users\nikol\projects\quectel\development\customer\threadx\tools\LLVM\4.0.3\armv7m-none-eabi\libc\lib/libc.a(munmap.o)	#SHT_PROGBITS,SHF_ALLOC|SHF_EXECINSTR,2
	0x43003a0c		$t
	0x43003a0d		dummy
	0x43003a0d		__vm_wait
.text.__munmap	0x43003a0e	0x1a	C:\Users\nikol\projects\quectel\development\customer\threadx\tools\LLVM\4.0.3\armv7m-none-eabi\libc\lib/libc.a(munmap.o)	#SHT_PROGBITS,SHF_ALLOC|SHF_EXECINSTR,2
	0x43003a0e		$t
	0x43003a0f		__munmap
	0x43003a0f		munmap
.text.__overflow	0x43003a28	0x54	C:\Users\nikol\projects\quectel\development\customer\threadx\tools\LLVM\4.0.3\armv7m-none-eabi\libc\lib/libc.a(__overflow.o)	#SHT_PROGBITS,SHF_ALLOC|SHF_EXECINSTR,2
	0x43003a28		$t
	0x43003a29		__overflow
.text.__towrite	0x43003a7c	0x38	C:\Users\nikol\projects\quectel\development\customer\threadx\tools\LLVM\4.0.3\armv7m-none-eabi\libc\lib/libc.a(__towrite.o)	#SHT_PROGBITS,SHF_ALLOC|SHF_EXECINSTR,2
	0x43003a7c		$t
	0x43003a7d		__towrite
.text.__towrite_needs_stdio_exit	0x43003ab4	0x4	C:\Users\nikol\projects\quectel\development\customer\threadx\tools\LLVM\4.0.3\armv7m-none-eabi\libc\lib/libc.a(__towrite.o)	#SHT_PROGBITS,SHF_ALLOC|SHF_EXECINSTR,2
	0x43003ab4		$t
	0x43003ab5		__towrite_needs_stdio_exit
.text.__lockfile	0x43003ab8	0x4	C:\Users\nikol\projects\quectel\development\customer\threadx\tools\LLVM\4.0.3\armv7m-none-eabi\libc\lib/libc.a(__lockfile.o)	#SHT_PROGBITS,SHF_ALLOC|SHF_EXECINSTR,2
	0x43003ab8		$t
	0x43003ab9		__lockfile
.text.__unlockfile	0x43003abc	0x2	C:\Users\nikol\projects\quectel\development\customer\threadx\tools\LLVM\4.0.3\armv7m-none-eabi\libc\lib/libc.a(__lockfile.o)	#SHT_PROGBITS,SHF_ALLOC|SHF_EXECINSTR,2
	0x43003abc		$t
	0x43003abd		__unlockfile
.text.dummy	0x43003abe	0x2	C:\Users\nikol\projects\quectel\development\customer\threadx\tools\LLVM\4.0.3\armv7m-none-eabi\libc\lib/libc.a(__stdio_close.o)	#SHT_PROGBITS,SHF_ALLOC|SHF_EXECINSTR,2
	0x43003abe		$t
	0x43003abf		dummy
	0x43003abf		__aio_close
.text.__stdio_close	0x43003ac0	0x14	C:\Users\nikol\projects\quectel\development\customer\threadx\tools\LLVM\4.0.3\armv7m-none-eabi\libc\lib/libc.a(__stdio_close.o)	#SHT_PROGBITS,SHF_ALLOC|SHF_EXECINSTR,2
	0x43003ac0		$t
	0x43003ac1		__stdio_close
.text.__stdio_seek	0x43003ad4	0x72	C:\Users\nikol\projects\quectel\development\customer\threadx\tools\LLVM\4.0.3\armv7m-none-eabi\libc\lib/libc.a(__stdio_seek.o)	#SHT_PROGBITS,SHF_ALLOC|SHF_EXECINSTR,2
	0x43003ad4		$t
	0x43003ad5		__stdio_seek
.text.__stdio_write	0x43003b46	0xfe	C:\Users\nikol\projects\quectel\development\customer\threadx\tools\LLVM\4.0.3\armv7m-none-eabi\libc\lib/libc.a(__stdio_write.o)	#SHT_PROGBITS,SHF_ALLOC|SHF_EXECINSTR,2
	0x43003b46		$t
	0x43003b47		__stdio_write
.text.__stpncpy	0x43003c44	0x68	C:\Users\nikol\projects\quectel\development\customer\threadx\tools\LLVM\4.0.3\armv7m-none-eabi\libc\lib/libc.a(stpncpy.o)	#SHT_PROGBITS,SHF_ALLOC|SHF_EXECINSTR,2
	0x43003c44		$t
	0x43003c45		__stpncpy
	0x43003c45		stpncpy
.text.strcspn	0x43003cac	0x6a	C:\Users\nikol\projects\quectel\development\customer\threadx\tools\LLVM\4.0.3\armv7m-none-eabi\libc\lib/libc.a(strcspn.o)	#SHT_PROGBITS,SHF_ALLOC|SHF_EXECINSTR,2
	0x43003cac		$t
	0x43003cad		strcspn
.text.strspn	0x43003d16	0x74	C:\Users\nikol\projects\quectel\development\customer\threadx\tools\LLVM\4.0.3\armv7m-none-eabi\libc\lib/libc.a(strspn.o)	#SHT_PROGBITS,SHF_ALLOC|SHF_EXECINSTR,2
	0x43003d16		$t
	0x43003d17		strspn
PADDING_ALIGNMENT	0x43003d8a	0x2	0x0
.text.__map_file	0x43003d8c	0x58	C:\Users\nikol\projects\quectel\development\customer\threadx\tools\LLVM\4.0.3\armv7m-none-eabi\libc\lib/libc.a(__map_file.o)	#SHT_PROGBITS,SHF_ALLOC|SHF_EXECINSTR,4
	0x43003d8c		$t
	0x43003d8d		__map_file
	0x43003de0		$d
.text.getenv	0x43003de4	0x5c	C:\Users\nikol\projects\quectel\development\customer\threadx\tools\LLVM\4.0.3\armv7m-none-eabi\libc\lib/libc.a(getenv.o)	#SHT_PROGBITS,SHF_ALLOC|SHF_EXECINSTR,4
	0x43003de4		$t
	0x43003de5		getenv
	0x43003e3c		$d
.text.__syscall_ret	0x43003e40	0x20	C:\Users\nikol\projects\quectel\development\customer\threadx\tools\LLVM\4.0.3\armv7m-none-eabi\libc\lib/libc.a(syscall_ret.o)	#SHT_PROGBITS,SHF_ALLOC|SHF_EXECINSTR,4
	0x43003e40		$t
	0x43003e41		__syscall_ret
	0x43003e5c		$d
.text.__mo_lookup	0x43003e60	0xd8	C:\Users\nikol\projects\quectel\development\customer\threadx\tools\LLVM\4.0.3\armv7m-none-eabi\libc\lib/libc.a(__mo_lookup.o)	#SHT_PROGBITS,SHF_ALLOC|SHF_EXECINSTR,4
	0x43003e60		$t
	0x43003e61		__mo_lookup
	0x43003f34		$d
.text.dummy	0x43003f38	0x2	C:\Users\nikol\projects\quectel\development\customer\threadx\tools\LLVM\4.0.3\armv7m-none-eabi\libc\lib/libc.a(mmap.o)	#SHT_PROGBITS,SHF_ALLOC|SHF_EXECINSTR,2
	0x43003f38		$t
	0x43003f39		dummy
PADDING_ALIGNMENT	0x43003f3a	0x2	0x0
.text.__mmap	0x43003f3c	0x60	C:\Users\nikol\projects\quectel\development\customer\threadx\tools\LLVM\4.0.3\armv7m-none-eabi\libc\lib/libc.a(mmap.o)	#SHT_PROGBITS,SHF_ALLOC|SHF_EXECINSTR,4
	0x43003f3c		$t
	0x43003f3d		__mmap
	0x43003f3d		mmap
	0x43003f3d		mmap64
	0x43003f98		$d
.text.__stdio_exit	0x43003f9c	0x30	C:\Users\nikol\projects\quectel\development\customer\threadx\tools\LLVM\4.0.3\armv7m-none-eabi\libc\lib/libc.a(__stdio_exit.o)	#SHT_PROGBITS,SHF_ALLOC|SHF_EXECINSTR,4
	0x43003f9c		$t
	0x43003f9d		__stdio_exit
	0x43003f9d		__stdio_exit_needed
	0x43003fc4		$d
.text.close_file	0x43003fcc	0x3c	C:\Users\nikol\projects\quectel\development\customer\threadx\tools\LLVM\4.0.3\armv7m-none-eabi\libc\lib/libc.a(__stdio_exit.o)	#SHT_PROGBITS,SHF_ALLOC|SHF_EXECINSTR,2
	0x43003fcc		$t
	0x43003fcd		close_file
.text.__ofl_lock	0x43004008	0x8	C:\Users\nikol\projects\quectel\development\customer\threadx\tools\LLVM\4.0.3\armv7m-none-eabi\libc\lib/libc.a(ofl.o)	#SHT_PROGBITS,SHF_ALLOC|SHF_EXECINSTR,4
	0x43004008		$t
	0x43004009		__ofl_lock
	0x4300400c		$d
.text.__ofl_unlock	0x43004010	0x2	C:\Users\nikol\projects\quectel\development\customer\threadx\tools\LLVM\4.0.3\armv7m-none-eabi\libc\lib/libc.a(ofl.o)	#SHT_PROGBITS,SHF_ALLOC|SHF_EXECINSTR,2
	0x43004010		$t
	0x43004011		__ofl_unlock
.text.__aeabi_memclr	0x43004012	0x8	C:\Users\nikol\projects\quectel\development\customer\threadx\tools\LLVM\4.0.3\armv7m-none-eabi\libc\lib/libc.a(__aeabi_memclr.o)	#SHT_PROGBITS,SHF_ALLOC|SHF_EXECINSTR,2
	0x43004012		$t
	0x43004013		__aeabi_memclr
	0x43004013		__aeabi_memclr4
	0x43004013		__aeabi_memclr8
.text.strchr	0x4300401a	0x14	C:\Users\nikol\projects\quectel\development\customer\threadx\tools\LLVM\4.0.3\armv7m-none-eabi\libc\lib/libc.a(strchr.o)	#SHT_PROGBITS,SHF_ALLOC|SHF_EXECINSTR,2
	0x4300401a		$t
	0x4300401b		strchr
.text.strncmp	0x4300402e	0x28	C:\Users\nikol\projects\quectel\development\customer\threadx\tools\LLVM\4.0.3\armv7m-none-eabi\libc\lib/libc.a(strncmp.o)	#SHT_PROGBITS,SHF_ALLOC|SHF_EXECINSTR,2
	0x4300402e		$t
	0x4300402f		strncmp
PADDING_ALIGNMENT	0x43004056	0x2	0x0
.text	0x43004058	0x14	C:\Users\nikol\projects\quectel\development\customer\threadx\tools\LLVM\4.0.3\lib\clang\4.0.3\lib\baremetal/libclang_rt.builtins-armv7m.a(aeabi_uldivmod.S.obj)	#SHT_PROGBITS,SHF_ALLOC|SHF_EXECINSTR,4
	0x43004058		$t.0
	0x43004059		__aeabi_uldivmod
.text.__udivmoddi4	0x4300406c	0x1d4	C:\Users\nikol\projects\quectel\development\customer\threadx\tools\LLVM\4.0.3\lib\clang\4.0.3\lib\baremetal/libclang_rt.builtins-armv7m.a(udivmoddi4.c.obj)	#SHT_PROGBITS,SHF_ALLOC|SHF_EXECINSTR,2
	0x4300406c		$t.0
	0x4300406d		__udivmoddi4
*(Init )
*(.rodata .rodata.* )
.rodata.str1.1	0x43004240	0xb	out/common/src/retarget.o	#SHT_PROGBITS,SHF_ALLOC|SHF_MERGE|SHF_STRINGS,1
	0x43004240		.L.str
.rodata.str1.1	0x4300424b	0x10	out/common/src/retarget.o	#SHT_PROGBITS,SHF_ALLOC|SHF_MERGE|SHF_STRINGS,1
	0x4300424b		.L.str.1
.rodata.str1.1	0x4300425b	0xa	out/common/src/retarget.o	#SHT_PROGBITS,SHF_ALLOC|SHF_MERGE|SHF_STRINGS,1
	0x4300425b		.L.str.2
.rodata.str1.1	0x43004265	0x8	out/common/src/malloc.o	#SHT_PROGBITS,SHF_ALLOC|SHF_MERGE|SHF_STRINGS,1
	0x43004265		.L.str.1
.rodata.str1.1	0x4300426d	0x28	out/common/src/malloc.o	#SHT_PROGBITS,SHF_ALLOC|SHF_MERGE|SHF_STRINGS,1
	0x4300426d		.L.str.3
PADDING_ALIGNMENT	0x43004295	0xb	0x0
.rodata.str1.16	0x430042a0	0x1d6	out/common/src/malloc.o	#SHT_PROGBITS,SHF_ALLOC|SHF_MERGE|SHF_STRINGS,16
	0x430042a0		.Lstr
	0x430042e0		.Lstr.9
	0x43004320		.Lstr.10
	0x43004360		.Lstr.12
	0x430043a0		.Lstr.13
	0x430043f0		.Lstr.14
	0x43004430		.Lstr.15
.rodata.str1.1	0x43004476	0x7	out/common/src/printf.o	#SHT_PROGBITS,SHF_ALLOC|SHF_MERGE|SHF_STRINGS,1
	0x43004476		.L.str
.rodata.str1.1	0x4300447d	0x4	out/common/src/printf.o	#SHT_PROGBITS,SHF_ALLOC|SHF_MERGE|SHF_STRINGS,1
	0x4300447d		.L.str.1
.rodata.str1.1	0x43004481	0x5	out/common/src/printf.o	#SHT_PROGBITS,SHF_ALLOC|SHF_MERGE|SHF_STRINGS,1
	0x43004481		.L.str.2
.rodata.str1.1	0x43004486	0x5	out/common/src/printf.o	#SHT_PROGBITS,SHF_ALLOC|SHF_MERGE|SHF_STRINGS,1
	0x43004486		.L.str.3
.rodata.str1.1	0x4300448b	0x4	out/common/src/printf.o	#SHT_PROGBITS,SHF_ALLOC|SHF_MERGE|SHF_STRINGS,1
	0x4300448b		.L.str.4
PADDING_ALIGNMENT	0x4300448f	0x1	0x0
.rodata	0x43004490	0x50	out/common/src/printf.o	#SHT_PROGBITS,SHF_ALLOC,8
	0x43004490		_ftoa.pow10
.rodata.str1.1	0x430044e0	0x2	out/common/src/file.o	#SHT_PROGBITS,SHF_ALLOC|SHF_MERGE|SHF_STRINGS,1
	0x430044e0		.L.str
.rodata.str1.1	0x430044e2	0x3	out/common/src/file.o	#SHT_PROGBITS,SHF_ALLOC|SHF_MERGE|SHF_STRINGS,1
	0x430044e2		.L.str.1
.rodata.str1.1	0x430044e5	0x3	out/common/src/file.o	#SHT_PROGBITS,SHF_ALLOC|SHF_MERGE|SHF_STRINGS,1
	0x430044e5		.L.str.2
.rodata.str1.1	0x430044e8	0x2	out/common/src/file.o	#SHT_PROGBITS,SHF_ALLOC|SHF_MERGE|SHF_STRINGS,1
	0x430044e8		.L.str.3
.rodata.str1.1	0x430044ea	0x3	out/common/src/file.o	#SHT_PROGBITS,SHF_ALLOC|SHF_MERGE|SHF_STRINGS,1
	0x430044ea		.L.str.4
.rodata.str1.1	0x430044ed	0x2	out/common/src/file.o	#SHT_PROGBITS,SHF_ALLOC|SHF_MERGE|SHF_STRINGS,1
	0x430044ed		.L.str.5
.rodata.str1.1	0x430044ef	0x3	out/common/src/file.o	#SHT_PROGBITS,SHF_ALLOC|SHF_MERGE|SHF_STRINGS,1
	0x430044ef		.L.str.6
.rodata.str1.1	0x430044f2	0x5	out/common/src/cli.o	#SHT_PROGBITS,SHF_ALLOC|SHF_MERGE|SHF_STRINGS,1
	0x430044f2		.L.str
.rodata.str1.1	0x430044f7	0x8	out/common/src/cli.o	#SHT_PROGBITS,SHF_ALLOC|SHF_MERGE|SHF_STRINGS,1
	0x430044f7		.L.str.1
.rodata.str1.1	0x430044ff	0x5	out/common/src/cli.o	#SHT_PROGBITS,SHF_ALLOC|SHF_MERGE|SHF_STRINGS,1
	0x430044ff		.L.str.2
.rodata.str1.1	0x43004504	0x2	out/common/src/cli.o	#SHT_PROGBITS,SHF_ALLOC|SHF_MERGE|SHF_STRINGS,1
	0x43004504		.L.str.3
.rodata.str1.1	0x43004506	0x3	out/common/src/cli.o	#SHT_PROGBITS,SHF_ALLOC|SHF_MERGE|SHF_STRINGS,1
	0x43004506		.L.str.4
.rodata.str1.1	0x43004509	0x5	out/common/src/cli.o	#SHT_PROGBITS,SHF_ALLOC|SHF_MERGE|SHF_STRINGS,1
	0x43004509		.L.str.5
.rodata.str1.1	0x4300450e	0xa	out/common/src/cli.o	#SHT_PROGBITS,SHF_ALLOC|SHF_MERGE|SHF_STRINGS,1
	0x4300450e		.L.str.6
.rodata.str1.1	0x43004518	0x4	out/common/src/cli.o	#SHT_PROGBITS,SHF_ALLOC|SHF_MERGE|SHF_STRINGS,1
	0x43004518		.L.str.7
.rodata.str1.1	0x4300451c	0x59	out/common/src/cli.o	#SHT_PROGBITS,SHF_ALLOC|SHF_MERGE|SHF_STRINGS,1
	0x4300451c		.L.str.9
.rodata.str1.1	0x43004575	0x2	out/main.o	#SHT_PROGBITS,SHF_ALLOC|SHF_MERGE|SHF_STRINGS,1
	0x43004575		.L.str
.rodata.str1.1	0x43004577	0x5	out/main.o	#SHT_PROGBITS,SHF_ALLOC|SHF_MERGE|SHF_STRINGS,1
	0x43004577		.L.str.1
.rodata.str1.1	0x4300457c	0x3	out/main.o	#SHT_PROGBITS,SHF_ALLOC|SHF_MERGE|SHF_STRINGS,1
	0x4300457c		.L.str.2
.rodata.str1.1	0x4300457f	0xa	out/main.o	#SHT_PROGBITS,SHF_ALLOC|SHF_MERGE|SHF_STRINGS,1
	0x4300457f		.L.str.3
PADDING_ALIGNMENT	0x43004589	0x3	0x0
.rodata.cst16	0x4300458c	0x10	C:\Users\nikol\projects\quectel\development\customer\threadx\tools\LLVM\4.0.3\armv7m-none-eabi\libc\lib/libc.a(setlocale.o)	#SHT_PROGBITS,SHF_ALLOC|SHF_MERGE,4
	0x4300458c		$d
.rodata.str1.1	0x4300459c	0x18	C:\Users\nikol\projects\quectel\development\customer\threadx\tools\LLVM\4.0.3\armv7m-none-eabi\libc\lib/libc.a(getopt.o)	#SHT_PROGBITS,SHF_ALLOC|SHF_MERGE|SHF_STRINGS,1
.rodata.str1.1	0x430045b4	0x20	C:\Users\nikol\projects\quectel\development\customer\threadx\tools\LLVM\4.0.3\armv7m-none-eabi\libc\lib/libc.a(getopt.o)	#SHT_PROGBITS,SHF_ALLOC|SHF_MERGE|SHF_STRINGS,1
.rodata.stderr	0x430045d4	0x4	C:\Users\nikol\projects\quectel\development\customer\threadx\tools\LLVM\4.0.3\armv7m-none-eabi\libc\lib/libc.a(stderr.o)	#SHT_PROGBITS,SHF_ALLOC,4
	0x430045d4		$d
	0x430045d4		stderr
.rodata.str1.1	0x430045d8	0x7	C:\Users\nikol\projects\quectel\development\customer\threadx\tools\LLVM\4.0.3\armv7m-none-eabi\libc\lib/libc.a(locale_map.o)	#SHT_PROGBITS,SHF_ALLOC|SHF_MERGE|SHF_STRINGS,1
.rodata.str1.1	0x430045df	0x5	C:\Users\nikol\projects\quectel\development\customer\threadx\tools\LLVM\4.0.3\armv7m-none-eabi\libc\lib/libc.a(locale_map.o)	#SHT_PROGBITS,SHF_ALLOC|SHF_MERGE|SHF_STRINGS,1
.rodata.str1.1	0x430045e4	0x8	C:\Users\nikol\projects\quectel\development\customer\threadx\tools\LLVM\4.0.3\armv7m-none-eabi\libc\lib/libc.a(locale_map.o)	#SHT_PROGBITS,SHF_ALLOC|SHF_MERGE|SHF_STRINGS,1
.rodata.str1.1	0x430045ec	0x6	C:\Users\nikol\projects\quectel\development\customer\threadx\tools\LLVM\4.0.3\armv7m-none-eabi\libc\lib/libc.a(locale_map.o)	#SHT_PROGBITS,SHF_ALLOC|SHF_MERGE|SHF_STRINGS,1
.rodata.str1.1	0x430045f2	0xd	C:\Users\nikol\projects\quectel\development\customer\threadx\tools\LLVM\4.0.3\armv7m-none-eabi\libc\lib/libc.a(locale_map.o)	#SHT_PROGBITS,SHF_ALLOC|SHF_MERGE|SHF_STRINGS,1
.rodata.envvars	0x430045ff	0x48	C:\Users\nikol\projects\quectel\development\customer\threadx\tools\LLVM\4.0.3\armv7m-none-eabi\libc\lib/libc.a(locale_map.o)	#SHT_PROGBITS,SHF_ALLOC,1
	0x430045ff		envvars
PADDING_ALIGNMENT	0x43004647	0x1	0x0
.rodata.__fsmu8	0x43004648	0xcc	C:\Users\nikol\projects\quectel\development\customer\threadx\tools\LLVM\4.0.3\armv7m-none-eabi\libc\lib/libc.a(internal.o)	#SHT_PROGBITS,SHF_ALLOC,4
	0x43004648		$d
	0x43004648		__fsmu8
.rodata.empty_mo	0x43004714	0x14	C:\Users\nikol\projects\quectel\development\customer\threadx\tools\LLVM\4.0.3\armv7m-none-eabi\libc\lib/libc.a(c_locale.o)	#SHT_PROGBITS,SHF_ALLOC,4
	0x43004714		empty_mo
	0x43004714		$d
.rodata.__c_dot_utf8	0x43004728	0x1c	C:\Users\nikol\projects\quectel\development\customer\threadx\tools\LLVM\4.0.3\armv7m-none-eabi\libc\lib/libc.a(c_locale.o)	#SHT_PROGBITS,SHF_ALLOC,4
	0x43004728		$d
	0x43004728		__c_dot_utf8
	Image$$ER_RO$$Limit(0x43004744) = .( 0x43004744 );
Image$$ER_RO$$Length(0x4744) = Image$$ER_RO$$Limit( 0x43004744 ) - Image$$ER_RO$$Base( 0x43000000 );

ER_RW	0x43004750	0x150 # Offset: 0x47b0, LMA: 0x43004750
	Image$$ER_RW$$Base(0x43004750) = .( 0x43004750 );
KEEP (*(.data .data.* ))
.data	0x43004750	0x8	out/common/src/cli.o	#SHT_PROGBITS,SHF_ALLOC|SHF_WRITE,4
	0x43004750		CLI_CMD_HELP
	0x43004754		CLI_CMD_MEMINFO
PADDING_ALIGNMENT	0x43004758	0x8	0x0
.data..L_MergedGlobals	0x43004760	0x70	C:\Users\nikol\projects\quectel\development\customer\threadx\tools\LLVM\4.0.3\armv7m-none-eabi\libc\lib/libc.a(setlocale.o)	#SHT_PROGBITS,SHF_ALLOC|SHF_WRITE,16
	0x43004760		$d
	0x43004760		setlocale.lock
	0x43004768		buf
.data..L_MergedGlobals	0x430047d0	0xc	C:\Users\nikol\projects\quectel\development\customer\threadx\tools\LLVM\4.0.3\armv7m-none-eabi\libc\lib/libc.a(getopt.o)	#SHT_PROGBITS,SHF_ALLOC|SHF_WRITE,4
	0x430047d0		$d
	0x430047d0		optind
	0x430047d4		opterr
	0x430047d8		optreset
	0x430047d8		__optreset
PADDING_ALIGNMENT	0x430047dc	0x4	0x0
.data.f	0x430047e0	0x90	C:\Users\nikol\projects\quectel\development\customer\threadx\tools\LLVM\4.0.3\armv7m-none-eabi\libc\lib/libc.a(stderr.o)	#SHT_PROGBITS,SHF_ALLOC|SHF_WRITE,8
	0x430047e0		f
	0x430047e0		$d
.data.__stderr_used	0x43004870	0x4	C:\Users\nikol\projects\quectel\development\customer\threadx\tools\LLVM\4.0.3\armv7m-none-eabi\libc\lib/libc.a(stderr.o)	#SHT_PROGBITS,SHF_ALLOC|SHF_WRITE,4
	0x43004870		$d
	0x43004870		__stderr_used
.data.buf	0x43004874	0x8	C:\Users\nikol\projects\quectel\development\customer\threadx\tools\LLVM\4.0.3\armv7m-none-eabi\libc\lib/libc.a(stderr.o)	#SHT_PROGBITS,SHF_ALLOC|SHF_WRITE,1
	0x43004874		buf
	0x43004874		$d
.data.strtok.p	0x4300487c	0x4	C:\Users\nikol\projects\quectel\development\customer\threadx\tools\LLVM\4.0.3\armv7m-none-eabi\libc\lib/libc.a(strtok.o)	#SHT_PROGBITS,SHF_ALLOC|SHF_WRITE,4
	0x4300487c		strtok.p
	0x4300487c		$d
.data.__progname	0x43004880	0x4	C:\Users\nikol\projects\quectel\development\customer\threadx\tools\LLVM\4.0.3\armv7m-none-eabi\libc\lib/libc.a(libc.o)	#SHT_PROGBITS,SHF_ALLOC|SHF_WRITE,4
	0x43004880		$d
	0x43004880		__progname
	0x43004880		program_invocation_short_name
.data.__progname_full	0x43004884	0x4	C:\Users\nikol\projects\quectel\development\customer\threadx\tools\LLVM\4.0.3\armv7m-none-eabi\libc\lib/libc.a(libc.o)	#SHT_PROGBITS,SHF_ALLOC|SHF_WRITE,4
	0x43004884		$d
	0x43004884		__progname_full
	0x43004884		program_invocation_name
.data..L_MergedGlobals	0x43004888	0xc	C:\Users\nikol\projects\quectel\development\customer\threadx\tools\LLVM\4.0.3\armv7m-none-eabi\libc\lib/libc.a(locale_map.o)	#SHT_PROGBITS,SHF_ALLOC|SHF_WRITE,4
	0x43004888		$d
	0x43004888		__get_locale.loc_head
	0x4300488c		__get_locale.lock
.data.dummy_file	0x43004894	0x4	C:\Users\nikol\projects\quectel\development\customer\threadx\tools\LLVM\4.0.3\armv7m-none-eabi\libc\lib/libc.a(__stdio_exit.o)	#SHT_PROGBITS,SHF_ALLOC|SHF_WRITE,4
	0x43004894		dummy_file
	0x43004894		$d
	0x43004894		__stdin_used
	0x43004894		__stdout_used
.data.ofl_head	0x43004898	0x4	C:\Users\nikol\projects\quectel\development\customer\threadx\tools\LLVM\4.0.3\armv7m-none-eabi\libc\lib/libc.a(ofl.o)	#SHT_PROGBITS,SHF_ALLOC|SHF_WRITE,4
	0x43004898		ofl_head
	0x43004898		$d
.data.__environ	0x4300489c	0x4	C:\Users\nikol\projects\quectel\development\customer\threadx\tools\LLVM\4.0.3\armv7m-none-eabi\libc\lib/libc.a(__environ.o)	#SHT_PROGBITS,SHF_ALLOC|SHF_WRITE,4
	0x4300489c		$d
	0x4300489c		__environ
	0x4300489c		___environ
	0x4300489c		_environ
	0x4300489c		environ
	Image$$ER_RW$$Limit(0x430048a0) = .( 0x430048a0 );
Image$$ER_RW$$Length(0x150) = Image$$ER_RW$$Limit( 0x430048a0 ) - Image$$ER_RW$$Base( 0x43004750 );

ER_ZI	0x430048a0	0x80408 # Offset: 0x4900, LMA: 0x430048a0
	Image$$ER_ZI$$Base(0x430048a0) = .( 0x430048a0 );
*(.bss* .bss.* .common COMMON )
	0x430048a0	0x80	out/common/src/retarget.o	#SHT_NOBITS,SHF_ALLOC|SHF_WRITE,8
	0x430048a0		stdin_buf
	0x43004920	0x4	out/common/src/retarget.o	#SHT_NOBITS,SHF_ALLOC|SHF_WRITE,8
	0x43004920		in_tx_sem
	0x43004924	0x4	out/common/src/retarget.o	#SHT_NOBITS,SHF_ALLOC|SHF_WRITE,8
	0x43004924		out_tx_done_sem
	0x43004928	0x4	out/common/src/retarget.o	#SHT_NOBITS,SHF_ALLOC|SHF_WRITE,8
	0x43004928		out_tx_mutex
	0x4300492c	0x80000	out/common/src/malloc.o	#SHT_NOBITS,SHF_ALLOC|SHF_WRITE,8
	0x4300492c		mem_heap
	0x4308492c	0x4	out/common/src/malloc.o	#SHT_NOBITS,SHF_ALLOC|SHF_WRITE,8
	0x4308492c		byte_malloc_mem_pool
	0x43084930	0x4	../../../../../Quectel_BG96_QuecOpen_SDK_Package_V3.0.1-AUS/SDK/libs/llvm\txm_lib.lib(txm_module_thread_shell_entry.o)	#SHT_NOBITS,SHF_ALLOC|SHF_WRITE,8
	0x43084930		_txm_module_entry_info
	0x43084934	0x4	../../../../../Quectel_BG96_QuecOpen_SDK_Package_V3.0.1-AUS/SDK/libs/llvm\txm_lib.lib(txm_module_thread_shell_entry.o)	#SHT_NOBITS,SHF_ALLOC|SHF_WRITE,8
	0x43084934		_txm_module_instance_ptr
	0x43084938	0x4	../../../../../Quectel_BG96_QuecOpen_SDK_Package_V3.0.1-AUS/SDK/libs/llvm\txm_lib.lib(txm_module_thread_shell_entry.o)	#SHT_NOBITS,SHF_ALLOC|SHF_WRITE,8
	0x43084938		_txm_module_kernel_call_dispatcher
	0x4308493c	0x40	C:\Users\nikol\projects\quectel\development\customer\threadx\tools\LLVM\4.0.3\armv7m-none-eabi\libc\lib/libc.a(libc.o)	#SHT_NOBITS,SHF_ALLOC|SHF_WRITE,8
	0x4308493c		__libc
	0x4308497c	0x4	C:\Users\nikol\projects\quectel\development\customer\threadx\tools\LLVM\4.0.3\armv7m-none-eabi\libc\lib/libc.a(getopt.o)	#SHT_NOBITS,SHF_ALLOC|SHF_WRITE,8
	0x4308497c		__optpos
	0x43084980	0x4	C:\Users\nikol\projects\quectel\development\customer\threadx\tools\LLVM\4.0.3\armv7m-none-eabi\libc\lib/libc.a(getopt.o)	#SHT_NOBITS,SHF_ALLOC|SHF_WRITE,8
	0x43084980		optarg
	0x43084984	0x4	C:\Users\nikol\projects\quectel\development\customer\threadx\tools\LLVM\4.0.3\armv7m-none-eabi\libc\lib/libc.a(getopt.o)	#SHT_NOBITS,SHF_ALLOC|SHF_WRITE,8
	0x43084984		optopt
.bss	0x43084988	0x204	out/common/src/retarget.o	#SHT_NOBITS,SHF_ALLOC|SHF_WRITE,4
	0x43084988		handle
	0x4308498c		__wrap_printf.stdout_buf
PADDING_ALIGNMENT	0x43084b8c	0x4	0x0
.bss	0x43084b90	0x118	out/common/src/file.o	#SHT_NOBITS,SHF_ALLOC|SHF_WRITE,8
	0x43084b90		readdir.d
	Image$$ER_ZI$$Limit(0x43084ca8) = .( 0x43084ca8 );
Image$$ER_ZI$$ZI$$Length(0x80408) = Image$$ER_ZI$$Limit( 0x43084ca8 ) - Image$$ER_ZI$$Base( 0x430048a0 );

.debug	0x0	0x0 # Offset: 0x0

.line	0x0	0x0 # Offset: 0x0

.debug_srcinfo	0x0	0x0 # Offset: 0x0

.debug_sfnames	0x0	0x0 # Offset: 0x0

.debug_aranges	0x0	0x0 # Offset: 0x0

.debug_pubnames	0x4900	0x19f # Offset: 0x4900
*(.debug_pubnames )
.debug_pubnames	0x4900	0xa2	../../../../../Quectel_BG96_QuecOpen_SDK_Package_V3.0.1-AUS/SDK/libs/llvm\txm_lib.lib(txm_module_thread_shell_entry.o)	#SHT_PROGBITS,,1
.debug_pubnames	0x49a2	0x40	../../../../../Quectel_BG96_QuecOpen_SDK_Package_V3.0.1-AUS/SDK/libs/llvm\txm_lib.lib(txm_module_callback_request_thread_entry.o)	#SHT_PROGBITS,,1
.debug_pubnames	0x49e2	0x30	../../../../../Quectel_BG96_QuecOpen_SDK_Package_V3.0.1-AUS/SDK/libs/llvm\txm_lib.lib(txm_module_system_call12.o)	#SHT_PROGBITS,,1
.debug_pubnames	0x4a12	0x2f	../../../../../Quectel_BG96_QuecOpen_SDK_Package_V3.0.1-AUS/SDK/libs/llvm\txm_lib.lib(txm_module_system_call4.o)	#SHT_PROGBITS,,1
.debug_pubnames	0x4a41	0x2f	../../../../../Quectel_BG96_QuecOpen_SDK_Package_V3.0.1-AUS/SDK/libs/llvm\txm_lib.lib(txm_module_system_call5.o)	#SHT_PROGBITS,,1
.debug_pubnames	0x4a70	0x2f	../../../../../Quectel_BG96_QuecOpen_SDK_Package_V3.0.1-AUS/SDK/libs/llvm\txm_lib.lib(txm_module_system_call7.o)	#SHT_PROGBITS,,1

.debug_info	0x4a9f	0x20d6 # Offset: 0x4a9f
*(.debug_info .gnu.linkonce.wi.* )
.debug_info	0x4a9f	0xcd5	../../../../../Quectel_BG96_QuecOpen_SDK_Package_V3.0.1-AUS/SDK/libs/llvm\txm_lib.lib(txm_module_thread_shell_entry.o)	#SHT_PROGBITS,,1
.debug_info	0x5774	0x1019	../../../../../Quectel_BG96_QuecOpen_SDK_Package_V3.0.1-AUS/SDK/libs/llvm\txm_lib.lib(txm_module_callback_request_thread_entry.o)	#SHT_PROGBITS,,1
.debug_info	0x678d	0x145	../../../../../Quectel_BG96_QuecOpen_SDK_Package_V3.0.1-AUS/SDK/libs/llvm\txm_lib.lib(txm_module_system_call12.o)	#SHT_PROGBITS,,1
.debug_info	0x68d2	0xcd	../../../../../Quectel_BG96_QuecOpen_SDK_Package_V3.0.1-AUS/SDK/libs/llvm\txm_lib.lib(txm_module_system_call4.o)	#SHT_PROGBITS,,1
.debug_info	0x699f	0xdc	../../../../../Quectel_BG96_QuecOpen_SDK_Package_V3.0.1-AUS/SDK/libs/llvm\txm_lib.lib(txm_module_system_call5.o)	#SHT_PROGBITS,,1
.debug_info	0x6a7b	0xfa	../../../../../Quectel_BG96_QuecOpen_SDK_Package_V3.0.1-AUS/SDK/libs/llvm\txm_lib.lib(txm_module_system_call7.o)	#SHT_PROGBITS,,1

.debug_abbrev	0x6b75	0x401 # Offset: 0x6b75
*(.debug_abbrev )
.debug_abbrev	0x6b75	0xe2	../../../../../Quectel_BG96_QuecOpen_SDK_Package_V3.0.1-AUS/SDK/libs/llvm\txm_lib.lib(txm_module_thread_shell_entry.o)	#SHT_PROGBITS,,1
.debug_abbrev	0x6c57	0xeb	../../../../../Quectel_BG96_QuecOpen_SDK_Package_V3.0.1-AUS/SDK/libs/llvm\txm_lib.lib(txm_module_callback_request_thread_entry.o)	#SHT_PROGBITS,,1
.debug_abbrev	0x6d42	0x8d	../../../../../Quectel_BG96_QuecOpen_SDK_Package_V3.0.1-AUS/SDK/libs/llvm\txm_lib.lib(txm_module_system_call12.o)	#SHT_PROGBITS,,1
.debug_abbrev	0x6dcf	0x8d	../../../../../Quectel_BG96_QuecOpen_SDK_Package_V3.0.1-AUS/SDK/libs/llvm\txm_lib.lib(txm_module_system_call4.o)	#SHT_PROGBITS,,1
.debug_abbrev	0x6e5c	0x8d	../../../../../Quectel_BG96_QuecOpen_SDK_Package_V3.0.1-AUS/SDK/libs/llvm\txm_lib.lib(txm_module_system_call5.o)	#SHT_PROGBITS,,1
.debug_abbrev	0x6ee9	0x8d	../../../../../Quectel_BG96_QuecOpen_SDK_Package_V3.0.1-AUS/SDK/libs/llvm\txm_lib.lib(txm_module_system_call7.o)	#SHT_PROGBITS,,1

.debug_line	0x6f76	0x9fb # Offset: 0x6f76
*(.debug_line )
.debug_line	0x6f76	0x1c2	../../../../../Quectel_BG96_QuecOpen_SDK_Package_V3.0.1-AUS/SDK/libs/llvm\txm_lib.lib(txm_module_thread_shell_entry.o)	#SHT_PROGBITS,,1
.debug_line	0x7138	0x27c	../../../../../Quectel_BG96_QuecOpen_SDK_Package_V3.0.1-AUS/SDK/libs/llvm\txm_lib.lib(txm_module_callback_request_thread_entry.o)	#SHT_PROGBITS,,1
.debug_line	0x73b4	0x175	../../../../../Quectel_BG96_QuecOpen_SDK_Package_V3.0.1-AUS/SDK/libs/llvm\txm_lib.lib(txm_module_system_call12.o)	#SHT_PROGBITS,,1
.debug_line	0x7529	0x16c	../../../../../Quectel_BG96_QuecOpen_SDK_Package_V3.0.1-AUS/SDK/libs/llvm\txm_lib.lib(txm_module_system_call4.o)	#SHT_PROGBITS,,1
.debug_line	0x7695	0x16d	../../../../../Quectel_BG96_QuecOpen_SDK_Package_V3.0.1-AUS/SDK/libs/llvm\txm_lib.lib(txm_module_system_call5.o)	#SHT_PROGBITS,,1
.debug_line	0x7802	0x16f	../../../../../Quectel_BG96_QuecOpen_SDK_Package_V3.0.1-AUS/SDK/libs/llvm\txm_lib.lib(txm_module_system_call7.o)	#SHT_PROGBITS,,1

.debug_frame	0x7971	0x10c # Offset: 0x7971
*(.debug_frame )
.debug_frame	0x7971	0x2c	../../../../../Quectel_BG96_QuecOpen_SDK_Package_V3.0.1-AUS/SDK/libs/llvm\txm_lib.lib(txm_module_thread_shell_entry.o)	#SHT_PROGBITS,,4
.debug_frame	0x799d	0x3c	../../../../../Quectel_BG96_QuecOpen_SDK_Package_V3.0.1-AUS/SDK/libs/llvm\txm_lib.lib(txm_module_callback_request_thread_entry.o)	#SHT_PROGBITS,,4
.debug_frame	0x79d9	0x2c	../../../../../Quectel_BG96_QuecOpen_SDK_Package_V3.0.1-AUS/SDK/libs/llvm\txm_lib.lib(txm_module_system_call12.o)	#SHT_PROGBITS,,4
.debug_frame	0x7a05	0x28	../../../../../Quectel_BG96_QuecOpen_SDK_Package_V3.0.1-AUS/SDK/libs/llvm\txm_lib.lib(txm_module_system_call4.o)	#SHT_PROGBITS,,4
.debug_frame	0x7a2d	0x28	../../../../../Quectel_BG96_QuecOpen_SDK_Package_V3.0.1-AUS/SDK/libs/llvm\txm_lib.lib(txm_module_system_call5.o)	#SHT_PROGBITS,,4
.debug_frame	0x7a55	0x28	../../../../../Quectel_BG96_QuecOpen_SDK_Package_V3.0.1-AUS/SDK/libs/llvm\txm_lib.lib(txm_module_system_call7.o)	#SHT_PROGBITS,,4

.debug_str	0x7a7d	0x24cc # Offset: 0x7a7d
*(.debug_str )
.debug_str	0x7a7d	0x3c	../../../../../Quectel_BG96_QuecOpen_SDK_Package_V3.0.1-AUS/SDK/libs/llvm\txm_lib.lib(txm_module_thread_shell_entry.o)	#SHT_PROGBITS,SHF_MERGE|SHF_STRINGS,1
	0x0		
.debug_str	0x7ab9	0xa9	../../../../../Quectel_BG96_QuecOpen_SDK_Package_V3.0.1-AUS/SDK/libs/llvm\txm_lib.lib(txm_module_thread_shell_entry.o)	#SHT_PROGBITS,SHF_MERGE|SHF_STRINGS,1
	0x3c		
.debug_str	0x7b62	0x66	../../../../../Quectel_BG96_QuecOpen_SDK_Package_V3.0.1-AUS/SDK/libs/llvm\txm_lib.lib(txm_module_thread_shell_entry.o)	#SHT_PROGBITS,SHF_MERGE|SHF_STRINGS,1
	0xe5		
.debug_str	0x7bc8	0x17	../../../../../Quectel_BG96_QuecOpen_SDK_Package_V3.0.1-AUS/SDK/libs/llvm\txm_lib.lib(txm_module_thread_shell_entry.o)	#SHT_PROGBITS,SHF_MERGE|SHF_STRINGS,1
	0x14b		
.debug_str	0x7bdf	0x24	../../../../../Quectel_BG96_QuecOpen_SDK_Package_V3.0.1-AUS/SDK/libs/llvm\txm_lib.lib(txm_module_thread_shell_entry.o)	#SHT_PROGBITS,SHF_MERGE|SHF_STRINGS,1
	0x162		
.debug_str	0x7c03	0xd	../../../../../Quectel_BG96_QuecOpen_SDK_Package_V3.0.1-AUS/SDK/libs/llvm\txm_lib.lib(txm_module_thread_shell_entry.o)	#SHT_PROGBITS,SHF_MERGE|SHF_STRINGS,1
	0x186		
.debug_str	0x7c10	0x12	../../../../../Quectel_BG96_QuecOpen_SDK_Package_V3.0.1-AUS/SDK/libs/llvm\txm_lib.lib(txm_module_thread_shell_entry.o)	#SHT_PROGBITS,SHF_MERGE|SHF_STRINGS,1
	0x193		
.debug_str	0x7c22	0x6	../../../../../Quectel_BG96_QuecOpen_SDK_Package_V3.0.1-AUS/SDK/libs/llvm\txm_lib.lib(txm_module_thread_shell_entry.o)	#SHT_PROGBITS,SHF_MERGE|SHF_STRINGS,1
	0x1a5		
.debug_str	0x7c28	0x14	../../../../../Quectel_BG96_QuecOpen_SDK_Package_V3.0.1-AUS/SDK/libs/llvm\txm_lib.lib(txm_module_thread_shell_entry.o)	#SHT_PROGBITS,SHF_MERGE|SHF_STRINGS,1
	0x1ab		
.debug_str	0x7c3c	0x14	../../../../../Quectel_BG96_QuecOpen_SDK_Package_V3.0.1-AUS/SDK/libs/llvm\txm_lib.lib(txm_module_thread_shell_entry.o)	#SHT_PROGBITS,SHF_MERGE|SHF_STRINGS,1
	0x1bf		
.debug_str	0x7c50	0x16	../../../../../Quectel_BG96_QuecOpen_SDK_Package_V3.0.1-AUS/SDK/libs/llvm\txm_lib.lib(txm_module_thread_shell_entry.o)	#SHT_PROGBITS,SHF_MERGE|SHF_STRINGS,1
	0x1d3		
.debug_str	0x7c66	0x14	../../../../../Quectel_BG96_QuecOpen_SDK_Package_V3.0.1-AUS/SDK/libs/llvm\txm_lib.lib(txm_module_thread_shell_entry.o)	#SHT_PROGBITS,SHF_MERGE|SHF_STRINGS,1
	0x1e9		
.debug_str	0x7c7a	0x15	../../../../../Quectel_BG96_QuecOpen_SDK_Package_V3.0.1-AUS/SDK/libs/llvm\txm_lib.lib(txm_module_thread_shell_entry.o)	#SHT_PROGBITS,SHF_MERGE|SHF_STRINGS,1
	0x1fd		
.debug_str	0x7c8f	0x15	../../../../../Quectel_BG96_QuecOpen_SDK_Package_V3.0.1-AUS/SDK/libs/llvm\txm_lib.lib(txm_module_thread_shell_entry.o)	#SHT_PROGBITS,SHF_MERGE|SHF_STRINGS,1
	0x212		
.debug_str	0x7ca4	0x19	../../../../../Quectel_BG96_QuecOpen_SDK_Package_V3.0.1-AUS/SDK/libs/llvm\txm_lib.lib(txm_module_thread_shell_entry.o)	#SHT_PROGBITS,SHF_MERGE|SHF_STRINGS,1
	0x227		
.debug_str	0x7cbd	0x15	../../../../../Quectel_BG96_QuecOpen_SDK_Package_V3.0.1-AUS/SDK/libs/llvm\txm_lib.lib(txm_module_thread_shell_entry.o)	#SHT_PROGBITS,SHF_MERGE|SHF_STRINGS,1
	0x240		
.debug_str	0x7cd2	0x19	../../../../../Quectel_BG96_QuecOpen_SDK_Package_V3.0.1-AUS/SDK/libs/llvm\txm_lib.lib(txm_module_thread_shell_entry.o)	#SHT_PROGBITS,SHF_MERGE|SHF_STRINGS,1
	0x255		
.debug_str	0x7ceb	0xf	../../../../../Quectel_BG96_QuecOpen_SDK_Package_V3.0.1-AUS/SDK/libs/llvm\txm_lib.lib(txm_module_thread_shell_entry.o)	#SHT_PROGBITS,SHF_MERGE|SHF_STRINGS,1
	0x26e		
.debug_str	0x7cfa	0x5	../../../../../Quectel_BG96_QuecOpen_SDK_Package_V3.0.1-AUS/SDK/libs/llvm\txm_lib.lib(txm_module_thread_shell_entry.o)	#SHT_PROGBITS,SHF_MERGE|SHF_STRINGS,1
	0x27d		
.debug_str	0x7cff	0x5	../../../../../Quectel_BG96_QuecOpen_SDK_Package_V3.0.1-AUS/SDK/libs/llvm\txm_lib.lib(txm_module_thread_shell_entry.o)	#SHT_PROGBITS,SHF_MERGE|SHF_STRINGS,1
	0x282		
.debug_str	0x7d04	0x13	../../../../../Quectel_BG96_QuecOpen_SDK_Package_V3.0.1-AUS/SDK/libs/llvm\txm_lib.lib(txm_module_thread_shell_entry.o)	#SHT_PROGBITS,SHF_MERGE|SHF_STRINGS,1
	0x287		
.debug_str	0x7d17	0xd	../../../../../Quectel_BG96_QuecOpen_SDK_Package_V3.0.1-AUS/SDK/libs/llvm\txm_lib.lib(txm_module_thread_shell_entry.o)	#SHT_PROGBITS,SHF_MERGE|SHF_STRINGS,1
	0x29a		
.debug_str	0x7d24	0x5	../../../../../Quectel_BG96_QuecOpen_SDK_Package_V3.0.1-AUS/SDK/libs/llvm\txm_lib.lib(txm_module_thread_shell_entry.o)	#SHT_PROGBITS,SHF_MERGE|SHF_STRINGS,1
	0x2a7		
.debug_str	0x7d29	0x10	../../../../../Quectel_BG96_QuecOpen_SDK_Package_V3.0.1-AUS/SDK/libs/llvm\txm_lib.lib(txm_module_thread_shell_entry.o)	#SHT_PROGBITS,SHF_MERGE|SHF_STRINGS,1
	0x2ac		
.debug_str	0x7d39	0x1a	../../../../../Quectel_BG96_QuecOpen_SDK_Package_V3.0.1-AUS/SDK/libs/llvm\txm_lib.lib(txm_module_thread_shell_entry.o)	#SHT_PROGBITS,SHF_MERGE|SHF_STRINGS,1
	0x2bc		
.debug_str	0x7d53	0x15	../../../../../Quectel_BG96_QuecOpen_SDK_Package_V3.0.1-AUS/SDK/libs/llvm\txm_lib.lib(txm_module_thread_shell_entry.o)	#SHT_PROGBITS,SHF_MERGE|SHF_STRINGS,1
	0x2d6		
.debug_str	0x7d68	0x1c	../../../../../Quectel_BG96_QuecOpen_SDK_Package_V3.0.1-AUS/SDK/libs/llvm\txm_lib.lib(txm_module_thread_shell_entry.o)	#SHT_PROGBITS,SHF_MERGE|SHF_STRINGS,1
	0x2eb		
.debug_str	0x7d84	0x18	../../../../../Quectel_BG96_QuecOpen_SDK_Package_V3.0.1-AUS/SDK/libs/llvm\txm_lib.lib(txm_module_thread_shell_entry.o)	#SHT_PROGBITS,SHF_MERGE|SHF_STRINGS,1
	0x307		
.debug_str	0x7d9c	0x10	../../../../../Quectel_BG96_QuecOpen_SDK_Package_V3.0.1-AUS/SDK/libs/llvm\txm_lib.lib(txm_module_thread_shell_entry.o)	#SHT_PROGBITS,SHF_MERGE|SHF_STRINGS,1
	0x31f		
.debug_str	0x7dac	0x1a	../../../../../Quectel_BG96_QuecOpen_SDK_Package_V3.0.1-AUS/SDK/libs/llvm\txm_lib.lib(txm_module_thread_shell_entry.o)	#SHT_PROGBITS,SHF_MERGE|SHF_STRINGS,1
	0x32f		
.debug_str	0x7dc6	0x10	../../../../../Quectel_BG96_QuecOpen_SDK_Package_V3.0.1-AUS/SDK/libs/llvm\txm_lib.lib(txm_module_thread_shell_entry.o)	#SHT_PROGBITS,SHF_MERGE|SHF_STRINGS,1
	0x349		
.debug_str	0x7dd6	0x22	../../../../../Quectel_BG96_QuecOpen_SDK_Package_V3.0.1-AUS/SDK/libs/llvm\txm_lib.lib(txm_module_thread_shell_entry.o)	#SHT_PROGBITS,SHF_MERGE|SHF_STRINGS,1
	0x359		
.debug_str	0x7df8	0x26	../../../../../Quectel_BG96_QuecOpen_SDK_Package_V3.0.1-AUS/SDK/libs/llvm\txm_lib.lib(txm_module_thread_shell_entry.o)	#SHT_PROGBITS,SHF_MERGE|SHF_STRINGS,1
	0x37b		
.debug_str	0x7e1e	0x23	../../../../../Quectel_BG96_QuecOpen_SDK_Package_V3.0.1-AUS/SDK/libs/llvm\txm_lib.lib(txm_module_thread_shell_entry.o)	#SHT_PROGBITS,SHF_MERGE|SHF_STRINGS,1
	0x3a1		
.debug_str	0x7e41	0x20	../../../../../Quectel_BG96_QuecOpen_SDK_Package_V3.0.1-AUS/SDK/libs/llvm\txm_lib.lib(txm_module_thread_shell_entry.o)	#SHT_PROGBITS,SHF_MERGE|SHF_STRINGS,1
	0x3c4		
.debug_str	0x7e61	0x1e	../../../../../Quectel_BG96_QuecOpen_SDK_Package_V3.0.1-AUS/SDK/libs/llvm\txm_lib.lib(txm_module_thread_shell_entry.o)	#SHT_PROGBITS,SHF_MERGE|SHF_STRINGS,1
	0x3e4		
.debug_str	0x7e7f	0x22	../../../../../Quectel_BG96_QuecOpen_SDK_Package_V3.0.1-AUS/SDK/libs/llvm\txm_lib.lib(txm_module_thread_shell_entry.o)	#SHT_PROGBITS,SHF_MERGE|SHF_STRINGS,1
	0x402		
.debug_str	0x7ea1	0x1c	../../../../../Quectel_BG96_QuecOpen_SDK_Package_V3.0.1-AUS/SDK/libs/llvm\txm_lib.lib(txm_module_thread_shell_entry.o)	#SHT_PROGBITS,SHF_MERGE|SHF_STRINGS,1
	0x424		
.debug_str	0x7ebd	0x19	../../../../../Quectel_BG96_QuecOpen_SDK_Package_V3.0.1-AUS/SDK/libs/llvm\txm_lib.lib(txm_module_thread_shell_entry.o)	#SHT_PROGBITS,SHF_MERGE|SHF_STRINGS,1
	0x440		
.debug_str	0x7ed6	0x12	../../../../../Quectel_BG96_QuecOpen_SDK_Package_V3.0.1-AUS/SDK/libs/llvm\txm_lib.lib(txm_module_thread_shell_entry.o)	#SHT_PROGBITS,SHF_MERGE|SHF_STRINGS,1
	0x459		
.debug_str	0x7ee8	0x1a	../../../../../Quectel_BG96_QuecOpen_SDK_Package_V3.0.1-AUS/SDK/libs/llvm\txm_lib.lib(txm_module_thread_shell_entry.o)	#SHT_PROGBITS,SHF_MERGE|SHF_STRINGS,1
	0x46b		
.debug_str	0x7f02	0x20	../../../../../Quectel_BG96_QuecOpen_SDK_Package_V3.0.1-AUS/SDK/libs/llvm\txm_lib.lib(txm_module_thread_shell_entry.o)	#SHT_PROGBITS,SHF_MERGE|SHF_STRINGS,1
	0x485		
.debug_str	0x7f22	0x19	../../../../../Quectel_BG96_QuecOpen_SDK_Package_V3.0.1-AUS/SDK/libs/llvm\txm_lib.lib(txm_module_thread_shell_entry.o)	#SHT_PROGBITS,SHF_MERGE|SHF_STRINGS,1
	0x4a5		
.debug_str	0x7f3b	0x1d	../../../../../Quectel_BG96_QuecOpen_SDK_Package_V3.0.1-AUS/SDK/libs/llvm\txm_lib.lib(txm_module_thread_shell_entry.o)	#SHT_PROGBITS,SHF_MERGE|SHF_STRINGS,1
	0x4be		
.debug_str	0x7f58	0x17	../../../../../Quectel_BG96_QuecOpen_SDK_Package_V3.0.1-AUS/SDK/libs/llvm\txm_lib.lib(txm_module_thread_shell_entry.o)	#SHT_PROGBITS,SHF_MERGE|SHF_STRINGS,1
	0x4db		
.debug_str	0x7f6f	0x22	../../../../../Quectel_BG96_QuecOpen_SDK_Package_V3.0.1-AUS/SDK/libs/llvm\txm_lib.lib(txm_module_thread_shell_entry.o)	#SHT_PROGBITS,SHF_MERGE|SHF_STRINGS,1
	0x4f2		
.debug_str	0x7f91	0x19	../../../../../Quectel_BG96_QuecOpen_SDK_Package_V3.0.1-AUS/SDK/libs/llvm\txm_lib.lib(txm_module_thread_shell_entry.o)	#SHT_PROGBITS,SHF_MERGE|SHF_STRINGS,1
	0x514		
.debug_str	0x7faa	0x19	../../../../../Quectel_BG96_QuecOpen_SDK_Package_V3.0.1-AUS/SDK/libs/llvm\txm_lib.lib(txm_module_thread_shell_entry.o)	#SHT_PROGBITS,SHF_MERGE|SHF_STRINGS,1
	0x52d		
.debug_str	0x7fc3	0x17	../../../../../Quectel_BG96_QuecOpen_SDK_Package_V3.0.1-AUS/SDK/libs/llvm\txm_lib.lib(txm_module_thread_shell_entry.o)	#SHT_PROGBITS,SHF_MERGE|SHF_STRINGS,1
	0x546		
.debug_str	0x7fda	0x1b	../../../../../Quectel_BG96_QuecOpen_SDK_Package_V3.0.1-AUS/SDK/libs/llvm\txm_lib.lib(txm_module_thread_shell_entry.o)	#SHT_PROGBITS,SHF_MERGE|SHF_STRINGS,1
	0x55d		
.debug_str	0x7ff5	0x15	../../../../../Quectel_BG96_QuecOpen_SDK_Package_V3.0.1-AUS/SDK/libs/llvm\txm_lib.lib(txm_module_thread_shell_entry.o)	#SHT_PROGBITS,SHF_MERGE|SHF_STRINGS,1
	0x578		
.debug_str	0x800a	0x1e	../../../../../Quectel_BG96_QuecOpen_SDK_Package_V3.0.1-AUS/SDK/libs/llvm\txm_lib.lib(txm_module_thread_shell_entry.o)	#SHT_PROGBITS,SHF_MERGE|SHF_STRINGS,1
	0x58d		
.debug_str	0x8028	0x20	../../../../../Quectel_BG96_QuecOpen_SDK_Package_V3.0.1-AUS/SDK/libs/llvm\txm_lib.lib(txm_module_thread_shell_entry.o)	#SHT_PROGBITS,SHF_MERGE|SHF_STRINGS,1
	0x5ab		
.debug_str	0x8048	0x23	../../../../../Quectel_BG96_QuecOpen_SDK_Package_V3.0.1-AUS/SDK/libs/llvm\txm_lib.lib(txm_module_thread_shell_entry.o)	#SHT_PROGBITS,SHF_MERGE|SHF_STRINGS,1
	0x5cb		
.debug_str	0x806b	0x1b	../../../../../Quectel_BG96_QuecOpen_SDK_Package_V3.0.1-AUS/SDK/libs/llvm\txm_lib.lib(txm_module_thread_shell_entry.o)	#SHT_PROGBITS,SHF_MERGE|SHF_STRINGS,1
	0x5ee		
.debug_str	0x8086	0x1d	../../../../../Quectel_BG96_QuecOpen_SDK_Package_V3.0.1-AUS/SDK/libs/llvm\txm_lib.lib(txm_module_thread_shell_entry.o)	#SHT_PROGBITS,SHF_MERGE|SHF_STRINGS,1
	0x609		
.debug_str	0x80a3	0x18	../../../../../Quectel_BG96_QuecOpen_SDK_Package_V3.0.1-AUS/SDK/libs/llvm\txm_lib.lib(txm_module_thread_shell_entry.o)	#SHT_PROGBITS,SHF_MERGE|SHF_STRINGS,1
	0x626		
.debug_str	0x80bb	0x21	../../../../../Quectel_BG96_QuecOpen_SDK_Package_V3.0.1-AUS/SDK/libs/llvm\txm_lib.lib(txm_module_thread_shell_entry.o)	#SHT_PROGBITS,SHF_MERGE|SHF_STRINGS,1
	0x63e		
.debug_str	0x80dc	0x1b	../../../../../Quectel_BG96_QuecOpen_SDK_Package_V3.0.1-AUS/SDK/libs/llvm\txm_lib.lib(txm_module_thread_shell_entry.o)	#SHT_PROGBITS,SHF_MERGE|SHF_STRINGS,1
	0x65f		
.debug_str	0x80f7	0x1c	../../../../../Quectel_BG96_QuecOpen_SDK_Package_V3.0.1-AUS/SDK/libs/llvm\txm_lib.lib(txm_module_thread_shell_entry.o)	#SHT_PROGBITS,SHF_MERGE|SHF_STRINGS,1
	0x67a		
.debug_str	0x8113	0x1b	../../../../../Quectel_BG96_QuecOpen_SDK_Package_V3.0.1-AUS/SDK/libs/llvm\txm_lib.lib(txm_module_thread_shell_entry.o)	#SHT_PROGBITS,SHF_MERGE|SHF_STRINGS,1
	0x696		
.debug_str	0x812e	0xc	../../../../../Quectel_BG96_QuecOpen_SDK_Package_V3.0.1-AUS/SDK/libs/llvm\txm_lib.lib(txm_module_thread_shell_entry.o)	#SHT_PROGBITS,SHF_MERGE|SHF_STRINGS,1
	0x6b1		
.debug_str	0x813a	0xe	../../../../../Quectel_BG96_QuecOpen_SDK_Package_V3.0.1-AUS/SDK/libs/llvm\txm_lib.lib(txm_module_thread_shell_entry.o)	#SHT_PROGBITS,SHF_MERGE|SHF_STRINGS,1
	0x6bd		
.debug_str	0x8148	0x19	../../../../../Quectel_BG96_QuecOpen_SDK_Package_V3.0.1-AUS/SDK/libs/llvm\txm_lib.lib(txm_module_thread_shell_entry.o)	#SHT_PROGBITS,SHF_MERGE|SHF_STRINGS,1
	0x6cb		
.debug_str	0x8161	0xf	../../../../../Quectel_BG96_QuecOpen_SDK_Package_V3.0.1-AUS/SDK/libs/llvm\txm_lib.lib(txm_module_thread_shell_entry.o)	#SHT_PROGBITS,SHF_MERGE|SHF_STRINGS,1
	0x6e4		
.debug_str	0x8170	0x11	../../../../../Quectel_BG96_QuecOpen_SDK_Package_V3.0.1-AUS/SDK/libs/llvm\txm_lib.lib(txm_module_thread_shell_entry.o)	#SHT_PROGBITS,SHF_MERGE|SHF_STRINGS,1
	0x6f3		
.debug_str	0x8181	0x1b	../../../../../Quectel_BG96_QuecOpen_SDK_Package_V3.0.1-AUS/SDK/libs/llvm\txm_lib.lib(txm_module_thread_shell_entry.o)	#SHT_PROGBITS,SHF_MERGE|SHF_STRINGS,1
	0x704		
.debug_str	0x819c	0x19	../../../../../Quectel_BG96_QuecOpen_SDK_Package_V3.0.1-AUS/SDK/libs/llvm\txm_lib.lib(txm_module_thread_shell_entry.o)	#SHT_PROGBITS,SHF_MERGE|SHF_STRINGS,1
	0x71f		
.debug_str	0x81b5	0x19	../../../../../Quectel_BG96_QuecOpen_SDK_Package_V3.0.1-AUS/SDK/libs/llvm\txm_lib.lib(txm_module_thread_shell_entry.o)	#SHT_PROGBITS,SHF_MERGE|SHF_STRINGS,1
	0x738		
.debug_str	0x81ce	0x16	../../../../../Quectel_BG96_QuecOpen_SDK_Package_V3.0.1-AUS/SDK/libs/llvm\txm_lib.lib(txm_module_thread_shell_entry.o)	#SHT_PROGBITS,SHF_MERGE|SHF_STRINGS,1
	0x751		
.debug_str	0x81e4	0x1a	../../../../../Quectel_BG96_QuecOpen_SDK_Package_V3.0.1-AUS/SDK/libs/llvm\txm_lib.lib(txm_module_thread_shell_entry.o)	#SHT_PROGBITS,SHF_MERGE|SHF_STRINGS,1
	0x767		
.debug_str	0x81fe	0x22	../../../../../Quectel_BG96_QuecOpen_SDK_Package_V3.0.1-AUS/SDK/libs/llvm\txm_lib.lib(txm_module_thread_shell_entry.o)	#SHT_PROGBITS,SHF_MERGE|SHF_STRINGS,1
	0x781		
.debug_str	0x8220	0x14	../../../../../Quectel_BG96_QuecOpen_SDK_Package_V3.0.1-AUS/SDK/libs/llvm\txm_lib.lib(txm_module_thread_shell_entry.o)	#SHT_PROGBITS,SHF_MERGE|SHF_STRINGS,1
	0x7a3		
.debug_str	0x8234	0x18	../../../../../Quectel_BG96_QuecOpen_SDK_Package_V3.0.1-AUS/SDK/libs/llvm\txm_lib.lib(txm_module_thread_shell_entry.o)	#SHT_PROGBITS,SHF_MERGE|SHF_STRINGS,1
	0x7b7		
.debug_str	0x824c	0x10	../../../../../Quectel_BG96_QuecOpen_SDK_Package_V3.0.1-AUS/SDK/libs/llvm\txm_lib.lib(txm_module_thread_shell_entry.o)	#SHT_PROGBITS,SHF_MERGE|SHF_STRINGS,1
	0x7cf		
.debug_str	0x825c	0x1c	../../../../../Quectel_BG96_QuecOpen_SDK_Package_V3.0.1-AUS/SDK/libs/llvm\txm_lib.lib(txm_module_thread_shell_entry.o)	#SHT_PROGBITS,SHF_MERGE|SHF_STRINGS,1
	0x7df		
.debug_str	0x8278	0x4	../../../../../Quectel_BG96_QuecOpen_SDK_Package_V3.0.1-AUS/SDK/libs/llvm\txm_lib.lib(txm_module_thread_shell_entry.o)	#SHT_PROGBITS,SHF_MERGE|SHF_STRINGS,1
	0x7fb		
.debug_str	0x827c	0x9	../../../../../Quectel_BG96_QuecOpen_SDK_Package_V3.0.1-AUS/SDK/libs/llvm\txm_lib.lib(txm_module_thread_shell_entry.o)	#SHT_PROGBITS,SHF_MERGE|SHF_STRINGS,1
	0x7ff		
.debug_str	0x8285	0x15	../../../../../Quectel_BG96_QuecOpen_SDK_Package_V3.0.1-AUS/SDK/libs/llvm\txm_lib.lib(txm_module_thread_shell_entry.o)	#SHT_PROGBITS,SHF_MERGE|SHF_STRINGS,1
	0x808		
.debug_str	0x829a	0x17	../../../../../Quectel_BG96_QuecOpen_SDK_Package_V3.0.1-AUS/SDK/libs/llvm\txm_lib.lib(txm_module_thread_shell_entry.o)	#SHT_PROGBITS,SHF_MERGE|SHF_STRINGS,1
	0x81d		
.debug_str	0x82b1	0x1a	../../../../../Quectel_BG96_QuecOpen_SDK_Package_V3.0.1-AUS/SDK/libs/llvm\txm_lib.lib(txm_module_thread_shell_entry.o)	#SHT_PROGBITS,SHF_MERGE|SHF_STRINGS,1
	0x834		
.debug_str	0x82cb	0x15	../../../../../Quectel_BG96_QuecOpen_SDK_Package_V3.0.1-AUS/SDK/libs/llvm\txm_lib.lib(txm_module_thread_shell_entry.o)	#SHT_PROGBITS,SHF_MERGE|SHF_STRINGS,1
	0x84e		
.debug_str	0x82e0	0x11	../../../../../Quectel_BG96_QuecOpen_SDK_Package_V3.0.1-AUS/SDK/libs/llvm\txm_lib.lib(txm_module_thread_shell_entry.o)	#SHT_PROGBITS,SHF_MERGE|SHF_STRINGS,1
	0x863		
.debug_str	0x82f1	0xa	../../../../../Quectel_BG96_QuecOpen_SDK_Package_V3.0.1-AUS/SDK/libs/llvm\txm_lib.lib(txm_module_thread_shell_entry.o)	#SHT_PROGBITS,SHF_MERGE|SHF_STRINGS,1
	0x874		
[...]
	0x1ab3		
.debug_str	0x954a	0x1e	../../../../../Quectel_BG96_QuecOpen_SDK_Package_V3.0.1-AUS/SDK/libs/llvm\txm_lib.lib(txm_module_callback_request_thread_entry.o)	#SHT_PROGBITS,SHF_MERGE|SHF_STRINGS,1
	0x1acd		
.debug_str	0x9568	0x14	../../../../../Quectel_BG96_QuecOpen_SDK_Package_V3.0.1-AUS/SDK/libs/llvm\txm_lib.lib(txm_module_callback_request_thread_entry.o)	#SHT_PROGBITS,SHF_MERGE|SHF_STRINGS,1
	0x1aeb		
.debug_str	0x957c	0xd	../../../../../Quectel_BG96_QuecOpen_SDK_Package_V3.0.1-AUS/SDK/libs/llvm\txm_lib.lib(txm_module_callback_request_thread_entry.o)	#SHT_PROGBITS,SHF_MERGE|SHF_STRINGS,1
	0x1aff		
.debug_str	0x9589	0x18	../../../../../Quectel_BG96_QuecOpen_SDK_Package_V3.0.1-AUS/SDK/libs/llvm\txm_lib.lib(txm_module_callback_request_thread_entry.o)	#SHT_PROGBITS,SHF_MERGE|SHF_STRINGS,1
	0x1b0c		
.debug_str	0x95a1	0x2a	../../../../../Quectel_BG96_QuecOpen_SDK_Package_V3.0.1-AUS/SDK/libs/llvm\txm_lib.lib(txm_module_callback_request_thread_entry.o)	#SHT_PROGBITS,SHF_MERGE|SHF_STRINGS,1
	0x1b24		
.debug_str	0x95cb	0x3	../../../../../Quectel_BG96_QuecOpen_SDK_Package_V3.0.1-AUS/SDK/libs/llvm\txm_lib.lib(txm_module_callback_request_thread_entry.o)	#SHT_PROGBITS,SHF_MERGE|SHF_STRINGS,1
	0x1b4e		
.debug_str	0x95ce	0x7	../../../../../Quectel_BG96_QuecOpen_SDK_Package_V3.0.1-AUS/SDK/libs/llvm\txm_lib.lib(txm_module_callback_request_thread_entry.o)	#SHT_PROGBITS,SHF_MERGE|SHF_STRINGS,1
	0x1b51		
.debug_str	0x95d5	0xf	../../../../../Quectel_BG96_QuecOpen_SDK_Package_V3.0.1-AUS/SDK/libs/llvm\txm_lib.lib(txm_module_callback_request_thread_entry.o)	#SHT_PROGBITS,SHF_MERGE|SHF_STRINGS,1
	0x1b58		
.debug_str	0x95e4	0x19	../../../../../Quectel_BG96_QuecOpen_SDK_Package_V3.0.1-AUS/SDK/libs/llvm\txm_lib.lib(txm_module_callback_request_thread_entry.o)	#SHT_PROGBITS,SHF_MERGE|SHF_STRINGS,1
	0x1b67		
.debug_str	0x95fd	0x12	../../../../../Quectel_BG96_QuecOpen_SDK_Package_V3.0.1-AUS/SDK/libs/llvm\txm_lib.lib(txm_module_callback_request_thread_entry.o)	#SHT_PROGBITS,SHF_MERGE|SHF_STRINGS,1
	0x1b80		
.debug_str	0x960f	0xe	../../../../../Quectel_BG96_QuecOpen_SDK_Package_V3.0.1-AUS/SDK/libs/llvm\txm_lib.lib(txm_module_callback_request_thread_entry.o)	#SHT_PROGBITS,SHF_MERGE|SHF_STRINGS,1
	0x1b92		
.debug_str	0x961d	0xf	../../../../../Quectel_BG96_QuecOpen_SDK_Package_V3.0.1-AUS/SDK/libs/llvm\txm_lib.lib(txm_module_callback_request_thread_entry.o)	#SHT_PROGBITS,SHF_MERGE|SHF_STRINGS,1
	0x1ba0		
.debug_str	0x962c	0x11	../../../../../Quectel_BG96_QuecOpen_SDK_Package_V3.0.1-AUS/SDK/libs/llvm\txm_lib.lib(txm_module_callback_request_thread_entry.o)	#SHT_PROGBITS,SHF_MERGE|SHF_STRINGS,1
	0x1baf		
.debug_str	0x963d	0x24	../../../../../Quectel_BG96_QuecOpen_SDK_Package_V3.0.1-AUS/SDK/libs/llvm\txm_lib.lib(txm_module_callback_request_thread_entry.o)	#SHT_PROGBITS,SHF_MERGE|SHF_STRINGS,1
	0x1bc0		
.debug_str	0x9661	0x1a	../../../../../Quectel_BG96_QuecOpen_SDK_Package_V3.0.1-AUS/SDK/libs/llvm\txm_lib.lib(txm_module_callback_request_thread_entry.o)	#SHT_PROGBITS,SHF_MERGE|SHF_STRINGS,1
	0x1be4		
.debug_str	0x967b	0x22	../../../../../Quectel_BG96_QuecOpen_SDK_Package_V3.0.1-AUS/SDK/libs/llvm\txm_lib.lib(txm_module_callback_request_thread_entry.o)	#SHT_PROGBITS,SHF_MERGE|SHF_STRINGS,1
	0x1bfe		
.debug_str	0x969d	0x1e	../../../../../Quectel_BG96_QuecOpen_SDK_Package_V3.0.1-AUS/SDK/libs/llvm\txm_lib.lib(txm_module_callback_request_thread_entry.o)	#SHT_PROGBITS,SHF_MERGE|SHF_STRINGS,1
	0x1c20		
.debug_str	0x96bb	0x25	../../../../../Quectel_BG96_QuecOpen_SDK_Package_V3.0.1-AUS/SDK/libs/llvm\txm_lib.lib(txm_module_callback_request_thread_entry.o)	#SHT_PROGBITS,SHF_MERGE|SHF_STRINGS,1
	0x1c3e		
.debug_str	0x96e0	0x24	../../../../../Quectel_BG96_QuecOpen_SDK_Package_V3.0.1-AUS/SDK/libs/llvm\txm_lib.lib(txm_module_callback_request_thread_entry.o)	#SHT_PROGBITS,SHF_MERGE|SHF_STRINGS,1
	0x1c63		
.debug_str	0x9704	0x22	../../../../../Quectel_BG96_QuecOpen_SDK_Package_V3.0.1-AUS/SDK/libs/llvm\txm_lib.lib(txm_module_callback_request_thread_entry.o)	#SHT_PROGBITS,SHF_MERGE|SHF_STRINGS,1
	0x1c87		
.debug_str	0x9726	0x29	../../../../../Quectel_BG96_QuecOpen_SDK_Package_V3.0.1-AUS/SDK/libs/llvm\txm_lib.lib(txm_module_callback_request_thread_entry.o)	#SHT_PROGBITS,SHF_MERGE|SHF_STRINGS,1
	0x1ca9		
.debug_str	0x974f	0x19	../../../../../Quectel_BG96_QuecOpen_SDK_Package_V3.0.1-AUS/SDK/libs/llvm\txm_lib.lib(txm_module_callback_request_thread_entry.o)	#SHT_PROGBITS,SHF_MERGE|SHF_STRINGS,1
	0x1cd2		
.debug_str	0x9768	0x1f	../../../../../Quectel_BG96_QuecOpen_SDK_Package_V3.0.1-AUS/SDK/libs/llvm\txm_lib.lib(txm_module_callback_request_thread_entry.o)	#SHT_PROGBITS,SHF_MERGE|SHF_STRINGS,1
	0x1ceb		
.debug_str	0x9787	0x17	../../../../../Quectel_BG96_QuecOpen_SDK_Package_V3.0.1-AUS/SDK/libs/llvm\txm_lib.lib(txm_module_callback_request_thread_entry.o)	#SHT_PROGBITS,SHF_MERGE|SHF_STRINGS,1
	0x1d0a		
.debug_str	0x979e	0x1c	../../../../../Quectel_BG96_QuecOpen_SDK_Package_V3.0.1-AUS/SDK/libs/llvm\txm_lib.lib(txm_module_callback_request_thread_entry.o)	#SHT_PROGBITS,SHF_MERGE|SHF_STRINGS,1
	0x1d21		
.debug_str	0x97ba	0x1c	../../../../../Quectel_BG96_QuecOpen_SDK_Package_V3.0.1-AUS/SDK/libs/llvm\txm_lib.lib(txm_module_callback_request_thread_entry.o)	#SHT_PROGBITS,SHF_MERGE|SHF_STRINGS,1
	0x1d3d		
.debug_str	0x97d6	0x19	../../../../../Quectel_BG96_QuecOpen_SDK_Package_V3.0.1-AUS/SDK/libs/llvm\txm_lib.lib(txm_module_callback_request_thread_entry.o)	#SHT_PROGBITS,SHF_MERGE|SHF_STRINGS,1
	0x1d59		
.debug_str	0x97ef	0x1d	../../../../../Quectel_BG96_QuecOpen_SDK_Package_V3.0.1-AUS/SDK/libs/llvm\txm_lib.lib(txm_module_callback_request_thread_entry.o)	#SHT_PROGBITS,SHF_MERGE|SHF_STRINGS,1
	0x1d72		
.debug_str	0x980c	0x21	../../../../../Quectel_BG96_QuecOpen_SDK_Package_V3.0.1-AUS/SDK/libs/llvm\txm_lib.lib(txm_module_callback_request_thread_entry.o)	#SHT_PROGBITS,SHF_MERGE|SHF_STRINGS,1
	0x1d8f		
.debug_str	0x982d	0x25	../../../../../Quectel_BG96_QuecOpen_SDK_Package_V3.0.1-AUS/SDK/libs/llvm\txm_lib.lib(txm_module_callback_request_thread_entry.o)	#SHT_PROGBITS,SHF_MERGE|SHF_STRINGS,1
	0x1db0		
.debug_str	0x9852	0x1c	../../../../../Quectel_BG96_QuecOpen_SDK_Package_V3.0.1-AUS/SDK/libs/llvm\txm_lib.lib(txm_module_callback_request_thread_entry.o)	#SHT_PROGBITS,SHF_MERGE|SHF_STRINGS,1
	0x1dd5		
.debug_str	0x986e	0x1c	../../../../../Quectel_BG96_QuecOpen_SDK_Package_V3.0.1-AUS/SDK/libs/llvm\txm_lib.lib(txm_module_callback_request_thread_entry.o)	#SHT_PROGBITS,SHF_MERGE|SHF_STRINGS,1
	0x1df1		
.debug_str	0x988a	0x1c	../../../../../Quectel_BG96_QuecOpen_SDK_Package_V3.0.1-AUS/SDK/libs/llvm\txm_lib.lib(txm_module_callback_request_thread_entry.o)	#SHT_PROGBITS,SHF_MERGE|SHF_STRINGS,1
	0x1e0d		
.debug_str	0x98a6	0x1c	../../../../../Quectel_BG96_QuecOpen_SDK_Package_V3.0.1-AUS/SDK/libs/llvm\txm_lib.lib(txm_module_callback_request_thread_entry.o)	#SHT_PROGBITS,SHF_MERGE|SHF_STRINGS,1
	0x1e29		
.debug_str	0x98c2	0x1c	../../../../../Quectel_BG96_QuecOpen_SDK_Package_V3.0.1-AUS/SDK/libs/llvm\txm_lib.lib(txm_module_callback_request_thread_entry.o)	#SHT_PROGBITS,SHF_MERGE|SHF_STRINGS,1
	0x1e45		
.debug_str	0x98de	0x1c	../../../../../Quectel_BG96_QuecOpen_SDK_Package_V3.0.1-AUS/SDK/libs/llvm\txm_lib.lib(txm_module_callback_request_thread_entry.o)	#SHT_PROGBITS,SHF_MERGE|SHF_STRINGS,1
	0x1e61		
.debug_str	0x98fa	0x1b	../../../../../Quectel_BG96_QuecOpen_SDK_Package_V3.0.1-AUS/SDK/libs/llvm\txm_lib.lib(txm_module_callback_request_thread_entry.o)	#SHT_PROGBITS,SHF_MERGE|SHF_STRINGS,1
	0x1e7d		
.debug_str	0x9915	0x14	../../../../../Quectel_BG96_QuecOpen_SDK_Package_V3.0.1-AUS/SDK/libs/llvm\txm_lib.lib(txm_module_callback_request_thread_entry.o)	#SHT_PROGBITS,SHF_MERGE|SHF_STRINGS,1
	0x1e98		
.debug_str	0x9929	0x30	../../../../../Quectel_BG96_QuecOpen_SDK_Package_V3.0.1-AUS/SDK/libs/llvm\txm_lib.lib(txm_module_callback_request_thread_entry.o)	#SHT_PROGBITS,SHF_MERGE|SHF_STRINGS,1
	0x1eac		
.debug_str	0x9959	0x23	../../../../../Quectel_BG96_QuecOpen_SDK_Package_V3.0.1-AUS/SDK/libs/llvm\txm_lib.lib(txm_module_callback_request_thread_entry.o)	#SHT_PROGBITS,SHF_MERGE|SHF_STRINGS,1
	0x1edc		
.debug_str	0x997c	0x23	../../../../../Quectel_BG96_QuecOpen_SDK_Package_V3.0.1-AUS/SDK/libs/llvm\txm_lib.lib(txm_module_callback_request_thread_entry.o)	#SHT_PROGBITS,SHF_MERGE|SHF_STRINGS,1
	0x1eff		
.debug_str	0x999f	0x20	../../../../../Quectel_BG96_QuecOpen_SDK_Package_V3.0.1-AUS/SDK/libs/llvm\txm_lib.lib(txm_module_callback_request_thread_entry.o)	#SHT_PROGBITS,SHF_MERGE|SHF_STRINGS,1
	0x1f22		
.debug_str	0x99bf	0x29	../../../../../Quectel_BG96_QuecOpen_SDK_Package_V3.0.1-AUS/SDK/libs/llvm\txm_lib.lib(txm_module_callback_request_thread_entry.o)	#SHT_PROGBITS,SHF_MERGE|SHF_STRINGS,1
	0x1f42		
.debug_str	0x99e8	0x25	../../../../../Quectel_BG96_QuecOpen_SDK_Package_V3.0.1-AUS/SDK/libs/llvm\txm_lib.lib(txm_module_callback_request_thread_entry.o)	#SHT_PROGBITS,SHF_MERGE|SHF_STRINGS,1
	0x1f6b		
.debug_str	0x9a0d	0x25	../../../../../Quectel_BG96_QuecOpen_SDK_Package_V3.0.1-AUS/SDK/libs/llvm\txm_lib.lib(txm_module_callback_request_thread_entry.o)	#SHT_PROGBITS,SHF_MERGE|SHF_STRINGS,1
	0x1f90		
.debug_str	0x9a32	0x28	../../../../../Quectel_BG96_QuecOpen_SDK_Package_V3.0.1-AUS/SDK/libs/llvm\txm_lib.lib(txm_module_callback_request_thread_entry.o)	#SHT_PROGBITS,SHF_MERGE|SHF_STRINGS,1
	0x1fb5		
.debug_str	0x9a5a	0x2c	../../../../../Quectel_BG96_QuecOpen_SDK_Package_V3.0.1-AUS/SDK/libs/llvm\txm_lib.lib(txm_module_callback_request_thread_entry.o)	#SHT_PROGBITS,SHF_MERGE|SHF_STRINGS,1
	0x1fdd		
.debug_str	0x9a86	0x23	../../../../../Quectel_BG96_QuecOpen_SDK_Package_V3.0.1-AUS/SDK/libs/llvm\txm_lib.lib(txm_module_callback_request_thread_entry.o)	#SHT_PROGBITS,SHF_MERGE|SHF_STRINGS,1
	0x2009		
.debug_str	0x9aa9	0x23	../../../../../Quectel_BG96_QuecOpen_SDK_Package_V3.0.1-AUS/SDK/libs/llvm\txm_lib.lib(txm_module_callback_request_thread_entry.o)	#SHT_PROGBITS,SHF_MERGE|SHF_STRINGS,1
	0x202c		
.debug_str	0x9acc	0x23	../../../../../Quectel_BG96_QuecOpen_SDK_Package_V3.0.1-AUS/SDK/libs/llvm\txm_lib.lib(txm_module_callback_request_thread_entry.o)	#SHT_PROGBITS,SHF_MERGE|SHF_STRINGS,1
	0x204f		
.debug_str	0x9aef	0x23	../../../../../Quectel_BG96_QuecOpen_SDK_Package_V3.0.1-AUS/SDK/libs/llvm\txm_lib.lib(txm_module_callback_request_thread_entry.o)	#SHT_PROGBITS,SHF_MERGE|SHF_STRINGS,1
	0x2072		
.debug_str	0x9b12	0x23	../../../../../Quectel_BG96_QuecOpen_SDK_Package_V3.0.1-AUS/SDK/libs/llvm\txm_lib.lib(txm_module_callback_request_thread_entry.o)	#SHT_PROGBITS,SHF_MERGE|SHF_STRINGS,1
	0x2095		
.debug_str	0x9b35	0x23	../../../../../Quectel_BG96_QuecOpen_SDK_Package_V3.0.1-AUS/SDK/libs/llvm\txm_lib.lib(txm_module_callback_request_thread_entry.o)	#SHT_PROGBITS,SHF_MERGE|SHF_STRINGS,1
	0x20b8		
.debug_str	0x9b58	0x22	../../../../../Quectel_BG96_QuecOpen_SDK_Package_V3.0.1-AUS/SDK/libs/llvm\txm_lib.lib(txm_module_callback_request_thread_entry.o)	#SHT_PROGBITS,SHF_MERGE|SHF_STRINGS,1
	0x20db		
.debug_str	0x9b7a	0x1b	../../../../../Quectel_BG96_QuecOpen_SDK_Package_V3.0.1-AUS/SDK/libs/llvm\txm_lib.lib(txm_module_callback_request_thread_entry.o)	#SHT_PROGBITS,SHF_MERGE|SHF_STRINGS,1
	0x20fd		
.debug_str	0x9b95	0x12	../../../../../Quectel_BG96_QuecOpen_SDK_Package_V3.0.1-AUS/SDK/libs/llvm\txm_lib.lib(txm_module_callback_request_thread_entry.o)	#SHT_PROGBITS,SHF_MERGE|SHF_STRINGS,1
	0x2118		
.debug_str	0x9ba7	0x15	../../../../../Quectel_BG96_QuecOpen_SDK_Package_V3.0.1-AUS/SDK/libs/llvm\txm_lib.lib(txm_module_callback_request_thread_entry.o)	#SHT_PROGBITS,SHF_MERGE|SHF_STRINGS,1
	0x212a		
.debug_str	0x9bbc	0x12	../../../../../Quectel_BG96_QuecOpen_SDK_Package_V3.0.1-AUS/SDK/libs/llvm\txm_lib.lib(txm_module_callback_request_thread_entry.o)	#SHT_PROGBITS,SHF_MERGE|SHF_STRINGS,1
	0x213f		
.debug_str	0x9bce	0xa4	../../../../../Quectel_BG96_QuecOpen_SDK_Package_V3.0.1-AUS/SDK/libs/llvm\txm_lib.lib(txm_module_system_call12.o)	#SHT_PROGBITS,SHF_MERGE|SHF_STRINGS,1
	0x2151		
.debug_str	0x9c72	0x1a	../../../../../Quectel_BG96_QuecOpen_SDK_Package_V3.0.1-AUS/SDK/libs/llvm\txm_lib.lib(txm_module_system_call12.o)	#SHT_PROGBITS,SHF_MERGE|SHF_STRINGS,1
	0x21f5		
.debug_str	0x9c8c	0x11	../../../../../Quectel_BG96_QuecOpen_SDK_Package_V3.0.1-AUS/SDK/libs/llvm\txm_lib.lib(txm_module_system_call12.o)	#SHT_PROGBITS,SHF_MERGE|SHF_STRINGS,1
	0x220f		
.debug_str	0x9c9d	0x8	../../../../../Quectel_BG96_QuecOpen_SDK_Package_V3.0.1-AUS/SDK/libs/llvm\txm_lib.lib(txm_module_system_call12.o)	#SHT_PROGBITS,SHF_MERGE|SHF_STRINGS,1
	0x2220		
.debug_str	0x9ca5	0x8	../../../../../Quectel_BG96_QuecOpen_SDK_Package_V3.0.1-AUS/SDK/libs/llvm\txm_lib.lib(txm_module_system_call12.o)	#SHT_PROGBITS,SHF_MERGE|SHF_STRINGS,1
	0x2228		
.debug_str	0x9cad	0x8	../../../../../Quectel_BG96_QuecOpen_SDK_Package_V3.0.1-AUS/SDK/libs/llvm\txm_lib.lib(txm_module_system_call12.o)	#SHT_PROGBITS,SHF_MERGE|SHF_STRINGS,1
	0x2230		
.debug_str	0x9cb5	0x8	../../../../../Quectel_BG96_QuecOpen_SDK_Package_V3.0.1-AUS/SDK/libs/llvm\txm_lib.lib(txm_module_system_call12.o)	#SHT_PROGBITS,SHF_MERGE|SHF_STRINGS,1
	0x2238		
.debug_str	0x9cbd	0x8	../../../../../Quectel_BG96_QuecOpen_SDK_Package_V3.0.1-AUS/SDK/libs/llvm\txm_lib.lib(txm_module_system_call12.o)	#SHT_PROGBITS,SHF_MERGE|SHF_STRINGS,1
	0x2240		
.debug_str	0x9cc5	0x8	../../../../../Quectel_BG96_QuecOpen_SDK_Package_V3.0.1-AUS/SDK/libs/llvm\txm_lib.lib(txm_module_system_call12.o)	#SHT_PROGBITS,SHF_MERGE|SHF_STRINGS,1
	0x2248		
.debug_str	0x9ccd	0x8	../../../../../Quectel_BG96_QuecOpen_SDK_Package_V3.0.1-AUS/SDK/libs/llvm\txm_lib.lib(txm_module_system_call12.o)	#SHT_PROGBITS,SHF_MERGE|SHF_STRINGS,1
	0x2250		
.debug_str	0x9cd5	0x8	../../../../../Quectel_BG96_QuecOpen_SDK_Package_V3.0.1-AUS/SDK/libs/llvm\txm_lib.lib(txm_module_system_call12.o)	#SHT_PROGBITS,SHF_MERGE|SHF_STRINGS,1
	0x2258		
.debug_str	0x9cdd	0x8	../../../../../Quectel_BG96_QuecOpen_SDK_Package_V3.0.1-AUS/SDK/libs/llvm\txm_lib.lib(txm_module_system_call12.o)	#SHT_PROGBITS,SHF_MERGE|SHF_STRINGS,1
	0x2260		
.debug_str	0x9ce5	0x8	../../../../../Quectel_BG96_QuecOpen_SDK_Package_V3.0.1-AUS/SDK/libs/llvm\txm_lib.lib(txm_module_system_call12.o)	#SHT_PROGBITS,SHF_MERGE|SHF_STRINGS,1
	0x2268		
.debug_str	0x9ced	0x9	../../../../../Quectel_BG96_QuecOpen_SDK_Package_V3.0.1-AUS/SDK/libs/llvm\txm_lib.lib(txm_module_system_call12.o)	#SHT_PROGBITS,SHF_MERGE|SHF_STRINGS,1
	0x2270		
.debug_str	0x9cf6	0x9	../../../../../Quectel_BG96_QuecOpen_SDK_Package_V3.0.1-AUS/SDK/libs/llvm\txm_lib.lib(txm_module_system_call12.o)	#SHT_PROGBITS,SHF_MERGE|SHF_STRINGS,1
	0x2279		
.debug_str	0x9cff	0x9	../../../../../Quectel_BG96_QuecOpen_SDK_Package_V3.0.1-AUS/SDK/libs/llvm\txm_lib.lib(txm_module_system_call12.o)	#SHT_PROGBITS,SHF_MERGE|SHF_STRINGS,1
	0x2282		
.debug_str	0x9d08	0xd	../../../../../Quectel_BG96_QuecOpen_SDK_Package_V3.0.1-AUS/SDK/libs/llvm\txm_lib.lib(txm_module_system_call12.o)	#SHT_PROGBITS,SHF_MERGE|SHF_STRINGS,1
	0x228b		
.debug_str	0x9d15	0xa3	../../../../../Quectel_BG96_QuecOpen_SDK_Package_V3.0.1-AUS/SDK/libs/llvm\txm_lib.lib(txm_module_system_call4.o)	#SHT_PROGBITS,SHF_MERGE|SHF_STRINGS,1
	0x2298		
.debug_str	0x9db8	0x19	../../../../../Quectel_BG96_QuecOpen_SDK_Package_V3.0.1-AUS/SDK/libs/llvm\txm_lib.lib(txm_module_system_call4.o)	#SHT_PROGBITS,SHF_MERGE|SHF_STRINGS,1
	0x233b		
.debug_str	0x9dd1	0xa3	../../../../../Quectel_BG96_QuecOpen_SDK_Package_V3.0.1-AUS/SDK/libs/llvm\txm_lib.lib(txm_module_system_call5.o)	#SHT_PROGBITS,SHF_MERGE|SHF_STRINGS,1
	0x2354		
.debug_str	0x9e74	0x19	../../../../../Quectel_BG96_QuecOpen_SDK_Package_V3.0.1-AUS/SDK/libs/llvm\txm_lib.lib(txm_module_system_call5.o)	#SHT_PROGBITS,SHF_MERGE|SHF_STRINGS,1
	0x23f7		
.debug_str	0x9e8d	0xa3	../../../../../Quectel_BG96_QuecOpen_SDK_Package_V3.0.1-AUS/SDK/libs/llvm\txm_lib.lib(txm_module_system_call7.o)	#SHT_PROGBITS,SHF_MERGE|SHF_STRINGS,1
	0x2410		
.debug_str	0x9f30	0x19	../../../../../Quectel_BG96_QuecOpen_SDK_Package_V3.0.1-AUS/SDK/libs/llvm\txm_lib.lib(txm_module_system_call7.o)	#SHT_PROGBITS,SHF_MERGE|SHF_STRINGS,1
	0x24b3		

.debug_loc	0x9f49	0x372 # Offset: 0x9f49
*(.debug_loc )
.debug_loc	0x9f49	0x3c	../../../../../Quectel_BG96_QuecOpen_SDK_Package_V3.0.1-AUS/SDK/libs/llvm\txm_lib.lib(txm_module_thread_shell_entry.o)	#SHT_PROGBITS,,1
.debug_loc	0x9f85	0x75	../../../../../Quectel_BG96_QuecOpen_SDK_Package_V3.0.1-AUS/SDK/libs/llvm\txm_lib.lib(txm_module_callback_request_thread_entry.o)	#SHT_PROGBITS,,1
.debug_loc	0x9ffa	0x118	../../../../../Quectel_BG96_QuecOpen_SDK_Package_V3.0.1-AUS/SDK/libs/llvm\txm_lib.lib(txm_module_system_call12.o)	#SHT_PROGBITS,,1
.debug_loc	0xa112	0x73	../../../../../Quectel_BG96_QuecOpen_SDK_Package_V3.0.1-AUS/SDK/libs/llvm\txm_lib.lib(txm_module_system_call4.o)	#SHT_PROGBITS,,1
.debug_loc	0xa185	0x87	../../../../../Quectel_BG96_QuecOpen_SDK_Package_V3.0.1-AUS/SDK/libs/llvm\txm_lib.lib(txm_module_system_call5.o)	#SHT_PROGBITS,,1
.debug_loc	0xa20c	0xaf	../../../../../Quectel_BG96_QuecOpen_SDK_Package_V3.0.1-AUS/SDK/libs/llvm\txm_lib.lib(txm_module_system_call7.o)	#SHT_PROGBITS,,1

.debug_macinfo	0xa2bb	0x6 # Offset: 0xa2bb
*(.debug_macinfo )
.debug_macinfo	0xa2bb	0x1	../../../../../Quectel_BG96_QuecOpen_SDK_Package_V3.0.1-AUS/SDK/libs/llvm\txm_lib.lib(txm_module_thread_shell_entry.o)	#SHT_PROGBITS,,1
.debug_macinfo	0xa2bc	0x1	../../../../../Quectel_BG96_QuecOpen_SDK_Package_V3.0.1-AUS/SDK/libs/llvm\txm_lib.lib(txm_module_callback_request_thread_entry.o)	#SHT_PROGBITS,,1
.debug_macinfo	0xa2bd	0x1	../../../../../Quectel_BG96_QuecOpen_SDK_Package_V3.0.1-AUS/SDK/libs/llvm\txm_lib.lib(txm_module_system_call12.o)	#SHT_PROGBITS,,1
.debug_macinfo	0xa2be	0x1	../../../../../Quectel_BG96_QuecOpen_SDK_Package_V3.0.1-AUS/SDK/libs/llvm\txm_lib.lib(txm_module_system_call4.o)	#SHT_PROGBITS,,1
.debug_macinfo	0xa2bf	0x1	../../../../../Quectel_BG96_QuecOpen_SDK_Package_V3.0.1-AUS/SDK/libs/llvm\txm_lib.lib(txm_module_system_call5.o)	#SHT_PROGBITS,,1
.debug_macinfo	0xa2c0	0x1	../../../../../Quectel_BG96_QuecOpen_SDK_Package_V3.0.1-AUS/SDK/libs/llvm\txm_lib.lib(txm_module_system_call7.o)	#SHT_PROGBITS,,1

.debug_weaknames	0xa2c1	0x0 # Offset: 0xa2c1

.debug_funcnames	0xa2c1	0x0 # Offset: 0xa2c1

.debug_typenames	0xa2c1	0x0 # Offset: 0xa2c1

.debug_varnames	0xa2c1	0x0 # Offset: 0xa2c1

.debug_pubtypes	0xa2c1	0x53d # Offset: 0xa2c1
*(.debug_pubtypes )
.debug_pubtypes	0xa2c1	0x1e2	../../../../../Quectel_BG96_QuecOpen_SDK_Package_V3.0.1-AUS/SDK/libs/llvm\txm_lib.lib(txm_module_thread_shell_entry.o)	#SHT_PROGBITS,,1
.debug_pubtypes	0xa4a3	0x293	../../../../../Quectel_BG96_QuecOpen_SDK_Package_V3.0.1-AUS/SDK/libs/llvm\txm_lib.lib(txm_module_callback_request_thread_entry.o)	#SHT_PROGBITS,,1
.debug_pubtypes	0xa736	0x32	../../../../../Quectel_BG96_QuecOpen_SDK_Package_V3.0.1-AUS/SDK/libs/llvm\txm_lib.lib(txm_module_system_call12.o)	#SHT_PROGBITS,,1
.debug_pubtypes	0xa768	0x32	../../../../../Quectel_BG96_QuecOpen_SDK_Package_V3.0.1-AUS/SDK/libs/llvm\txm_lib.lib(txm_module_system_call4.o)	#SHT_PROGBITS,,1
.debug_pubtypes	0xa79a	0x32	../../../../../Quectel_BG96_QuecOpen_SDK_Package_V3.0.1-AUS/SDK/libs/llvm\txm_lib.lib(txm_module_system_call5.o)	#SHT_PROGBITS,,1
.debug_pubtypes	0xa7cc	0x32	../../../../../Quectel_BG96_QuecOpen_SDK_Package_V3.0.1-AUS/SDK/libs/llvm\txm_lib.lib(txm_module_system_call7.o)	#SHT_PROGBITS,,1

.debug_ranges	0xa7fe	0x0 # Offset: 0xa7fe
*(.debug_ranges )

.gnu.attributes	0x0	0x0 # Offset: 0xa7fe, LMA: 0x0

.note.gnu.arm.ident	0x0	0x0 # Offset: 0xa7fe, LMA: 0x0

.ARM.attributes	0xa7fe	0x10 # Offset: 0xa7fe

.comment	0xa80e	0x65 # Offset: 0xa80e
.comment	0xa80e	0x1	C:\Users\nikol\projects\quectel\development\customer\threadx\tools\LLVM\4.0.3\armv7m-none-eabi\libc\lib/libc.a(setlocale.o)	#SHT_PROGBITS,SHF_MERGE|SHF_STRINGS,1
.comment	0xa84b	0x28	Linker Version	#SHT_PROGBITS,SHF_MERGE|SHF_STRINGS,1

.note.GNU-stack	0xa873	0x0 # Offset: 0xa873

/DISCARD/	0x75	0x0 # Offset: 0xa873, LMA: 0x0

.shstrtab	0xa873	0xbe # Offset: 0xa873

.symtab	0xa934	0x41e0 # Offset: 0xa934

.strtab	0xeb14	0x1a70 # Offset: 0xeb14
