# Linker from Snapdragon LLVM ARM Compiler Version 4.0.3
# Linker based on LLVM version: 4.0
# Notable linker command/script options:
# CPU Architecture Version: 
# Target triple environment for the link: gnueabi
# Maximum GP size: 8
# Link type: Static
# ABI Page Size: 0x4
# CommandLine : C:\Users\nikol\projects\noomio\projects\SingleFin\Software\threadx\tools\LLVM\4.0.3\bin\ld.qcld.exe -X --eh-frame-hdr -m armelf_linux_eabi -dynamic-linker /lib/ld-musl-arm.so.1 -o out/singlefin.elf -L../../../Quectel_BG96_QuecOpen_SDK_Package_V3.0.1-AUS/SDK/libs/llvm\azure_sdk.lib -mno-unaligned-access -entry=0x43000000 ./ldscripts/txm_module_preamble_llvm.o --wrap malloc --wrap free --wrap realloc --wrap calloc --wrap printf --wrap puts --wrap getchar --wrap gets --wrap write --wrap fwrite --wrap fflush --wrap strdup out/main.o out/fin/singlefin.o -T ./ldscripts/sections.ld -Map=out/singlefin.map -gc-sections -gc-sections ../../../Quectel_BG96_QuecOpen_SDK_Package_V3.0.1-AUS/SDK/libs/llvm\azure_sdk_port.lib ../../../Quectel_BG96_QuecOpen_SDK_Package_V3.0.1-AUS/SDK/libs/llvm\diag_dam_lib.lib ../../../Quectel_BG96_QuecOpen_SDK_Package_V3.0.1-AUS/SDK/libs/llvm\qapi_psm_lib.lib ../../../Quectel_BG96_QuecOpen_SDK_Package_V3.0.1-AUS/SDK/libs/llvm\timer_dam_lib.lib ../../../Quectel_BG96_QuecOpen_SDK_Package_V3.0.1-AUS/SDK/libs/llvm\txm_lib.lib -LC:\Users\nikol\projects\noomio\projects\SingleFin\Software\threadx\tools\LLVM\4.0.3\armv7m-none-eabi\libc\lib -LC:\Users\nikol\projects\noomio\projects\SingleFin\Software\threadx\tools\LLVM\4.0.3\armv7m-none-eabi\lib --start-group -lunwind -lc++ -lc++abi --end-group -LC:\Users\nikol\projects\noomio\projects\SingleFin\Software\threadx\tools\LLVM\4.0.3\lib\clang\4.0.3\lib\baremetal --start-group -lc -lclang_rt.builtins-armv7m --end-group -lm -lc 
Archive member included because of file (symbol)
../../../Quectel_BG96_QuecOpen_SDK_Package_V3.0.1-AUS/SDK/libs/llvm\timer_dam_lib.lib(qapi_timer_user.o)
		out/main.o (qapi_Timer_Sleep)
../../../Quectel_BG96_QuecOpen_SDK_Package_V3.0.1-AUS/SDK/libs/llvm\txm_lib.lib(txm_module_thread_shell_entry.o)
		out/fin/singlefin.o (_txm_module_kernel_call_dispatcher)
../../../Quectel_BG96_QuecOpen_SDK_Package_V3.0.1-AUS/SDK/libs/llvm\txm_lib.lib(txm_module_callback_request_thread_entry.o)
		./ldscripts/txm_module_preamble_llvm.o (_txm_module_callback_request_thread_entry)
../../../Quectel_BG96_QuecOpen_SDK_Package_V3.0.1-AUS/SDK/libs/llvm\txm_lib.lib(txm_module_system_call11.o)
		out/fin/singlefin.o (_txm_module_system_call11)
../../../Quectel_BG96_QuecOpen_SDK_Package_V3.0.1-AUS/SDK/libs/llvm\txm_lib.lib(txm_module_system_call12.o)
		out/fin/singlefin.o (_txm_module_system_call12)
../../../Quectel_BG96_QuecOpen_SDK_Package_V3.0.1-AUS/SDK/libs/llvm\txm_lib.lib(txm_module_system_call4.o)
		out/fin/singlefin.o (_txm_module_system_call4)
../../../Quectel_BG96_QuecOpen_SDK_Package_V3.0.1-AUS/SDK/libs/llvm\txm_lib.lib(txm_module_system_call5.o)
		out/fin/singlefin.o (_txm_module_system_call5)
../../../Quectel_BG96_QuecOpen_SDK_Package_V3.0.1-AUS/SDK/libs/llvm\txm_lib.lib(txm_module_system_call6.o)
		out/fin/singlefin.o (_txm_module_system_call6)
../../../Quectel_BG96_QuecOpen_SDK_Package_V3.0.1-AUS/SDK/libs/llvm\txm_lib.lib(txm_module_system_call7.o)
		out/fin/singlefin.o (_txm_module_system_call7)
../../../Quectel_BG96_QuecOpen_SDK_Package_V3.0.1-AUS/SDK/libs/llvm\txm_lib.lib(txm_module_system_call8.o)
		out/fin/singlefin.o (_txm_module_system_call8)
C:\Users\nikol\projects\noomio\projects\SingleFin\Software\threadx\tools\LLVM\4.0.3\armv7m-none-eabi\libc\lib/libc.a(setlocale.o)
		out/fin/singlefin.o (setlocale)
C:\Users\nikol\projects\noomio\projects\SingleFin\Software\threadx\tools\LLVM\4.0.3\armv7m-none-eabi\libc\lib/libc.a(getopt.o)
		out/fin/singlefin.o (getopt)
C:\Users\nikol\projects\noomio\projects\SingleFin\Software\threadx\tools\LLVM\4.0.3\armv7m-none-eabi\libc\lib/libc.a(mbtowc.o)
		C:\Users\nikol\projects\noomio\projects\SingleFin\Software\threadx\tools\LLVM\4.0.3\armv7m-none-eabi\libc\lib/libc.a(getopt.o) (mbtowc)
C:\Users\nikol\projects\noomio\projects\SingleFin\Software\threadx\tools\LLVM\4.0.3\armv7m-none-eabi\libc\lib/libc.a(flockfile.o)
		C:\Users\nikol\projects\noomio\projects\SingleFin\Software\threadx\tools\LLVM\4.0.3\armv7m-none-eabi\libc\lib/libc.a(getopt.o) (flockfile)
C:\Users\nikol\projects\noomio\projects\SingleFin\Software\threadx\tools\LLVM\4.0.3\armv7m-none-eabi\libc\lib/libc.a(fputs.o)
		C:\Users\nikol\projects\noomio\projects\SingleFin\Software\threadx\tools\LLVM\4.0.3\armv7m-none-eabi\libc\lib/libc.a(getopt.o) (fputs)
C:\Users\nikol\projects\noomio\projects\SingleFin\Software\threadx\tools\LLVM\4.0.3\armv7m-none-eabi\libc\lib/libc.a(ftrylockfile.o)
		C:\Users\nikol\projects\noomio\projects\SingleFin\Software\threadx\tools\LLVM\4.0.3\armv7m-none-eabi\libc\lib/libc.a(flockfile.o) (ftrylockfile)
C:\Users\nikol\projects\noomio\projects\SingleFin\Software\threadx\tools\LLVM\4.0.3\armv7m-none-eabi\libc\lib/libc.a(funlockfile.o)
		C:\Users\nikol\projects\noomio\projects\SingleFin\Software\threadx\tools\LLVM\4.0.3\armv7m-none-eabi\libc\lib/libc.a(getopt.o) (funlockfile)
C:\Users\nikol\projects\noomio\projects\SingleFin\Software\threadx\tools\LLVM\4.0.3\armv7m-none-eabi\libc\lib/libc.a(putc.o)
		C:\Users\nikol\projects\noomio\projects\SingleFin\Software\threadx\tools\LLVM\4.0.3\armv7m-none-eabi\libc\lib/libc.a(getopt.o) (putc)
C:\Users\nikol\projects\noomio\projects\SingleFin\Software\threadx\tools\LLVM\4.0.3\armv7m-none-eabi\libc\lib/libc.a(snprintf.o)
		out/fin/singlefin.o (snprintf)
C:\Users\nikol\projects\noomio\projects\SingleFin\Software\threadx\tools\LLVM\4.0.3\armv7m-none-eabi\libc\lib/libc.a(stderr.o)
		out/fin/singlefin.o (stderr)
C:\Users\nikol\projects\noomio\projects\SingleFin\Software\threadx\tools\LLVM\4.0.3\armv7m-none-eabi\libc\lib/libc.a(stdin.o)
		out/fin/singlefin.o (stdin)
C:\Users\nikol\projects\noomio\projects\SingleFin\Software\threadx\tools\LLVM\4.0.3\armv7m-none-eabi\libc\lib/libc.a(stdout.o)
		out/fin/singlefin.o (stdout)
C:\Users\nikol\projects\noomio\projects\SingleFin\Software\threadx\tools\LLVM\4.0.3\armv7m-none-eabi\libc\lib/libc.a(memcpy_le.o)
		out/fin/singlefin.o (memcpy)
C:\Users\nikol\projects\noomio\projects\SingleFin\Software\threadx\tools\LLVM\4.0.3\armv7m-none-eabi\libc\lib/libc.a(memset_nofp_armv7.o)
		out/fin/singlefin.o (memset)
C:\Users\nikol\projects\noomio\projects\SingleFin\Software\threadx\tools\LLVM\4.0.3\armv7m-none-eabi\libc\lib/libc.a(strchr.o)
		out/fin/singlefin.o (strchr)
C:\Users\nikol\projects\noomio\projects\SingleFin\Software\threadx\tools\LLVM\4.0.3\armv7m-none-eabi\libc\lib/libc.a(strchrnul.o)
		C:\Users\nikol\projects\noomio\projects\SingleFin\Software\threadx\tools\LLVM\4.0.3\armv7m-none-eabi\libc\lib/libc.a(setlocale.o) (__strchrnul)
C:\Users\nikol\projects\noomio\projects\SingleFin\Software\threadx\tools\LLVM\4.0.3\armv7m-none-eabi\libc\lib/libc.a(strcmp.o)
		out/fin/singlefin.o (strcmp)
C:\Users\nikol\projects\noomio\projects\SingleFin\Software\threadx\tools\LLVM\4.0.3\armv7m-none-eabi\libc\lib/libc.a(strcpy.o)
		out/fin/singlefin.o (strcpy)
C:\Users\nikol\projects\noomio\projects\SingleFin\Software\threadx\tools\LLVM\4.0.3\armv7m-none-eabi\libc\lib/libc.a(strlen.o)
		out/fin/singlefin.o (strlen)
C:\Users\nikol\projects\noomio\projects\SingleFin\Software\threadx\tools\LLVM\4.0.3\armv7m-none-eabi\libc\lib/libc.a(strncpy.o)
		out/fin/singlefin.o (strncpy)
C:\Users\nikol\projects\noomio\projects\SingleFin\Software\threadx\tools\LLVM\4.0.3\armv7m-none-eabi\libc\lib/libc.a(strstr.o)
		out/fin/singlefin.o (strstr)
C:\Users\nikol\projects\noomio\projects\SingleFin\Software\threadx\tools\LLVM\4.0.3\armv7m-none-eabi\libc\lib/libc.a(strtok.o)
		out/fin/singlefin.o (strtok)
C:\Users\nikol\projects\noomio\projects\SingleFin\Software\threadx\tools\LLVM\4.0.3\armv7m-none-eabi\libc\lib/libc.a(__lock.o)
		C:\Users\nikol\projects\noomio\projects\SingleFin\Software\threadx\tools\LLVM\4.0.3\armv7m-none-eabi\libc\lib/libc.a(setlocale.o) (__lock)
C:\Users\nikol\projects\noomio\projects\SingleFin\Software\threadx\tools\LLVM\4.0.3\armv7m-none-eabi\libc\lib/libc.a(__wait.o)
		C:\Users\nikol\projects\noomio\projects\SingleFin\Software\threadx\tools\LLVM\4.0.3\armv7m-none-eabi\libc\lib/libc.a(flockfile.o) (__wait)
C:\Users\nikol\projects\noomio\projects\SingleFin\Software\threadx\tools\LLVM\4.0.3\armv7m-none-eabi\libc\lib/libc.a(__errno_location.o)
		C:\Users\nikol\projects\noomio\projects\SingleFin\Software\threadx\tools\LLVM\4.0.3\armv7m-none-eabi\libc\lib/libc.a(mbtowc.o) (__errno_location)
C:\Users\nikol\projects\noomio\projects\SingleFin\Software\threadx\tools\LLVM\4.0.3\armv7m-none-eabi\libc\lib/libc.a(libc.o)
		C:\Users\nikol\projects\noomio\projects\SingleFin\Software\threadx\tools\LLVM\4.0.3\armv7m-none-eabi\libc\lib/libc.a(setlocale.o) (__libc)
C:\Users\nikol\projects\noomio\projects\SingleFin\Software\threadx\tools\LLVM\4.0.3\armv7m-none-eabi\libc\lib/libc.a(__lctrans.o)
		C:\Users\nikol\projects\noomio\projects\SingleFin\Software\threadx\tools\LLVM\4.0.3\armv7m-none-eabi\libc\lib/libc.a(getopt.o) (__lctrans_cur)
C:\Users\nikol\projects\noomio\projects\SingleFin\Software\threadx\tools\LLVM\4.0.3\armv7m-none-eabi\libc\lib/libc.a(locale_map.o)
		C:\Users\nikol\projects\noomio\projects\SingleFin\Software\threadx\tools\LLVM\4.0.3\armv7m-none-eabi\libc\lib/libc.a(setlocale.o) (__get_locale)
C:\Users\nikol\projects\noomio\projects\SingleFin\Software\threadx\tools\LLVM\4.0.3\armv7m-none-eabi\libc\lib/libc.a(munmap.o)
		C:\Users\nikol\projects\noomio\projects\SingleFin\Software\threadx\tools\LLVM\4.0.3\armv7m-none-eabi\libc\lib/libc.a(locale_map.o) (__munmap)
C:\Users\nikol\projects\noomio\projects\SingleFin\Software\threadx\tools\LLVM\4.0.3\armv7m-none-eabi\libc\lib/libc.a(internal.o)
		C:\Users\nikol\projects\noomio\projects\SingleFin\Software\threadx\tools\LLVM\4.0.3\armv7m-none-eabi\libc\lib/libc.a(mbtowc.o) (__fsmu8)
C:\Users\nikol\projects\noomio\projects\SingleFin\Software\threadx\tools\LLVM\4.0.3\armv7m-none-eabi\libc\lib/libc.a(__overflow.o)
		C:\Users\nikol\projects\noomio\projects\SingleFin\Software\threadx\tools\LLVM\4.0.3\armv7m-none-eabi\libc\lib/libc.a(putc.o) (__overflow)
C:\Users\nikol\projects\noomio\projects\SingleFin\Software\threadx\tools\LLVM\4.0.3\armv7m-none-eabi\libc\lib/libc.a(__towrite.o)
		C:\Users\nikol\projects\noomio\projects\SingleFin\Software\threadx\tools\LLVM\4.0.3\armv7m-none-eabi\libc\lib/libc.a(__overflow.o) (__towrite)
C:\Users\nikol\projects\noomio\projects\SingleFin\Software\threadx\tools\LLVM\4.0.3\armv7m-none-eabi\libc\lib/libc.a(__lockfile.o)
		C:\Users\nikol\projects\noomio\projects\SingleFin\Software\threadx\tools\LLVM\4.0.3\armv7m-none-eabi\libc\lib/libc.a(putc.o) (__lockfile)
C:\Users\nikol\projects\noomio\projects\SingleFin\Software\threadx\tools\LLVM\4.0.3\armv7m-none-eabi\libc\lib/libc.a(__stdio_close.o)
		C:\Users\nikol\projects\noomio\projects\SingleFin\Software\threadx\tools\LLVM\4.0.3\armv7m-none-eabi\libc\lib/libc.a(stderr.o) (__stdio_close)
C:\Users\nikol\projects\noomio\projects\SingleFin\Software\threadx\tools\LLVM\4.0.3\armv7m-none-eabi\libc\lib/libc.a(__stdio_read.o)
		C:\Users\nikol\projects\noomio\projects\SingleFin\Software\threadx\tools\LLVM\4.0.3\armv7m-none-eabi\libc\lib/libc.a(stdin.o) (__stdio_read)
C:\Users\nikol\projects\noomio\projects\SingleFin\Software\threadx\tools\LLVM\4.0.3\armv7m-none-eabi\libc\lib/libc.a(__stdio_seek.o)
		C:\Users\nikol\projects\noomio\projects\SingleFin\Software\threadx\tools\LLVM\4.0.3\armv7m-none-eabi\libc\lib/libc.a(stderr.o) (__stdio_seek)
C:\Users\nikol\projects\noomio\projects\SingleFin\Software\threadx\tools\LLVM\4.0.3\armv7m-none-eabi\libc\lib/libc.a(__stdio_write.o)
		C:\Users\nikol\projects\noomio\projects\SingleFin\Software\threadx\tools\LLVM\4.0.3\armv7m-none-eabi\libc\lib/libc.a(stderr.o) (__stdio_write)
C:\Users\nikol\projects\noomio\projects\SingleFin\Software\threadx\tools\LLVM\4.0.3\armv7m-none-eabi\libc\lib/libc.a(__stdout_write.o)
		C:\Users\nikol\projects\noomio\projects\SingleFin\Software\threadx\tools\LLVM\4.0.3\armv7m-none-eabi\libc\lib/libc.a(stdout.o) (__stdout_write)
C:\Users\nikol\projects\noomio\projects\SingleFin\Software\threadx\tools\LLVM\4.0.3\armv7m-none-eabi\libc\lib/libc.a(vfprintf.o)
		C:\Users\nikol\projects\noomio\projects\SingleFin\Software\threadx\tools\LLVM\4.0.3\armv7m-none-eabi\libc\lib/libc.a(snprintf.o) (vsnprintf)
C:\Users\nikol\projects\noomio\projects\SingleFin\Software\threadx\tools\LLVM\4.0.3\armv7m-none-eabi\libc\lib/libc.a(fwrite.o)
		C:\Users\nikol\projects\noomio\projects\SingleFin\Software\threadx\tools\LLVM\4.0.3\armv7m-none-eabi\libc\lib/libc.a(vfprintf.o) (__fwritex)
C:\Users\nikol\projects\noomio\projects\SingleFin\Software\threadx\tools\LLVM\4.0.3\armv7m-none-eabi\libc\lib/libc.a(vsnprintf.o)
		C:\Users\nikol\projects\noomio\projects\SingleFin\Software\threadx\tools\LLVM\4.0.3\armv7m-none-eabi\libc\lib/libc.a(vfprintf.o) (vsnprintf_full)
C:\Users\nikol\projects\noomio\projects\SingleFin\Software\threadx\tools\LLVM\4.0.3\armv7m-none-eabi\libc\lib/libc.a(__aeabi_memclr.o)
		C:\Users\nikol\projects\noomio\projects\SingleFin\Software\threadx\tools\LLVM\4.0.3\armv7m-none-eabi\libc\lib/libc.a(strstr.o) (__aeabi_memclr4)
C:\Users\nikol\projects\noomio\projects\SingleFin\Software\threadx\tools\LLVM\4.0.3\armv7m-none-eabi\libc\lib/libc.a(__aeabi_memcpy.o)
		C:\Users\nikol\projects\noomio\projects\SingleFin\Software\threadx\tools\LLVM\4.0.3\armv7m-none-eabi\libc\lib/libc.a(vsnprintf.o) (__aeabi_memcpy8)
C:\Users\nikol\projects\noomio\projects\SingleFin\Software\threadx\tools\LLVM\4.0.3\armv7m-none-eabi\libc\lib/libc.a(memchr.o)
		C:\Users\nikol\projects\noomio\projects\SingleFin\Software\threadx\tools\LLVM\4.0.3\armv7m-none-eabi\libc\lib/libc.a(strstr.o) (memchr)
C:\Users\nikol\projects\noomio\projects\SingleFin\Software\threadx\tools\LLVM\4.0.3\armv7m-none-eabi\libc\lib/libc.a(memcmp.o)
		C:\Users\nikol\projects\noomio\projects\SingleFin\Software\threadx\tools\LLVM\4.0.3\armv7m-none-eabi\libc\lib/libc.a(strstr.o) (memcmp)
C:\Users\nikol\projects\noomio\projects\SingleFin\Software\threadx\tools\LLVM\4.0.3\armv7m-none-eabi\libc\lib/libc.a(stpcpy.o)
		C:\Users\nikol\projects\noomio\projects\SingleFin\Software\threadx\tools\LLVM\4.0.3\armv7m-none-eabi\libc\lib/libc.a(strcpy.o) (__stpcpy)
C:\Users\nikol\projects\noomio\projects\SingleFin\Software\threadx\tools\LLVM\4.0.3\armv7m-none-eabi\libc\lib/libc.a(stpncpy.o)
		C:\Users\nikol\projects\noomio\projects\SingleFin\Software\threadx\tools\LLVM\4.0.3\armv7m-none-eabi\libc\lib/libc.a(strncpy.o) (__stpncpy)
C:\Users\nikol\projects\noomio\projects\SingleFin\Software\threadx\tools\LLVM\4.0.3\armv7m-none-eabi\libc\lib/libc.a(strcspn.o)
		C:\Users\nikol\projects\noomio\projects\SingleFin\Software\threadx\tools\LLVM\4.0.3\armv7m-none-eabi\libc\lib/libc.a(strtok.o) (strcspn)
C:\Users\nikol\projects\noomio\projects\SingleFin\Software\threadx\tools\LLVM\4.0.3\armv7m-none-eabi\libc\lib/libc.a(strspn.o)
		C:\Users\nikol\projects\noomio\projects\SingleFin\Software\threadx\tools\LLVM\4.0.3\armv7m-none-eabi\libc\lib/libc.a(strtok.o) (strspn)
C:\Users\nikol\projects\noomio\projects\SingleFin\Software\threadx\tools\LLVM\4.0.3\armv7m-none-eabi\libc\lib/libc.a(__map_file.o)
		C:\Users\nikol\projects\noomio\projects\SingleFin\Software\threadx\tools\LLVM\4.0.3\armv7m-none-eabi\libc\lib/libc.a(locale_map.o) (__map_file)
C:\Users\nikol\projects\noomio\projects\SingleFin\Software\threadx\tools\LLVM\4.0.3\armv7m-none-eabi\libc\lib/libc.a(getenv.o)
		C:\Users\nikol\projects\noomio\projects\SingleFin\Software\threadx\tools\LLVM\4.0.3\armv7m-none-eabi\libc\lib/libc.a(locale_map.o) (getenv)
C:\Users\nikol\projects\noomio\projects\SingleFin\Software\threadx\tools\LLVM\4.0.3\armv7m-none-eabi\libc\lib/libc.a(strerror.o)
		C:\Users\nikol\projects\noomio\projects\SingleFin\Software\threadx\tools\LLVM\4.0.3\armv7m-none-eabi\libc\lib/libc.a(vfprintf.o) (strerror)
C:\Users\nikol\projects\noomio\projects\SingleFin\Software\threadx\tools\LLVM\4.0.3\armv7m-none-eabi\libc\lib/libc.a(syscall_ret.o)
		C:\Users\nikol\projects\noomio\projects\SingleFin\Software\threadx\tools\LLVM\4.0.3\armv7m-none-eabi\libc\lib/libc.a(munmap.o) (__syscall_ret)
C:\Users\nikol\projects\noomio\projects\SingleFin\Software\threadx\tools\LLVM\4.0.3\armv7m-none-eabi\libc\lib/libc.a(__mo_lookup.o)
		C:\Users\nikol\projects\noomio\projects\SingleFin\Software\threadx\tools\LLVM\4.0.3\armv7m-none-eabi\libc\lib/libc.a(locale_map.o) (__mo_lookup)
C:\Users\nikol\projects\noomio\projects\SingleFin\Software\threadx\tools\LLVM\4.0.3\armv7m-none-eabi\libc\lib/libc.a(c_locale.o)
		C:\Users\nikol\projects\noomio\projects\SingleFin\Software\threadx\tools\LLVM\4.0.3\armv7m-none-eabi\libc\lib/libc.a(locale_map.o) (__c_dot_utf8)
C:\Users\nikol\projects\noomio\projects\SingleFin\Software\threadx\tools\LLVM\4.0.3\armv7m-none-eabi\libc\lib/libc.a(mmap.o)
		C:\Users\nikol\projects\noomio\projects\SingleFin\Software\threadx\tools\LLVM\4.0.3\armv7m-none-eabi\libc\lib/libc.a(__map_file.o) (__mmap)
C:\Users\nikol\projects\noomio\projects\SingleFin\Software\threadx\tools\LLVM\4.0.3\armv7m-none-eabi\libc\lib/libc.a(wctomb.o)
		C:\Users\nikol\projects\noomio\projects\SingleFin\Software\threadx\tools\LLVM\4.0.3\armv7m-none-eabi\libc\lib/libc.a(vfprintf.o) (wctomb)
C:\Users\nikol\projects\noomio\projects\SingleFin\Software\threadx\tools\LLVM\4.0.3\armv7m-none-eabi\libc\lib/libc.a(__stdio_exit.o)
		C:\Users\nikol\projects\noomio\projects\SingleFin\Software\threadx\tools\LLVM\4.0.3\armv7m-none-eabi\libc\lib/libc.a(__towrite.o) (__stdio_exit_needed)
C:\Users\nikol\projects\noomio\projects\SingleFin\Software\threadx\tools\LLVM\4.0.3\armv7m-none-eabi\libc\lib/libc.a(ofl.o)
		C:\Users\nikol\projects\noomio\projects\SingleFin\Software\threadx\tools\LLVM\4.0.3\armv7m-none-eabi\libc\lib/libc.a(__stdio_exit.o) (__ofl_lock)
C:\Users\nikol\projects\noomio\projects\SingleFin\Software\threadx\tools\LLVM\4.0.3\armv7m-none-eabi\libc\lib/libc.a(strncmp.o)
		C:\Users\nikol\projects\noomio\projects\SingleFin\Software\threadx\tools\LLVM\4.0.3\armv7m-none-eabi\libc\lib/libc.a(getenv.o) (strncmp)
C:\Users\nikol\projects\noomio\projects\SingleFin\Software\threadx\tools\LLVM\4.0.3\armv7m-none-eabi\libc\lib/libc.a(__environ.o)
		C:\Users\nikol\projects\noomio\projects\SingleFin\Software\threadx\tools\LLVM\4.0.3\armv7m-none-eabi\libc\lib/libc.a(getenv.o) (__environ)
C:\Users\nikol\projects\noomio\projects\SingleFin\Software\threadx\tools\LLVM\4.0.3\armv7m-none-eabi\libc\lib/libc.a(wcrtomb.o)
		C:\Users\nikol\projects\noomio\projects\SingleFin\Software\threadx\tools\LLVM\4.0.3\armv7m-none-eabi\libc\lib/libc.a(wctomb.o) (wcrtomb)
C:\Users\nikol\projects\noomio\projects\SingleFin\Software\threadx\tools\LLVM\4.0.3\lib\clang\4.0.3\lib\baremetal/libclang_rt.builtins-armv7m.a(aeabi_uldivmod.S.obj)
		out/fin/singlefin.o (__aeabi_uldivmod)
C:\Users\nikol\projects\noomio\projects\SingleFin\Software\threadx\tools\LLVM\4.0.3\lib\clang\4.0.3\lib\baremetal/libclang_rt.builtins-armv7m.a(udivmoddi4.c.obj)
		C:\Users\nikol\projects\noomio\projects\SingleFin\Software\threadx\tools\LLVM\4.0.3\lib\clang\4.0.3\lib\baremetal/libclang_rt.builtins-armv7m.a(aeabi_uldivmod.S.obj) (__udivmoddi4)

Allocating common symbols
Common symbol	size	file

bytes1	0x100	out/fin/singlefin.o
bytes2	0x100	out/fin/singlefin.o
dss_mem	0x10000	out/fin/singlefin.o
gpio_is_interrupt	0xe	out/fin/singlefin.o
http_client_mem	0x800	out/fin/singlefin.o
mem_heap	0x8000	out/fin/singlefin.o
rx_buf	0x80	out/fin/singlefin.o
rx_queue_thread_mem	0x400	out/fin/singlefin.o
evnt_rx	0x4	out/fin/singlefin.o
gpio_id_tbl	0x38	out/fin/singlefin.o
gpio_interrupt_id_tbl	0x38	out/fin/singlefin.o
out_tx_done_sem	0x4	out/fin/singlefin.o
out_tx_mutex	0x4	out/fin/singlefin.o
recv_queue	0x4	out/fin/singlefin.o
recv_queue_mem	0x800	out/fin/singlefin.o
rx_buf_head	0x4	out/fin/singlefin.o
rx_buf_tail	0x4	out/fin/singlefin.o
rx_queue_thread_byte_pool	0x4	out/fin/singlefin.o
rx_queue_thread_handle	0x4	out/fin/singlefin.o
rx_queue_thread_stack	0x4	out/fin/singlefin.o
tlmm_config	0x118	out/fin/singlefin.o
timer_client_stack	0x1000	../../../Quectel_BG96_QuecOpen_SDK_Package_V3.0.1-AUS/SDK/libs/llvm\timer_dam_lib.lib(qapi_timer_user.o)
timer_client_module_thread	0x4	../../../Quectel_BG96_QuecOpen_SDK_Package_V3.0.1-AUS/SDK/libs/llvm\timer_dam_lib.lib(qapi_timer_user.o)
timer_thread_state	0x4	../../../Quectel_BG96_QuecOpen_SDK_Package_V3.0.1-AUS/SDK/libs/llvm\timer_dam_lib.lib(qapi_timer_user.o)
timer_user_handle	0x4	../../../Quectel_BG96_QuecOpen_SDK_Package_V3.0.1-AUS/SDK/libs/llvm\timer_dam_lib.lib(qapi_timer_user.o)
_txm_module_entry_info	0x4	../../../Quectel_BG96_QuecOpen_SDK_Package_V3.0.1-AUS/SDK/libs/llvm\txm_lib.lib(txm_module_thread_shell_entry.o)
_txm_module_instance_ptr	0x4	../../../Quectel_BG96_QuecOpen_SDK_Package_V3.0.1-AUS/SDK/libs/llvm\txm_lib.lib(txm_module_thread_shell_entry.o)
_txm_module_kernel_call_dispatcher	0x4	../../../Quectel_BG96_QuecOpen_SDK_Package_V3.0.1-AUS/SDK/libs/llvm\txm_lib.lib(txm_module_thread_shell_entry.o)
__libc	0x40	C:\Users\nikol\projects\noomio\projects\SingleFin\Software\threadx\tools\LLVM\4.0.3\armv7m-none-eabi\libc\lib/libc.a(libc.o)
__optpos	0x4	C:\Users\nikol\projects\noomio\projects\SingleFin\Software\threadx\tools\LLVM\4.0.3\armv7m-none-eabi\libc\lib/libc.a(getopt.o)
optarg	0x4	C:\Users\nikol\projects\noomio\projects\SingleFin\Software\threadx\tools\LLVM\4.0.3\armv7m-none-eabi\libc\lib/libc.a(getopt.o)
optopt	0x4	C:\Users\nikol\projects\noomio\projects\SingleFin\Software\threadx\tools\LLVM\4.0.3\armv7m-none-eabi\libc\lib/libc.a(getopt.o)

Linker Script and memory map
LOAD ./ldscripts/txm_module_preamble_llvm.o[]
LOAD out/main.o[]
LOAD out/fin/singlefin.o[]
LOAD ../../../Quectel_BG96_QuecOpen_SDK_Package_V3.0.1-AUS/SDK/libs/llvm\timer_dam_lib.lib(qapi_timer_user.o) []
LOAD ../../../Quectel_BG96_QuecOpen_SDK_Package_V3.0.1-AUS/SDK/libs/llvm\txm_lib.lib(txm_module_thread_shell_entry.o) []
LOAD ../../../Quectel_BG96_QuecOpen_SDK_Package_V3.0.1-AUS/SDK/libs/llvm\txm_lib.lib(txm_module_callback_request_thread_entry.o) []
LOAD ../../../Quectel_BG96_QuecOpen_SDK_Package_V3.0.1-AUS/SDK/libs/llvm\txm_lib.lib(txm_module_system_call11.o) []
LOAD ../../../Quectel_BG96_QuecOpen_SDK_Package_V3.0.1-AUS/SDK/libs/llvm\txm_lib.lib(txm_module_system_call12.o) []
LOAD ../../../Quectel_BG96_QuecOpen_SDK_Package_V3.0.1-AUS/SDK/libs/llvm\txm_lib.lib(txm_module_system_call4.o) []
LOAD ../../../Quectel_BG96_QuecOpen_SDK_Package_V3.0.1-AUS/SDK/libs/llvm\txm_lib.lib(txm_module_system_call5.o) []
LOAD ../../../Quectel_BG96_QuecOpen_SDK_Package_V3.0.1-AUS/SDK/libs/llvm\txm_lib.lib(txm_module_system_call6.o) []
LOAD ../../../Quectel_BG96_QuecOpen_SDK_Package_V3.0.1-AUS/SDK/libs/llvm\txm_lib.lib(txm_module_system_call7.o) []
LOAD ../../../Quectel_BG96_QuecOpen_SDK_Package_V3.0.1-AUS/SDK/libs/llvm\txm_lib.lib(txm_module_system_call8.o) []
START GROUP
END GROUP
START GROUP
LOAD C:\Users\nikol\projects\noomio\projects\SingleFin\Software\threadx\tools\LLVM\4.0.3\armv7m-none-eabi\libc\lib/libc.a(setlocale.o) []
LOAD C:\Users\nikol\projects\noomio\projects\SingleFin\Software\threadx\tools\LLVM\4.0.3\armv7m-none-eabi\libc\lib/libc.a(getopt.o) []
LOAD C:\Users\nikol\projects\noomio\projects\SingleFin\Software\threadx\tools\LLVM\4.0.3\armv7m-none-eabi\libc\lib/libc.a(mbtowc.o) []
LOAD C:\Users\nikol\projects\noomio\projects\SingleFin\Software\threadx\tools\LLVM\4.0.3\armv7m-none-eabi\libc\lib/libc.a(flockfile.o) []
LOAD C:\Users\nikol\projects\noomio\projects\SingleFin\Software\threadx\tools\LLVM\4.0.3\armv7m-none-eabi\libc\lib/libc.a(fputs.o) []
LOAD C:\Users\nikol\projects\noomio\projects\SingleFin\Software\threadx\tools\LLVM\4.0.3\armv7m-none-eabi\libc\lib/libc.a(ftrylockfile.o) []
LOAD C:\Users\nikol\projects\noomio\projects\SingleFin\Software\threadx\tools\LLVM\4.0.3\armv7m-none-eabi\libc\lib/libc.a(funlockfile.o) []
LOAD C:\Users\nikol\projects\noomio\projects\SingleFin\Software\threadx\tools\LLVM\4.0.3\armv7m-none-eabi\libc\lib/libc.a(putc.o) []
LOAD C:\Users\nikol\projects\noomio\projects\SingleFin\Software\threadx\tools\LLVM\4.0.3\armv7m-none-eabi\libc\lib/libc.a(snprintf.o) []
LOAD C:\Users\nikol\projects\noomio\projects\SingleFin\Software\threadx\tools\LLVM\4.0.3\armv7m-none-eabi\libc\lib/libc.a(stderr.o) []
LOAD C:\Users\nikol\projects\noomio\projects\SingleFin\Software\threadx\tools\LLVM\4.0.3\armv7m-none-eabi\libc\lib/libc.a(stdin.o) []
LOAD C:\Users\nikol\projects\noomio\projects\SingleFin\Software\threadx\tools\LLVM\4.0.3\armv7m-none-eabi\libc\lib/libc.a(stdout.o) []
LOAD C:\Users\nikol\projects\noomio\projects\SingleFin\Software\threadx\tools\LLVM\4.0.3\armv7m-none-eabi\libc\lib/libc.a(memcpy_le.o) []
LOAD C:\Users\nikol\projects\noomio\projects\SingleFin\Software\threadx\tools\LLVM\4.0.3\armv7m-none-eabi\libc\lib/libc.a(memset_nofp_armv7.o) []
LOAD C:\Users\nikol\projects\noomio\projects\SingleFin\Software\threadx\tools\LLVM\4.0.3\armv7m-none-eabi\libc\lib/libc.a(strchr.o) []
LOAD C:\Users\nikol\projects\noomio\projects\SingleFin\Software\threadx\tools\LLVM\4.0.3\armv7m-none-eabi\libc\lib/libc.a(strchrnul.o) []
LOAD C:\Users\nikol\projects\noomio\projects\SingleFin\Software\threadx\tools\LLVM\4.0.3\armv7m-none-eabi\libc\lib/libc.a(strcmp.o) []
LOAD C:\Users\nikol\projects\noomio\projects\SingleFin\Software\threadx\tools\LLVM\4.0.3\armv7m-none-eabi\libc\lib/libc.a(strcpy.o) []
LOAD C:\Users\nikol\projects\noomio\projects\SingleFin\Software\threadx\tools\LLVM\4.0.3\armv7m-none-eabi\libc\lib/libc.a(strlen.o) []
LOAD C:\Users\nikol\projects\noomio\projects\SingleFin\Software\threadx\tools\LLVM\4.0.3\armv7m-none-eabi\libc\lib/libc.a(strncpy.o) []
LOAD C:\Users\nikol\projects\noomio\projects\SingleFin\Software\threadx\tools\LLVM\4.0.3\armv7m-none-eabi\libc\lib/libc.a(strstr.o) []
LOAD C:\Users\nikol\projects\noomio\projects\SingleFin\Software\threadx\tools\LLVM\4.0.3\armv7m-none-eabi\libc\lib/libc.a(strtok.o) []
LOAD C:\Users\nikol\projects\noomio\projects\SingleFin\Software\threadx\tools\LLVM\4.0.3\armv7m-none-eabi\libc\lib/libc.a(__lock.o) []
LOAD C:\Users\nikol\projects\noomio\projects\SingleFin\Software\threadx\tools\LLVM\4.0.3\armv7m-none-eabi\libc\lib/libc.a(__wait.o) []
LOAD C:\Users\nikol\projects\noomio\projects\SingleFin\Software\threadx\tools\LLVM\4.0.3\armv7m-none-eabi\libc\lib/libc.a(__errno_location.o) []
LOAD C:\Users\nikol\projects\noomio\projects\SingleFin\Software\threadx\tools\LLVM\4.0.3\armv7m-none-eabi\libc\lib/libc.a(libc.o) []
LOAD C:\Users\nikol\projects\noomio\projects\SingleFin\Software\threadx\tools\LLVM\4.0.3\armv7m-none-eabi\libc\lib/libc.a(__lctrans.o) []
LOAD C:\Users\nikol\projects\noomio\projects\SingleFin\Software\threadx\tools\LLVM\4.0.3\armv7m-none-eabi\libc\lib/libc.a(locale_map.o) []
LOAD C:\Users\nikol\projects\noomio\projects\SingleFin\Software\threadx\tools\LLVM\4.0.3\armv7m-none-eabi\libc\lib/libc.a(munmap.o) []
LOAD C:\Users\nikol\projects\noomio\projects\SingleFin\Software\threadx\tools\LLVM\4.0.3\armv7m-none-eabi\libc\lib/libc.a(internal.o) []
LOAD C:\Users\nikol\projects\noomio\projects\SingleFin\Software\threadx\tools\LLVM\4.0.3\armv7m-none-eabi\libc\lib/libc.a(__overflow.o) []
LOAD C:\Users\nikol\projects\noomio\projects\SingleFin\Software\threadx\tools\LLVM\4.0.3\armv7m-none-eabi\libc\lib/libc.a(__towrite.o) []
LOAD C:\Users\nikol\projects\noomio\projects\SingleFin\Software\threadx\tools\LLVM\4.0.3\armv7m-none-eabi\libc\lib/libc.a(__lockfile.o) []
LOAD C:\Users\nikol\projects\noomio\projects\SingleFin\Software\threadx\tools\LLVM\4.0.3\armv7m-none-eabi\libc\lib/libc.a(__stdio_close.o) []
LOAD C:\Users\nikol\projects\noomio\projects\SingleFin\Software\threadx\tools\LLVM\4.0.3\armv7m-none-eabi\libc\lib/libc.a(__stdio_read.o) []
LOAD C:\Users\nikol\projects\noomio\projects\SingleFin\Software\threadx\tools\LLVM\4.0.3\armv7m-none-eabi\libc\lib/libc.a(__stdio_seek.o) []
LOAD C:\Users\nikol\projects\noomio\projects\SingleFin\Software\threadx\tools\LLVM\4.0.3\armv7m-none-eabi\libc\lib/libc.a(__stdio_write.o) []
LOAD C:\Users\nikol\projects\noomio\projects\SingleFin\Software\threadx\tools\LLVM\4.0.3\armv7m-none-eabi\libc\lib/libc.a(__stdout_write.o) []
LOAD C:\Users\nikol\projects\noomio\projects\SingleFin\Software\threadx\tools\LLVM\4.0.3\armv7m-none-eabi\libc\lib/libc.a(vfprintf.o) []
LOAD C:\Users\nikol\projects\noomio\projects\SingleFin\Software\threadx\tools\LLVM\4.0.3\armv7m-none-eabi\libc\lib/libc.a(fwrite.o) []
LOAD C:\Users\nikol\projects\noomio\projects\SingleFin\Software\threadx\tools\LLVM\4.0.3\armv7m-none-eabi\libc\lib/libc.a(vsnprintf.o) []
LOAD C:\Users\nikol\projects\noomio\projects\SingleFin\Software\threadx\tools\LLVM\4.0.3\armv7m-none-eabi\libc\lib/libc.a(__aeabi_memclr.o) []
LOAD C:\Users\nikol\projects\noomio\projects\SingleFin\Software\threadx\tools\LLVM\4.0.3\armv7m-none-eabi\libc\lib/libc.a(__aeabi_memcpy.o) []
LOAD C:\Users\nikol\projects\noomio\projects\SingleFin\Software\threadx\tools\LLVM\4.0.3\armv7m-none-eabi\libc\lib/libc.a(memchr.o) []
LOAD C:\Users\nikol\projects\noomio\projects\SingleFin\Software\threadx\tools\LLVM\4.0.3\armv7m-none-eabi\libc\lib/libc.a(memcmp.o) []
LOAD C:\Users\nikol\projects\noomio\projects\SingleFin\Software\threadx\tools\LLVM\4.0.3\armv7m-none-eabi\libc\lib/libc.a(stpcpy.o) []
LOAD C:\Users\nikol\projects\noomio\projects\SingleFin\Software\threadx\tools\LLVM\4.0.3\armv7m-none-eabi\libc\lib/libc.a(stpncpy.o) []
LOAD C:\Users\nikol\projects\noomio\projects\SingleFin\Software\threadx\tools\LLVM\4.0.3\armv7m-none-eabi\libc\lib/libc.a(strcspn.o) []
LOAD C:\Users\nikol\projects\noomio\projects\SingleFin\Software\threadx\tools\LLVM\4.0.3\armv7m-none-eabi\libc\lib/libc.a(strspn.o) []
LOAD C:\Users\nikol\projects\noomio\projects\SingleFin\Software\threadx\tools\LLVM\4.0.3\armv7m-none-eabi\libc\lib/libc.a(__map_file.o) []
LOAD C:\Users\nikol\projects\noomio\projects\SingleFin\Software\threadx\tools\LLVM\4.0.3\armv7m-none-eabi\libc\lib/libc.a(getenv.o) []
LOAD C:\Users\nikol\projects\noomio\projects\SingleFin\Software\threadx\tools\LLVM\4.0.3\armv7m-none-eabi\libc\lib/libc.a(strerror.o) []
LOAD C:\Users\nikol\projects\noomio\projects\SingleFin\Software\threadx\tools\LLVM\4.0.3\armv7m-none-eabi\libc\lib/libc.a(syscall_ret.o) []
LOAD C:\Users\nikol\projects\noomio\projects\SingleFin\Software\threadx\tools\LLVM\4.0.3\armv7m-none-eabi\libc\lib/libc.a(__mo_lookup.o) []
LOAD C:\Users\nikol\projects\noomio\projects\SingleFin\Software\threadx\tools\LLVM\4.0.3\armv7m-none-eabi\libc\lib/libc.a(c_locale.o) []
LOAD C:\Users\nikol\projects\noomio\projects\SingleFin\Software\threadx\tools\LLVM\4.0.3\armv7m-none-eabi\libc\lib/libc.a(mmap.o) []
LOAD C:\Users\nikol\projects\noomio\projects\SingleFin\Software\threadx\tools\LLVM\4.0.3\armv7m-none-eabi\libc\lib/libc.a(wctomb.o) []
LOAD C:\Users\nikol\projects\noomio\projects\SingleFin\Software\threadx\tools\LLVM\4.0.3\armv7m-none-eabi\libc\lib/libc.a(__stdio_exit.o) []
LOAD C:\Users\nikol\projects\noomio\projects\SingleFin\Software\threadx\tools\LLVM\4.0.3\armv7m-none-eabi\libc\lib/libc.a(ofl.o) []
LOAD C:\Users\nikol\projects\noomio\projects\SingleFin\Software\threadx\tools\LLVM\4.0.3\armv7m-none-eabi\libc\lib/libc.a(strncmp.o) []
LOAD C:\Users\nikol\projects\noomio\projects\SingleFin\Software\threadx\tools\LLVM\4.0.3\armv7m-none-eabi\libc\lib/libc.a(__environ.o) []
LOAD C:\Users\nikol\projects\noomio\projects\SingleFin\Software\threadx\tools\LLVM\4.0.3\armv7m-none-eabi\libc\lib/libc.a(wcrtomb.o) []
LOAD C:\Users\nikol\projects\noomio\projects\SingleFin\Software\threadx\tools\LLVM\4.0.3\lib\clang\4.0.3\lib\baremetal/libclang_rt.builtins-armv7m.a(aeabi_uldivmod.S.obj) []
LOAD C:\Users\nikol\projects\noomio\projects\SingleFin\Software\threadx\tools\LLVM\4.0.3\lib\clang\4.0.3\lib\baremetal/libclang_rt.builtins-armv7m.a(udivmoddi4.c.obj) []
END GROUP

Linker scripts used (including INCLUDE command)
./ldscripts/sections.ld

ER_RO	0x43000000	0xb754 # Offset: 0x60, LMA: 0x43000000
	Image$$ER_RO$$Base(0x43000000) = .( 0x43000000 );
*txm_module_preamble_llvm.o(.text .text.* )
*txm_module_preamble_llvm.o(Init )
Init	0x43000000	0x80	./ldscripts/txm_module_preamble_llvm.o	#SHT_PROGBITS,SHF_ALLOC|SHF_EXECINSTR,4
	0x43000000		.CODE32
	0x43000000		_txm_module_preamble
*txm_module_preamble_llvm.o(.rodata .rodata.* )
KEEP (*(.text .text.* ))
.text	0x43000080	0x48	out/main.o	#SHT_PROGBITS,SHF_ALLOC|SHF_EXECINSTR,4
	0x43000080		$a.0
	0x43000080		main
	0x430000c4		$d.1
.text	0x430000c8	0x70e8	out/fin/singlefin.o	#SHT_PROGBITS,SHF_ALLOC|SHF_EXECINSTR,8
	0x430000c8		$a.0
	0x430000c8		i2c_module_cb_manager
	0x430000f4		qapi_spi_cb_uspace_dispatcher
	0x43000120		qapi_custom_cb_ADC_dispatcher
	0x43000154		qapi_custom_cb_gpioint_dispatcher
	0x43000164		qurt_timetick_user_impl
	0x4300023c		$d.1
	0x43000240		$a.2
	0x43000240		memscpy
	0x43000268		malloc_byte_pool_init
	0x430002e0		$d.3
	0x430002f8		malloc_get_pool
	0x430002f8		$a.4
	0x43000304		$d.5
	0x43000308		$a.6
	0x43000308		__wrap_malloc
	0x43000398		$d.7
	0x4300039c		__wrap_free
	0x4300039c		$a.8
	0x43000414		$d.9
	0x43000420		__wrap_calloc
	0x43000420		$a.10
	0x4300045c		__wrap_realloc
	0x43000514		$d.11
	0x43000520		$a.12
	0x43000520		memalign
	0x43000528		task_main_entry
	0x43000860		$d.13
	0x430008d4		$a.14
	0x430008d4		fin_gpio_pin_config
	0x43000914		fin_gpio_pin_write
	0x43000998		$d.15
	0x4300099c		fin_gpio_pin_release
	0x4300099c		$a.16
	0x43000a1c		$d.17
	0x43000a20		$a.18
	0x43000a20		fin_gpio_pin_read
	0x43000a9c		exit
	0x43000ad8		$d.19
	0x43000adc		$a.20
	0x43000adc		putchar
	0x43000b58		$d.21
	0x43000b68		$a.22
	0x43000b68		_putchar
	0x43000b6c		__wrap_puts
	0x43000c08		$d.23
	0x43000c14		$a.24
	0x43000c14		__wrap_printf
	0x43000d08		$d.25
	0x43000d1c		vsnprintf_
	0x43000d1c		$a.26
	0x43000d48		$d.27
	0x43000d4c		__wrap_gets
	0x43000d4c		$a.28
	0x43000d54		__wrap_getchar
	0x43000da4		$d.29
	0x43000db0		__wrap_fprintf
	0x43000db0		$a.30
	0x43000dc8		$d.31
	0x43000dcc		$a.32
	0x43000dcc		__wrap_write
	0x43000e84		$d.33
	0x43000e98		__wrap_fflush
	0x43000e98		$a.34
	0x43000edc		$d.35
	0x43000ee8		fopen
	0x43000ee8		$a.36
	0x4300101c		$d.37
	0x4300103c		fclose
	0x4300103c		$a.38
	0x430010b0		fseek
	0x43001120		$d.39
	0x43001124		ftell
	0x43001124		$a.40
	0x43001188		fstat
	0x43001260		lstat
	0x43001334		$d.41
	0x43001338		$a.42
	0x43001338		fread
	0x430013b0		$d.43
	0x430013b4		__wrap_fwrite
	0x430013b4		$a.44
	0x43001420		$d.45
	0x43001424		opendir
	0x43001424		$a.46
	0x43001498		$d.47
	0x4300149c		readdir
	0x4300149c		$a.48
	0x43001528		$d.49
	0x43001530		closedir
	0x43001530		$a.50
	0x4300159c		rmdir
	0x43001604		$d.51
	0x43001608		mkdir
	0x43001608		$a.52
	0x43001674		unlink
	0x430016dc		$d.53
	0x430016e0		truncate
	0x430016e0		$a.54
	0x43001744		$d.55
	0x43001748		rename
	0x43001748		$a.56
	0x430017b8		$d.57
	0x430017bc		$a.58
	0x430017bc		access
	0x430017c4		fin_adc_config
	0x43001880		$d.59
	0x43001884		fin_adc_read_microvolts
	0x43001884		$a.60
	0x43001904		$d.61
	0x4300190c		$a.62
	0x4300190c		fin_adc_read_physical
	0x4300198c		$d.63
	0x43001994		fin_adc_read_percent
	0x43001994		$a.64
	0x43001a14		$d.65
	0x43001a1c		fin_adc_read_raw
	0x43001a1c		$a.66
	0x43001a9c		$d.67
	0x43001aa4		$a.68
	0x43001aa4		fin_cli_free
	0x43001ac4		fin_cli_new
	0x43001bfc		$d.69
	0x43001c1c		cli_cmd_meminfo
	0x43001c1c		$a.70
	0x43001cec		$d.71
	0x43001d08		$a.72
	0x43001d08		cli_cmd_ls
	0x43001e14		$d.73
	0x43001e20		cli_cmd_cat
	0x43001e20		$a.74
	0x43001f3c		$d.75
	0x43001f48		cli_cmd_rm
	0x43001f48		$a.76
	0x43001fd0		$d.77
	0x43001fe0		cli_cmd_mkdir
	0x43001fe0		$a.78
	0x43002038		$d.79
	0x43002044		cli_cmd_touch
	0x43002044		$a.80
	0x430020a0		$d.81
	0x430020b0		cli_cmd_echo
	0x430020b0		$a.82
	0x4300218c		$d.83
	0x430021a4		fin_cli_register
	0x430021a4		$a.84
	0x43002220		fin_cli_input
	0x43002400		$d.85
	0x4300241c		strdup
	0x4300241c		$a.86
	0x4300245c		dss_net_ctrl_stop
	0x430024b4		$d.87
	0x430024b8		dss_net_no_net
	0x430024b8		$a.88
	0x43002554		dss_free
	0x4300255c		dss_start
	0x430025fc		$d.89
	0x43002608		dss_stop
	0x43002608		$a.90
	0x43002610		dss_restart
	0x43002618		dss_new
	0x43002818		$d.91
	0x4300283c		$a.92
	0x4300283c		dss_thread
	0x430031dc		$d.93
	0x43003214		fin_gpio_pin_on
	0x43003214		$a.94
	0x430032ac		$d.95
	0x430032b4		$a.96
	0x430032b4		get_soc_pin
	0x430032ec		$d.97
	0x430032f0		$a.98
	0x430032f0		get_instance_handle
	0x43003330		$d.99
	0x43003338		get_gpio_id
	0x43003338		$a.100
	0x43003370		$d.101
	0x43003378		fin_gpio_pin_trigger
	0x43003378		$a.102
	0x430033f8		$d.103
	0x430033fc		$a.104
	0x430033fc		fin_gpio_pin_disable_irq
	0x4300349c		$d.105
	0x430034a4		$a.106
	0x430034a4		get_soc_pin_index
	0x430034d4		$d.107
	0x430034d8		$a.108
	0x430034d8		fin_gpio_pin_enable_irq
	0x4300357c		$d.109
	0x43003584		$a.110
	0x43003584		gpio_config
	0x43003684		$d.111
	0x43003694		$a.112
	0x43003694		fin_gpio_pin_output
	0x4300373c		$d.113
	0x43003740		get_tlmm_config
	0x43003740		$a.114
	0x43003784		$d.115
	0x4300378c		fin_gpio_pin_input
	0x4300378c		$a.116
	0x43003830		$d.117
	0x43003834		fin_gpio_config_dump
	0x43003834		$a.118
	0x4300396c		$d.119
	0x4300399c		fin_htpp_client_new
	0x4300399c		$a.120
	0x43003a90		$d.121
	0x43003aa4		fin_htpp_client_free
	0x43003aa4		$a.122
	0x43003b74		$d.123
	0x43003b78		fin_htpp_client_set_header
	0x43003b78		$a.124
	0x43003bdc		fin_htpp_client_set_parameter
	0x43003c3c		$d.125
	0x43003c40		$a.126
	0x43003c40		fin_htpp_client_set_body
	0x43003ca0		$d.127
	0x43003ca4		fin_htpp_client_get
	0x43003ca4		$a.128
	0x430042a4		$d.129
	0x430042cc		fin_hwrandombytes
	0x430042cc		$a.130
	0x430042f0		$d.131
	0x430042f4		$a.132
	0x430042f4		fin_i2c_transfer
	0x430044d8		$d.133
	0x430044ec		$a.134
	0x430044ec		invoke_i2c_callback_1
	0x4300452c		$d.135
	0x43004530		invoke_i2c_callback_2
	0x43004530		$a.136
	0x43004570		$d.137
	0x43004574		fin_i2c_start
	0x43004574		$a.138
	0x43004610		$d.139
	0x4300461c		fin_i2c_stop
	0x4300461c		$a.140
	0x430046c4		$d.141
	0x430046d0		$a.142
	0x430046d0		fin_i2c_config
	0x43004764		$d.143
	0x43004768		fin_i2c_deconfig
	0x43004768		$a.144
	0x430047e0		$d.145
	0x430047e8		$a.146
	0x430047e8		fin_i2c_set_frequency
	0x4300480c		$d.147
	0x43004810		$a.148
	0x43004810		fin_i2c_power_down
	0x43004850		$d.149
	0x43004858		$a.150
	0x43004858		fin_i2c_power_up
	0x43004898		$d.151
	0x430048a0		$a.152
	0x430048a0		fin_resolve_host_itf
	0x430049d4		$d.153
	0x430049dc		$a.154
	0x430049dc		fin_spi_power_down
	0x43004a20		$d.155
	0x43004a28		fin_spi_power_up
	0x43004a28		$a.156
	0x43004a70		$d.157
	0x43004a74		$a.158
	0x43004a74		fin_spi_config
	0x43004b14		$d.159
	0x43004b1c		$a.160
	0x43004b1c		fin_spi_deconfig
	0x43004ba4		$d.161
	0x43004bac		$a.162
	0x43004bac		fin_spi_set_frequency
	0x43004bd4		$d.163
	0x43004bd8		fin_spi_set_endianess
	0x43004bd8		$a.164
	0x43004c00		$d.165
	0x43004c04		fin_spi_set_bit_per_word
	0x43004c04		$a.166
	0x43004c2c		$d.167
	0x43004c30		fin_spi_set_mode
	0x43004c30		$a.168
	0x43004c58		$d.169
	0x43004c5c		fin_spi_set_inter_word_delay
	0x43004c5c		$a.170
	0x43004c84		$d.171
	0x43004c88		fin_spi_set_loopback
	0x43004c88		$a.172
	0x43004cb0		$d.173
	0x43004cb4		fin_spi_set_chip_select_mode
	0x43004cb4		$a.174
	0x43004cdc		$d.175
	0x43004ce0		fin_spi_set_chip_select_polarity
	0x43004ce0		$a.176
	0x43004d08		$d.177
	0x43004d0c		fin_spi_set_chip_select_delay
	0x43004d0c		$a.178
	0x43004d34		$d.179
	0x43004d38		$a.180
	0x43004d38		fin_spi_set_slaves_num
	0x43004d60		$d.181
	0x43004d64		fin_spi_send
	0x43004d64		$a.182
	0x43004d70		fin_spi_send_receive
	0x43004f44		$d.183
	0x43004f58		$a.184
	0x43004f58		fin_spi_cb_func
	0x43005014		$d.185
	0x43005018		fin_spi_config_dump
	0x43005018		$a.186
	0x43005098		$d.187
	0x430050a8		$a.188
	0x430050a8		fin_spi_get_name
	0x430050c0		$d.189
	0x430050c4		$a.190
	0x430050c4		abort
	0x43005100		$d.191
	0x43005104		_Exit
	0x43005104		$a.192
	0x43005140		$d.193
	0x43005144		quick_exit
	0x43005144		$a.194
	0x43005180		$d.195
	0x43005184		localtime
	0x43005184		$a.196
	0x430051a8		$d.197
	0x430051ac		gettimeofday
	0x430051ac		$a.198
	0x430051ec		cputimeusecs
	0x43005218		$d.199
	0x4300521c		fin_uart_config
	0x4300521c		$a.200
	0x43005350		$d.201
	0x43005368		$a.202
	0x43005368		uart_rx_cb
	0x430053c8		$d.203
	0x430053cc		uart_tx_cb
	0x430053cc		$a.204
	0x430053d0		qapi_uart_tx_user_cb_dispatcher
	0x430053f0		qapi_uart_rx_user_cb_dispatcher
	0x43005410		fin_uart_write
	0x43005488		$d.205
	0x43005490		fin_uart_read
	0x43005490		$a.206
	0x43005574		$d.207
	0x4300557c		fin_uart_deconfig
	0x4300557c		$a.208
	0x43005608		$d.209
	0x43005610		fin_uart_power_down
	0x43005610		$a.210
	0x4300567c		$d.211
	0x43005684		fin_uart_power_up
	0x43005684		$a.212
	0x430056f4		$d.213
	0x430056f8		printf_
	0x430056f8		$a.214
	0x43005744		$d.215
	0x43005748		$a.216
	0x43005748		_vsnprintf
	0x43005910		$d.217
	0x43005938		$a.218
	0x43005f10		$d.219
	0x43005f6c		$a.220
	0x43005f8c		$d.221
	0x43005f94		$a.222
	0x43005f94		_out_char
	0x43005fa0		sprintf_
	0x43005fe8		$d.223
	0x43005fec		$a.224
	0x43005fec		_out_buffer
	0x43005ff8		snprintf_
	0x4300603c		$d.225
	0x43006040		$a.226
	0x43006040		vprintf_
	0x43006068		$d.227
	0x4300606c		$a.228
	0x4300606c		fctprintf
	0x430060bc		$d.229
	0x430060c0		$a.230
	0x430060c0		_out_fct
	0x430060d4		stdin_rx_cb
	0x4300619c		$d.231
	0x430061b4		stdout_tx_cb
	0x430061b4		$a.232
	0x430061d4		$d.233
	0x430061dc		$a.234
	0x430061dc		rx_queue_task
	0x43006338		$d.235
	0x43006368		$a.236
	0x43006368		dss_net_event_cb
	0x43006384		$d.237
	0x43006388		$a.238
	0x43006388		qapi_dss_cb_uspace_dispatcher
	0x430063e8		$d.239
	0x430063ec		device_info_cb
	0x430063ec		$a.240
	0x43006474		$d.241
	0x4300647c		$a.242
	0x4300647c		qapi_device_info_cb_uspace_dispatcher
	0x430064cc		$d.243
	0x430064d0		http_client_cb
	0x430064d0		$a.244
	0x430065e4		$d.245
	0x430065e8		qapi_httpc_cb_uspace_dispatcher
	0x430065e8		$a.246
	0x43006684		$d.247
	0x43006688		$a.248
	0x43006688		_out_null
	0x4300668c		_atoi
	0x430066cc		_ntoa_long_long
	0x430067c4		_ntoa_long
	0x43006880		_ftoa
	0x43006ba0		$d.249
	0x43006be0		_etoa
	0x43006be0		$a.250
	0x43006ef8		$d.251
	0x43006f48		$a.252
	0x43006f48		_ntoa_format
	0x430070cc		_out_rev
.text.qapi_Timer_Get_Cbinfo	0x430071b0	0x38	../../../Quectel_BG96_QuecOpen_SDK_Package_V3.0.1-AUS/SDK/libs/llvm\timer_dam_lib.lib(qapi_timer_user.o)	#SHT_PROGBITS,SHF_ALLOC|SHF_EXECINSTR,4
	0x430071b0		$t.0
	0x430071b1		qapi_Timer_Get_Cbinfo
	0x430071e4		$d.1
.text.timer_client_cb_handler	0x430071e8	0x28	../../../Quectel_BG96_QuecOpen_SDK_Package_V3.0.1-AUS/SDK/libs/llvm\timer_dam_lib.lib(qapi_timer_user.o)	#SHT_PROGBITS,SHF_ALLOC|SHF_EXECINSTR,2
	0x430071e8		$t.2
	0x430071e9		timer_client_cb_handler
.text.qapi_timer_user_init	0x43007210	0xb4	../../../Quectel_BG96_QuecOpen_SDK_Package_V3.0.1-AUS/SDK/libs/llvm\timer_dam_lib.lib(qapi_timer_user.o)	#SHT_PROGBITS,SHF_ALLOC|SHF_EXECINSTR,4
	0x43007210		$t.3
	0x43007211		qapi_timer_user_init
	0x430072a0		$d.4
.text.qapi_Timer_Def	0x430072c4	0x54	../../../Quectel_BG96_QuecOpen_SDK_Package_V3.0.1-AUS/SDK/libs/llvm\timer_dam_lib.lib(qapi_timer_user.o)	#SHT_PROGBITS,SHF_ALLOC|SHF_EXECINSTR,4
	0x430072c4		$t.5
	0x430072c5		qapi_Timer_Def
	0x4300730c		$d.6
.text.qapi_Timer_Set	0x43007318	0x38	../../../Quectel_BG96_QuecOpen_SDK_Package_V3.0.1-AUS/SDK/libs/llvm\timer_dam_lib.lib(qapi_timer_user.o)	#SHT_PROGBITS,SHF_ALLOC|SHF_EXECINSTR,4
	0x43007318		$t.7
	0x43007319		qapi_Timer_Set
	0x4300734c		$d.8
.text.qapi_Timer_Get_Timer_Info	0x43007350	0x38	../../../Quectel_BG96_QuecOpen_SDK_Package_V3.0.1-AUS/SDK/libs/llvm\timer_dam_lib.lib(qapi_timer_user.o)	#SHT_PROGBITS,SHF_ALLOC|SHF_EXECINSTR,4
	0x43007350		$t.9
	0x43007351		qapi_Timer_Get_Timer_Info
	0x43007384		$d.10
.text.qapi_Timer_Sleep	0x43007388	0x38	../../../Quectel_BG96_QuecOpen_SDK_Package_V3.0.1-AUS/SDK/libs/llvm\timer_dam_lib.lib(qapi_timer_user.o)	#SHT_PROGBITS,SHF_ALLOC|SHF_EXECINSTR,4
	0x43007388		$t.11
	0x43007389		qapi_Timer_Sleep
	0x430073bc		$d.12
.text.qapi_Timer_Undef	0x430073c0	0x34	../../../Quectel_BG96_QuecOpen_SDK_Package_V3.0.1-AUS/SDK/libs/llvm\timer_dam_lib.lib(qapi_timer_user.o)	#SHT_PROGBITS,SHF_ALLOC|SHF_EXECINSTR,4
	0x430073c0		$t.13
	0x430073c1		qapi_Timer_Undef
	0x430073f0		$d.14
.text.qapi_Timer_Stop	0x430073f4	0x34	../../../Quectel_BG96_QuecOpen_SDK_Package_V3.0.1-AUS/SDK/libs/llvm\timer_dam_lib.lib(qapi_timer_user.o)	#SHT_PROGBITS,SHF_ALLOC|SHF_EXECINSTR,4
	0x430073f4		$t.15
	0x430073f5		qapi_Timer_Stop
	0x43007424		$d.16
.text.qapi_time_get	0x43007428	0x3c	../../../Quectel_BG96_QuecOpen_SDK_Package_V3.0.1-AUS/SDK/libs/llvm\timer_dam_lib.lib(qapi_timer_user.o)	#SHT_PROGBITS,SHF_ALLOC|SHF_EXECINSTR,4
	0x43007428		$t.17
	0x43007429		qapi_time_get
	0x43007460		$d.18
.text._txm_module_thread_shell_entry	0x43007464	0x94	../../../Quectel_BG96_QuecOpen_SDK_Package_V3.0.1-AUS/SDK/libs/llvm\txm_lib.lib(txm_module_thread_shell_entry.o)	#SHT_PROGBITS,SHF_ALLOC|SHF_EXECINSTR,4
	0x43007464		$a.0
	0x43007464		_txm_module_thread_shell_entry
	0x430074ec		$d.1
.text._txm_module_callback_request_thread_entry	0x430074f8	0x108	../../../Quectel_BG96_QuecOpen_SDK_Package_V3.0.1-AUS/SDK/libs/llvm\txm_lib.lib(txm_module_callback_request_thread_entry.o)	#SHT_PROGBITS,SHF_ALLOC|SHF_EXECINSTR,4
	0x430074f8		$a.0
	0x430074f8		_txm_module_callback_request_thread_entry
	0x43007550		$d.1
	0x43007564		$a.2
	0x430075f8		$d.3
.text._txm_module_system_call11	0x43007600	0x68	../../../Quectel_BG96_QuecOpen_SDK_Package_V3.0.1-AUS/SDK/libs/llvm\txm_lib.lib(txm_module_system_call11.o)	#SHT_PROGBITS,SHF_ALLOC|SHF_EXECINSTR,4
	0x43007600		$a.0
	0x43007600		_txm_module_system_call11
	0x43007664		$d.1
.text._txm_module_system_call12	0x43007668	0x70	../../../Quectel_BG96_QuecOpen_SDK_Package_V3.0.1-AUS/SDK/libs/llvm\txm_lib.lib(txm_module_system_call12.o)	#SHT_PROGBITS,SHF_ALLOC|SHF_EXECINSTR,4
	0x43007668		$a.0
	0x43007668		_txm_module_system_call12
	0x430076d4		$d.1
.text._txm_module_system_call4	0x430076d8	0x2c	../../../Quectel_BG96_QuecOpen_SDK_Package_V3.0.1-AUS/SDK/libs/llvm\txm_lib.lib(txm_module_system_call4.o)	#SHT_PROGBITS,SHF_ALLOC|SHF_EXECINSTR,4
	0x430076d8		$a.0
	0x430076d8		_txm_module_system_call4
	0x43007700		$d.1
.text._txm_module_system_call5	0x43007704	0x34	../../../Quectel_BG96_QuecOpen_SDK_Package_V3.0.1-AUS/SDK/libs/llvm\txm_lib.lib(txm_module_system_call5.o)	#SHT_PROGBITS,SHF_ALLOC|SHF_EXECINSTR,4
	0x43007704		$a.0
	0x43007704		_txm_module_system_call5
	0x43007734		$d.1
.text._txm_module_system_call6	0x43007738	0x3c	../../../Quectel_BG96_QuecOpen_SDK_Package_V3.0.1-AUS/SDK/libs/llvm\txm_lib.lib(txm_module_system_call6.o)	#SHT_PROGBITS,SHF_ALLOC|SHF_EXECINSTR,4
	0x43007738		$a.0
	0x43007738		_txm_module_system_call6
	0x43007770		$d.1
.text._txm_module_system_call7	0x43007774	0x44	../../../Quectel_BG96_QuecOpen_SDK_Package_V3.0.1-AUS/SDK/libs/llvm\txm_lib.lib(txm_module_system_call7.o)	#SHT_PROGBITS,SHF_ALLOC|SHF_EXECINSTR,4
	0x43007774		$a.0
	0x43007774		_txm_module_system_call7
	0x430077b4		$d.1
.text._txm_module_system_call8	0x430077b8	0x4c	../../../Quectel_BG96_QuecOpen_SDK_Package_V3.0.1-AUS/SDK/libs/llvm\txm_lib.lib(txm_module_system_call8.o)	#SHT_PROGBITS,SHF_ALLOC|SHF_EXECINSTR,4
	0x430077b8		$a.0
	0x430077b8		_txm_module_system_call8
	0x43007800		$d.1
.text.setlocale	0x43007804	0xe8	C:\Users\nikol\projects\noomio\projects\SingleFin\Software\threadx\tools\LLVM\4.0.3\armv7m-none-eabi\libc\lib/libc.a(setlocale.o)	#SHT_PROGBITS,SHF_ALLOC|SHF_EXECINSTR,4
	0x43007804		$t
	0x43007805		setlocale
	0x430078dc		$d
.text.setlocale_one_unlocked	0x430078ec	0x34	C:\Users\nikol\projects\noomio\projects\SingleFin\Software\threadx\tools\LLVM\4.0.3\armv7m-none-eabi\libc\lib/libc.a(setlocale.o)	#SHT_PROGBITS,SHF_ALLOC|SHF_EXECINSTR,4
	0x430078ec		$t
	0x430078ed		setlocale_one_unlocked
	0x43007918		$d
.text.__getopt_msg	0x43007920	0x64	C:\Users\nikol\projects\noomio\projects\SingleFin\Software\threadx\tools\LLVM\4.0.3\armv7m-none-eabi\libc\lib/libc.a(getopt.o)	#SHT_PROGBITS,SHF_ALLOC|SHF_EXECINSTR,4
	0x43007920		$t
	0x43007921		__getopt_msg
	0x43007980		$d
.text.getopt	0x43007984	0x174	C:\Users\nikol\projects\noomio\projects\SingleFin\Software\threadx\tools\LLVM\4.0.3\armv7m-none-eabi\libc\lib/libc.a(getopt.o)	#SHT_PROGBITS,SHF_ALLOC|SHF_EXECINSTR,4
	0x43007984		$t
	0x43007985		getopt
	0x43007985		__posix_getopt
	0x43007ae0		$d
.text.mbtowc	0x43007af8	0xcc	C:\Users\nikol\projects\noomio\projects\SingleFin\Software\threadx\tools\LLVM\4.0.3\armv7m-none-eabi\libc\lib/libc.a(mbtowc.o)	#SHT_PROGBITS,SHF_ALLOC|SHF_EXECINSTR,4
	0x43007af8		$t
	0x43007af9		mbtowc
	0x43007bc0		$d
.text.flockfile	0x43007bc4	0x28	C:\Users\nikol\projects\noomio\projects\SingleFin\Software\threadx\tools\LLVM\4.0.3\armv7m-none-eabi\libc\lib/libc.a(flockfile.o)	#SHT_PROGBITS,SHF_ALLOC|SHF_EXECINSTR,2
	0x43007bc4		$t
	0x43007bc5		flockfile
.text.fputs	0x43007bec	0x26	C:\Users\nikol\projects\noomio\projects\SingleFin\Software\threadx\tools\LLVM\4.0.3\armv7m-none-eabi\libc\lib/libc.a(fputs.o)	#SHT_PROGBITS,SHF_ALLOC|SHF_EXECINSTR,2
	0x43007bec		$t
	0x43007bed		fputs
	0x43007bed		fputs_unlocked
.text.__do_orphaned_stdio_locks	0x43007c12	0x1e	C:\Users\nikol\projects\noomio\projects\SingleFin\Software\threadx\tools\LLVM\4.0.3\armv7m-none-eabi\libc\lib/libc.a(ftrylockfile.o)	#SHT_PROGBITS,SHF_ALLOC|SHF_EXECINSTR,2
	0x43007c12		$t
	0x43007c13		__do_orphaned_stdio_locks
.text.__unlist_locked_file	0x43007c30	0x26	C:\Users\nikol\projects\noomio\projects\SingleFin\Software\threadx\tools\LLVM\4.0.3\armv7m-none-eabi\libc\lib/libc.a(ftrylockfile.o)	#SHT_PROGBITS,SHF_ALLOC|SHF_EXECINSTR,2
	0x43007c30		$t
	0x43007c31		__unlist_locked_file
PADDING_ALIGNMENT	0x43007c56	0x2	0x0
.text.ftrylockfile	0x43007c58	0x80	C:\Users\nikol\projects\noomio\projects\SingleFin\Software\threadx\tools\LLVM\4.0.3\armv7m-none-eabi\libc\lib/libc.a(ftrylockfile.o)	#SHT_PROGBITS,SHF_ALLOC|SHF_EXECINSTR,4
	0x43007c58		$t
	0x43007c59		ftrylockfile
	0x43007cd4		$d
.text.funlockfile	0x43007cd8	0x24	C:\Users\nikol\projects\noomio\projects\SingleFin\Software\threadx\tools\LLVM\4.0.3\armv7m-none-eabi\libc\lib/libc.a(funlockfile.o)	#SHT_PROGBITS,SHF_ALLOC|SHF_EXECINSTR,2
	0x43007cd8		$t
	0x43007cd9		funlockfile
.text.putc	0x43007cfc	0x68	C:\Users\nikol\projects\noomio\projects\SingleFin\Software\threadx\tools\LLVM\4.0.3\armv7m-none-eabi\libc\lib/libc.a(putc.o)	#SHT_PROGBITS,SHF_ALLOC|SHF_EXECINSTR,2
	0x43007cfc		$t
	0x43007cfd		putc
	0x43007cfd		_IO_putc
.text.snprintf	0x43007d64	0x16	C:\Users\nikol\projects\noomio\projects\SingleFin\Software\threadx\tools\LLVM\4.0.3\armv7m-none-eabi\libc\lib/libc.a(snprintf.o)	#SHT_PROGBITS,SHF_ALLOC|SHF_EXECINSTR,2
	0x43007d64		$t
	0x43007d65		snprintf
.text	0x43007d7a	0x2ee	C:\Users\nikol\projects\noomio\projects\SingleFin\Software\threadx\tools\LLVM\4.0.3\armv7m-none-eabi\libc\lib/libc.a(memcpy_le.o)	#SHT_PROGBITS,SHF_ALLOC|SHF_EXECINSTR,2
	0x43007d7a		$t
	0x43007d7b		memcpy
	0x43007dba		src_aligned
	0x43007e08		congruent_aligned32
	0x43007e08		cached_aligned32
	0x43007e1e		less_than_32_left
	0x43007e6c		non_congruent
	0x43007ee8		loop16
	0x43007f44		loop8
	0x43007fa0		loop24
	0x43007ff8		less_than_thirtytwo
	0x43008022		partial_word_tail
	0x4300803e		copy_last_3_and_return
.text	0x43008068	0x68	C:\Users\nikol\projects\noomio\projects\SingleFin\Software\threadx\tools\LLVM\4.0.3\armv7m-none-eabi\libc\lib/libc.a(memset_nofp_armv7.o)	#SHT_PROGBITS,SHF_ALLOC|SHF_EXECINSTR,4
	0x43008068		$t
	0x43008069		memset
.text.strchr	0x430080d0	0x14	C:\Users\nikol\projects\noomio\projects\SingleFin\Software\threadx\tools\LLVM\4.0.3\armv7m-none-eabi\libc\lib/libc.a(strchr.o)	#SHT_PROGBITS,SHF_ALLOC|SHF_EXECINSTR,2
	0x430080d0		$t
	0x430080d1		strchr
.text.__strchrnul	0x430080e4	0x5c	C:\Users\nikol\projects\noomio\projects\SingleFin\Software\threadx\tools\LLVM\4.0.3\armv7m-none-eabi\libc\lib/libc.a(strchrnul.o)	#SHT_PROGBITS,SHF_ALLOC|SHF_EXECINSTR,2
	0x430080e4		$t
	0x430080e5		__strchrnul
	0x430080e5		strchrnul
.text.strcmp	0x43008140	0x14	C:\Users\nikol\projects\noomio\projects\SingleFin\Software\threadx\tools\LLVM\4.0.3\armv7m-none-eabi\libc\lib/libc.a(strcmp.o)	#SHT_PROGBITS,SHF_ALLOC|SHF_EXECINSTR,2
	0x43008140		$t
	0x43008141		strcmp
.text.strcpy	0x43008154	0xc	C:\Users\nikol\projects\noomio\projects\SingleFin\Software\threadx\tools\LLVM\4.0.3\armv7m-none-eabi\libc\lib/libc.a(strcpy.o)	#SHT_PROGBITS,SHF_ALLOC|SHF_EXECINSTR,2
	0x43008154		$t
	0x43008155		strcpy
.text.strlen	0x43008160	0x34	C:\Users\nikol\projects\noomio\projects\SingleFin\Software\threadx\tools\LLVM\4.0.3\armv7m-none-eabi\libc\lib/libc.a(strlen.o)	#SHT_PROGBITS,SHF_ALLOC|SHF_EXECINSTR,2
	0x43008160		$t
	0x43008161		strlen
.text.strncpy	0x43008194	0xc	C:\Users\nikol\projects\noomio\projects\SingleFin\Software\threadx\tools\LLVM\4.0.3\armv7m-none-eabi\libc\lib/libc.a(strncpy.o)	#SHT_PROGBITS,SHF_ALLOC|SHF_EXECINSTR,2
	0x43008194		$t
	0x43008195		strncpy
.text.strstr	0x430081a0	0x2d0	C:\Users\nikol\projects\noomio\projects\SingleFin\Software\threadx\tools\LLVM\4.0.3\armv7m-none-eabi\libc\lib/libc.a(strstr.o)	#SHT_PROGBITS,SHF_ALLOC|SHF_EXECINSTR,2
	0x430081a0		$t
	0x430081a1		strstr
.text.strtok	0x43008470	0x50	C:\Users\nikol\projects\noomio\projects\SingleFin\Software\threadx\tools\LLVM\4.0.3\armv7m-none-eabi\libc\lib/libc.a(strtok.o)	#SHT_PROGBITS,SHF_ALLOC|SHF_EXECINSTR,4
	0x43008470		$t
	0x43008471		strtok
	0x430084bc		$d
.text.__lock	0x430084c0	0x38	C:\Users\nikol\projects\noomio\projects\SingleFin\Software\threadx\tools\LLVM\4.0.3\armv7m-none-eabi\libc\lib/libc.a(__lock.o)	#SHT_PROGBITS,SHF_ALLOC|SHF_EXECINSTR,4
	0x430084c0		$t
	0x430084c1		__lock
	0x430084f4		$d
.text.__unlock	0x430084f8	0x32	C:\Users\nikol\projects\noomio\projects\SingleFin\Software\threadx\tools\LLVM\4.0.3\armv7m-none-eabi\libc\lib/libc.a(__lock.o)	#SHT_PROGBITS,SHF_ALLOC|SHF_EXECINSTR,2
	0x430084f8		$t
	0x430084f9		__unlock
.text.__syscall3	0x4300852a	0xa	C:\Users\nikol\projects\noomio\projects\SingleFin\Software\threadx\tools\LLVM\4.0.3\armv7m-none-eabi\libc\lib/libc.a(__lock.o)	#SHT_PROGBITS,SHF_ALLOC|SHF_EXECINSTR,2
	0x4300852a		$t
	0x4300852b		__syscall3
.text.__wait	0x43008534	0x64	C:\Users\nikol\projects\noomio\projects\SingleFin\Software\threadx\tools\LLVM\4.0.3\armv7m-none-eabi\libc\lib/libc.a(__wait.o)	#SHT_PROGBITS,SHF_ALLOC|SHF_EXECINSTR,2
	0x43008534		$t
	0x43008535		__wait
.text.__syscall4	0x43008598	0xa	C:\Users\nikol\projects\noomio\projects\SingleFin\Software\threadx\tools\LLVM\4.0.3\armv7m-none-eabi\libc\lib/libc.a(__wait.o)	#SHT_PROGBITS,SHF_ALLOC|SHF_EXECINSTR,2
	0x43008598		$t
	0x43008599		__syscall4
.text.a_fetch_add	0x430085a2	0x18	C:\Users\nikol\projects\noomio\projects\SingleFin\Software\threadx\tools\LLVM\4.0.3\armv7m-none-eabi\libc\lib/libc.a(__wait.o)	#SHT_PROGBITS,SHF_ALLOC|SHF_EXECINSTR,2
	0x430085a2		$t
	0x430085a3		a_fetch_add
.text.__errno_location	0x430085ba	0x8	C:\Users\nikol\projects\noomio\projects\SingleFin\Software\threadx\tools\LLVM\4.0.3\armv7m-none-eabi\libc\lib/libc.a(__errno_location.o)	#SHT_PROGBITS,SHF_ALLOC|SHF_EXECINSTR,2
	0x430085ba		$t
	0x430085bb		__errno_location
.text.dummy	0x430085c2	0x2	C:\Users\nikol\projects\noomio\projects\SingleFin\Software\threadx\tools\LLVM\4.0.3\armv7m-none-eabi\libc\lib/libc.a(__lctrans.o)	#SHT_PROGBITS,SHF_ALLOC|SHF_EXECINSTR,2
	0x430085c2		$t
	0x430085c3		dummy
.text.__lctrans	0x430085c4	0x4	C:\Users\nikol\projects\noomio\projects\SingleFin\Software\threadx\tools\LLVM\4.0.3\armv7m-none-eabi\libc\lib/libc.a(__lctrans.o)	#SHT_PROGBITS,SHF_ALLOC|SHF_EXECINSTR,2
	0x430085c4		$t
	0x430085c5		__lctrans
.text.__lctrans_cur	0x430085c8	0xe	C:\Users\nikol\projects\noomio\projects\SingleFin\Software\threadx\tools\LLVM\4.0.3\armv7m-none-eabi\libc\lib/libc.a(__lctrans.o)	#SHT_PROGBITS,SHF_ALLOC|SHF_EXECINSTR,2
	0x430085c8		$t
	0x430085c9		__lctrans_cur
.text.__lctrans_impl	0x430085d6	0x1e	C:\Users\nikol\projects\noomio\projects\SingleFin\Software\threadx\tools\LLVM\4.0.3\armv7m-none-eabi\libc\lib/libc.a(locale_map.o)	#SHT_PROGBITS,SHF_ALLOC|SHF_EXECINSTR,2
	0x430085d6		$t
	0x430085d7		__lctrans_impl
.text.__get_locale	0x430085f4	0x1e8	C:\Users\nikol\projects\noomio\projects\SingleFin\Software\threadx\tools\LLVM\4.0.3\armv7m-none-eabi\libc\lib/libc.a(locale_map.o)	#SHT_PROGBITS,SHF_ALLOC|SHF_EXECINSTR,4
	0x430085f4		$t
	0x430085f5		__get_locale
	0x430087b8		$d
.text.dummy	0x430087dc	0x2	C:\Users\nikol\projects\noomio\projects\SingleFin\Software\threadx\tools\LLVM\4.0.3\armv7m-none-eabi\libc\lib/libc.a(munmap.o)	#SHT_PROGBITS,SHF_ALLOC|SHF_EXECINSTR,2
	0x430087dc		$t
	0x430087dd		dummy
	0x430087dd		__vm_wait
.text.__munmap	0x430087de	0x1a	C:\Users\nikol\projects\noomio\projects\SingleFin\Software\threadx\tools\LLVM\4.0.3\armv7m-none-eabi\libc\lib/libc.a(munmap.o)	#SHT_PROGBITS,SHF_ALLOC|SHF_EXECINSTR,2
	0x430087de		$t
	0x430087df		__munmap
	0x430087df		munmap
.text.__overflow	0x430087f8	0x54	C:\Users\nikol\projects\noomio\projects\SingleFin\Software\threadx\tools\LLVM\4.0.3\armv7m-none-eabi\libc\lib/libc.a(__overflow.o)	#SHT_PROGBITS,SHF_ALLOC|SHF_EXECINSTR,2
	0x430087f8		$t
	0x430087f9		__overflow
.text.__towrite	0x4300884c	0x38	C:\Users\nikol\projects\noomio\projects\SingleFin\Software\threadx\tools\LLVM\4.0.3\armv7m-none-eabi\libc\lib/libc.a(__towrite.o)	#SHT_PROGBITS,SHF_ALLOC|SHF_EXECINSTR,2
	0x4300884c		$t
	0x4300884d		__towrite
.text.__towrite_needs_stdio_exit	0x43008884	0x4	C:\Users\nikol\projects\noomio\projects\SingleFin\Software\threadx\tools\LLVM\4.0.3\armv7m-none-eabi\libc\lib/libc.a(__towrite.o)	#SHT_PROGBITS,SHF_ALLOC|SHF_EXECINSTR,2
	0x43008884		$t
	0x43008885		__towrite_needs_stdio_exit
.text.__lockfile	0x43008888	0x4	C:\Users\nikol\projects\noomio\projects\SingleFin\Software\threadx\tools\LLVM\4.0.3\armv7m-none-eabi\libc\lib/libc.a(__lockfile.o)	#SHT_PROGBITS,SHF_ALLOC|SHF_EXECINSTR,2
	0x43008888		$t
	0x43008889		__lockfile
.text.__unlockfile	0x4300888c	0x2	C:\Users\nikol\projects\noomio\projects\SingleFin\Software\threadx\tools\LLVM\4.0.3\armv7m-none-eabi\libc\lib/libc.a(__lockfile.o)	#SHT_PROGBITS,SHF_ALLOC|SHF_EXECINSTR,2
	0x4300888c		$t
	0x4300888d		__unlockfile
.text.dummy	0x4300888e	0x2	C:\Users\nikol\projects\noomio\projects\SingleFin\Software\threadx\tools\LLVM\4.0.3\armv7m-none-eabi\libc\lib/libc.a(__stdio_close.o)	#SHT_PROGBITS,SHF_ALLOC|SHF_EXECINSTR,2
	0x4300888e		$t
	0x4300888f		dummy
	0x4300888f		__aio_close
.text.__stdio_close	0x43008890	0x14	C:\Users\nikol\projects\noomio\projects\SingleFin\Software\threadx\tools\LLVM\4.0.3\armv7m-none-eabi\libc\lib/libc.a(__stdio_close.o)	#SHT_PROGBITS,SHF_ALLOC|SHF_EXECINSTR,2
	0x43008890		$t
	0x43008891		__stdio_close
.text.__stdio_read	0x430088a4	0xc0	C:\Users\nikol\projects\noomio\projects\SingleFin\Software\threadx\tools\LLVM\4.0.3\armv7m-none-eabi\libc\lib/libc.a(__stdio_read.o)	#SHT_PROGBITS,SHF_ALLOC|SHF_EXECINSTR,2
	0x430088a4		$t
	0x430088a5		__stdio_read
.text.__stdio_seek	0x43008964	0x72	C:\Users\nikol\projects\noomio\projects\SingleFin\Software\threadx\tools\LLVM\4.0.3\armv7m-none-eabi\libc\lib/libc.a(__stdio_seek.o)	#SHT_PROGBITS,SHF_ALLOC|SHF_EXECINSTR,2
	0x43008964		$t
	0x43008965		__stdio_seek
.text.__stdio_write	0x430089d6	0xfe	C:\Users\nikol\projects\noomio\projects\SingleFin\Software\threadx\tools\LLVM\4.0.3\armv7m-none-eabi\libc\lib/libc.a(__stdio_write.o)	#SHT_PROGBITS,SHF_ALLOC|SHF_EXECINSTR,2
	0x430089d6		$t
	0x430089d7		__stdio_write
.text.__stdout_write	0x43008ad4	0x5c	C:\Users\nikol\projects\noomio\projects\SingleFin\Software\threadx\tools\LLVM\4.0.3\armv7m-none-eabi\libc\lib/libc.a(__stdout_write.o)	#SHT_PROGBITS,SHF_ALLOC|SHF_EXECINSTR,4
	0x43008ad4		$t
	0x43008ad5		__stdout_write
	0x43008b20		$d
.text.vfprintf	0x43008b30	0xd6	C:\Users\nikol\projects\noomio\projects\SingleFin\Software\threadx\tools\LLVM\4.0.3\armv7m-none-eabi\libc\lib/libc.a(vfprintf.o)	#SHT_PROGBITS,SHF_ALLOC|SHF_EXECINSTR,2
	0x43008b30		$t
	0x43008b31		vfprintf
PADDING_ALIGNMENT	0x43008c06	0x2	0x0
.text.printf_core	0x43008c08	0x6a8	C:\Users\nikol\projects\noomio\projects\SingleFin\Software\threadx\tools\LLVM\4.0.3\armv7m-none-eabi\libc\lib/libc.a(vfprintf.o)	#SHT_PROGBITS,SHF_ALLOC|SHF_EXECINSTR,4
	0x43008c08		$t
	0x43008c09		printf_core
	0x43008eb8		$d
	0x43008ec0		$t
	0x43009128		$d
	0x4300914e		$t
	0x4300928c		$d
.text.vsnprintf	0x430092b0	0x1a4	C:\Users\nikol\projects\noomio\projects\SingleFin\Software\threadx\tools\LLVM\4.0.3\armv7m-none-eabi\libc\lib/libc.a(vfprintf.o)	#SHT_PROGBITS,SHF_ALLOC|SHF_EXECINSTR,4
	0x430092b0		$t
	0x430092b1		vsnprintf
	0x43009450		$d
.text.fmt_u32	0x43009454	0x22	C:\Users\nikol\projects\noomio\projects\SingleFin\Software\threadx\tools\LLVM\4.0.3\armv7m-none-eabi\libc\lib/libc.a(vfprintf.o)	#SHT_PROGBITS,SHF_ALLOC|SHF_EXECINSTR,2
	0x43009454		$t
	0x43009455		fmt_u32
.text.out	0x43009476	0x14	C:\Users\nikol\projects\noomio\projects\SingleFin\Software\threadx\tools\LLVM\4.0.3\armv7m-none-eabi\libc\lib/libc.a(vfprintf.o)	#SHT_PROGBITS,SHF_ALLOC|SHF_EXECINSTR,2
	0x43009476		$t
	0x43009477		out
.text.getint	0x4300948a	0x1e	C:\Users\nikol\projects\noomio\projects\SingleFin\Software\threadx\tools\LLVM\4.0.3\armv7m-none-eabi\libc\lib/libc.a(vfprintf.o)	#SHT_PROGBITS,SHF_ALLOC|SHF_EXECINSTR,2
	0x4300948a		$t
	0x4300948b		getint
.text.pop_arg	0x430094a8	0x80	C:\Users\nikol\projects\noomio\projects\SingleFin\Software\threadx\tools\LLVM\4.0.3\armv7m-none-eabi\libc\lib/libc.a(vfprintf.o)	#SHT_PROGBITS,SHF_ALLOC|SHF_EXECINSTR,4
	0x430094a8		$t
	0x430094a9		pop_arg
	0x430094b6		$d
	0x430094c0		$t
.text.pad	0x43009528	0x4e	C:\Users\nikol\projects\noomio\projects\SingleFin\Software\threadx\tools\LLVM\4.0.3\armv7m-none-eabi\libc\lib/libc.a(vfprintf.o)	#SHT_PROGBITS,SHF_ALLOC|SHF_EXECINSTR,2
	0x43009528		$t
	0x43009529		pad
.text.__fwritex	0x43009576	0x76	C:\Users\nikol\projects\noomio\projects\SingleFin\Software\threadx\tools\LLVM\4.0.3\armv7m-none-eabi\libc\lib/libc.a(fwrite.o)	#SHT_PROGBITS,SHF_ALLOC|SHF_EXECINSTR,2
	0x43009576		$t
	0x43009577		__fwritex
.text.fwrite	0x430095ec	0x58	C:\Users\nikol\projects\noomio\projects\SingleFin\Software\threadx\tools\LLVM\4.0.3\armv7m-none-eabi\libc\lib/libc.a(fwrite.o)	#SHT_PROGBITS,SHF_ALLOC|SHF_EXECINSTR,2
	0x430095ec		$t
	0x430095ed		fwrite
	0x430095ed		fwrite_unlocked
.text.vsnprintf_full	0x43009644	0x74	C:\Users\nikol\projects\noomio\projects\SingleFin\Software\threadx\tools\LLVM\4.0.3\armv7m-none-eabi\libc\lib/libc.a(vsnprintf.o)	#SHT_PROGBITS,SHF_ALLOC|SHF_EXECINSTR,4
	0x43009644		$t
	0x43009645		vsnprintf_full
	0x430096b0		$d
.text.sn_write	0x430096b8	0x22	C:\Users\nikol\projects\noomio\projects\SingleFin\Software\threadx\tools\LLVM\4.0.3\armv7m-none-eabi\libc\lib/libc.a(vsnprintf.o)	#SHT_PROGBITS,SHF_ALLOC|SHF_EXECINSTR,2
	0x430096b8		$t
	0x430096b9		sn_write
.text.__aeabi_memclr	0x430096da	0x8	C:\Users\nikol\projects\noomio\projects\SingleFin\Software\threadx\tools\LLVM\4.0.3\armv7m-none-eabi\libc\lib/libc.a(__aeabi_memclr.o)	#SHT_PROGBITS,SHF_ALLOC|SHF_EXECINSTR,2
	0x430096da		$t
	0x430096db		__aeabi_memclr
	0x430096db		__aeabi_memclr4
	0x430096db		__aeabi_memclr8
.text.__aeabi_memcpy	0x430096e2	0x4	C:\Users\nikol\projects\noomio\projects\SingleFin\Software\threadx\tools\LLVM\4.0.3\armv7m-none-eabi\libc\lib/libc.a(__aeabi_memcpy.o)	#SHT_PROGBITS,SHF_ALLOC|SHF_EXECINSTR,2
	0x430096e2		$t
	0x430096e3		__aeabi_memcpy
	0x430096e3		__aeabi_memcpy4
	0x430096e3		__aeabi_memcpy8
.text.memchr	0x430096e6	0x5c	C:\Users\nikol\projects\noomio\projects\SingleFin\Software\threadx\tools\LLVM\4.0.3\armv7m-none-eabi\libc\lib/libc.a(memchr.o)	#SHT_PROGBITS,SHF_ALLOC|SHF_EXECINSTR,2
	0x430096e6		$t
	0x430096e7		memchr
.text.memcmp	0x43009742	0x1c	C:\Users\nikol\projects\noomio\projects\SingleFin\Software\threadx\tools\LLVM\4.0.3\armv7m-none-eabi\libc\lib/libc.a(memcmp.o)	#SHT_PROGBITS,SHF_ALLOC|SHF_EXECINSTR,2
	0x43009742		$t
	0x43009743		memcmp
.text.__stpcpy	0x4300975e	0x3e	C:\Users\nikol\projects\noomio\projects\SingleFin\Software\threadx\tools\LLVM\4.0.3\armv7m-none-eabi\libc\lib/libc.a(stpcpy.o)	#SHT_PROGBITS,SHF_ALLOC|SHF_EXECINSTR,2
	0x4300975e		$t
	0x4300975f		__stpcpy
	0x4300975f		stpcpy
.text.__stpncpy	0x4300979c	0x68	C:\Users\nikol\projects\noomio\projects\SingleFin\Software\threadx\tools\LLVM\4.0.3\armv7m-none-eabi\libc\lib/libc.a(stpncpy.o)	#SHT_PROGBITS,SHF_ALLOC|SHF_EXECINSTR,2
	0x4300979c		$t
	0x4300979d		__stpncpy
	0x4300979d		stpncpy
.text.strcspn	0x43009804	0x6a	C:\Users\nikol\projects\noomio\projects\SingleFin\Software\threadx\tools\LLVM\4.0.3\armv7m-none-eabi\libc\lib/libc.a(strcspn.o)	#SHT_PROGBITS,SHF_ALLOC|SHF_EXECINSTR,2
	0x43009804		$t
	0x43009805		strcspn
.text.strspn	0x4300986e	0x74	C:\Users\nikol\projects\noomio\projects\SingleFin\Software\threadx\tools\LLVM\4.0.3\armv7m-none-eabi\libc\lib/libc.a(strspn.o)	#SHT_PROGBITS,SHF_ALLOC|SHF_EXECINSTR,2
	0x4300986e		$t
	0x4300986f		strspn
PADDING_ALIGNMENT	0x430098e2	0x2	0x0
.text.__map_file	0x430098e4	0x58	C:\Users\nikol\projects\noomio\projects\SingleFin\Software\threadx\tools\LLVM\4.0.3\armv7m-none-eabi\libc\lib/libc.a(__map_file.o)	#SHT_PROGBITS,SHF_ALLOC|SHF_EXECINSTR,4
	0x430098e4		$t
	0x430098e5		__map_file
	0x43009938		$d
.text.getenv	0x4300993c	0x5c	C:\Users\nikol\projects\noomio\projects\SingleFin\Software\threadx\tools\LLVM\4.0.3\armv7m-none-eabi\libc\lib/libc.a(getenv.o)	#SHT_PROGBITS,SHF_ALLOC|SHF_EXECINSTR,4
	0x4300993c		$t
	0x4300993d		getenv
	0x43009994		$d
.text.__strerror_l	0x43009998	0x3c	C:\Users\nikol\projects\noomio\projects\SingleFin\Software\threadx\tools\LLVM\4.0.3\armv7m-none-eabi\libc\lib/libc.a(strerror.o)	#SHT_PROGBITS,SHF_ALLOC|SHF_EXECINSTR,4
	0x43009998		$t
	0x43009999		__strerror_l
	0x43009999		strerror_l
	0x430099cc		$d
.text.strerror	0x430099d4	0xc	C:\Users\nikol\projects\noomio\projects\SingleFin\Software\threadx\tools\LLVM\4.0.3\armv7m-none-eabi\libc\lib/libc.a(strerror.o)	#SHT_PROGBITS,SHF_ALLOC|SHF_EXECINSTR,2
	0x430099d4		$t
	0x430099d5		strerror
.text.__syscall_ret	0x430099e0	0x20	C:\Users\nikol\projects\noomio\projects\SingleFin\Software\threadx\tools\LLVM\4.0.3\armv7m-none-eabi\libc\lib/libc.a(syscall_ret.o)	#SHT_PROGBITS,SHF_ALLOC|SHF_EXECINSTR,4
	0x430099e0		$t
	0x430099e1		__syscall_ret
	0x430099fc		$d
.text.__mo_lookup	0x43009a00	0xd8	C:\Users\nikol\projects\noomio\projects\SingleFin\Software\threadx\tools\LLVM\4.0.3\armv7m-none-eabi\libc\lib/libc.a(__mo_lookup.o)	#SHT_PROGBITS,SHF_ALLOC|SHF_EXECINSTR,4
	0x43009a00		$t
	0x43009a01		__mo_lookup
	0x43009ad4		$d
.text.dummy	0x43009ad8	0x2	C:\Users\nikol\projects\noomio\projects\SingleFin\Software\threadx\tools\LLVM\4.0.3\armv7m-none-eabi\libc\lib/libc.a(mmap.o)	#SHT_PROGBITS,SHF_ALLOC|SHF_EXECINSTR,2
	0x43009ad8		$t
	0x43009ad9		dummy
PADDING_ALIGNMENT	0x43009ada	0x2	0x0
.text.__mmap	0x43009adc	0x60	C:\Users\nikol\projects\noomio\projects\SingleFin\Software\threadx\tools\LLVM\4.0.3\armv7m-none-eabi\libc\lib/libc.a(mmap.o)	#SHT_PROGBITS,SHF_ALLOC|SHF_EXECINSTR,4
	0x43009adc		$t
	0x43009add		__mmap
	0x43009add		mmap
	0x43009add		mmap64
	0x43009b38		$d
.text.wctomb	0x43009b3c	0xc	C:\Users\nikol\projects\noomio\projects\SingleFin\Software\threadx\tools\LLVM\4.0.3\armv7m-none-eabi\libc\lib/libc.a(wctomb.o)	#SHT_PROGBITS,SHF_ALLOC|SHF_EXECINSTR,2
	0x43009b3c		$t
	0x43009b3d		wctomb
.text.__stdio_exit	0x43009b48	0x30	C:\Users\nikol\projects\noomio\projects\SingleFin\Software\threadx\tools\LLVM\4.0.3\armv7m-none-eabi\libc\lib/libc.a(__stdio_exit.o)	#SHT_PROGBITS,SHF_ALLOC|SHF_EXECINSTR,4
	0x43009b48		$t
	0x43009b49		__stdio_exit
	0x43009b49		__stdio_exit_needed
	0x43009b70		$d
.text.close_file	0x43009b78	0x3c	C:\Users\nikol\projects\noomio\projects\SingleFin\Software\threadx\tools\LLVM\4.0.3\armv7m-none-eabi\libc\lib/libc.a(__stdio_exit.o)	#SHT_PROGBITS,SHF_ALLOC|SHF_EXECINSTR,2
	0x43009b78		$t
	0x43009b79		close_file
.text.__ofl_lock	0x43009bb4	0x8	C:\Users\nikol\projects\noomio\projects\SingleFin\Software\threadx\tools\LLVM\4.0.3\armv7m-none-eabi\libc\lib/libc.a(ofl.o)	#SHT_PROGBITS,SHF_ALLOC|SHF_EXECINSTR,4
	0x43009bb4		$t
	0x43009bb5		__ofl_lock
	0x43009bb8		$d
.text.__ofl_unlock	0x43009bbc	0x2	C:\Users\nikol\projects\noomio\projects\SingleFin\Software\threadx\tools\LLVM\4.0.3\armv7m-none-eabi\libc\lib/libc.a(ofl.o)	#SHT_PROGBITS,SHF_ALLOC|SHF_EXECINSTR,2
	0x43009bbc		$t
	0x43009bbd		__ofl_unlock
.text.strncmp	0x43009bbe	0x28	C:\Users\nikol\projects\noomio\projects\SingleFin\Software\threadx\tools\LLVM\4.0.3\armv7m-none-eabi\libc\lib/libc.a(strncmp.o)	#SHT_PROGBITS,SHF_ALLOC|SHF_EXECINSTR,2
	0x43009bbe		$t
	0x43009bbf		strncmp
.text.wcrtomb	0x43009be6	0xb0	C:\Users\nikol\projects\noomio\projects\SingleFin\Software\threadx\tools\LLVM\4.0.3\armv7m-none-eabi\libc\lib/libc.a(wcrtomb.o)	#SHT_PROGBITS,SHF_ALLOC|SHF_EXECINSTR,2
	0x43009be6		$t
	0x43009be7		wcrtomb
PADDING_ALIGNMENT	0x43009c96	0x2	0x0
.text	0x43009c98	0x14	C:\Users\nikol\projects\noomio\projects\SingleFin\Software\threadx\tools\LLVM\4.0.3\lib\clang\4.0.3\lib\baremetal/libclang_rt.builtins-armv7m.a(aeabi_uldivmod.S.obj)	#SHT_PROGBITS,SHF_ALLOC|SHF_EXECINSTR,4
	0x43009c98		$t.0
	0x43009c99		__aeabi_uldivmod
.text.__udivmoddi4	0x43009cac	0x1d4	C:\Users\nikol\projects\noomio\projects\SingleFin\Software\threadx\tools\LLVM\4.0.3\lib\clang\4.0.3\lib\baremetal/libclang_rt.builtins-armv7m.a(udivmoddi4.c.obj)	#SHT_PROGBITS,SHF_ALLOC|SHF_EXECINSTR,2
	0x43009cac		$t.0
	0x43009cad		__udivmoddi4
*(Init )
*(.rodata .rodata.* )
.rodata.str1.1	0x43009e80	0x8	out/main.o	#SHT_PROGBITS,SHF_ALLOC|SHF_MERGE|SHF_STRINGS,1
	0x43009e80		.Lstr
.rodata.str1.1	0x43009e88	0x8	out/fin/singlefin.o	#SHT_PROGBITS,SHF_ALLOC|SHF_MERGE|SHF_STRINGS,1
	0x43009e88		.L.str.1
.rodata.str1.1	0x43009e90	0x2	out/fin/singlefin.o	#SHT_PROGBITS,SHF_ALLOC|SHF_MERGE|SHF_STRINGS,1
	0x43009e90		.L.str.8
.rodata.str1.1	0x43009e92	0x14	out/fin/singlefin.o	#SHT_PROGBITS,SHF_ALLOC|SHF_MERGE|SHF_STRINGS,1
	0x43009e92		.L.str.9
.rodata.str1.1	0x43009ea6	0x18	out/fin/singlefin.o	#SHT_PROGBITS,SHF_ALLOC|SHF_MERGE|SHF_STRINGS,1
	0x43009ea6		.L.str.10
.rodata.str1.1	0x43009ebe	0x2	out/fin/singlefin.o	#SHT_PROGBITS,SHF_ALLOC|SHF_MERGE|SHF_STRINGS,1
	0x43009ebe		.L.str.11
.rodata.str1.1	0x43009ec0	0x3	out/fin/singlefin.o	#SHT_PROGBITS,SHF_ALLOC|SHF_MERGE|SHF_STRINGS,1
	0x43009ec0		.L.str.12
.rodata.str1.1	0x43009ec3	0x3	out/fin/singlefin.o	#SHT_PROGBITS,SHF_ALLOC|SHF_MERGE|SHF_STRINGS,1
	0x43009ec3		.L.str.13
.rodata.str1.1	0x43009ec6	0x2	out/fin/singlefin.o	#SHT_PROGBITS,SHF_ALLOC|SHF_MERGE|SHF_STRINGS,1
	0x43009ec6		.L.str.14
.rodata.str1.1	0x43009ec8	0x3	out/fin/singlefin.o	#SHT_PROGBITS,SHF_ALLOC|SHF_MERGE|SHF_STRINGS,1
	0x43009ec8		.L.str.15
.rodata.str1.1	0x43009ecb	0x2	out/fin/singlefin.o	#SHT_PROGBITS,SHF_ALLOC|SHF_MERGE|SHF_STRINGS,1
	0x43009ecb		.L.str.16
.rodata.str1.1	0x43009ecd	0x3	out/fin/singlefin.o	#SHT_PROGBITS,SHF_ALLOC|SHF_MERGE|SHF_STRINGS,1
	0x43009ecd		.L.str.17
.rodata.str1.1	0x43009ed0	0xa	out/fin/singlefin.o	#SHT_PROGBITS,SHF_ALLOC|SHF_MERGE|SHF_STRINGS,1
	0x43009ed0		.L.str.18
.rodata.str1.1	0x43009eda	0xa	out/fin/singlefin.o	#SHT_PROGBITS,SHF_ALLOC|SHF_MERGE|SHF_STRINGS,1
	0x43009eda		.L.str.19
.rodata.str1.1	0x43009ee4	0x5	out/fin/singlefin.o	#SHT_PROGBITS,SHF_ALLOC|SHF_MERGE|SHF_STRINGS,1
	0x43009ee4		.L.str.20
.rodata.str1.1	0x43009ee9	0x8	out/fin/singlefin.o	#SHT_PROGBITS,SHF_ALLOC|SHF_MERGE|SHF_STRINGS,1
	0x43009ee9		.L.str.21
.rodata.str1.1	0x43009ef1	0x3	out/fin/singlefin.o	#SHT_PROGBITS,SHF_ALLOC|SHF_MERGE|SHF_STRINGS,1
	0x43009ef1		.L.str.22
.rodata.str1.1	0x43009ef4	0x4	out/fin/singlefin.o	#SHT_PROGBITS,SHF_ALLOC|SHF_MERGE|SHF_STRINGS,1
	0x43009ef4		.L.str.23
.rodata.str1.1	0x43009ef8	0x3	out/fin/singlefin.o	#SHT_PROGBITS,SHF_ALLOC|SHF_MERGE|SHF_STRINGS,1
	0x43009ef8		.L.str.24
.rodata.str1.1	0x43009efb	0x6	out/fin/singlefin.o	#SHT_PROGBITS,SHF_ALLOC|SHF_MERGE|SHF_STRINGS,1
	0x43009efb		.L.str.25
.rodata.str1.1	0x43009f01	0x6	out/fin/singlefin.o	#SHT_PROGBITS,SHF_ALLOC|SHF_MERGE|SHF_STRINGS,1
	0x43009f01		.L.str.26
.rodata.str1.1	0x43009f07	0x5	out/fin/singlefin.o	#SHT_PROGBITS,SHF_ALLOC|SHF_MERGE|SHF_STRINGS,1
	0x43009f07		.L.str.27
.rodata.str1.1	0x43009f0c	0x6	out/fin/singlefin.o	#SHT_PROGBITS,SHF_ALLOC|SHF_MERGE|SHF_STRINGS,1
	0x43009f0c		.L.str.28
.rodata.str1.1	0x43009f12	0x3	out/fin/singlefin.o	#SHT_PROGBITS,SHF_ALLOC|SHF_MERGE|SHF_STRINGS,1
	0x43009f12		.L.str.29
.rodata.str1.1	0x43009f15	0x2	out/fin/singlefin.o	#SHT_PROGBITS,SHF_ALLOC|SHF_MERGE|SHF_STRINGS,1
	0x43009f15		.L.str.30
.rodata.str1.1	0x43009f17	0x11	out/fin/singlefin.o	#SHT_PROGBITS,SHF_ALLOC|SHF_MERGE|SHF_STRINGS,1
	0x43009f17		.L.str.31
.rodata.str1.1	0x43009f28	0xa	out/fin/singlefin.o	#SHT_PROGBITS,SHF_ALLOC|SHF_MERGE|SHF_STRINGS,1
	0x43009f28		.L.str.32
.rodata.str1.1	0x43009f32	0x10	out/fin/singlefin.o	#SHT_PROGBITS,SHF_ALLOC|SHF_MERGE|SHF_STRINGS,1
	0x43009f32		.L.str.33
.rodata.str1.1	0x43009f42	0xe	out/fin/singlefin.o	#SHT_PROGBITS,SHF_ALLOC|SHF_MERGE|SHF_STRINGS,1
	0x43009f42		.L.str.34
.rodata.str1.1	0x43009f50	0xb	out/fin/singlefin.o	#SHT_PROGBITS,SHF_ALLOC|SHF_MERGE|SHF_STRINGS,1
	0x43009f50		.L.str.36
.rodata.str1.1	0x43009f5b	0xd	out/fin/singlefin.o	#SHT_PROGBITS,SHF_ALLOC|SHF_MERGE|SHF_STRINGS,1
	0x43009f5b		.L.str.37
.rodata.str1.1	0x43009f68	0xd	out/fin/singlefin.o	#SHT_PROGBITS,SHF_ALLOC|SHF_MERGE|SHF_STRINGS,1
	0x43009f68		.L.str.38
.rodata.str1.1	0x43009f75	0xd	out/fin/singlefin.o	#SHT_PROGBITS,SHF_ALLOC|SHF_MERGE|SHF_STRINGS,1
	0x43009f75		.L.str.39
.rodata.str1.1	0x43009f82	0xd	out/fin/singlefin.o	#SHT_PROGBITS,SHF_ALLOC|SHF_MERGE|SHF_STRINGS,1
	0x43009f82		.L.str.40
.rodata.str1.1	0x43009f8f	0xd	out/fin/singlefin.o	#SHT_PROGBITS,SHF_ALLOC|SHF_MERGE|SHF_STRINGS,1
	0x43009f8f		.L.str.41
.rodata.str1.1	0x43009f9c	0xd	out/fin/singlefin.o	#SHT_PROGBITS,SHF_ALLOC|SHF_MERGE|SHF_STRINGS,1
	0x43009f9c		.L.str.42
.rodata.str1.1	0x43009fa9	0xd	out/fin/singlefin.o	#SHT_PROGBITS,SHF_ALLOC|SHF_MERGE|SHF_STRINGS,1
	0x43009fa9		.L.str.43
.rodata.str1.1	0x43009fb6	0xd	out/fin/singlefin.o	#SHT_PROGBITS,SHF_ALLOC|SHF_MERGE|SHF_STRINGS,1
	0x43009fb6		.L.str.44
.rodata.str1.1	0x43009fc3	0xd	out/fin/singlefin.o	#SHT_PROGBITS,SHF_ALLOC|SHF_MERGE|SHF_STRINGS,1
	0x43009fc3		.L.str.45
.rodata.str1.1	0x43009fd0	0xd	out/fin/singlefin.o	#SHT_PROGBITS,SHF_ALLOC|SHF_MERGE|SHF_STRINGS,1
	0x43009fd0		.L.str.46
.rodata.str1.1	0x43009fdd	0xd	out/fin/singlefin.o	#SHT_PROGBITS,SHF_ALLOC|SHF_MERGE|SHF_STRINGS,1
	0x43009fdd		.L.str.47
.rodata.str1.1	0x43009fea	0xd	out/fin/singlefin.o	#SHT_PROGBITS,SHF_ALLOC|SHF_MERGE|SHF_STRINGS,1
	0x43009fea		.L.str.48
.rodata.str1.1	0x43009ff7	0xd	out/fin/singlefin.o	#SHT_PROGBITS,SHF_ALLOC|SHF_MERGE|SHF_STRINGS,1
	0x43009ff7		.L.str.49
.rodata.str1.1	0x4300a004	0xd	out/fin/singlefin.o	#SHT_PROGBITS,SHF_ALLOC|SHF_MERGE|SHF_STRINGS,1
	0x4300a004		.L.str.50
.rodata.str1.1	0x4300a011	0x68	out/fin/singlefin.o	#SHT_PROGBITS,SHF_ALLOC|SHF_MERGE|SHF_STRINGS,1
	0x4300a011		.L.str.51
.rodata.str1.1	0x4300a079	0x6	out/fin/singlefin.o	#SHT_PROGBITS,SHF_ALLOC|SHF_MERGE|SHF_STRINGS,1
	0x4300a079		.L.str.52
.rodata.str1.1	0x4300a07f	0x7	out/fin/singlefin.o	#SHT_PROGBITS,SHF_ALLOC|SHF_MERGE|SHF_STRINGS,1
	0x4300a07f		.L.str.53
.rodata.str1.1	0x4300a086	0x3	out/fin/singlefin.o	#SHT_PROGBITS,SHF_ALLOC|SHF_MERGE|SHF_STRINGS,1
	0x4300a086		.L.str.54
.rodata.str1.1	0x4300a089	0x4	out/fin/singlefin.o	#SHT_PROGBITS,SHF_ALLOC|SHF_MERGE|SHF_STRINGS,1
	0x4300a089		.L.str.55
.rodata.str1.1	0x4300a08d	0x7	out/fin/singlefin.o	#SHT_PROGBITS,SHF_ALLOC|SHF_MERGE|SHF_STRINGS,1
	0x4300a08d		.L.str.56
.rodata.str1.1	0x4300a094	0x10	out/fin/singlefin.o	#SHT_PROGBITS,SHF_ALLOC|SHF_MERGE|SHF_STRINGS,1
	0x4300a094		.L.str.57
.rodata.str1.1	0x4300a0a4	0x10	out/fin/singlefin.o	#SHT_PROGBITS,SHF_ALLOC|SHF_MERGE|SHF_STRINGS,1
	0x4300a0a4		.L.str.58
.rodata.str1.1	0x4300a0b4	0x9	out/fin/singlefin.o	#SHT_PROGBITS,SHF_ALLOC|SHF_MERGE|SHF_STRINGS,1
	0x4300a0b4		.L.str.59
.rodata.str1.1	0x4300a0bd	0x6	out/fin/singlefin.o	#SHT_PROGBITS,SHF_ALLOC|SHF_MERGE|SHF_STRINGS,1
	0x4300a0bd		.L.str.60
.rodata.str1.1	0x4300a0c3	0x3	out/fin/singlefin.o	#SHT_PROGBITS,SHF_ALLOC|SHF_MERGE|SHF_STRINGS,1
	0x4300a0c3		.L.str.61
.rodata.str1.1	0x4300a0c6	0x9d	out/fin/singlefin.o	#SHT_PROGBITS,SHF_ALLOC|SHF_MERGE|SHF_STRINGS,1
	0x4300a0c6		.L.str.63
.rodata.str1.1	0x4300a163	0xf	out/fin/singlefin.o	#SHT_PROGBITS,SHF_ALLOC|SHF_MERGE|SHF_STRINGS,1
	0x4300a163		.L.str.64
.rodata.str1.1	0x4300a172	0xd	out/fin/singlefin.o	#SHT_PROGBITS,SHF_ALLOC|SHF_MERGE|SHF_STRINGS,1
	0x4300a172		.L.str.65
.rodata.str1.1	0x4300a17f	0x10	out/fin/singlefin.o	#SHT_PROGBITS,SHF_ALLOC|SHF_MERGE|SHF_STRINGS,1
	0x4300a17f		.L.str.66
.rodata.str1.1	0x4300a18f	0x8	out/fin/singlefin.o	#SHT_PROGBITS,SHF_ALLOC|SHF_MERGE|SHF_STRINGS,1
	0x4300a18f		.L.str.67
.rodata.str1.1	0x4300a197	0x1a	out/fin/singlefin.o	#SHT_PROGBITS,SHF_ALLOC|SHF_MERGE|SHF_STRINGS,1
	0x4300a197		.L.str.68
.rodata.str1.1	0x4300a1b1	0xe	out/fin/singlefin.o	#SHT_PROGBITS,SHF_ALLOC|SHF_MERGE|SHF_STRINGS,1
	0x4300a1b1		.L.str.69
.rodata.str1.1	0x4300a1bf	0x5	out/fin/singlefin.o	#SHT_PROGBITS,SHF_ALLOC|SHF_MERGE|SHF_STRINGS,1
	0x4300a1bf		.L.str.70
.rodata.str1.1	0x4300a1c4	0x5	out/fin/singlefin.o	#SHT_PROGBITS,SHF_ALLOC|SHF_MERGE|SHF_STRINGS,1
	0x4300a1c4		.L.str.71
.rodata.str1.1	0x4300a1c9	0x59	out/fin/singlefin.o	#SHT_PROGBITS,SHF_ALLOC|SHF_MERGE|SHF_STRINGS,1
	0x4300a1c9		.L.str.72
.rodata.str1.1	0x4300a222	0x6a	out/fin/singlefin.o	#SHT_PROGBITS,SHF_ALLOC|SHF_MERGE|SHF_STRINGS,1
	0x4300a222		.L.str.73
.rodata.str1.1	0x4300a28c	0x2	out/fin/singlefin.o	#SHT_PROGBITS,SHF_ALLOC|SHF_MERGE|SHF_STRINGS,1
	0x4300a28c		.L.str.74
.rodata.str1.1	0x4300a28e	0x5	out/fin/singlefin.o	#SHT_PROGBITS,SHF_ALLOC|SHF_MERGE|SHF_STRINGS,1
	0x4300a28e		.L.str.75
.rodata.str1.1	0x4300a293	0x13	out/fin/singlefin.o	#SHT_PROGBITS,SHF_ALLOC|SHF_MERGE|SHF_STRINGS,1
	0x4300a293		.L.str.76
.rodata.str1.1	0x4300a2a6	0x3	out/fin/singlefin.o	#SHT_PROGBITS,SHF_ALLOC|SHF_MERGE|SHF_STRINGS,1
	0x4300a2a6		.L.str.77
.rodata.str1.1	0x4300a2a9	0x14	out/fin/singlefin.o	#SHT_PROGBITS,SHF_ALLOC|SHF_MERGE|SHF_STRINGS,1
	0x4300a2a9		.L.str.78
.rodata.str1.1	0x4300a2bd	0x4	out/fin/singlefin.o	#SHT_PROGBITS,SHF_ALLOC|SHF_MERGE|SHF_STRINGS,1
	0x4300a2bd		.L.str.79
.rodata.str1.1	0x4300a2c1	0x6b	out/fin/singlefin.o	#SHT_PROGBITS,SHF_ALLOC|SHF_MERGE|SHF_STRINGS,1
	0x4300a2c1		.L.str.80
.rodata.str1.1	0x4300a32c	0x5b	out/fin/singlefin.o	#SHT_PROGBITS,SHF_ALLOC|SHF_MERGE|SHF_STRINGS,1
	0x4300a32c		.L.str.81
.rodata.str1.1	0x4300a387	0x54	out/fin/singlefin.o	#SHT_PROGBITS,SHF_ALLOC|SHF_MERGE|SHF_STRINGS,1
	0x4300a387		.L.str.82
.rodata.str1.1	0x4300a3db	0x5	out/fin/singlefin.o	#SHT_PROGBITS,SHF_ALLOC|SHF_MERGE|SHF_STRINGS,1
	0x4300a3db		.L.str.83
.rodata.str1.1	0x4300a3e0	0xa3	out/fin/singlefin.o	#SHT_PROGBITS,SHF_ALLOC|SHF_MERGE|SHF_STRINGS,1
	0x4300a3e0		.L.str.84
.rodata.str1.1	0x4300a483	0x3b	out/fin/singlefin.o	#SHT_PROGBITS,SHF_ALLOC|SHF_MERGE|SHF_STRINGS,1
	0x4300a483		.L.str.85
.rodata.str1.1	0x4300a4be	0x5	out/fin/singlefin.o	#SHT_PROGBITS,SHF_ALLOC|SHF_MERGE|SHF_STRINGS,1
	0x4300a4be		.L.str.94
.rodata.str1.1	0x4300a4c3	0x5	out/fin/singlefin.o	#SHT_PROGBITS,SHF_ALLOC|SHF_MERGE|SHF_STRINGS,1
	0x4300a4c3		.L.str.95
.rodata.str1.1	0x4300a4c8	0x5	out/fin/singlefin.o	#SHT_PROGBITS,SHF_ALLOC|SHF_MERGE|SHF_STRINGS,1
	0x4300a4c8		.L.str.96
.rodata.str1.1	0x4300a4cd	0x5	out/fin/singlefin.o	#SHT_PROGBITS,SHF_ALLOC|SHF_MERGE|SHF_STRINGS,1
	0x4300a4cd		.L.str.97
.rodata.str1.1	0x4300a4d2	0x5	out/fin/singlefin.o	#SHT_PROGBITS,SHF_ALLOC|SHF_MERGE|SHF_STRINGS,1
	0x4300a4d2		.L.str.98
.rodata.str1.1	0x4300a4d7	0x6	out/fin/singlefin.o	#SHT_PROGBITS,SHF_ALLOC|SHF_MERGE|SHF_STRINGS,1
	0x4300a4d7		.L.str.99
.rodata.str1.1	0x4300a4dd	0x6	out/fin/singlefin.o	#SHT_PROGBITS,SHF_ALLOC|SHF_MERGE|SHF_STRINGS,1
	0x4300a4dd		.L.str.100
.rodata.str1.1	0x4300a4e3	0x6	out/fin/singlefin.o	#SHT_PROGBITS,SHF_ALLOC|SHF_MERGE|SHF_STRINGS,1
	0x4300a4e3		.L.str.101
.rodata.str1.1	0x4300a4e9	0x6	out/fin/singlefin.o	#SHT_PROGBITS,SHF_ALLOC|SHF_MERGE|SHF_STRINGS,1
	0x4300a4e9		.L.str.102
.rodata.str1.1	0x4300a4ef	0x6	out/fin/singlefin.o	#SHT_PROGBITS,SHF_ALLOC|SHF_MERGE|SHF_STRINGS,1
	0x4300a4ef		.L.str.103
.rodata.str1.1	0x4300a4f5	0x6	out/fin/singlefin.o	#SHT_PROGBITS,SHF_ALLOC|SHF_MERGE|SHF_STRINGS,1
	0x4300a4f5		.L.str.104
.rodata.str1.1	0x4300a4fb	0x6	out/fin/singlefin.o	#SHT_PROGBITS,SHF_ALLOC|SHF_MERGE|SHF_STRINGS,1
[...]
	0x228e		
.debug_str	0x138da	0x24	../../../Quectel_BG96_QuecOpen_SDK_Package_V3.0.1-AUS/SDK/libs/llvm\txm_lib.lib(txm_module_callback_request_thread_entry.o)	#SHT_PROGBITS,SHF_MERGE|SHF_STRINGS,1
	0x229f		
.debug_str	0x138fe	0x1a	../../../Quectel_BG96_QuecOpen_SDK_Package_V3.0.1-AUS/SDK/libs/llvm\txm_lib.lib(txm_module_callback_request_thread_entry.o)	#SHT_PROGBITS,SHF_MERGE|SHF_STRINGS,1
	0x22c3		
.debug_str	0x13918	0x22	../../../Quectel_BG96_QuecOpen_SDK_Package_V3.0.1-AUS/SDK/libs/llvm\txm_lib.lib(txm_module_callback_request_thread_entry.o)	#SHT_PROGBITS,SHF_MERGE|SHF_STRINGS,1
	0x22dd		
.debug_str	0x1393a	0x1e	../../../Quectel_BG96_QuecOpen_SDK_Package_V3.0.1-AUS/SDK/libs/llvm\txm_lib.lib(txm_module_callback_request_thread_entry.o)	#SHT_PROGBITS,SHF_MERGE|SHF_STRINGS,1
	0x22ff		
.debug_str	0x13958	0x25	../../../Quectel_BG96_QuecOpen_SDK_Package_V3.0.1-AUS/SDK/libs/llvm\txm_lib.lib(txm_module_callback_request_thread_entry.o)	#SHT_PROGBITS,SHF_MERGE|SHF_STRINGS,1
	0x231d		
.debug_str	0x1397d	0x24	../../../Quectel_BG96_QuecOpen_SDK_Package_V3.0.1-AUS/SDK/libs/llvm\txm_lib.lib(txm_module_callback_request_thread_entry.o)	#SHT_PROGBITS,SHF_MERGE|SHF_STRINGS,1
	0x2342		
.debug_str	0x139a1	0x22	../../../Quectel_BG96_QuecOpen_SDK_Package_V3.0.1-AUS/SDK/libs/llvm\txm_lib.lib(txm_module_callback_request_thread_entry.o)	#SHT_PROGBITS,SHF_MERGE|SHF_STRINGS,1
	0x2366		
.debug_str	0x139c3	0x29	../../../Quectel_BG96_QuecOpen_SDK_Package_V3.0.1-AUS/SDK/libs/llvm\txm_lib.lib(txm_module_callback_request_thread_entry.o)	#SHT_PROGBITS,SHF_MERGE|SHF_STRINGS,1
	0x2388		
.debug_str	0x139ec	0x19	../../../Quectel_BG96_QuecOpen_SDK_Package_V3.0.1-AUS/SDK/libs/llvm\txm_lib.lib(txm_module_callback_request_thread_entry.o)	#SHT_PROGBITS,SHF_MERGE|SHF_STRINGS,1
	0x23b1		
.debug_str	0x13a05	0x1f	../../../Quectel_BG96_QuecOpen_SDK_Package_V3.0.1-AUS/SDK/libs/llvm\txm_lib.lib(txm_module_callback_request_thread_entry.o)	#SHT_PROGBITS,SHF_MERGE|SHF_STRINGS,1
	0x23ca		
.debug_str	0x13a24	0x17	../../../Quectel_BG96_QuecOpen_SDK_Package_V3.0.1-AUS/SDK/libs/llvm\txm_lib.lib(txm_module_callback_request_thread_entry.o)	#SHT_PROGBITS,SHF_MERGE|SHF_STRINGS,1
	0x23e9		
.debug_str	0x13a3b	0x1c	../../../Quectel_BG96_QuecOpen_SDK_Package_V3.0.1-AUS/SDK/libs/llvm\txm_lib.lib(txm_module_callback_request_thread_entry.o)	#SHT_PROGBITS,SHF_MERGE|SHF_STRINGS,1
	0x2400		
.debug_str	0x13a57	0x1c	../../../Quectel_BG96_QuecOpen_SDK_Package_V3.0.1-AUS/SDK/libs/llvm\txm_lib.lib(txm_module_callback_request_thread_entry.o)	#SHT_PROGBITS,SHF_MERGE|SHF_STRINGS,1
	0x241c		
.debug_str	0x13a73	0x19	../../../Quectel_BG96_QuecOpen_SDK_Package_V3.0.1-AUS/SDK/libs/llvm\txm_lib.lib(txm_module_callback_request_thread_entry.o)	#SHT_PROGBITS,SHF_MERGE|SHF_STRINGS,1
	0x2438		
.debug_str	0x13a8c	0x1d	../../../Quectel_BG96_QuecOpen_SDK_Package_V3.0.1-AUS/SDK/libs/llvm\txm_lib.lib(txm_module_callback_request_thread_entry.o)	#SHT_PROGBITS,SHF_MERGE|SHF_STRINGS,1
	0x2451		
.debug_str	0x13aa9	0x21	../../../Quectel_BG96_QuecOpen_SDK_Package_V3.0.1-AUS/SDK/libs/llvm\txm_lib.lib(txm_module_callback_request_thread_entry.o)	#SHT_PROGBITS,SHF_MERGE|SHF_STRINGS,1
	0x246e		
.debug_str	0x13aca	0x25	../../../Quectel_BG96_QuecOpen_SDK_Package_V3.0.1-AUS/SDK/libs/llvm\txm_lib.lib(txm_module_callback_request_thread_entry.o)	#SHT_PROGBITS,SHF_MERGE|SHF_STRINGS,1
	0x248f		
.debug_str	0x13aef	0x1c	../../../Quectel_BG96_QuecOpen_SDK_Package_V3.0.1-AUS/SDK/libs/llvm\txm_lib.lib(txm_module_callback_request_thread_entry.o)	#SHT_PROGBITS,SHF_MERGE|SHF_STRINGS,1
	0x24b4		
.debug_str	0x13b0b	0x1c	../../../Quectel_BG96_QuecOpen_SDK_Package_V3.0.1-AUS/SDK/libs/llvm\txm_lib.lib(txm_module_callback_request_thread_entry.o)	#SHT_PROGBITS,SHF_MERGE|SHF_STRINGS,1
	0x24d0		
.debug_str	0x13b27	0x1c	../../../Quectel_BG96_QuecOpen_SDK_Package_V3.0.1-AUS/SDK/libs/llvm\txm_lib.lib(txm_module_callback_request_thread_entry.o)	#SHT_PROGBITS,SHF_MERGE|SHF_STRINGS,1
	0x24ec		
.debug_str	0x13b43	0x1c	../../../Quectel_BG96_QuecOpen_SDK_Package_V3.0.1-AUS/SDK/libs/llvm\txm_lib.lib(txm_module_callback_request_thread_entry.o)	#SHT_PROGBITS,SHF_MERGE|SHF_STRINGS,1
	0x2508		
.debug_str	0x13b5f	0x1c	../../../Quectel_BG96_QuecOpen_SDK_Package_V3.0.1-AUS/SDK/libs/llvm\txm_lib.lib(txm_module_callback_request_thread_entry.o)	#SHT_PROGBITS,SHF_MERGE|SHF_STRINGS,1
	0x2524		
.debug_str	0x13b7b	0x1c	../../../Quectel_BG96_QuecOpen_SDK_Package_V3.0.1-AUS/SDK/libs/llvm\txm_lib.lib(txm_module_callback_request_thread_entry.o)	#SHT_PROGBITS,SHF_MERGE|SHF_STRINGS,1
	0x2540		
.debug_str	0x13b97	0x1b	../../../Quectel_BG96_QuecOpen_SDK_Package_V3.0.1-AUS/SDK/libs/llvm\txm_lib.lib(txm_module_callback_request_thread_entry.o)	#SHT_PROGBITS,SHF_MERGE|SHF_STRINGS,1
	0x255c		
.debug_str	0x13bb2	0x14	../../../Quectel_BG96_QuecOpen_SDK_Package_V3.0.1-AUS/SDK/libs/llvm\txm_lib.lib(txm_module_callback_request_thread_entry.o)	#SHT_PROGBITS,SHF_MERGE|SHF_STRINGS,1
	0x2577		
.debug_str	0x13bc6	0x30	../../../Quectel_BG96_QuecOpen_SDK_Package_V3.0.1-AUS/SDK/libs/llvm\txm_lib.lib(txm_module_callback_request_thread_entry.o)	#SHT_PROGBITS,SHF_MERGE|SHF_STRINGS,1
	0x258b		
.debug_str	0x13bf6	0x23	../../../Quectel_BG96_QuecOpen_SDK_Package_V3.0.1-AUS/SDK/libs/llvm\txm_lib.lib(txm_module_callback_request_thread_entry.o)	#SHT_PROGBITS,SHF_MERGE|SHF_STRINGS,1
	0x25bb		
.debug_str	0x13c19	0x23	../../../Quectel_BG96_QuecOpen_SDK_Package_V3.0.1-AUS/SDK/libs/llvm\txm_lib.lib(txm_module_callback_request_thread_entry.o)	#SHT_PROGBITS,SHF_MERGE|SHF_STRINGS,1
	0x25de		
.debug_str	0x13c3c	0x20	../../../Quectel_BG96_QuecOpen_SDK_Package_V3.0.1-AUS/SDK/libs/llvm\txm_lib.lib(txm_module_callback_request_thread_entry.o)	#SHT_PROGBITS,SHF_MERGE|SHF_STRINGS,1
	0x2601		
.debug_str	0x13c5c	0x29	../../../Quectel_BG96_QuecOpen_SDK_Package_V3.0.1-AUS/SDK/libs/llvm\txm_lib.lib(txm_module_callback_request_thread_entry.o)	#SHT_PROGBITS,SHF_MERGE|SHF_STRINGS,1
	0x2621		
.debug_str	0x13c85	0x25	../../../Quectel_BG96_QuecOpen_SDK_Package_V3.0.1-AUS/SDK/libs/llvm\txm_lib.lib(txm_module_callback_request_thread_entry.o)	#SHT_PROGBITS,SHF_MERGE|SHF_STRINGS,1
	0x264a		
.debug_str	0x13caa	0x25	../../../Quectel_BG96_QuecOpen_SDK_Package_V3.0.1-AUS/SDK/libs/llvm\txm_lib.lib(txm_module_callback_request_thread_entry.o)	#SHT_PROGBITS,SHF_MERGE|SHF_STRINGS,1
	0x266f		
.debug_str	0x13ccf	0x28	../../../Quectel_BG96_QuecOpen_SDK_Package_V3.0.1-AUS/SDK/libs/llvm\txm_lib.lib(txm_module_callback_request_thread_entry.o)	#SHT_PROGBITS,SHF_MERGE|SHF_STRINGS,1
	0x2694		
.debug_str	0x13cf7	0x2c	../../../Quectel_BG96_QuecOpen_SDK_Package_V3.0.1-AUS/SDK/libs/llvm\txm_lib.lib(txm_module_callback_request_thread_entry.o)	#SHT_PROGBITS,SHF_MERGE|SHF_STRINGS,1
	0x26bc		
.debug_str	0x13d23	0x23	../../../Quectel_BG96_QuecOpen_SDK_Package_V3.0.1-AUS/SDK/libs/llvm\txm_lib.lib(txm_module_callback_request_thread_entry.o)	#SHT_PROGBITS,SHF_MERGE|SHF_STRINGS,1
	0x26e8		
.debug_str	0x13d46	0x23	../../../Quectel_BG96_QuecOpen_SDK_Package_V3.0.1-AUS/SDK/libs/llvm\txm_lib.lib(txm_module_callback_request_thread_entry.o)	#SHT_PROGBITS,SHF_MERGE|SHF_STRINGS,1
	0x270b		
.debug_str	0x13d69	0x23	../../../Quectel_BG96_QuecOpen_SDK_Package_V3.0.1-AUS/SDK/libs/llvm\txm_lib.lib(txm_module_callback_request_thread_entry.o)	#SHT_PROGBITS,SHF_MERGE|SHF_STRINGS,1
	0x272e		
.debug_str	0x13d8c	0x23	../../../Quectel_BG96_QuecOpen_SDK_Package_V3.0.1-AUS/SDK/libs/llvm\txm_lib.lib(txm_module_callback_request_thread_entry.o)	#SHT_PROGBITS,SHF_MERGE|SHF_STRINGS,1
	0x2751		
.debug_str	0x13daf	0x23	../../../Quectel_BG96_QuecOpen_SDK_Package_V3.0.1-AUS/SDK/libs/llvm\txm_lib.lib(txm_module_callback_request_thread_entry.o)	#SHT_PROGBITS,SHF_MERGE|SHF_STRINGS,1
	0x2774		
.debug_str	0x13dd2	0x23	../../../Quectel_BG96_QuecOpen_SDK_Package_V3.0.1-AUS/SDK/libs/llvm\txm_lib.lib(txm_module_callback_request_thread_entry.o)	#SHT_PROGBITS,SHF_MERGE|SHF_STRINGS,1
	0x2797		
.debug_str	0x13df5	0x22	../../../Quectel_BG96_QuecOpen_SDK_Package_V3.0.1-AUS/SDK/libs/llvm\txm_lib.lib(txm_module_callback_request_thread_entry.o)	#SHT_PROGBITS,SHF_MERGE|SHF_STRINGS,1
	0x27ba		
.debug_str	0x13e17	0x1b	../../../Quectel_BG96_QuecOpen_SDK_Package_V3.0.1-AUS/SDK/libs/llvm\txm_lib.lib(txm_module_callback_request_thread_entry.o)	#SHT_PROGBITS,SHF_MERGE|SHF_STRINGS,1
	0x27dc		
.debug_str	0x13e32	0x12	../../../Quectel_BG96_QuecOpen_SDK_Package_V3.0.1-AUS/SDK/libs/llvm\txm_lib.lib(txm_module_callback_request_thread_entry.o)	#SHT_PROGBITS,SHF_MERGE|SHF_STRINGS,1
	0x27f7		
.debug_str	0x13e44	0x15	../../../Quectel_BG96_QuecOpen_SDK_Package_V3.0.1-AUS/SDK/libs/llvm\txm_lib.lib(txm_module_callback_request_thread_entry.o)	#SHT_PROGBITS,SHF_MERGE|SHF_STRINGS,1
	0x2809		
.debug_str	0x13e59	0x12	../../../Quectel_BG96_QuecOpen_SDK_Package_V3.0.1-AUS/SDK/libs/llvm\txm_lib.lib(txm_module_callback_request_thread_entry.o)	#SHT_PROGBITS,SHF_MERGE|SHF_STRINGS,1
	0x281e		
.debug_str	0x13e6b	0xa4	../../../Quectel_BG96_QuecOpen_SDK_Package_V3.0.1-AUS/SDK/libs/llvm\txm_lib.lib(txm_module_system_call11.o)	#SHT_PROGBITS,SHF_MERGE|SHF_STRINGS,1
	0x2830		
.debug_str	0x13f0f	0x1a	../../../Quectel_BG96_QuecOpen_SDK_Package_V3.0.1-AUS/SDK/libs/llvm\txm_lib.lib(txm_module_system_call11.o)	#SHT_PROGBITS,SHF_MERGE|SHF_STRINGS,1
	0x28d4		
.debug_str	0x13f29	0x11	../../../Quectel_BG96_QuecOpen_SDK_Package_V3.0.1-AUS/SDK/libs/llvm\txm_lib.lib(txm_module_system_call11.o)	#SHT_PROGBITS,SHF_MERGE|SHF_STRINGS,1
	0x28ee		
.debug_str	0x13f3a	0x8	../../../Quectel_BG96_QuecOpen_SDK_Package_V3.0.1-AUS/SDK/libs/llvm\txm_lib.lib(txm_module_system_call11.o)	#SHT_PROGBITS,SHF_MERGE|SHF_STRINGS,1
	0x28ff		
.debug_str	0x13f42	0x8	../../../Quectel_BG96_QuecOpen_SDK_Package_V3.0.1-AUS/SDK/libs/llvm\txm_lib.lib(txm_module_system_call11.o)	#SHT_PROGBITS,SHF_MERGE|SHF_STRINGS,1
	0x2907		
.debug_str	0x13f4a	0x8	../../../Quectel_BG96_QuecOpen_SDK_Package_V3.0.1-AUS/SDK/libs/llvm\txm_lib.lib(txm_module_system_call11.o)	#SHT_PROGBITS,SHF_MERGE|SHF_STRINGS,1
	0x290f		
.debug_str	0x13f52	0x8	../../../Quectel_BG96_QuecOpen_SDK_Package_V3.0.1-AUS/SDK/libs/llvm\txm_lib.lib(txm_module_system_call11.o)	#SHT_PROGBITS,SHF_MERGE|SHF_STRINGS,1
	0x2917		
.debug_str	0x13f5a	0x8	../../../Quectel_BG96_QuecOpen_SDK_Package_V3.0.1-AUS/SDK/libs/llvm\txm_lib.lib(txm_module_system_call11.o)	#SHT_PROGBITS,SHF_MERGE|SHF_STRINGS,1
	0x291f		
.debug_str	0x13f62	0x8	../../../Quectel_BG96_QuecOpen_SDK_Package_V3.0.1-AUS/SDK/libs/llvm\txm_lib.lib(txm_module_system_call11.o)	#SHT_PROGBITS,SHF_MERGE|SHF_STRINGS,1
	0x2927		
.debug_str	0x13f6a	0x8	../../../Quectel_BG96_QuecOpen_SDK_Package_V3.0.1-AUS/SDK/libs/llvm\txm_lib.lib(txm_module_system_call11.o)	#SHT_PROGBITS,SHF_MERGE|SHF_STRINGS,1
	0x292f		
.debug_str	0x13f72	0x8	../../../Quectel_BG96_QuecOpen_SDK_Package_V3.0.1-AUS/SDK/libs/llvm\txm_lib.lib(txm_module_system_call11.o)	#SHT_PROGBITS,SHF_MERGE|SHF_STRINGS,1
	0x2937		
.debug_str	0x13f7a	0x8	../../../Quectel_BG96_QuecOpen_SDK_Package_V3.0.1-AUS/SDK/libs/llvm\txm_lib.lib(txm_module_system_call11.o)	#SHT_PROGBITS,SHF_MERGE|SHF_STRINGS,1
	0x293f		
.debug_str	0x13f82	0x8	../../../Quectel_BG96_QuecOpen_SDK_Package_V3.0.1-AUS/SDK/libs/llvm\txm_lib.lib(txm_module_system_call11.o)	#SHT_PROGBITS,SHF_MERGE|SHF_STRINGS,1
	0x2947		
.debug_str	0x13f8a	0x9	../../../Quectel_BG96_QuecOpen_SDK_Package_V3.0.1-AUS/SDK/libs/llvm\txm_lib.lib(txm_module_system_call11.o)	#SHT_PROGBITS,SHF_MERGE|SHF_STRINGS,1
	0x294f		
.debug_str	0x13f93	0x9	../../../Quectel_BG96_QuecOpen_SDK_Package_V3.0.1-AUS/SDK/libs/llvm\txm_lib.lib(txm_module_system_call11.o)	#SHT_PROGBITS,SHF_MERGE|SHF_STRINGS,1
	0x2958		
.debug_str	0x13f9c	0xd	../../../Quectel_BG96_QuecOpen_SDK_Package_V3.0.1-AUS/SDK/libs/llvm\txm_lib.lib(txm_module_system_call11.o)	#SHT_PROGBITS,SHF_MERGE|SHF_STRINGS,1
	0x2961		
.debug_str	0x13fa9	0xa4	../../../Quectel_BG96_QuecOpen_SDK_Package_V3.0.1-AUS/SDK/libs/llvm\txm_lib.lib(txm_module_system_call12.o)	#SHT_PROGBITS,SHF_MERGE|SHF_STRINGS,1
	0x296e		
.debug_str	0x1404d	0x1a	../../../Quectel_BG96_QuecOpen_SDK_Package_V3.0.1-AUS/SDK/libs/llvm\txm_lib.lib(txm_module_system_call12.o)	#SHT_PROGBITS,SHF_MERGE|SHF_STRINGS,1
	0x2a12		
.debug_str	0x14067	0x9	../../../Quectel_BG96_QuecOpen_SDK_Package_V3.0.1-AUS/SDK/libs/llvm\txm_lib.lib(txm_module_system_call12.o)	#SHT_PROGBITS,SHF_MERGE|SHF_STRINGS,1
	0x2a2c		
.debug_str	0x14070	0xa3	../../../Quectel_BG96_QuecOpen_SDK_Package_V3.0.1-AUS/SDK/libs/llvm\txm_lib.lib(txm_module_system_call4.o)	#SHT_PROGBITS,SHF_MERGE|SHF_STRINGS,1
	0x2a35		
.debug_str	0x14113	0x19	../../../Quectel_BG96_QuecOpen_SDK_Package_V3.0.1-AUS/SDK/libs/llvm\txm_lib.lib(txm_module_system_call4.o)	#SHT_PROGBITS,SHF_MERGE|SHF_STRINGS,1
	0x2ad8		
.debug_str	0x1412c	0xa3	../../../Quectel_BG96_QuecOpen_SDK_Package_V3.0.1-AUS/SDK/libs/llvm\txm_lib.lib(txm_module_system_call5.o)	#SHT_PROGBITS,SHF_MERGE|SHF_STRINGS,1
	0x2af1		
.debug_str	0x141cf	0x19	../../../Quectel_BG96_QuecOpen_SDK_Package_V3.0.1-AUS/SDK/libs/llvm\txm_lib.lib(txm_module_system_call5.o)	#SHT_PROGBITS,SHF_MERGE|SHF_STRINGS,1
	0x2b94		
.debug_str	0x141e8	0xa3	../../../Quectel_BG96_QuecOpen_SDK_Package_V3.0.1-AUS/SDK/libs/llvm\txm_lib.lib(txm_module_system_call6.o)	#SHT_PROGBITS,SHF_MERGE|SHF_STRINGS,1
	0x2bad		
.debug_str	0x1428b	0x19	../../../Quectel_BG96_QuecOpen_SDK_Package_V3.0.1-AUS/SDK/libs/llvm\txm_lib.lib(txm_module_system_call6.o)	#SHT_PROGBITS,SHF_MERGE|SHF_STRINGS,1
	0x2c50		
.debug_str	0x142a4	0xa3	../../../Quectel_BG96_QuecOpen_SDK_Package_V3.0.1-AUS/SDK/libs/llvm\txm_lib.lib(txm_module_system_call7.o)	#SHT_PROGBITS,SHF_MERGE|SHF_STRINGS,1
	0x2c69		
.debug_str	0x14347	0x19	../../../Quectel_BG96_QuecOpen_SDK_Package_V3.0.1-AUS/SDK/libs/llvm\txm_lib.lib(txm_module_system_call7.o)	#SHT_PROGBITS,SHF_MERGE|SHF_STRINGS,1
	0x2d0c		
.debug_str	0x14360	0xa3	../../../Quectel_BG96_QuecOpen_SDK_Package_V3.0.1-AUS/SDK/libs/llvm\txm_lib.lib(txm_module_system_call8.o)	#SHT_PROGBITS,SHF_MERGE|SHF_STRINGS,1
	0x2d25		
.debug_str	0x14403	0x19	../../../Quectel_BG96_QuecOpen_SDK_Package_V3.0.1-AUS/SDK/libs/llvm\txm_lib.lib(txm_module_system_call8.o)	#SHT_PROGBITS,SHF_MERGE|SHF_STRINGS,1
	0x2dc8		

.debug_loc	0x1441c	0x8df # Offset: 0x1441c
*(.debug_loc )
.debug_loc	0x1441c	0x30c	../../../Quectel_BG96_QuecOpen_SDK_Package_V3.0.1-AUS/SDK/libs/llvm\timer_dam_lib.lib(qapi_timer_user.o)	#SHT_PROGBITS,,1
.debug_loc	0x14728	0x3c	../../../Quectel_BG96_QuecOpen_SDK_Package_V3.0.1-AUS/SDK/libs/llvm\txm_lib.lib(txm_module_thread_shell_entry.o)	#SHT_PROGBITS,,1
.debug_loc	0x14764	0x75	../../../Quectel_BG96_QuecOpen_SDK_Package_V3.0.1-AUS/SDK/libs/llvm\txm_lib.lib(txm_module_callback_request_thread_entry.o)	#SHT_PROGBITS,,1
.debug_loc	0x147d9	0x103	../../../Quectel_BG96_QuecOpen_SDK_Package_V3.0.1-AUS/SDK/libs/llvm\txm_lib.lib(txm_module_system_call11.o)	#SHT_PROGBITS,,1
.debug_loc	0x148dc	0x118	../../../Quectel_BG96_QuecOpen_SDK_Package_V3.0.1-AUS/SDK/libs/llvm\txm_lib.lib(txm_module_system_call12.o)	#SHT_PROGBITS,,1
.debug_loc	0x149f4	0x73	../../../Quectel_BG96_QuecOpen_SDK_Package_V3.0.1-AUS/SDK/libs/llvm\txm_lib.lib(txm_module_system_call4.o)	#SHT_PROGBITS,,1
.debug_loc	0x14a67	0x87	../../../Quectel_BG96_QuecOpen_SDK_Package_V3.0.1-AUS/SDK/libs/llvm\txm_lib.lib(txm_module_system_call5.o)	#SHT_PROGBITS,,1
.debug_loc	0x14aee	0x9b	../../../Quectel_BG96_QuecOpen_SDK_Package_V3.0.1-AUS/SDK/libs/llvm\txm_lib.lib(txm_module_system_call6.o)	#SHT_PROGBITS,,1
.debug_loc	0x14b89	0xaf	../../../Quectel_BG96_QuecOpen_SDK_Package_V3.0.1-AUS/SDK/libs/llvm\txm_lib.lib(txm_module_system_call7.o)	#SHT_PROGBITS,,1
.debug_loc	0x14c38	0xc3	../../../Quectel_BG96_QuecOpen_SDK_Package_V3.0.1-AUS/SDK/libs/llvm\txm_lib.lib(txm_module_system_call8.o)	#SHT_PROGBITS,,1

.debug_macinfo	0x14cfb	0xa # Offset: 0x14cfb
*(.debug_macinfo )
.debug_macinfo	0x14cfb	0x1	../../../Quectel_BG96_QuecOpen_SDK_Package_V3.0.1-AUS/SDK/libs/llvm\timer_dam_lib.lib(qapi_timer_user.o)	#SHT_PROGBITS,,1
.debug_macinfo	0x14cfc	0x1	../../../Quectel_BG96_QuecOpen_SDK_Package_V3.0.1-AUS/SDK/libs/llvm\txm_lib.lib(txm_module_thread_shell_entry.o)	#SHT_PROGBITS,,1
.debug_macinfo	0x14cfd	0x1	../../../Quectel_BG96_QuecOpen_SDK_Package_V3.0.1-AUS/SDK/libs/llvm\txm_lib.lib(txm_module_callback_request_thread_entry.o)	#SHT_PROGBITS,,1
.debug_macinfo	0x14cfe	0x1	../../../Quectel_BG96_QuecOpen_SDK_Package_V3.0.1-AUS/SDK/libs/llvm\txm_lib.lib(txm_module_system_call11.o)	#SHT_PROGBITS,,1
.debug_macinfo	0x14cff	0x1	../../../Quectel_BG96_QuecOpen_SDK_Package_V3.0.1-AUS/SDK/libs/llvm\txm_lib.lib(txm_module_system_call12.o)	#SHT_PROGBITS,,1
.debug_macinfo	0x14d00	0x1	../../../Quectel_BG96_QuecOpen_SDK_Package_V3.0.1-AUS/SDK/libs/llvm\txm_lib.lib(txm_module_system_call4.o)	#SHT_PROGBITS,,1
.debug_macinfo	0x14d01	0x1	../../../Quectel_BG96_QuecOpen_SDK_Package_V3.0.1-AUS/SDK/libs/llvm\txm_lib.lib(txm_module_system_call5.o)	#SHT_PROGBITS,,1
.debug_macinfo	0x14d02	0x1	../../../Quectel_BG96_QuecOpen_SDK_Package_V3.0.1-AUS/SDK/libs/llvm\txm_lib.lib(txm_module_system_call6.o)	#SHT_PROGBITS,,1
.debug_macinfo	0x14d03	0x1	../../../Quectel_BG96_QuecOpen_SDK_Package_V3.0.1-AUS/SDK/libs/llvm\txm_lib.lib(txm_module_system_call7.o)	#SHT_PROGBITS,,1
.debug_macinfo	0x14d04	0x1	../../../Quectel_BG96_QuecOpen_SDK_Package_V3.0.1-AUS/SDK/libs/llvm\txm_lib.lib(txm_module_system_call8.o)	#SHT_PROGBITS,,1

.debug_weaknames	0x14d05	0x0 # Offset: 0x14d05

.debug_funcnames	0x14d05	0x0 # Offset: 0x14d05

.debug_typenames	0x14d05	0x0 # Offset: 0x14d05

.debug_varnames	0x14d05	0x0 # Offset: 0x14d05

.debug_pubtypes	0x14d05	0x88e # Offset: 0x14d05
*(.debug_pubtypes )
.debug_pubtypes	0x14d05	0x2bb	../../../Quectel_BG96_QuecOpen_SDK_Package_V3.0.1-AUS/SDK/libs/llvm\timer_dam_lib.lib(qapi_timer_user.o)	#SHT_PROGBITS,,1
.debug_pubtypes	0x14fc0	0x1e2	../../../Quectel_BG96_QuecOpen_SDK_Package_V3.0.1-AUS/SDK/libs/llvm\txm_lib.lib(txm_module_thread_shell_entry.o)	#SHT_PROGBITS,,1
.debug_pubtypes	0x151a2	0x293	../../../Quectel_BG96_QuecOpen_SDK_Package_V3.0.1-AUS/SDK/libs/llvm\txm_lib.lib(txm_module_callback_request_thread_entry.o)	#SHT_PROGBITS,,1
.debug_pubtypes	0x15435	0x32	../../../Quectel_BG96_QuecOpen_SDK_Package_V3.0.1-AUS/SDK/libs/llvm\txm_lib.lib(txm_module_system_call11.o)	#SHT_PROGBITS,,1
.debug_pubtypes	0x15467	0x32	../../../Quectel_BG96_QuecOpen_SDK_Package_V3.0.1-AUS/SDK/libs/llvm\txm_lib.lib(txm_module_system_call12.o)	#SHT_PROGBITS,,1
.debug_pubtypes	0x15499	0x32	../../../Quectel_BG96_QuecOpen_SDK_Package_V3.0.1-AUS/SDK/libs/llvm\txm_lib.lib(txm_module_system_call4.o)	#SHT_PROGBITS,,1
.debug_pubtypes	0x154cb	0x32	../../../Quectel_BG96_QuecOpen_SDK_Package_V3.0.1-AUS/SDK/libs/llvm\txm_lib.lib(txm_module_system_call5.o)	#SHT_PROGBITS,,1
.debug_pubtypes	0x154fd	0x32	../../../Quectel_BG96_QuecOpen_SDK_Package_V3.0.1-AUS/SDK/libs/llvm\txm_lib.lib(txm_module_system_call6.o)	#SHT_PROGBITS,,1
.debug_pubtypes	0x1552f	0x32	../../../Quectel_BG96_QuecOpen_SDK_Package_V3.0.1-AUS/SDK/libs/llvm\txm_lib.lib(txm_module_system_call7.o)	#SHT_PROGBITS,,1
.debug_pubtypes	0x15561	0x32	../../../Quectel_BG96_QuecOpen_SDK_Package_V3.0.1-AUS/SDK/libs/llvm\txm_lib.lib(txm_module_system_call8.o)	#SHT_PROGBITS,,1

.debug_ranges	0x15593	0x58 # Offset: 0x15593
*(.debug_ranges )
.debug_ranges	0x15593	0x58	../../../Quectel_BG96_QuecOpen_SDK_Package_V3.0.1-AUS/SDK/libs/llvm\timer_dam_lib.lib(qapi_timer_user.o)	#SHT_PROGBITS,,1

.gnu.attributes	0x0	0x0 # Offset: 0x155eb, LMA: 0x0

.note.gnu.arm.ident	0x0	0x0 # Offset: 0x155eb, LMA: 0x0

.ARM.attributes	0x155eb	0x10 # Offset: 0x155eb

.comment	0x155fb	0x65 # Offset: 0x155fb
.comment	0x155fb	0x1	C:\Users\nikol\projects\noomio\projects\SingleFin\Software\threadx\tools\LLVM\4.0.3\armv7m-none-eabi\libc\lib/libc.a(setlocale.o)	#SHT_PROGBITS,SHF_MERGE|SHF_STRINGS,1
.comment	0x15638	0x28	Linker Version	#SHT_PROGBITS,SHF_MERGE|SHF_STRINGS,1

.note.GNU-stack	0x15660	0x0 # Offset: 0x15660

/DISCARD/	0x75	0x0 # Offset: 0x15660, LMA: 0x0

.shstrtab	0x15660	0xcc # Offset: 0x15660

.symtab	0x1572c	0x7270 # Offset: 0x1572c

.strtab	0x1c99c	0x346c # Offset: 0x1c99c
