# Linker from Snapdragon LLVM ARM Compiler Version 4.0.3
# Linker based on LLVM version: 4.0
# Notable linker command/script options:
# CPU Architecture Version: 
# Target triple environment for the link: gnueabi
# Maximum GP size: 8
# Link type: Static
# ABI Page Size: 0x4
# CommandLine : C:\Users\nikol\projects\quectel\development\customer\threadx\tools\LLVM\4.0.3\bin\ld.qcld.exe -X --eh-frame-hdr -m armelf_linux_eabi -dynamic-linker /lib/ld-musl-arm.so.1 -o out/kermit.elf -L../ek16 -mno-unaligned-access -entry=0x43000000 ./ldscripts/txm_module_preamble_llvm.o --wrap getchar --wrap gets --wrap printf --wrap puts --wrap malloc --wrap free --wrap realloc --wrap calloc --wrap write --wrap fwrite out/common/src/retarget.o out/common/src/malloc.o out/common/src/stubs.o out/common/src/printf.o out/common/src/file.o out/common/src/cli.o out/common/src/time.o out/main.o -T ./ldscripts/sections.ld -Map=out/kermit.map -gc-sections -gc-sections ../../../../Quectel_BG96_QuecOpen_SDK_Package_V3.0.1-AUS/SDK/libs/llvm\azure_sdk.lib ../../../../Quectel_BG96_QuecOpen_SDK_Package_V3.0.1-AUS/SDK/libs/llvm\azure_sdk_port.lib ../../../../Quectel_BG96_QuecOpen_SDK_Package_V3.0.1-AUS/SDK/libs/llvm\diag_dam_lib.lib ../../../../Quectel_BG96_QuecOpen_SDK_Package_V3.0.1-AUS/SDK/libs/llvm\qapi_psm_lib.lib ../../../../Quectel_BG96_QuecOpen_SDK_Package_V3.0.1-AUS/SDK/libs/llvm\timer_dam_lib.lib ../../../../Quectel_BG96_QuecOpen_SDK_Package_V3.0.1-AUS/SDK/libs/llvm\txm_lib.lib -lek -LC:\Users\nikol\projects\quectel\development\customer\threadx\tools\LLVM\4.0.3\armv7m-none-eabi\libc\lib -LC:\Users\nikol\projects\quectel\development\customer\threadx\tools\LLVM\4.0.3\armv7m-none-eabi\lib --start-group -lunwind -lc++ -lc++abi --end-group -LC:\Users\nikol\projects\quectel\development\customer\threadx\tools\LLVM\4.0.3\lib\clang\4.0.3\lib\baremetal --start-group -lc -lclang_rt.builtins-armv7m --end-group -lm -lc 
Archive member included because of file (symbol)
../../../../Quectel_BG96_QuecOpen_SDK_Package_V3.0.1-AUS/SDK/libs/llvm\txm_lib.lib(txm_module_thread_shell_entry.o)
		out/common/src/retarget.o (_txm_module_kernel_call_dispatcher)
../../../../Quectel_BG96_QuecOpen_SDK_Package_V3.0.1-AUS/SDK/libs/llvm\txm_lib.lib(txm_module_callback_request_thread_entry.o)
		./ldscripts/txm_module_preamble_llvm.o (_txm_module_callback_request_thread_entry)
../../../../Quectel_BG96_QuecOpen_SDK_Package_V3.0.1-AUS/SDK/libs/llvm\txm_lib.lib(txm_module_system_call12.o)
		out/common/src/file.o (_txm_module_system_call12)
../../../../Quectel_BG96_QuecOpen_SDK_Package_V3.0.1-AUS/SDK/libs/llvm\txm_lib.lib(txm_module_system_call4.o)
		out/common/src/retarget.o (_txm_module_system_call4)
../../../../Quectel_BG96_QuecOpen_SDK_Package_V3.0.1-AUS/SDK/libs/llvm\txm_lib.lib(txm_module_system_call5.o)
		out/common/src/retarget.o (_txm_module_system_call5)
../../../../Quectel_BG96_QuecOpen_SDK_Package_V3.0.1-AUS/SDK/libs/llvm\txm_lib.lib(txm_module_system_call6.o)
		out/common/src/retarget.o (_txm_module_system_call6)
../../../../Quectel_BG96_QuecOpen_SDK_Package_V3.0.1-AUS/SDK/libs/llvm\txm_lib.lib(txm_module_system_call7.o)
		out/common/src/cli.o (_txm_module_system_call7)
../ek16/libek.a(ek.o)
		out/main.o (ek)
../ek16/libek.a(kermit.o)
		../ek16/libek.a(ek.o) (freerslot)
../ek16/libek.a(920xio.o)
		../ek16/libek.a(ek.o) (closefile)
C:\Users\nikol\projects\quectel\development\customer\threadx\tools\LLVM\4.0.3\armv7m-none-eabi\libc\lib/libc.a(setlocale.o)
		out/common/src/retarget.o (setlocale)
C:\Users\nikol\projects\quectel\development\customer\threadx\tools\LLVM\4.0.3\armv7m-none-eabi\libc\lib/libc.a(getopt.o)
		out/common/src/cli.o (getopt)
C:\Users\nikol\projects\quectel\development\customer\threadx\tools\LLVM\4.0.3\armv7m-none-eabi\libc\lib/libc.a(mbtowc.o)
		C:\Users\nikol\projects\quectel\development\customer\threadx\tools\LLVM\4.0.3\armv7m-none-eabi\libc\lib/libc.a(getopt.o) (mbtowc)
C:\Users\nikol\projects\quectel\development\customer\threadx\tools\LLVM\4.0.3\armv7m-none-eabi\libc\lib/libc.a(flockfile.o)
		C:\Users\nikol\projects\quectel\development\customer\threadx\tools\LLVM\4.0.3\armv7m-none-eabi\libc\lib/libc.a(getopt.o) (flockfile)
C:\Users\nikol\projects\quectel\development\customer\threadx\tools\LLVM\4.0.3\armv7m-none-eabi\libc\lib/libc.a(fputs.o)
		C:\Users\nikol\projects\quectel\development\customer\threadx\tools\LLVM\4.0.3\armv7m-none-eabi\libc\lib/libc.a(getopt.o) (fputs)
C:\Users\nikol\projects\quectel\development\customer\threadx\tools\LLVM\4.0.3\armv7m-none-eabi\libc\lib/libc.a(ftrylockfile.o)
		C:\Users\nikol\projects\quectel\development\customer\threadx\tools\LLVM\4.0.3\armv7m-none-eabi\libc\lib/libc.a(flockfile.o) (ftrylockfile)
C:\Users\nikol\projects\quectel\development\customer\threadx\tools\LLVM\4.0.3\armv7m-none-eabi\libc\lib/libc.a(funlockfile.o)
		C:\Users\nikol\projects\quectel\development\customer\threadx\tools\LLVM\4.0.3\armv7m-none-eabi\libc\lib/libc.a(getopt.o) (funlockfile)
C:\Users\nikol\projects\quectel\development\customer\threadx\tools\LLVM\4.0.3\armv7m-none-eabi\libc\lib/libc.a(getc.o)
		../ek16/libek.a(920xio.o) (getc)
C:\Users\nikol\projects\quectel\development\customer\threadx\tools\LLVM\4.0.3\armv7m-none-eabi\libc\lib/libc.a(putc.o)
		C:\Users\nikol\projects\quectel\development\customer\threadx\tools\LLVM\4.0.3\armv7m-none-eabi\libc\lib/libc.a(getopt.o) (putc)
C:\Users\nikol\projects\quectel\development\customer\threadx\tools\LLVM\4.0.3\armv7m-none-eabi\libc\lib/libc.a(snprintf.o)
		../ek16/libek.a(ek.o) (snprintf)
C:\Users\nikol\projects\quectel\development\customer\threadx\tools\LLVM\4.0.3\armv7m-none-eabi\libc\lib/libc.a(sprintf.o)
		../ek16/libek.a(920xio.o) (sprintf)
C:\Users\nikol\projects\quectel\development\customer\threadx\tools\LLVM\4.0.3\armv7m-none-eabi\libc\lib/libc.a(stderr.o)
		C:\Users\nikol\projects\quectel\development\customer\threadx\tools\LLVM\4.0.3\armv7m-none-eabi\libc\lib/libc.a(getopt.o) (stderr)
C:\Users\nikol\projects\quectel\development\customer\threadx\tools\LLVM\4.0.3\armv7m-none-eabi\libc\lib/libc.a(vsprintf.o)
		C:\Users\nikol\projects\quectel\development\customer\threadx\tools\LLVM\4.0.3\armv7m-none-eabi\libc\lib/libc.a(sprintf.o) (vsprintf)
C:\Users\nikol\projects\quectel\development\customer\threadx\tools\LLVM\4.0.3\armv7m-none-eabi\libc\lib/libc.a(atoi.o)
		../ek16/libek.a(ek.o) (atoi)
C:\Users\nikol\projects\quectel\development\customer\threadx\tools\LLVM\4.0.3\armv7m-none-eabi\libc\lib/libc.a(memcpy_le.o)
		out/common/src/malloc.o (memcpy)
C:\Users\nikol\projects\quectel\development\customer\threadx\tools\LLVM\4.0.3\armv7m-none-eabi\libc\lib/libc.a(memset_nofp_armv7.o)
		out/common/src/malloc.o (memset)
C:\Users\nikol\projects\quectel\development\customer\threadx\tools\LLVM\4.0.3\armv7m-none-eabi\libc\lib/libc.a(strchr.o)
		out/common/src/cli.o (strchr)
C:\Users\nikol\projects\quectel\development\customer\threadx\tools\LLVM\4.0.3\armv7m-none-eabi\libc\lib/libc.a(strchrnul.o)
		C:\Users\nikol\projects\quectel\development\customer\threadx\tools\LLVM\4.0.3\armv7m-none-eabi\libc\lib/libc.a(setlocale.o) (__strchrnul)
C:\Users\nikol\projects\quectel\development\customer\threadx\tools\LLVM\4.0.3\armv7m-none-eabi\libc\lib/libc.a(strcmp.o)
		out/common/src/file.o (strcmp)
C:\Users\nikol\projects\quectel\development\customer\threadx\tools\LLVM\4.0.3\armv7m-none-eabi\libc\lib/libc.a(strdup.o)
		out/common/src/cli.o (strdup)
C:\Users\nikol\projects\quectel\development\customer\threadx\tools\LLVM\4.0.3\armv7m-none-eabi\libc\lib/libc.a(strlen.o)
		out/common/src/retarget.o (strlen)
C:\Users\nikol\projects\quectel\development\customer\threadx\tools\LLVM\4.0.3\armv7m-none-eabi\libc\lib/libc.a(strncpy.o)
		out/common/src/file.o (strncpy)
C:\Users\nikol\projects\quectel\development\customer\threadx\tools\LLVM\4.0.3\armv7m-none-eabi\libc\lib/libc.a(strtok.o)
		out/common/src/cli.o (strtok)
C:\Users\nikol\projects\quectel\development\customer\threadx\tools\LLVM\4.0.3\armv7m-none-eabi\libc\lib/libc.a(__lock.o)
		C:\Users\nikol\projects\quectel\development\customer\threadx\tools\LLVM\4.0.3\armv7m-none-eabi\libc\lib/libc.a(setlocale.o) (__lock)
C:\Users\nikol\projects\quectel\development\customer\threadx\tools\LLVM\4.0.3\armv7m-none-eabi\libc\lib/libc.a(__wait.o)
		C:\Users\nikol\projects\quectel\development\customer\threadx\tools\LLVM\4.0.3\armv7m-none-eabi\libc\lib/libc.a(flockfile.o) (__wait)
C:\Users\nikol\projects\quectel\development\customer\threadx\tools\LLVM\4.0.3\armv7m-none-eabi\libc\lib/libc.a(__errno_location.o)
		C:\Users\nikol\projects\quectel\development\customer\threadx\tools\LLVM\4.0.3\armv7m-none-eabi\libc\lib/libc.a(mbtowc.o) (__errno_location)
C:\Users\nikol\projects\quectel\development\customer\threadx\tools\LLVM\4.0.3\armv7m-none-eabi\libc\lib/libc.a(libc.o)
		C:\Users\nikol\projects\quectel\development\customer\threadx\tools\LLVM\4.0.3\armv7m-none-eabi\libc\lib/libc.a(setlocale.o) (__libc)
C:\Users\nikol\projects\quectel\development\customer\threadx\tools\LLVM\4.0.3\armv7m-none-eabi\libc\lib/libc.a(__lctrans.o)
		C:\Users\nikol\projects\quectel\development\customer\threadx\tools\LLVM\4.0.3\armv7m-none-eabi\libc\lib/libc.a(getopt.o) (__lctrans_cur)
C:\Users\nikol\projects\quectel\development\customer\threadx\tools\LLVM\4.0.3\armv7m-none-eabi\libc\lib/libc.a(locale_map.o)
		C:\Users\nikol\projects\quectel\development\customer\threadx\tools\LLVM\4.0.3\armv7m-none-eabi\libc\lib/libc.a(setlocale.o) (__get_locale)
C:\Users\nikol\projects\quectel\development\customer\threadx\tools\LLVM\4.0.3\armv7m-none-eabi\libc\lib/libc.a(munmap.o)
		C:\Users\nikol\projects\quectel\development\customer\threadx\tools\LLVM\4.0.3\armv7m-none-eabi\libc\lib/libc.a(locale_map.o) (__munmap)
C:\Users\nikol\projects\quectel\development\customer\threadx\tools\LLVM\4.0.3\armv7m-none-eabi\libc\lib/libc.a(internal.o)
		C:\Users\nikol\projects\quectel\development\customer\threadx\tools\LLVM\4.0.3\armv7m-none-eabi\libc\lib/libc.a(mbtowc.o) (__fsmu8)
C:\Users\nikol\projects\quectel\development\customer\threadx\tools\LLVM\4.0.3\armv7m-none-eabi\libc\lib/libc.a(__overflow.o)
		C:\Users\nikol\projects\quectel\development\customer\threadx\tools\LLVM\4.0.3\armv7m-none-eabi\libc\lib/libc.a(putc.o) (__overflow)
C:\Users\nikol\projects\quectel\development\customer\threadx\tools\LLVM\4.0.3\armv7m-none-eabi\libc\lib/libc.a(__towrite.o)
		C:\Users\nikol\projects\quectel\development\customer\threadx\tools\LLVM\4.0.3\armv7m-none-eabi\libc\lib/libc.a(__overflow.o) (__towrite)
C:\Users\nikol\projects\quectel\development\customer\threadx\tools\LLVM\4.0.3\armv7m-none-eabi\libc\lib/libc.a(__uflow.o)
		C:\Users\nikol\projects\quectel\development\customer\threadx\tools\LLVM\4.0.3\armv7m-none-eabi\libc\lib/libc.a(getc.o) (__uflow)
C:\Users\nikol\projects\quectel\development\customer\threadx\tools\LLVM\4.0.3\armv7m-none-eabi\libc\lib/libc.a(__lockfile.o)
		C:\Users\nikol\projects\quectel\development\customer\threadx\tools\LLVM\4.0.3\armv7m-none-eabi\libc\lib/libc.a(getc.o) (__lockfile)
C:\Users\nikol\projects\quectel\development\customer\threadx\tools\LLVM\4.0.3\armv7m-none-eabi\libc\lib/libc.a(__stdio_close.o)
		C:\Users\nikol\projects\quectel\development\customer\threadx\tools\LLVM\4.0.3\armv7m-none-eabi\libc\lib/libc.a(stderr.o) (__stdio_close)
C:\Users\nikol\projects\quectel\development\customer\threadx\tools\LLVM\4.0.3\armv7m-none-eabi\libc\lib/libc.a(__stdio_seek.o)
		C:\Users\nikol\projects\quectel\development\customer\threadx\tools\LLVM\4.0.3\armv7m-none-eabi\libc\lib/libc.a(stderr.o) (__stdio_seek)
C:\Users\nikol\projects\quectel\development\customer\threadx\tools\LLVM\4.0.3\armv7m-none-eabi\libc\lib/libc.a(__stdio_write.o)
		C:\Users\nikol\projects\quectel\development\customer\threadx\tools\LLVM\4.0.3\armv7m-none-eabi\libc\lib/libc.a(stderr.o) (__stdio_write)
C:\Users\nikol\projects\quectel\development\customer\threadx\tools\LLVM\4.0.3\armv7m-none-eabi\libc\lib/libc.a(vfprintf.o)
		C:\Users\nikol\projects\quectel\development\customer\threadx\tools\LLVM\4.0.3\armv7m-none-eabi\libc\lib/libc.a(snprintf.o) (vsnprintf)
C:\Users\nikol\projects\quectel\development\customer\threadx\tools\LLVM\4.0.3\armv7m-none-eabi\libc\lib/libc.a(fwrite.o)
		C:\Users\nikol\projects\quectel\development\customer\threadx\tools\LLVM\4.0.3\armv7m-none-eabi\libc\lib/libc.a(vfprintf.o) (__fwritex)
C:\Users\nikol\projects\quectel\development\customer\threadx\tools\LLVM\4.0.3\armv7m-none-eabi\libc\lib/libc.a(vsnprintf.o)
		C:\Users\nikol\projects\quectel\development\customer\threadx\tools\LLVM\4.0.3\armv7m-none-eabi\libc\lib/libc.a(vfprintf.o) (vsnprintf_full)
C:\Users\nikol\projects\quectel\development\customer\threadx\tools\LLVM\4.0.3\armv7m-none-eabi\libc\lib/libc.a(__aeabi_memclr.o)
		C:\Users\nikol\projects\quectel\development\customer\threadx\tools\LLVM\4.0.3\armv7m-none-eabi\libc\lib/libc.a(vfprintf.o) (__aeabi_memclr4)
C:\Users\nikol\projects\quectel\development\customer\threadx\tools\LLVM\4.0.3\armv7m-none-eabi\libc\lib/libc.a(__aeabi_memcpy.o)
		C:\Users\nikol\projects\quectel\development\customer\threadx\tools\LLVM\4.0.3\armv7m-none-eabi\libc\lib/libc.a(vsnprintf.o) (__aeabi_memcpy8)
C:\Users\nikol\projects\quectel\development\customer\threadx\tools\LLVM\4.0.3\armv7m-none-eabi\libc\lib/libc.a(memchr.o)
		C:\Users\nikol\projects\quectel\development\customer\threadx\tools\LLVM\4.0.3\armv7m-none-eabi\libc\lib/libc.a(vfprintf.o) (memchr)
C:\Users\nikol\projects\quectel\development\customer\threadx\tools\LLVM\4.0.3\armv7m-none-eabi\libc\lib/libc.a(stpncpy.o)
		C:\Users\nikol\projects\quectel\development\customer\threadx\tools\LLVM\4.0.3\armv7m-none-eabi\libc\lib/libc.a(strncpy.o) (__stpncpy)
C:\Users\nikol\projects\quectel\development\customer\threadx\tools\LLVM\4.0.3\armv7m-none-eabi\libc\lib/libc.a(strcspn.o)
		C:\Users\nikol\projects\quectel\development\customer\threadx\tools\LLVM\4.0.3\armv7m-none-eabi\libc\lib/libc.a(strtok.o) (strcspn)
C:\Users\nikol\projects\quectel\development\customer\threadx\tools\LLVM\4.0.3\armv7m-none-eabi\libc\lib/libc.a(strspn.o)
		C:\Users\nikol\projects\quectel\development\customer\threadx\tools\LLVM\4.0.3\armv7m-none-eabi\libc\lib/libc.a(strtok.o) (strspn)
C:\Users\nikol\projects\quectel\development\customer\threadx\tools\LLVM\4.0.3\armv7m-none-eabi\libc\lib/libc.a(__map_file.o)
		C:\Users\nikol\projects\quectel\development\customer\threadx\tools\LLVM\4.0.3\armv7m-none-eabi\libc\lib/libc.a(locale_map.o) (__map_file)
C:\Users\nikol\projects\quectel\development\customer\threadx\tools\LLVM\4.0.3\armv7m-none-eabi\libc\lib/libc.a(getenv.o)
		C:\Users\nikol\projects\quectel\development\customer\threadx\tools\LLVM\4.0.3\armv7m-none-eabi\libc\lib/libc.a(locale_map.o) (getenv)
C:\Users\nikol\projects\quectel\development\customer\threadx\tools\LLVM\4.0.3\armv7m-none-eabi\libc\lib/libc.a(strerror.o)
		C:\Users\nikol\projects\quectel\development\customer\threadx\tools\LLVM\4.0.3\armv7m-none-eabi\libc\lib/libc.a(vfprintf.o) (strerror)
C:\Users\nikol\projects\quectel\development\customer\threadx\tools\LLVM\4.0.3\armv7m-none-eabi\libc\lib/libc.a(syscall_ret.o)
		C:\Users\nikol\projects\quectel\development\customer\threadx\tools\LLVM\4.0.3\armv7m-none-eabi\libc\lib/libc.a(munmap.o) (__syscall_ret)
C:\Users\nikol\projects\quectel\development\customer\threadx\tools\LLVM\4.0.3\armv7m-none-eabi\libc\lib/libc.a(__mo_lookup.o)
		C:\Users\nikol\projects\quectel\development\customer\threadx\tools\LLVM\4.0.3\armv7m-none-eabi\libc\lib/libc.a(locale_map.o) (__mo_lookup)
C:\Users\nikol\projects\quectel\development\customer\threadx\tools\LLVM\4.0.3\armv7m-none-eabi\libc\lib/libc.a(c_locale.o)
		C:\Users\nikol\projects\quectel\development\customer\threadx\tools\LLVM\4.0.3\armv7m-none-eabi\libc\lib/libc.a(locale_map.o) (__c_dot_utf8)
C:\Users\nikol\projects\quectel\development\customer\threadx\tools\LLVM\4.0.3\armv7m-none-eabi\libc\lib/libc.a(mmap.o)
		C:\Users\nikol\projects\quectel\development\customer\threadx\tools\LLVM\4.0.3\armv7m-none-eabi\libc\lib/libc.a(__map_file.o) (__mmap)
C:\Users\nikol\projects\quectel\development\customer\threadx\tools\LLVM\4.0.3\armv7m-none-eabi\libc\lib/libc.a(wctomb.o)
		C:\Users\nikol\projects\quectel\development\customer\threadx\tools\LLVM\4.0.3\armv7m-none-eabi\libc\lib/libc.a(vfprintf.o) (wctomb)
C:\Users\nikol\projects\quectel\development\customer\threadx\tools\LLVM\4.0.3\armv7m-none-eabi\libc\lib/libc.a(__stdio_exit.o)
		C:\Users\nikol\projects\quectel\development\customer\threadx\tools\LLVM\4.0.3\armv7m-none-eabi\libc\lib/libc.a(__towrite.o) (__stdio_exit_needed)
C:\Users\nikol\projects\quectel\development\customer\threadx\tools\LLVM\4.0.3\armv7m-none-eabi\libc\lib/libc.a(__toread.o)
		C:\Users\nikol\projects\quectel\development\customer\threadx\tools\LLVM\4.0.3\armv7m-none-eabi\libc\lib/libc.a(__uflow.o) (__toread)
C:\Users\nikol\projects\quectel\development\customer\threadx\tools\LLVM\4.0.3\armv7m-none-eabi\libc\lib/libc.a(ofl.o)
		C:\Users\nikol\projects\quectel\development\customer\threadx\tools\LLVM\4.0.3\armv7m-none-eabi\libc\lib/libc.a(__stdio_exit.o) (__ofl_lock)
C:\Users\nikol\projects\quectel\development\customer\threadx\tools\LLVM\4.0.3\armv7m-none-eabi\libc\lib/libc.a(strncmp.o)
		C:\Users\nikol\projects\quectel\development\customer\threadx\tools\LLVM\4.0.3\armv7m-none-eabi\libc\lib/libc.a(getenv.o) (strncmp)
C:\Users\nikol\projects\quectel\development\customer\threadx\tools\LLVM\4.0.3\armv7m-none-eabi\libc\lib/libc.a(__environ.o)
		C:\Users\nikol\projects\quectel\development\customer\threadx\tools\LLVM\4.0.3\armv7m-none-eabi\libc\lib/libc.a(getenv.o) (__environ)
C:\Users\nikol\projects\quectel\development\customer\threadx\tools\LLVM\4.0.3\armv7m-none-eabi\libc\lib/libc.a(wcrtomb.o)
		C:\Users\nikol\projects\quectel\development\customer\threadx\tools\LLVM\4.0.3\armv7m-none-eabi\libc\lib/libc.a(wctomb.o) (wcrtomb)
C:\Users\nikol\projects\quectel\development\customer\threadx\tools\LLVM\4.0.3\lib\clang\4.0.3\lib\baremetal/libclang_rt.builtins-armv7m.a(aeabi_uldivmod.S.obj)
		out/common/src/printf.o (__aeabi_uldivmod)
C:\Users\nikol\projects\quectel\development\customer\threadx\tools\LLVM\4.0.3\lib\clang\4.0.3\lib\baremetal/libclang_rt.builtins-armv7m.a(udivmoddi4.c.obj)
		C:\Users\nikol\projects\quectel\development\customer\threadx\tools\LLVM\4.0.3\lib\clang\4.0.3\lib\baremetal/libclang_rt.builtins-armv7m.a(aeabi_uldivmod.S.obj) (__udivmoddi4)

Allocating common symbols
Common symbol	size	file

bytes	0x400	out/common/src/retarget.o
recv_queue_mem	0x400	out/common/src/retarget.o
in_buffer	0x2004	out/common/src/retarget.o
out_tx_done_sem	0x4	out/common/src/retarget.o
out_tx_mutex	0x4	out/common/src/retarget.o
recv_queue	0x4	out/common/src/retarget.o
mem_heap	0x80000	out/common/src/malloc.o
byte_malloc_mem_pool	0x4	out/common/src/malloc.o
_txm_module_entry_info	0x4	../../../../Quectel_BG96_QuecOpen_SDK_Package_V3.0.1-AUS/SDK/libs/llvm\txm_lib.lib(txm_module_thread_shell_entry.o)
_txm_module_instance_ptr	0x4	../../../../Quectel_BG96_QuecOpen_SDK_Package_V3.0.1-AUS/SDK/libs/llvm\txm_lib.lib(txm_module_thread_shell_entry.o)
_txm_module_kernel_call_dispatcher	0x4	../../../../Quectel_BG96_QuecOpen_SDK_Package_V3.0.1-AUS/SDK/libs/llvm\txm_lib.lib(txm_module_thread_shell_entry.o)
k	0x21700	../ek16/libek.a(ek.o)
r	0x30	../ek16/libek.a(ek.o)
xargc	0x4	../ek16/libek.a(ek.o)
xargv	0x4	../ek16/libek.a(ek.o)
filepath	0x60	../ek16/libek.a(920xio.o)
i_buf	0x208	../ek16/libek.a(920xio.o)
o_buf	0x408	../ek16/libek.a(920xio.o)
path	0x30	../ek16/libek.a(920xio.o)
__libc	0x40	C:\Users\nikol\projects\quectel\development\customer\threadx\tools\LLVM\4.0.3\armv7m-none-eabi\libc\lib/libc.a(libc.o)
__optpos	0x4	C:\Users\nikol\projects\quectel\development\customer\threadx\tools\LLVM\4.0.3\armv7m-none-eabi\libc\lib/libc.a(getopt.o)
optarg	0x4	C:\Users\nikol\projects\quectel\development\customer\threadx\tools\LLVM\4.0.3\armv7m-none-eabi\libc\lib/libc.a(getopt.o)
optopt	0x4	C:\Users\nikol\projects\quectel\development\customer\threadx\tools\LLVM\4.0.3\armv7m-none-eabi\libc\lib/libc.a(getopt.o)

Linker Script and memory map
LOAD ./ldscripts/txm_module_preamble_llvm.o[]
LOAD out/common/src/retarget.o[]
LOAD out/common/src/malloc.o[]
LOAD out/common/src/stubs.o[]
LOAD out/common/src/printf.o[]
LOAD out/common/src/file.o[]
LOAD out/common/src/cli.o[]
LOAD out/common/src/time.o[]
LOAD out/main.o[]
LOAD ../../../../Quectel_BG96_QuecOpen_SDK_Package_V3.0.1-AUS/SDK/libs/llvm\txm_lib.lib(txm_module_thread_shell_entry.o) []
LOAD ../../../../Quectel_BG96_QuecOpen_SDK_Package_V3.0.1-AUS/SDK/libs/llvm\txm_lib.lib(txm_module_callback_request_thread_entry.o) []
LOAD ../../../../Quectel_BG96_QuecOpen_SDK_Package_V3.0.1-AUS/SDK/libs/llvm\txm_lib.lib(txm_module_system_call12.o) []
LOAD ../../../../Quectel_BG96_QuecOpen_SDK_Package_V3.0.1-AUS/SDK/libs/llvm\txm_lib.lib(txm_module_system_call4.o) []
LOAD ../../../../Quectel_BG96_QuecOpen_SDK_Package_V3.0.1-AUS/SDK/libs/llvm\txm_lib.lib(txm_module_system_call5.o) []
LOAD ../../../../Quectel_BG96_QuecOpen_SDK_Package_V3.0.1-AUS/SDK/libs/llvm\txm_lib.lib(txm_module_system_call6.o) []
LOAD ../../../../Quectel_BG96_QuecOpen_SDK_Package_V3.0.1-AUS/SDK/libs/llvm\txm_lib.lib(txm_module_system_call7.o) []
LOAD ../ek16/libek.a(ek.o) []
LOAD ../ek16/libek.a(kermit.o) []
LOAD ../ek16/libek.a(920xio.o) []
START GROUP
END GROUP
START GROUP
LOAD C:\Users\nikol\projects\quectel\development\customer\threadx\tools\LLVM\4.0.3\armv7m-none-eabi\libc\lib/libc.a(setlocale.o) []
LOAD C:\Users\nikol\projects\quectel\development\customer\threadx\tools\LLVM\4.0.3\armv7m-none-eabi\libc\lib/libc.a(getopt.o) []
LOAD C:\Users\nikol\projects\quectel\development\customer\threadx\tools\LLVM\4.0.3\armv7m-none-eabi\libc\lib/libc.a(mbtowc.o) []
LOAD C:\Users\nikol\projects\quectel\development\customer\threadx\tools\LLVM\4.0.3\armv7m-none-eabi\libc\lib/libc.a(flockfile.o) []
LOAD C:\Users\nikol\projects\quectel\development\customer\threadx\tools\LLVM\4.0.3\armv7m-none-eabi\libc\lib/libc.a(fputs.o) []
LOAD C:\Users\nikol\projects\quectel\development\customer\threadx\tools\LLVM\4.0.3\armv7m-none-eabi\libc\lib/libc.a(ftrylockfile.o) []
LOAD C:\Users\nikol\projects\quectel\development\customer\threadx\tools\LLVM\4.0.3\armv7m-none-eabi\libc\lib/libc.a(funlockfile.o) []
LOAD C:\Users\nikol\projects\quectel\development\customer\threadx\tools\LLVM\4.0.3\armv7m-none-eabi\libc\lib/libc.a(getc.o) []
LOAD C:\Users\nikol\projects\quectel\development\customer\threadx\tools\LLVM\4.0.3\armv7m-none-eabi\libc\lib/libc.a(putc.o) []
LOAD C:\Users\nikol\projects\quectel\development\customer\threadx\tools\LLVM\4.0.3\armv7m-none-eabi\libc\lib/libc.a(snprintf.o) []
LOAD C:\Users\nikol\projects\quectel\development\customer\threadx\tools\LLVM\4.0.3\armv7m-none-eabi\libc\lib/libc.a(sprintf.o) []
LOAD C:\Users\nikol\projects\quectel\development\customer\threadx\tools\LLVM\4.0.3\armv7m-none-eabi\libc\lib/libc.a(stderr.o) []
LOAD C:\Users\nikol\projects\quectel\development\customer\threadx\tools\LLVM\4.0.3\armv7m-none-eabi\libc\lib/libc.a(vsprintf.o) []
LOAD C:\Users\nikol\projects\quectel\development\customer\threadx\tools\LLVM\4.0.3\armv7m-none-eabi\libc\lib/libc.a(atoi.o) []
LOAD C:\Users\nikol\projects\quectel\development\customer\threadx\tools\LLVM\4.0.3\armv7m-none-eabi\libc\lib/libc.a(memcpy_le.o) []
LOAD C:\Users\nikol\projects\quectel\development\customer\threadx\tools\LLVM\4.0.3\armv7m-none-eabi\libc\lib/libc.a(memset_nofp_armv7.o) []
LOAD C:\Users\nikol\projects\quectel\development\customer\threadx\tools\LLVM\4.0.3\armv7m-none-eabi\libc\lib/libc.a(strchr.o) []
LOAD C:\Users\nikol\projects\quectel\development\customer\threadx\tools\LLVM\4.0.3\armv7m-none-eabi\libc\lib/libc.a(strchrnul.o) []
LOAD C:\Users\nikol\projects\quectel\development\customer\threadx\tools\LLVM\4.0.3\armv7m-none-eabi\libc\lib/libc.a(strcmp.o) []
LOAD C:\Users\nikol\projects\quectel\development\customer\threadx\tools\LLVM\4.0.3\armv7m-none-eabi\libc\lib/libc.a(strdup.o) []
LOAD C:\Users\nikol\projects\quectel\development\customer\threadx\tools\LLVM\4.0.3\armv7m-none-eabi\libc\lib/libc.a(strlen.o) []
LOAD C:\Users\nikol\projects\quectel\development\customer\threadx\tools\LLVM\4.0.3\armv7m-none-eabi\libc\lib/libc.a(strncpy.o) []
LOAD C:\Users\nikol\projects\quectel\development\customer\threadx\tools\LLVM\4.0.3\armv7m-none-eabi\libc\lib/libc.a(strtok.o) []
LOAD C:\Users\nikol\projects\quectel\development\customer\threadx\tools\LLVM\4.0.3\armv7m-none-eabi\libc\lib/libc.a(__lock.o) []
LOAD C:\Users\nikol\projects\quectel\development\customer\threadx\tools\LLVM\4.0.3\armv7m-none-eabi\libc\lib/libc.a(__wait.o) []
LOAD C:\Users\nikol\projects\quectel\development\customer\threadx\tools\LLVM\4.0.3\armv7m-none-eabi\libc\lib/libc.a(__errno_location.o) []
LOAD C:\Users\nikol\projects\quectel\development\customer\threadx\tools\LLVM\4.0.3\armv7m-none-eabi\libc\lib/libc.a(libc.o) []
LOAD C:\Users\nikol\projects\quectel\development\customer\threadx\tools\LLVM\4.0.3\armv7m-none-eabi\libc\lib/libc.a(__lctrans.o) []
LOAD C:\Users\nikol\projects\quectel\development\customer\threadx\tools\LLVM\4.0.3\armv7m-none-eabi\libc\lib/libc.a(locale_map.o) []
LOAD C:\Users\nikol\projects\quectel\development\customer\threadx\tools\LLVM\4.0.3\armv7m-none-eabi\libc\lib/libc.a(munmap.o) []
LOAD C:\Users\nikol\projects\quectel\development\customer\threadx\tools\LLVM\4.0.3\armv7m-none-eabi\libc\lib/libc.a(internal.o) []
LOAD C:\Users\nikol\projects\quectel\development\customer\threadx\tools\LLVM\4.0.3\armv7m-none-eabi\libc\lib/libc.a(__overflow.o) []
LOAD C:\Users\nikol\projects\quectel\development\customer\threadx\tools\LLVM\4.0.3\armv7m-none-eabi\libc\lib/libc.a(__towrite.o) []
LOAD C:\Users\nikol\projects\quectel\development\customer\threadx\tools\LLVM\4.0.3\armv7m-none-eabi\libc\lib/libc.a(__uflow.o) []
LOAD C:\Users\nikol\projects\quectel\development\customer\threadx\tools\LLVM\4.0.3\armv7m-none-eabi\libc\lib/libc.a(__lockfile.o) []
LOAD C:\Users\nikol\projects\quectel\development\customer\threadx\tools\LLVM\4.0.3\armv7m-none-eabi\libc\lib/libc.a(__stdio_close.o) []
LOAD C:\Users\nikol\projects\quectel\development\customer\threadx\tools\LLVM\4.0.3\armv7m-none-eabi\libc\lib/libc.a(__stdio_seek.o) []
LOAD C:\Users\nikol\projects\quectel\development\customer\threadx\tools\LLVM\4.0.3\armv7m-none-eabi\libc\lib/libc.a(__stdio_write.o) []
LOAD C:\Users\nikol\projects\quectel\development\customer\threadx\tools\LLVM\4.0.3\armv7m-none-eabi\libc\lib/libc.a(vfprintf.o) []
LOAD C:\Users\nikol\projects\quectel\development\customer\threadx\tools\LLVM\4.0.3\armv7m-none-eabi\libc\lib/libc.a(fwrite.o) []
LOAD C:\Users\nikol\projects\quectel\development\customer\threadx\tools\LLVM\4.0.3\armv7m-none-eabi\libc\lib/libc.a(vsnprintf.o) []
LOAD C:\Users\nikol\projects\quectel\development\customer\threadx\tools\LLVM\4.0.3\armv7m-none-eabi\libc\lib/libc.a(__aeabi_memclr.o) []
LOAD C:\Users\nikol\projects\quectel\development\customer\threadx\tools\LLVM\4.0.3\armv7m-none-eabi\libc\lib/libc.a(__aeabi_memcpy.o) []
LOAD C:\Users\nikol\projects\quectel\development\customer\threadx\tools\LLVM\4.0.3\armv7m-none-eabi\libc\lib/libc.a(memchr.o) []
LOAD C:\Users\nikol\projects\quectel\development\customer\threadx\tools\LLVM\4.0.3\armv7m-none-eabi\libc\lib/libc.a(stpncpy.o) []
LOAD C:\Users\nikol\projects\quectel\development\customer\threadx\tools\LLVM\4.0.3\armv7m-none-eabi\libc\lib/libc.a(strcspn.o) []
LOAD C:\Users\nikol\projects\quectel\development\customer\threadx\tools\LLVM\4.0.3\armv7m-none-eabi\libc\lib/libc.a(strspn.o) []
LOAD C:\Users\nikol\projects\quectel\development\customer\threadx\tools\LLVM\4.0.3\armv7m-none-eabi\libc\lib/libc.a(__map_file.o) []
LOAD C:\Users\nikol\projects\quectel\development\customer\threadx\tools\LLVM\4.0.3\armv7m-none-eabi\libc\lib/libc.a(getenv.o) []
LOAD C:\Users\nikol\projects\quectel\development\customer\threadx\tools\LLVM\4.0.3\armv7m-none-eabi\libc\lib/libc.a(strerror.o) []
LOAD C:\Users\nikol\projects\quectel\development\customer\threadx\tools\LLVM\4.0.3\armv7m-none-eabi\libc\lib/libc.a(syscall_ret.o) []
LOAD C:\Users\nikol\projects\quectel\development\customer\threadx\tools\LLVM\4.0.3\armv7m-none-eabi\libc\lib/libc.a(__mo_lookup.o) []
LOAD C:\Users\nikol\projects\quectel\development\customer\threadx\tools\LLVM\4.0.3\armv7m-none-eabi\libc\lib/libc.a(c_locale.o) []
LOAD C:\Users\nikol\projects\quectel\development\customer\threadx\tools\LLVM\4.0.3\armv7m-none-eabi\libc\lib/libc.a(mmap.o) []
LOAD C:\Users\nikol\projects\quectel\development\customer\threadx\tools\LLVM\4.0.3\armv7m-none-eabi\libc\lib/libc.a(wctomb.o) []
LOAD C:\Users\nikol\projects\quectel\development\customer\threadx\tools\LLVM\4.0.3\armv7m-none-eabi\libc\lib/libc.a(__stdio_exit.o) []
LOAD C:\Users\nikol\projects\quectel\development\customer\threadx\tools\LLVM\4.0.3\armv7m-none-eabi\libc\lib/libc.a(__toread.o) []
LOAD C:\Users\nikol\projects\quectel\development\customer\threadx\tools\LLVM\4.0.3\armv7m-none-eabi\libc\lib/libc.a(ofl.o) []
LOAD C:\Users\nikol\projects\quectel\development\customer\threadx\tools\LLVM\4.0.3\armv7m-none-eabi\libc\lib/libc.a(strncmp.o) []
LOAD C:\Users\nikol\projects\quectel\development\customer\threadx\tools\LLVM\4.0.3\armv7m-none-eabi\libc\lib/libc.a(__environ.o) []
LOAD C:\Users\nikol\projects\quectel\development\customer\threadx\tools\LLVM\4.0.3\armv7m-none-eabi\libc\lib/libc.a(wcrtomb.o) []
LOAD C:\Users\nikol\projects\quectel\development\customer\threadx\tools\LLVM\4.0.3\lib\clang\4.0.3\lib\baremetal/libclang_rt.builtins-armv7m.a(aeabi_uldivmod.S.obj) []
LOAD C:\Users\nikol\projects\quectel\development\customer\threadx\tools\LLVM\4.0.3\lib\clang\4.0.3\lib\baremetal/libclang_rt.builtins-armv7m.a(udivmoddi4.c.obj) []
END GROUP

Linker scripts used (including INCLUDE command)
./ldscripts/sections.ld

ER_RO	0x43000000	0x98e4 # Offset: 0x60, LMA: 0x43000000
	Image$$ER_RO$$Base(0x43000000) = .( 0x43000000 );
*txm_module_preamble_llvm.o(.text .text.* )
*txm_module_preamble_llvm.o(Init )
Init	0x43000000	0x80	./ldscripts/txm_module_preamble_llvm.o	#SHT_PROGBITS,SHF_ALLOC|SHF_EXECINSTR,4
	0x43000000		.CODE32
	0x43000000		_txm_module_preamble
*txm_module_preamble_llvm.o(.rodata .rodata.* )
KEEP (*(.text .text.* ))
.text	0x43000080	0x6ac	out/common/src/retarget.o	#SHT_PROGBITS,SHF_ALLOC|SHF_EXECINSTR,4
	0x43000080		$a.0
	0x43000080		task_main_entry
	0x4300021c		$d.1
	0x43000260		$a.2
	0x43000260		putchar
	0x4300030c		$d.3
	0x43000320		$a.4
	0x43000320		_putchar
	0x43000324		__wrap_puts
	0x430003d8		$d.5
	0x430003ec		$a.6
	0x430003ec		__wrap_printf
	0x430004cc		$d.7
	0x430004e4		$a.8
	0x430004e4		__wrap_gets
	0x430004ec		__wrap_getchar
	0x43000544		$d.9
	0x43000550		$a.10
	0x43000550		__wrap_fprintf
	0x43000568		$d.11
	0x4300056c		$a.12
	0x4300056c		__wrap_write
	0x43000624		$d.13
	0x43000638		$a.14
	0x43000638		uart_rx_cb
	0x430006ac		$d.15
	0x430006c4		$a.16
	0x430006c4		uart_tx_cb
	0x430006e4		$d.17
	0x430006ec		$a.18
	0x430006ec		qapi_uart_tx_user_cb_dispatcher
	0x4300070c		qapi_uart_rx_user_cb_dispatcher
.text	0x4300072c	0x1e4	out/common/src/malloc.o	#SHT_PROGBITS,SHF_ALLOC|SHF_EXECINSTR,4
	0x4300072c		$a.0
	0x4300072c		memscpy
	0x43000754		malloc_byte_pool_init
	0x430007cc		$d.1
	0x430007e4		$a.2
	0x430007e4		malloc_get_pool
	0x430007f0		$d.3
	0x430007f4		$a.4
	0x430007f4		__wrap_malloc
	0x43000870		$d.5
	0x43000878		$a.6
	0x43000878		__wrap_free
	0x430008bc		$d.7
	0x430008c4		$a.8
	0x430008c4		__wrap_calloc
	0x43000900		__wrap_realloc
	0x43000908		memalign
.text	0x43000910	0x100	out/common/src/stubs.o	#SHT_PROGBITS,SHF_ALLOC|SHF_EXECINSTR,4
	0x43000910		$a.0
	0x43000910		abort
	0x4300094c		$d.1
	0x43000950		$a.2
	0x43000950		exit
	0x4300098c		$d.3
	0x43000990		$a.4
	0x43000990		_Exit
	0x430009cc		$d.5
	0x430009d0		$a.6
	0x430009d0		quick_exit
	0x43000a0c		$d.7
.text	0x43000a10	0x1538	out/common/src/printf.o	#SHT_PROGBITS,SHF_ALLOC|SHF_EXECINSTR,8
	0x43000a10		$a.0
	0x43000a10		printf_
	0x43000a5c		$d.1
	0x43000a60		$a.2
	0x43000a60		_vsnprintf
	0x43000c28		$d.3
	0x43000c50		$a.4
	0x43001228		$d.5
	0x43001284		$a.6
	0x430012a4		$d.7
	0x430012ac		_out_char
	0x430012ac		$a.8
	0x430012b8		sprintf_
	0x43001300		$d.9
	0x43001304		$a.10
	0x43001304		_out_buffer
	0x43001310		snprintf_
	0x43001354		$d.11
	0x43001358		$a.12
	0x43001358		vprintf_
	0x43001380		$d.13
	0x43001384		$a.14
	0x43001384		vsnprintf_
	0x430013b0		$d.15
	0x430013b4		fctprintf
	0x430013b4		$a.16
	0x43001404		$d.17
	0x43001408		$a.18
	0x43001408		_out_fct
	0x4300141c		_out_null
	0x43001420		_atoi
	0x43001460		_ntoa_long_long
	0x43001558		_ntoa_long
	0x43001618		_ftoa
	0x43001938		$d.19
	0x43001978		$a.20
	0x43001978		_etoa
	0x43001c90		$d.21
	0x43001ce0		$a.22
	0x43001ce0		_ntoa_format
	0x43001e64		_out_rev
.text	0x43001f48	0x76c	out/common/src/file.o	#SHT_PROGBITS,SHF_ALLOC|SHF_EXECINSTR,4
	0x43001f48		$a.0
	0x43001f48		fopen
	0x4300207c		$d.1
	0x4300209c		$a.2
	0x4300209c		fclose
	0x43002110		fseek
	0x43002180		$d.3
	0x43002184		ftell
	0x43002184		$a.4
	0x430021e8		fstat
	0x430022c0		lstat
	0x43002394		$d.5
	0x43002398		$a.6
	0x43002398		fread
	0x43002410		$d.7
	0x43002414		__wrap_fwrite
	0x43002414		$a.8
	0x43002480		$d.9
	0x43002484		$a.10
	0x43002484		opendir
	0x430024f8		$d.11
	0x430024fc		$a.12
	0x430024fc		readdir
	0x43002588		$d.13
	0x43002590		closedir
	0x43002590		$a.14
	0x430025fc		rmdir
	0x43002650		$d.15
	0x43002654		$a.16
	0x43002654		unlink
	0x430026a8		$d.17
	0x430026ac		access
	0x430026ac		$a.18
.text	0x430026b4	0x730	out/common/src/cli.o	#SHT_PROGBITS,SHF_ALLOC|SHF_EXECINSTR,4
	0x430026b4		$a.0
	0x430026b4		cli_free
	0x430026d4		cli_new
	0x43002794		$d.1
	0x430027ac		$a.2
	0x430027ac		cli_cmd_help
	0x43002808		$d.3
	0x43002818		$a.4
	0x43002818		cli_cmd_meminfo
	0x430028c8		$d.5
	0x430028dc		$a.6
	0x430028dc		cli_cmd_ls
	0x430029e8		$d.7
	0x430029f4		$a.8
	0x430029f4		cli_cmd_cat
	0x43002b14		$d.9
	0x43002b20		$a.10
	0x43002b20		cli_cmd_rm
	0x43002bac		$d.11
	0x43002bbc		$a.12
	0x43002bbc		cli_register
	0x43002c38		cli_input
	0x43002dcc		$d.13
.text	0x43002de4	0x28	out/common/src/time.o	#SHT_PROGBITS,SHF_ALLOC|SHF_EXECINSTR,4
	0x43002de4		$a.0
	0x43002de4		localtime
	0x43002e08		$d.1
.text	0x43002e0c	0x44	out/main.o	#SHT_PROGBITS,SHF_ALLOC|SHF_EXECINSTR,4
	0x43002e0c		$a.0
	0x43002e0c		main
	0x43002e34		$d.1
	0x43002e3c		$a.2
	0x43002e3c		cli_cmd_ek
.text._txm_module_thread_shell_entry	0x43002e50	0x94	../../../../Quectel_BG96_QuecOpen_SDK_Package_V3.0.1-AUS/SDK/libs/llvm\txm_lib.lib(txm_module_thread_shell_entry.o)	#SHT_PROGBITS,SHF_ALLOC|SHF_EXECINSTR,4
	0x43002e50		$a.0
	0x43002e50		_txm_module_thread_shell_entry
	0x43002ed8		$d.1
.text._txm_module_callback_request_thread_entry	0x43002ee4	0x108	../../../../Quectel_BG96_QuecOpen_SDK_Package_V3.0.1-AUS/SDK/libs/llvm\txm_lib.lib(txm_module_callback_request_thread_entry.o)	#SHT_PROGBITS,SHF_ALLOC|SHF_EXECINSTR,4
	0x43002ee4		$a.0
	0x43002ee4		_txm_module_callback_request_thread_entry
	0x43002f3c		$d.1
	0x43002f50		$a.2
	0x43002fe4		$d.3
.text._txm_module_system_call12	0x43002fec	0x70	../../../../Quectel_BG96_QuecOpen_SDK_Package_V3.0.1-AUS/SDK/libs/llvm\txm_lib.lib(txm_module_system_call12.o)	#SHT_PROGBITS,SHF_ALLOC|SHF_EXECINSTR,4
	0x43002fec		$a.0
	0x43002fec		_txm_module_system_call12
	0x43003058		$d.1
.text._txm_module_system_call4	0x4300305c	0x2c	../../../../Quectel_BG96_QuecOpen_SDK_Package_V3.0.1-AUS/SDK/libs/llvm\txm_lib.lib(txm_module_system_call4.o)	#SHT_PROGBITS,SHF_ALLOC|SHF_EXECINSTR,4
	0x4300305c		$a.0
	0x4300305c		_txm_module_system_call4
	0x43003084		$d.1
.text._txm_module_system_call5	0x43003088	0x34	../../../../Quectel_BG96_QuecOpen_SDK_Package_V3.0.1-AUS/SDK/libs/llvm\txm_lib.lib(txm_module_system_call5.o)	#SHT_PROGBITS,SHF_ALLOC|SHF_EXECINSTR,4
	0x43003088		$a.0
	0x43003088		_txm_module_system_call5
	0x430030b8		$d.1
.text._txm_module_system_call6	0x430030bc	0x3c	../../../../Quectel_BG96_QuecOpen_SDK_Package_V3.0.1-AUS/SDK/libs/llvm\txm_lib.lib(txm_module_system_call6.o)	#SHT_PROGBITS,SHF_ALLOC|SHF_EXECINSTR,4
	0x430030bc		$a.0
	0x430030bc		_txm_module_system_call6
	0x430030f4		$d.1
.text._txm_module_system_call7	0x430030f8	0x44	../../../../Quectel_BG96_QuecOpen_SDK_Package_V3.0.1-AUS/SDK/libs/llvm\txm_lib.lib(txm_module_system_call7.o)	#SHT_PROGBITS,SHF_ALLOC|SHF_EXECINSTR,4
	0x430030f8		$a.0
	0x430030f8		_txm_module_system_call7
	0x43003138		$d.1
.text	0x4300313c	0x7f0	../ek16/libek.a(ek.o)	#SHT_PROGBITS,SHF_ALLOC|SHF_EXECINSTR,4
	0x4300313c		$a.0
	0x4300313c		doexit
	0x43003140		usage
	0x430031a4		$d.1
	0x430031d4		$a.2
	0x430031d4		fatal
	0x43003234		$d.3
	0x43003244		$a.4
	0x43003244		doarg
	0x430034f8		$d.5
	0x43003544		$a.6
	0x43003544		ek
	0x430038ac		$d.7
.text	0x4300392c	0x23ec	../ek16/libek.a(kermit.o)	#SHT_PROGBITS,SHF_ALLOC|SHF_EXECINSTR,4
	0x4300392c		$a.0
	0x4300392c		kermit
	0x4300395c		$d.1
	0x43003974		$a.2
	0x43004020		$d.3
	0x43004030		$a.4
	0x430045bc		$d.5
	0x43004610		freerslot
	0x43004610		$a.6
	0x4300462c		freesslot
	0x43004678		epkt
	0x430046ac		nak
	0x43004704		chk1
	0x43004768		chk2
	0x430047b4		chk3
	0x43004820		resend
	0x43004850		spar
	0x43004ab8		rpar
	0x43004c20		$d.7
	0x43004c4c		$a.8
	0x43004c4c		decode
	0x43004e00		ack
	0x43004e80		gattr
	0x43005070		getrslot
	0x43005100		getsslot
	0x43005114		spkt
	0x430053c4		$d.9
	0x430053c8		$a.10
	0x430053c8		stringnum
	0x43005418		numstring
	0x430054b8		$d.11
	0x430054bc		$a.12
	0x430054bc		sattr
	0x43005734		getpkt
	0x43005a10		$d.13
	0x43005a18		$a.14
	0x43005a18		encode
	0x43005c5c		$d.15
	0x43005c68		$a.16
	0x43005c68		encstr
	0x43005cac		decstr
	0x43005cec		nxtpkt
.text	0x43005d18	0x6d4	../ek16/libek.a(920xio.o)	#SHT_PROGBITS,SHF_ALLOC|SHF_EXECINSTR,4
	0x43005d18		$a.0
	0x43005d18		devopen
	0x43005d2c		$d.1
	0x43005d30		$a.2
	0x43005d30		pktmode
	0x43005d40		$d.3
	0x43005d44		$a.4
	0x43005d44		devsettings
	0x43005d54		$d.5
	0x43005d58		$a.6
	0x43005d58		devrestore
	0x43005d60		devclose
	0x43005d74		$d.7
	0x43005d78		$a.8
	0x43005d78		inchk
	0x43005d80		readpkt
	0x43005e88		$d.9
	0x43005e8c		$a.10
	0x43005e8c		tx_data
	0x43005ef4		$d.11
	0x43005ef8		$a.12
	0x43005ef8		openfile
	0x43005f98		$d.13
	0x43005fb4		$a.14
	0x43005fb4		fileinfo
	0x43006124		$d.15
	0x43006138		$a.16
	0x43006138		readfile
	0x430062a0		$d.17
	0x430062a4		$a.18
	0x430062a4		writefile
	0x43006348		$d.19
	0x4300634c		$a.20
	0x4300634c		closefile
	0x430063e4		$d.21
.text.setlocale	0x430063ec	0xe8	C:\Users\nikol\projects\quectel\development\customer\threadx\tools\LLVM\4.0.3\armv7m-none-eabi\libc\lib/libc.a(setlocale.o)	#SHT_PROGBITS,SHF_ALLOC|SHF_EXECINSTR,4
	0x430063ec		$t
	0x430063ed		setlocale
	0x430064c4		$d
.text.setlocale_one_unlocked	0x430064d4	0x34	C:\Users\nikol\projects\quectel\development\customer\threadx\tools\LLVM\4.0.3\armv7m-none-eabi\libc\lib/libc.a(setlocale.o)	#SHT_PROGBITS,SHF_ALLOC|SHF_EXECINSTR,4
	0x430064d4		$t
	0x430064d5		setlocale_one_unlocked
	0x43006500		$d
.text.__getopt_msg	0x43006508	0x64	C:\Users\nikol\projects\quectel\development\customer\threadx\tools\LLVM\4.0.3\armv7m-none-eabi\libc\lib/libc.a(getopt.o)	#SHT_PROGBITS,SHF_ALLOC|SHF_EXECINSTR,4
	0x43006508		$t
	0x43006509		__getopt_msg
	0x43006568		$d
.text.getopt	0x4300656c	0x174	C:\Users\nikol\projects\quectel\development\customer\threadx\tools\LLVM\4.0.3\armv7m-none-eabi\libc\lib/libc.a(getopt.o)	#SHT_PROGBITS,SHF_ALLOC|SHF_EXECINSTR,4
	0x4300656c		$t
	0x4300656d		getopt
	0x4300656d		__posix_getopt
	0x430066c8		$d
.text.mbtowc	0x430066e0	0xcc	C:\Users\nikol\projects\quectel\development\customer\threadx\tools\LLVM\4.0.3\armv7m-none-eabi\libc\lib/libc.a(mbtowc.o)	#SHT_PROGBITS,SHF_ALLOC|SHF_EXECINSTR,4
	0x430066e0		$t
	0x430066e1		mbtowc
	0x430067a8		$d
.text.flockfile	0x430067ac	0x28	C:\Users\nikol\projects\quectel\development\customer\threadx\tools\LLVM\4.0.3\armv7m-none-eabi\libc\lib/libc.a(flockfile.o)	#SHT_PROGBITS,SHF_ALLOC|SHF_EXECINSTR,2
	0x430067ac		$t
	0x430067ad		flockfile
.text.fputs	0x430067d4	0x26	C:\Users\nikol\projects\quectel\development\customer\threadx\tools\LLVM\4.0.3\armv7m-none-eabi\libc\lib/libc.a(fputs.o)	#SHT_PROGBITS,SHF_ALLOC|SHF_EXECINSTR,2
	0x430067d4		$t
	0x430067d5		fputs
	0x430067d5		fputs_unlocked
.text.__do_orphaned_stdio_locks	0x430067fa	0x1e	C:\Users\nikol\projects\quectel\development\customer\threadx\tools\LLVM\4.0.3\armv7m-none-eabi\libc\lib/libc.a(ftrylockfile.o)	#SHT_PROGBITS,SHF_ALLOC|SHF_EXECINSTR,2
	0x430067fa		$t
	0x430067fb		__do_orphaned_stdio_locks
.text.__unlist_locked_file	0x43006818	0x26	C:\Users\nikol\projects\quectel\development\customer\threadx\tools\LLVM\4.0.3\armv7m-none-eabi\libc\lib/libc.a(ftrylockfile.o)	#SHT_PROGBITS,SHF_ALLOC|SHF_EXECINSTR,2
	0x43006818		$t
	0x43006819		__unlist_locked_file
PADDING_ALIGNMENT	0x4300683e	0x2	0x0
.text.ftrylockfile	0x43006840	0x80	C:\Users\nikol\projects\quectel\development\customer\threadx\tools\LLVM\4.0.3\armv7m-none-eabi\libc\lib/libc.a(ftrylockfile.o)	#SHT_PROGBITS,SHF_ALLOC|SHF_EXECINSTR,4
	0x43006840		$t
	0x43006841		ftrylockfile
	0x430068bc		$d
.text.funlockfile	0x430068c0	0x24	C:\Users\nikol\projects\quectel\development\customer\threadx\tools\LLVM\4.0.3\armv7m-none-eabi\libc\lib/libc.a(funlockfile.o)	#SHT_PROGBITS,SHF_ALLOC|SHF_EXECINSTR,2
	0x430068c0		$t
	0x430068c1		funlockfile
.text.getc	0x430068e4	0x4e	C:\Users\nikol\projects\quectel\development\customer\threadx\tools\LLVM\4.0.3\armv7m-none-eabi\libc\lib/libc.a(getc.o)	#SHT_PROGBITS,SHF_ALLOC|SHF_EXECINSTR,2
	0x430068e4		$t
	0x430068e5		getc
	0x430068e5		_IO_getc
.text.putc	0x43006932	0x68	C:\Users\nikol\projects\quectel\development\customer\threadx\tools\LLVM\4.0.3\armv7m-none-eabi\libc\lib/libc.a(putc.o)	#SHT_PROGBITS,SHF_ALLOC|SHF_EXECINSTR,2
	0x43006932		$t
	0x43006933		putc
	0x43006933		_IO_putc
.text.snprintf	0x4300699a	0x16	C:\Users\nikol\projects\quectel\development\customer\threadx\tools\LLVM\4.0.3\armv7m-none-eabi\libc\lib/libc.a(snprintf.o)	#SHT_PROGBITS,SHF_ALLOC|SHF_EXECINSTR,2
	0x4300699a		$t
	0x4300699b		snprintf
.text.sprintf	0x430069b0	0x18	C:\Users\nikol\projects\quectel\development\customer\threadx\tools\LLVM\4.0.3\armv7m-none-eabi\libc\lib/libc.a(sprintf.o)	#SHT_PROGBITS,SHF_ALLOC|SHF_EXECINSTR,2
	0x430069b0		$t
	0x430069b1		sprintf
.text.vsprintf	0x430069c8	0x10	C:\Users\nikol\projects\quectel\development\customer\threadx\tools\LLVM\4.0.3\armv7m-none-eabi\libc\lib/libc.a(vsprintf.o)	#SHT_PROGBITS,SHF_ALLOC|SHF_EXECINSTR,4
	0x430069c8		$t
	0x430069c9		vsprintf
	0x430069d4		$d
.text.atoi	0x430069d8	0x3e	C:\Users\nikol\projects\quectel\development\customer\threadx\tools\LLVM\4.0.3\armv7m-none-eabi\libc\lib/libc.a(atoi.o)	#SHT_PROGBITS,SHF_ALLOC|SHF_EXECINSTR,2
	0x430069d8		$t
	0x430069d9		atoi
.text	0x43006a16	0x2ee	C:\Users\nikol\projects\quectel\development\customer\threadx\tools\LLVM\4.0.3\armv7m-none-eabi\libc\lib/libc.a(memcpy_le.o)	#SHT_PROGBITS,SHF_ALLOC|SHF_EXECINSTR,2
	0x43006a16		$t
	0x43006a17		memcpy
	0x43006a56		src_aligned
	0x43006aa4		congruent_aligned32
	0x43006aa4		cached_aligned32
	0x43006aba		less_than_32_left
	0x43006b08		non_congruent
	0x43006b84		loop16
	0x43006be0		loop8
	0x43006c3c		loop24
	0x43006c94		less_than_thirtytwo
	0x43006cbe		partial_word_tail
	0x43006cda		copy_last_3_and_return
.text	0x43006d04	0x68	C:\Users\nikol\projects\quectel\development\customer\threadx\tools\LLVM\4.0.3\armv7m-none-eabi\libc\lib/libc.a(memset_nofp_armv7.o)	#SHT_PROGBITS,SHF_ALLOC|SHF_EXECINSTR,4
	0x43006d04		$t
	0x43006d05		memset
.text.strchr	0x43006d6c	0x14	C:\Users\nikol\projects\quectel\development\customer\threadx\tools\LLVM\4.0.3\armv7m-none-eabi\libc\lib/libc.a(strchr.o)	#SHT_PROGBITS,SHF_ALLOC|SHF_EXECINSTR,2
	0x43006d6c		$t
	0x43006d6d		strchr
.text.__strchrnul	0x43006d80	0x5c	C:\Users\nikol\projects\quectel\development\customer\threadx\tools\LLVM\4.0.3\armv7m-none-eabi\libc\lib/libc.a(strchrnul.o)	#SHT_PROGBITS,SHF_ALLOC|SHF_EXECINSTR,2
	0x43006d80		$t
	0x43006d81		__strchrnul
	0x43006d81		strchrnul
.text.strcmp	0x43006ddc	0x14	C:\Users\nikol\projects\quectel\development\customer\threadx\tools\LLVM\4.0.3\armv7m-none-eabi\libc\lib/libc.a(strcmp.o)	#SHT_PROGBITS,SHF_ALLOC|SHF_EXECINSTR,2
	0x43006ddc		$t
	0x43006ddd		strcmp
.text.__strdup	0x43006df0	0x22	C:\Users\nikol\projects\quectel\development\customer\threadx\tools\LLVM\4.0.3\armv7m-none-eabi\libc\lib/libc.a(strdup.o)	#SHT_PROGBITS,SHF_ALLOC|SHF_EXECINSTR,2
	0x43006df0		$t
	0x43006df1		__strdup
	0x43006df1		strdup
.text.strlen	0x43006e12	0x34	C:\Users\nikol\projects\quectel\development\customer\threadx\tools\LLVM\4.0.3\armv7m-none-eabi\libc\lib/libc.a(strlen.o)	#SHT_PROGBITS,SHF_ALLOC|SHF_EXECINSTR,2
	0x43006e12		$t
	0x43006e13		strlen
.text.strncpy	0x43006e46	0xc	C:\Users\nikol\projects\quectel\development\customer\threadx\tools\LLVM\4.0.3\armv7m-none-eabi\libc\lib/libc.a(strncpy.o)	#SHT_PROGBITS,SHF_ALLOC|SHF_EXECINSTR,2
	0x43006e46		$t
	0x43006e47		strncpy
PADDING_ALIGNMENT	0x43006e52	0x2	0x0
.text.strtok	0x43006e54	0x50	C:\Users\nikol\projects\quectel\development\customer\threadx\tools\LLVM\4.0.3\armv7m-none-eabi\libc\lib/libc.a(strtok.o)	#SHT_PROGBITS,SHF_ALLOC|SHF_EXECINSTR,4
	0x43006e54		$t
	0x43006e55		strtok
	0x43006ea0		$d
.text.__lock	0x43006ea4	0x38	C:\Users\nikol\projects\quectel\development\customer\threadx\tools\LLVM\4.0.3\armv7m-none-eabi\libc\lib/libc.a(__lock.o)	#SHT_PROGBITS,SHF_ALLOC|SHF_EXECINSTR,4
	0x43006ea4		$t
	0x43006ea5		__lock
	0x43006ed8		$d
.text.__unlock	0x43006edc	0x32	C:\Users\nikol\projects\quectel\development\customer\threadx\tools\LLVM\4.0.3\armv7m-none-eabi\libc\lib/libc.a(__lock.o)	#SHT_PROGBITS,SHF_ALLOC|SHF_EXECINSTR,2
	0x43006edc		$t
	0x43006edd		__unlock
.text.__syscall3	0x43006f0e	0xa	C:\Users\nikol\projects\quectel\development\customer\threadx\tools\LLVM\4.0.3\armv7m-none-eabi\libc\lib/libc.a(__lock.o)	#SHT_PROGBITS,SHF_ALLOC|SHF_EXECINSTR,2
	0x43006f0e		$t
	0x43006f0f		__syscall3
.text.__wait	0x43006f18	0x64	C:\Users\nikol\projects\quectel\development\customer\threadx\tools\LLVM\4.0.3\armv7m-none-eabi\libc\lib/libc.a(__wait.o)	#SHT_PROGBITS,SHF_ALLOC|SHF_EXECINSTR,2
	0x43006f18		$t
	0x43006f19		__wait
.text.__syscall4	0x43006f7c	0xa	C:\Users\nikol\projects\quectel\development\customer\threadx\tools\LLVM\4.0.3\armv7m-none-eabi\libc\lib/libc.a(__wait.o)	#SHT_PROGBITS,SHF_ALLOC|SHF_EXECINSTR,2
	0x43006f7c		$t
	0x43006f7d		__syscall4
.text.a_fetch_add	0x43006f86	0x18	C:\Users\nikol\projects\quectel\development\customer\threadx\tools\LLVM\4.0.3\armv7m-none-eabi\libc\lib/libc.a(__wait.o)	#SHT_PROGBITS,SHF_ALLOC|SHF_EXECINSTR,2
	0x43006f86		$t
	0x43006f87		a_fetch_add
.text.__errno_location	0x43006f9e	0x8	C:\Users\nikol\projects\quectel\development\customer\threadx\tools\LLVM\4.0.3\armv7m-none-eabi\libc\lib/libc.a(__errno_location.o)	#SHT_PROGBITS,SHF_ALLOC|SHF_EXECINSTR,2
	0x43006f9e		$t
	0x43006f9f		__errno_location
.text.dummy	0x43006fa6	0x2	C:\Users\nikol\projects\quectel\development\customer\threadx\tools\LLVM\4.0.3\armv7m-none-eabi\libc\lib/libc.a(__lctrans.o)	#SHT_PROGBITS,SHF_ALLOC|SHF_EXECINSTR,2
	0x43006fa6		$t
	0x43006fa7		dummy
.text.__lctrans	0x43006fa8	0x4	C:\Users\nikol\projects\quectel\development\customer\threadx\tools\LLVM\4.0.3\armv7m-none-eabi\libc\lib/libc.a(__lctrans.o)	#SHT_PROGBITS,SHF_ALLOC|SHF_EXECINSTR,2
	0x43006fa8		$t
	0x43006fa9		__lctrans
.text.__lctrans_cur	0x43006fac	0xe	C:\Users\nikol\projects\quectel\development\customer\threadx\tools\LLVM\4.0.3\armv7m-none-eabi\libc\lib/libc.a(__lctrans.o)	#SHT_PROGBITS,SHF_ALLOC|SHF_EXECINSTR,2
	0x43006fac		$t
	0x43006fad		__lctrans_cur
.text.__lctrans_impl	0x43006fba	0x1e	C:\Users\nikol\projects\quectel\development\customer\threadx\tools\LLVM\4.0.3\armv7m-none-eabi\libc\lib/libc.a(locale_map.o)	#SHT_PROGBITS,SHF_ALLOC|SHF_EXECINSTR,2
	0x43006fba		$t
	0x43006fbb		__lctrans_impl
.text.__get_locale	0x43006fd8	0x1e8	C:\Users\nikol\projects\quectel\development\customer\threadx\tools\LLVM\4.0.3\armv7m-none-eabi\libc\lib/libc.a(locale_map.o)	#SHT_PROGBITS,SHF_ALLOC|SHF_EXECINSTR,4
	0x43006fd8		$t
	0x43006fd9		__get_locale
	0x4300719c		$d
.text.dummy	0x430071c0	0x2	C:\Users\nikol\projects\quectel\development\customer\threadx\tools\LLVM\4.0.3\armv7m-none-eabi\libc\lib/libc.a(munmap.o)	#SHT_PROGBITS,SHF_ALLOC|SHF_EXECINSTR,2
	0x430071c0		$t
	0x430071c1		dummy
	0x430071c1		__vm_wait
.text.__munmap	0x430071c2	0x1a	C:\Users\nikol\projects\quectel\development\customer\threadx\tools\LLVM\4.0.3\armv7m-none-eabi\libc\lib/libc.a(munmap.o)	#SHT_PROGBITS,SHF_ALLOC|SHF_EXECINSTR,2
	0x430071c2		$t
	0x430071c3		__munmap
	0x430071c3		munmap
.text.__overflow	0x430071dc	0x54	C:\Users\nikol\projects\quectel\development\customer\threadx\tools\LLVM\4.0.3\armv7m-none-eabi\libc\lib/libc.a(__overflow.o)	#SHT_PROGBITS,SHF_ALLOC|SHF_EXECINSTR,2
	0x430071dc		$t
	0x430071dd		__overflow
.text.__towrite	0x43007230	0x38	C:\Users\nikol\projects\quectel\development\customer\threadx\tools\LLVM\4.0.3\armv7m-none-eabi\libc\lib/libc.a(__towrite.o)	#SHT_PROGBITS,SHF_ALLOC|SHF_EXECINSTR,2
	0x43007230		$t
	0x43007231		__towrite
.text.__towrite_needs_stdio_exit	0x43007268	0x4	C:\Users\nikol\projects\quectel\development\customer\threadx\tools\LLVM\4.0.3\armv7m-none-eabi\libc\lib/libc.a(__towrite.o)	#SHT_PROGBITS,SHF_ALLOC|SHF_EXECINSTR,2
	0x43007268		$t
	0x43007269		__towrite_needs_stdio_exit
.text.__uflow	0x4300726c	0x2a	C:\Users\nikol\projects\quectel\development\customer\threadx\tools\LLVM\4.0.3\armv7m-none-eabi\libc\lib/libc.a(__uflow.o)	#SHT_PROGBITS,SHF_ALLOC|SHF_EXECINSTR,2
	0x4300726c		$t
	0x4300726d		__uflow
.text.__lockfile	0x43007296	0x4	C:\Users\nikol\projects\quectel\development\customer\threadx\tools\LLVM\4.0.3\armv7m-none-eabi\libc\lib/libc.a(__lockfile.o)	#SHT_PROGBITS,SHF_ALLOC|SHF_EXECINSTR,2
	0x43007296		$t
	0x43007297		__lockfile
.text.__unlockfile	0x4300729a	0x2	C:\Users\nikol\projects\quectel\development\customer\threadx\tools\LLVM\4.0.3\armv7m-none-eabi\libc\lib/libc.a(__lockfile.o)	#SHT_PROGBITS,SHF_ALLOC|SHF_EXECINSTR,2
	0x4300729a		$t
	0x4300729b		__unlockfile
.text.dummy	0x4300729c	0x2	C:\Users\nikol\projects\quectel\development\customer\threadx\tools\LLVM\4.0.3\armv7m-none-eabi\libc\lib/libc.a(__stdio_close.o)	#SHT_PROGBITS,SHF_ALLOC|SHF_EXECINSTR,2
	0x4300729c		$t
	0x4300729d		dummy
	0x4300729d		__aio_close
.text.__stdio_close	0x4300729e	0x14	C:\Users\nikol\projects\quectel\development\customer\threadx\tools\LLVM\4.0.3\armv7m-none-eabi\libc\lib/libc.a(__stdio_close.o)	#SHT_PROGBITS,SHF_ALLOC|SHF_EXECINSTR,2
	0x4300729e		$t
	0x4300729f		__stdio_close
.text.__stdio_seek	0x430072b2	0x72	C:\Users\nikol\projects\quectel\development\customer\threadx\tools\LLVM\4.0.3\armv7m-none-eabi\libc\lib/libc.a(__stdio_seek.o)	#SHT_PROGBITS,SHF_ALLOC|SHF_EXECINSTR,2
	0x430072b2		$t
	0x430072b3		__stdio_seek
.text.__stdio_write	0x43007324	0xfe	C:\Users\nikol\projects\quectel\development\customer\threadx\tools\LLVM\4.0.3\armv7m-none-eabi\libc\lib/libc.a(__stdio_write.o)	#SHT_PROGBITS,SHF_ALLOC|SHF_EXECINSTR,2
	0x43007324		$t
	0x43007325		__stdio_write
.text.vfprintf	0x43007422	0xd6	C:\Users\nikol\projects\quectel\development\customer\threadx\tools\LLVM\4.0.3\armv7m-none-eabi\libc\lib/libc.a(vfprintf.o)	#SHT_PROGBITS,SHF_ALLOC|SHF_EXECINSTR,2
	0x43007422		$t
	0x43007423		vfprintf
.text.printf_core	0x430074f8	0x6a8	C:\Users\nikol\projects\quectel\development\customer\threadx\tools\LLVM\4.0.3\armv7m-none-eabi\libc\lib/libc.a(vfprintf.o)	#SHT_PROGBITS,SHF_ALLOC|SHF_EXECINSTR,4
	0x430074f8		$t
	0x430074f9		printf_core
	0x430077a8		$d
	0x430077b0		$t
	0x43007a18		$d
	0x43007a3e		$t
	0x43007b7c		$d
.text.vsnprintf	0x43007ba0	0x1a4	C:\Users\nikol\projects\quectel\development\customer\threadx\tools\LLVM\4.0.3\armv7m-none-eabi\libc\lib/libc.a(vfprintf.o)	#SHT_PROGBITS,SHF_ALLOC|SHF_EXECINSTR,4
	0x43007ba0		$t
	0x43007ba1		vsnprintf
	0x43007d40		$d
.text.fmt_u32	0x43007d44	0x22	C:\Users\nikol\projects\quectel\development\customer\threadx\tools\LLVM\4.0.3\armv7m-none-eabi\libc\lib/libc.a(vfprintf.o)	#SHT_PROGBITS,SHF_ALLOC|SHF_EXECINSTR,2
	0x43007d44		$t
	0x43007d45		fmt_u32
.text.out	0x43007d66	0x14	C:\Users\nikol\projects\quectel\development\customer\threadx\tools\LLVM\4.0.3\armv7m-none-eabi\libc\lib/libc.a(vfprintf.o)	#SHT_PROGBITS,SHF_ALLOC|SHF_EXECINSTR,2
	0x43007d66		$t
	0x43007d67		out
.text.getint	0x43007d7a	0x1e	C:\Users\nikol\projects\quectel\development\customer\threadx\tools\LLVM\4.0.3\armv7m-none-eabi\libc\lib/libc.a(vfprintf.o)	#SHT_PROGBITS,SHF_ALLOC|SHF_EXECINSTR,2
	0x43007d7a		$t
	0x43007d7b		getint
.text.pop_arg	0x43007d98	0x80	C:\Users\nikol\projects\quectel\development\customer\threadx\tools\LLVM\4.0.3\armv7m-none-eabi\libc\lib/libc.a(vfprintf.o)	#SHT_PROGBITS,SHF_ALLOC|SHF_EXECINSTR,4
	0x43007d98		$t
	0x43007d99		pop_arg
	0x43007da6		$d
	0x43007db0		$t
.text.pad	0x43007e18	0x4e	C:\Users\nikol\projects\quectel\development\customer\threadx\tools\LLVM\4.0.3\armv7m-none-eabi\libc\lib/libc.a(vfprintf.o)	#SHT_PROGBITS,SHF_ALLOC|SHF_EXECINSTR,2
	0x43007e18		$t
	0x43007e19		pad
.text.__fwritex	0x43007e66	0x76	C:\Users\nikol\projects\quectel\development\customer\threadx\tools\LLVM\4.0.3\armv7m-none-eabi\libc\lib/libc.a(fwrite.o)	#SHT_PROGBITS,SHF_ALLOC|SHF_EXECINSTR,2
	0x43007e66		$t
	0x43007e67		__fwritex
.text.fwrite	0x43007edc	0x58	C:\Users\nikol\projects\quectel\development\customer\threadx\tools\LLVM\4.0.3\armv7m-none-eabi\libc\lib/libc.a(fwrite.o)	#SHT_PROGBITS,SHF_ALLOC|SHF_EXECINSTR,2
	0x43007edc		$t
	0x43007edd		fwrite
	0x43007edd		fwrite_unlocked
.text.vsnprintf_full	0x43007f34	0x74	C:\Users\nikol\projects\quectel\development\customer\threadx\tools\LLVM\4.0.3\armv7m-none-eabi\libc\lib/libc.a(vsnprintf.o)	#SHT_PROGBITS,SHF_ALLOC|SHF_EXECINSTR,4
	0x43007f34		$t
	0x43007f35		vsnprintf_full
	0x43007fa0		$d
.text.sn_write	0x43007fa8	0x22	C:\Users\nikol\projects\quectel\development\customer\threadx\tools\LLVM\4.0.3\armv7m-none-eabi\libc\lib/libc.a(vsnprintf.o)	#SHT_PROGBITS,SHF_ALLOC|SHF_EXECINSTR,2
	0x43007fa8		$t
	0x43007fa9		sn_write
.text.__aeabi_memclr	0x43007fca	0x8	C:\Users\nikol\projects\quectel\development\customer\threadx\tools\LLVM\4.0.3\armv7m-none-eabi\libc\lib/libc.a(__aeabi_memclr.o)	#SHT_PROGBITS,SHF_ALLOC|SHF_EXECINSTR,2
	0x43007fca		$t
	0x43007fcb		__aeabi_memclr
	0x43007fcb		__aeabi_memclr4
	0x43007fcb		__aeabi_memclr8
.text.__aeabi_memcpy	0x43007fd2	0x4	C:\Users\nikol\projects\quectel\development\customer\threadx\tools\LLVM\4.0.3\armv7m-none-eabi\libc\lib/libc.a(__aeabi_memcpy.o)	#SHT_PROGBITS,SHF_ALLOC|SHF_EXECINSTR,2
	0x43007fd2		$t
	0x43007fd3		__aeabi_memcpy
	0x43007fd3		__aeabi_memcpy4
	0x43007fd3		__aeabi_memcpy8
.text.memchr	0x43007fd6	0x5c	C:\Users\nikol\projects\quectel\development\customer\threadx\tools\LLVM\4.0.3\armv7m-none-eabi\libc\lib/libc.a(memchr.o)	#SHT_PROGBITS,SHF_ALLOC|SHF_EXECINSTR,2
	0x43007fd6		$t
	0x43007fd7		memchr
.text.__stpncpy	0x43008032	0x68	C:\Users\nikol\projects\quectel\development\customer\threadx\tools\LLVM\4.0.3\armv7m-none-eabi\libc\lib/libc.a(stpncpy.o)	#SHT_PROGBITS,SHF_ALLOC|SHF_EXECINSTR,2
	0x43008032		$t
	0x43008033		__stpncpy
	0x43008033		stpncpy
.text.strcspn	0x4300809a	0x6a	C:\Users\nikol\projects\quectel\development\customer\threadx\tools\LLVM\4.0.3\armv7m-none-eabi\libc\lib/libc.a(strcspn.o)	#SHT_PROGBITS,SHF_ALLOC|SHF_EXECINSTR,2
	0x4300809a		$t
	0x4300809b		strcspn
.text.strspn	0x43008104	0x74	C:\Users\nikol\projects\quectel\development\customer\threadx\tools\LLVM\4.0.3\armv7m-none-eabi\libc\lib/libc.a(strspn.o)	#SHT_PROGBITS,SHF_ALLOC|SHF_EXECINSTR,2
	0x43008104		$t
	0x43008105		strspn
.text.__map_file	0x43008178	0x58	C:\Users\nikol\projects\quectel\development\customer\threadx\tools\LLVM\4.0.3\armv7m-none-eabi\libc\lib/libc.a(__map_file.o)	#SHT_PROGBITS,SHF_ALLOC|SHF_EXECINSTR,4
	0x43008178		$t
	0x43008179		__map_file
	0x430081cc		$d
.text.getenv	0x430081d0	0x5c	C:\Users\nikol\projects\quectel\development\customer\threadx\tools\LLVM\4.0.3\armv7m-none-eabi\libc\lib/libc.a(getenv.o)	#SHT_PROGBITS,SHF_ALLOC|SHF_EXECINSTR,4
	0x430081d0		$t
	0x430081d1		getenv
	0x43008228		$d
.text.__strerror_l	0x4300822c	0x3c	C:\Users\nikol\projects\quectel\development\customer\threadx\tools\LLVM\4.0.3\armv7m-none-eabi\libc\lib/libc.a(strerror.o)	#SHT_PROGBITS,SHF_ALLOC|SHF_EXECINSTR,4
	0x4300822c		$t
	0x4300822d		__strerror_l
	0x4300822d		strerror_l
	0x43008260		$d
.text.strerror	0x43008268	0xc	C:\Users\nikol\projects\quectel\development\customer\threadx\tools\LLVM\4.0.3\armv7m-none-eabi\libc\lib/libc.a(strerror.o)	#SHT_PROGBITS,SHF_ALLOC|SHF_EXECINSTR,2
	0x43008268		$t
	0x43008269		strerror
.text.__syscall_ret	0x43008274	0x20	C:\Users\nikol\projects\quectel\development\customer\threadx\tools\LLVM\4.0.3\armv7m-none-eabi\libc\lib/libc.a(syscall_ret.o)	#SHT_PROGBITS,SHF_ALLOC|SHF_EXECINSTR,4
	0x43008274		$t
	0x43008275		__syscall_ret
	0x43008290		$d
.text.__mo_lookup	0x43008294	0xd8	C:\Users\nikol\projects\quectel\development\customer\threadx\tools\LLVM\4.0.3\armv7m-none-eabi\libc\lib/libc.a(__mo_lookup.o)	#SHT_PROGBITS,SHF_ALLOC|SHF_EXECINSTR,4
	0x43008294		$t
	0x43008295		__mo_lookup
	0x43008368		$d
.text.dummy	0x4300836c	0x2	C:\Users\nikol\projects\quectel\development\customer\threadx\tools\LLVM\4.0.3\armv7m-none-eabi\libc\lib/libc.a(mmap.o)	#SHT_PROGBITS,SHF_ALLOC|SHF_EXECINSTR,2
	0x4300836c		$t
	0x4300836d		dummy
PADDING_ALIGNMENT	0x4300836e	0x2	0x0
.text.__mmap	0x43008370	0x60	C:\Users\nikol\projects\quectel\development\customer\threadx\tools\LLVM\4.0.3\armv7m-none-eabi\libc\lib/libc.a(mmap.o)	#SHT_PROGBITS,SHF_ALLOC|SHF_EXECINSTR,4
	0x43008370		$t
	0x43008371		__mmap
	0x43008371		mmap
	0x43008371		mmap64
	0x430083cc		$d
.text.wctomb	0x430083d0	0xc	C:\Users\nikol\projects\quectel\development\customer\threadx\tools\LLVM\4.0.3\armv7m-none-eabi\libc\lib/libc.a(wctomb.o)	#SHT_PROGBITS,SHF_ALLOC|SHF_EXECINSTR,2
	0x430083d0		$t
	0x430083d1		wctomb
.text.__stdio_exit	0x430083dc	0x30	C:\Users\nikol\projects\quectel\development\customer\threadx\tools\LLVM\4.0.3\armv7m-none-eabi\libc\lib/libc.a(__stdio_exit.o)	#SHT_PROGBITS,SHF_ALLOC|SHF_EXECINSTR,4
	0x430083dc		$t
	0x430083dd		__stdio_exit
	0x430083dd		__stdio_exit_needed
	0x43008404		$d
.text.close_file	0x4300840c	0x3c	C:\Users\nikol\projects\quectel\development\customer\threadx\tools\LLVM\4.0.3\armv7m-none-eabi\libc\lib/libc.a(__stdio_exit.o)	#SHT_PROGBITS,SHF_ALLOC|SHF_EXECINSTR,2
	0x4300840c		$t
	0x4300840d		close_file
.text.__toread	0x43008448	0x50	C:\Users\nikol\projects\quectel\development\customer\threadx\tools\LLVM\4.0.3\armv7m-none-eabi\libc\lib/libc.a(__toread.o)	#SHT_PROGBITS,SHF_ALLOC|SHF_EXECINSTR,2
	0x43008448		$t
	0x43008449		__toread
.text.__toread_needs_stdio_exit	0x43008498	0x4	C:\Users\nikol\projects\quectel\development\customer\threadx\tools\LLVM\4.0.3\armv7m-none-eabi\libc\lib/libc.a(__toread.o)	#SHT_PROGBITS,SHF_ALLOC|SHF_EXECINSTR,2
	0x43008498		$t
	0x43008499		__toread_needs_stdio_exit
.text.__ofl_lock	0x4300849c	0x8	C:\Users\nikol\projects\quectel\development\customer\threadx\tools\LLVM\4.0.3\armv7m-none-eabi\libc\lib/libc.a(ofl.o)	#SHT_PROGBITS,SHF_ALLOC|SHF_EXECINSTR,4
	0x4300849c		$t
	0x4300849d		__ofl_lock
	0x430084a0		$d
.text.__ofl_unlock	0x430084a4	0x2	C:\Users\nikol\projects\quectel\development\customer\threadx\tools\LLVM\4.0.3\armv7m-none-eabi\libc\lib/libc.a(ofl.o)	#SHT_PROGBITS,SHF_ALLOC|SHF_EXECINSTR,2
	0x430084a4		$t
	0x430084a5		__ofl_unlock
.text.strncmp	0x430084a6	0x28	C:\Users\nikol\projects\quectel\development\customer\threadx\tools\LLVM\4.0.3\armv7m-none-eabi\libc\lib/libc.a(strncmp.o)	#SHT_PROGBITS,SHF_ALLOC|SHF_EXECINSTR,2
	0x430084a6		$t
	0x430084a7		strncmp
.text.wcrtomb	0x430084ce	0xb0	C:\Users\nikol\projects\quectel\development\customer\threadx\tools\LLVM\4.0.3\armv7m-none-eabi\libc\lib/libc.a(wcrtomb.o)	#SHT_PROGBITS,SHF_ALLOC|SHF_EXECINSTR,2
	0x430084ce		$t
	0x430084cf		wcrtomb
PADDING_ALIGNMENT	0x4300857e	0x2	0x0
.text	0x43008580	0x14	C:\Users\nikol\projects\quectel\development\customer\threadx\tools\LLVM\4.0.3\lib\clang\4.0.3\lib\baremetal/libclang_rt.builtins-armv7m.a(aeabi_uldivmod.S.obj)	#SHT_PROGBITS,SHF_ALLOC|SHF_EXECINSTR,4
	0x43008580		$t.0
	0x43008581		__aeabi_uldivmod
.text.__udivmoddi4	0x43008594	0x1d4	C:\Users\nikol\projects\quectel\development\customer\threadx\tools\LLVM\4.0.3\lib\clang\4.0.3\lib\baremetal/libclang_rt.builtins-armv7m.a(udivmoddi4.c.obj)	#SHT_PROGBITS,SHF_ALLOC|SHF_EXECINSTR,2
	0x43008594		$t.0
	0x43008595		__udivmoddi4
*(Init )
*(.rodata .rodata.* )
.rodata.str1.1	0x43008768	0x2	out/common/src/retarget.o	#SHT_PROGBITS,SHF_ALLOC|SHF_MERGE|SHF_STRINGS,1
	0x43008768		.L.str
.rodata.str1.1	0x4300876a	0x8	out/common/src/retarget.o	#SHT_PROGBITS,SHF_ALLOC|SHF_MERGE|SHF_STRINGS,1
	0x4300876a		.L.str.1
.rodata.str1.1	0x43008772	0xf	out/common/src/retarget.o	#SHT_PROGBITS,SHF_ALLOC|SHF_MERGE|SHF_STRINGS,1
	0x43008772		.L.str.2
.rodata.str1.1	0x43008781	0xb	out/common/src/retarget.o	#SHT_PROGBITS,SHF_ALLOC|SHF_MERGE|SHF_STRINGS,1
	0x43008781		.L.str.3
.rodata.str1.1	0x4300878c	0x10	out/common/src/retarget.o	#SHT_PROGBITS,SHF_ALLOC|SHF_MERGE|SHF_STRINGS,1
	0x4300878c		.L.str.4
.rodata.str1.1	0x4300879c	0x31	out/common/src/malloc.o	#SHT_PROGBITS,SHF_ALLOC|SHF_MERGE|SHF_STRINGS,1
	0x4300879c		.L.str
.rodata.str1.1	0x430087cd	0x8	out/common/src/malloc.o	#SHT_PROGBITS,SHF_ALLOC|SHF_MERGE|SHF_STRINGS,1
	0x430087cd		.L.str.1
.rodata.str1.1	0x430087d5	0x2f	out/common/src/malloc.o	#SHT_PROGBITS,SHF_ALLOC|SHF_MERGE|SHF_STRINGS,1
	0x430087d5		.L.str.2
.rodata.str1.1	0x43008804	0x29	out/common/src/malloc.o	#SHT_PROGBITS,SHF_ALLOC|SHF_MERGE|SHF_STRINGS,1
	0x43008804		.L.str.3
.rodata.str1.1	0x4300882d	0x25	out/common/src/malloc.o	#SHT_PROGBITS,SHF_ALLOC|SHF_MERGE|SHF_STRINGS,1
	0x4300882d		.L.str.4
.rodata.str1.1	0x43008852	0x7	out/common/src/printf.o	#SHT_PROGBITS,SHF_ALLOC|SHF_MERGE|SHF_STRINGS,1
	0x43008852		.L.str
.rodata.str1.1	0x43008859	0x4	out/common/src/printf.o	#SHT_PROGBITS,SHF_ALLOC|SHF_MERGE|SHF_STRINGS,1
	0x43008859		.L.str.1
.rodata.str1.1	0x4300885d	0x5	out/common/src/printf.o	#SHT_PROGBITS,SHF_ALLOC|SHF_MERGE|SHF_STRINGS,1
	0x4300885d		.L.str.2
.rodata.str1.1	0x43008862	0x5	out/common/src/printf.o	#SHT_PROGBITS,SHF_ALLOC|SHF_MERGE|SHF_STRINGS,1
	0x43008862		.L.str.3
.rodata.str1.1	0x43008867	0x4	out/common/src/printf.o	#SHT_PROGBITS,SHF_ALLOC|SHF_MERGE|SHF_STRINGS,1
	0x43008867		.L.str.4
PADDING_ALIGNMENT	0x4300886b	0x5	0x0
.rodata	0x43008870	0x50	out/common/src/printf.o	#SHT_PROGBITS,SHF_ALLOC,8
	0x43008870		_ftoa.pow10
.rodata.str1.1	0x430088c0	0x2	out/common/src/file.o	#SHT_PROGBITS,SHF_ALLOC|SHF_MERGE|SHF_STRINGS,1
	0x430088c0		.L.str
.rodata.str1.1	0x430088c2	0x3	out/common/src/file.o	#SHT_PROGBITS,SHF_ALLOC|SHF_MERGE|SHF_STRINGS,1
	0x430088c2		.L.str.1
.rodata.str1.1	0x430088c5	0x3	out/common/src/file.o	#SHT_PROGBITS,SHF_ALLOC|SHF_MERGE|SHF_STRINGS,1
	0x430088c5		.L.str.2
.rodata.str1.1	0x430088c8	0x2	out/common/src/file.o	#SHT_PROGBITS,SHF_ALLOC|SHF_MERGE|SHF_STRINGS,1
	0x430088c8		.L.str.3
.rodata.str1.1	0x430088ca	0x3	out/common/src/file.o	#SHT_PROGBITS,SHF_ALLOC|SHF_MERGE|SHF_STRINGS,1
	0x430088ca		.L.str.4
.rodata.str1.1	0x430088cd	0x2	out/common/src/file.o	#SHT_PROGBITS,SHF_ALLOC|SHF_MERGE|SHF_STRINGS,1
	0x430088cd		.L.str.5
.rodata.str1.1	0x430088cf	0x3	out/common/src/file.o	#SHT_PROGBITS,SHF_ALLOC|SHF_MERGE|SHF_STRINGS,1
	0x430088cf		.L.str.6
.rodata.str1.1	0x430088d2	0x5	out/common/src/cli.o	#SHT_PROGBITS,SHF_ALLOC|SHF_MERGE|SHF_STRINGS,1
	0x430088d2		.L.str
.rodata.str1.1	0x430088d7	0x8	out/common/src/cli.o	#SHT_PROGBITS,SHF_ALLOC|SHF_MERGE|SHF_STRINGS,1
	0x430088d7		.L.str.1
.rodata.str1.1	0x430088df	0x3	out/common/src/cli.o	#SHT_PROGBITS,SHF_ALLOC|SHF_MERGE|SHF_STRINGS,1
	0x430088df		.L.str.2
.rodata.str1.1	0x430088e2	0x4	out/common/src/cli.o	#SHT_PROGBITS,SHF_ALLOC|SHF_MERGE|SHF_STRINGS,1
	0x430088e2		.L.str.3
.rodata.str1.1	0x430088e6	0x3	out/common/src/cli.o	#SHT_PROGBITS,SHF_ALLOC|SHF_MERGE|SHF_STRINGS,1
	0x430088e6		.L.str.4
.rodata.str1.1	0x430088e9	0x6	out/common/src/cli.o	#SHT_PROGBITS,SHF_ALLOC|SHF_MERGE|SHF_STRINGS,1
	0x430088e9		.L.str.5
.rodata.str1.1	0x430088ef	0xb	out/common/src/cli.o	#SHT_PROGBITS,SHF_ALLOC|SHF_MERGE|SHF_STRINGS,1
	0x430088ef		.L.str.6
.rodata.str1.1	0x430088fa	0x3	out/common/src/cli.o	#SHT_PROGBITS,SHF_ALLOC|SHF_MERGE|SHF_STRINGS,1
	0x430088fa		.L.str.7
.rodata.str1.1	0x430088fd	0x2	out/common/src/cli.o	#SHT_PROGBITS,SHF_ALLOC|SHF_MERGE|SHF_STRINGS,1
	0x430088fd		.L.str.8
.rodata.str1.1	0x430088ff	0x3	out/common/src/cli.o	#SHT_PROGBITS,SHF_ALLOC|SHF_MERGE|SHF_STRINGS,1
	0x430088ff		.L.str.9
.rodata.str1.1	0x43008902	0x5	out/common/src/cli.o	#SHT_PROGBITS,SHF_ALLOC|SHF_MERGE|SHF_STRINGS,1
	0x43008902		.L.str.10
.rodata.str1.1	0x43008907	0xa	out/common/src/cli.o	#SHT_PROGBITS,SHF_ALLOC|SHF_MERGE|SHF_STRINGS,1
	0x43008907		.L.str.11
.rodata.str1.1	0x43008911	0x3	out/common/src/cli.o	#SHT_PROGBITS,SHF_ALLOC|SHF_MERGE|SHF_STRINGS,1
	0x43008911		.L.str.12
.rodata.str1.1	0x43008914	0x59	out/common/src/cli.o	#SHT_PROGBITS,SHF_ALLOC|SHF_MERGE|SHF_STRINGS,1
	0x43008914		.L.str.14
.rodata.str1.1	0x4300896d	0x2	out/common/src/cli.o	#SHT_PROGBITS,SHF_ALLOC|SHF_MERGE|SHF_STRINGS,1
	0x4300896d		.L.str.15
.rodata.str1.1	0x4300896f	0x18	out/common/src/cli.o	#SHT_PROGBITS,SHF_ALLOC|SHF_MERGE|SHF_STRINGS,1
	0x4300896f		.L.str.16
.rodata.str1.1	0x43008987	0x3	out/common/src/cli.o	#SHT_PROGBITS,SHF_ALLOC|SHF_MERGE|SHF_STRINGS,1
	0x43008987		.L.str.17
.rodata.str1.1	0x4300898a	0x14	out/common/src/cli.o	#SHT_PROGBITS,SHF_ALLOC|SHF_MERGE|SHF_STRINGS,1
	0x4300898a		.L.str.18
.rodata.str1.1	0x4300899e	0x4	out/common/src/cli.o	#SHT_PROGBITS,SHF_ALLOC|SHF_MERGE|SHF_STRINGS,1
	0x4300899e		.L.str.20
.rodata.str1.1	0x430089a2	0x66	out/common/src/cli.o	#SHT_PROGBITS,SHF_ALLOC|SHF_MERGE|SHF_STRINGS,1
	0x430089a2		.L.str.21
.rodata.str1.1	0x43008a08	0x3	out/main.o	#SHT_PROGBITS,SHF_ALLOC|SHF_MERGE|SHF_STRINGS,1
	0x43008a08		.L.str
.rodata.str1.1	0x43008a0b	0xe	../ek16/libek.a(ek.o)	#SHT_PROGBITS,SHF_ALLOC|SHF_MERGE|SHF_STRINGS,1
	0x43008a0b		.L.str.1
.rodata.str1.1	0x43008a19	0x4	../ek16/libek.a(ek.o)	#SHT_PROGBITS,SHF_ALLOC|SHF_MERGE|SHF_STRINGS,1
	0x43008a19		.L.str.2
.rodata.str1.1	0x43008a1d	0x16	../ek16/libek.a(ek.o)	#SHT_PROGBITS,SHF_ALLOC|SHF_MERGE|SHF_STRINGS,1
	0x43008a1d		.L.str.3
.rodata.str1.1	0x43008a33	0xb	../ek16/libek.a(ek.o)	#SHT_PROGBITS,SHF_ALLOC|SHF_MERGE|SHF_STRINGS,1
	0x43008a33		.L.str.4
.rodata.str1.1	0x43008a3e	0x1e	../ek16/libek.a(ek.o)	#SHT_PROGBITS,SHF_ALLOC|SHF_MERGE|SHF_STRINGS,1
	0x43008a3e		.L.str.5
.rodata.str1.1	0x43008a5c	0x4b	../ek16/libek.a(ek.o)	#SHT_PROGBITS,SHF_ALLOC|SHF_MERGE|SHF_STRINGS,1
	0x43008a5c		.L.str.6
.rodata.str1.1	0x43008aa7	0x2d	../ek16/libek.a(ek.o)	#SHT_PROGBITS,SHF_ALLOC|SHF_MERGE|SHF_STRINGS,1
	0x43008aa7		.L.str.7
.rodata.str1.1	0x43008ad4	0x31	../ek16/libek.a(ek.o)	#SHT_PROGBITS,SHF_ALLOC|SHF_MERGE|SHF_STRINGS,1
	0x43008ad4		.L.str.8
.rodata.str1.1	0x43008b05	0x22	../ek16/libek.a(ek.o)	#SHT_PROGBITS,SHF_ALLOC|SHF_MERGE|SHF_STRINGS,1
	0x43008b05		.L.str.9
.rodata.str1.1	0x43008b27	0x20	../ek16/libek.a(ek.o)	#SHT_PROGBITS,SHF_ALLOC|SHF_MERGE|SHF_STRINGS,1
	0x43008b27		.L.str.10
.rodata.str1.1	0x43008b47	0x24	../ek16/libek.a(ek.o)	#SHT_PROGBITS,SHF_ALLOC|SHF_MERGE|SHF_STRINGS,1
	0x43008b47		.L.str.11
.rodata.str1.1	0x43008b6b	0x7	../ek16/libek.a(ek.o)	#SHT_PROGBITS,SHF_ALLOC|SHF_MERGE|SHF_STRINGS,1
	0x43008b6b		.L.str.12
.rodata.str1.1	0x43008b72	0x3	../ek16/libek.a(ek.o)	#SHT_PROGBITS,SHF_ALLOC|SHF_MERGE|SHF_STRINGS,1
	0x43008b72		.L.str.13
.rodata.str1.1	0x43008b75	0x14	../ek16/libek.a(ek.o)	#SHT_PROGBITS,SHF_ALLOC|SHF_MERGE|SHF_STRINGS,1
	0x43008b75		.L.str.15
.rodata.str1.1	0x43008b89	0x1a	../ek16/libek.a(ek.o)	#SHT_PROGBITS,SHF_ALLOC|SHF_MERGE|SHF_STRINGS,1
	0x43008b89		.L.str.16
.rodata.str1.1	0x43008ba3	0x18	../ek16/libek.a(ek.o)	#SHT_PROGBITS,SHF_ALLOC|SHF_MERGE|SHF_STRINGS,1
	0x43008ba3		.L.str.17
.rodata.str1.1	0x43008bbb	0x1a	../ek16/libek.a(ek.o)	#SHT_PROGBITS,SHF_ALLOC|SHF_MERGE|SHF_STRINGS,1
	0x43008bbb		.L.str.18
.rodata.str1.1	0x43008bd5	0x14	../ek16/libek.a(ek.o)	#SHT_PROGBITS,SHF_ALLOC|SHF_MERGE|SHF_STRINGS,1
	0x43008bd5		.L.str.19
.rodata.str1.1	0x43008be9	0xf	../ek16/libek.a(ek.o)	#SHT_PROGBITS,SHF_ALLOC|SHF_MERGE|SHF_STRINGS,1
	0x43008be9		.L.str.20
.rodata.str1.1	0x43008bf8	0x1d	../ek16/libek.a(ek.o)	#SHT_PROGBITS,SHF_ALLOC|SHF_MERGE|SHF_STRINGS,1
	0x43008bf8		.L.str.21
.rodata.str1.1	0x43008c15	0x18	../ek16/libek.a(ek.o)	#SHT_PROGBITS,SHF_ALLOC|SHF_MERGE|SHF_STRINGS,1
	0x43008c15		.L.str.22
.rodata.str1.1	0x43008c2d	0x5	../ek16/libek.a(ek.o)	#SHT_PROGBITS,SHF_ALLOC|SHF_MERGE|SHF_STRINGS,1
.rodata.str1.1	0x43008c32	0x21	../ek16/libek.a(ek.o)	#SHT_PROGBITS,SHF_ALLOC|SHF_MERGE|SHF_STRINGS,1
	0x43008c32		.L.str.24
.rodata.str1.1	0x43008c53	0x2	../ek16/libek.a(ek.o)	#SHT_PROGBITS,SHF_ALLOC|SHF_MERGE|SHF_STRINGS,1
	0x43008c53		.L.str.25
.rodata.str1.1	0x43008c55	0x6	../ek16/libek.a(ek.o)	#SHT_PROGBITS,SHF_ALLOC|SHF_MERGE|SHF_STRINGS,1
	0x43008c55		.L.str.26
.rodata.str1.1	0x43008c5b	0x1	../ek16/libek.a(ek.o)	#SHT_PROGBITS,SHF_ALLOC|SHF_MERGE|SHF_STRINGS,1
	0x43008c5b		.L.str.27
.rodata.str1.1	0x43008c5c	0x11	../ek16/libek.a(ek.o)	#SHT_PROGBITS,SHF_ALLOC|SHF_MERGE|SHF_STRINGS,1
	0x43008c5c		.L.str.28
.rodata.str1.1	0x43008c6d	0xe	../ek16/libek.a(ek.o)	#SHT_PROGBITS,SHF_ALLOC|SHF_MERGE|SHF_STRINGS,1
	0x43008c6d		.L.str.29
.rodata.str1.1	0x43008c7b	0x2	../ek16/libek.a(kermit.o)	#SHT_PROGBITS,SHF_ALLOC|SHF_MERGE|SHF_STRINGS,1
	0x43008c7b		.L.str.1
.rodata.str1.1	0x43008c7d	0x2	../ek16/libek.a(kermit.o)	#SHT_PROGBITS,SHF_ALLOC|SHF_MERGE|SHF_STRINGS,1
	0x43008c7d		.L.str.2
.rodata.str1.1	0x43008c7f	0x11	../ek16/libek.a(kermit.o)	#SHT_PROGBITS,SHF_ALLOC|SHF_MERGE|SHF_STRINGS,1
	0x43008c7f		.L.str.3
.rodata.str1.1	0x43008c90	0x17	../ek16/libek.a(kermit.o)	#SHT_PROGBITS,SHF_ALLOC|SHF_MERGE|SHF_STRINGS,1
	0x43008c90		.L.str.4
.rodata.str1.1	0x43008ca7	0xf	../ek16/libek.a(kermit.o)	#SHT_PROGBITS,SHF_ALLOC|SHF_MERGE|SHF_STRINGS,1
	0x43008ca7		.L.str.5
.rodata.str1.1	0x43008cb6	0x2	../ek16/libek.a(kermit.o)	#SHT_PROGBITS,SHF_ALLOC|SHF_MERGE|SHF_STRINGS,1
	0x43008cb6		.L.str.6
.rodata.str1.1	0x43008cb8	0x20	../ek16/libek.a(kermit.o)	#SHT_PROGBITS,SHF_ALLOC|SHF_MERGE|SHF_STRINGS,1
	0x43008cb8		.L.str.7
.rodata.str1.1	0x43008cd8	0x13	../ek16/libek.a(kermit.o)	#SHT_PROGBITS,SHF_ALLOC|SHF_MERGE|SHF_STRINGS,1
	0x43008cd8		.L.str.8
.rodata.str1.1	0x43008ceb	0x19	../ek16/libek.a(kermit.o)	#SHT_PROGBITS,SHF_ALLOC|SHF_MERGE|SHF_STRINGS,1
	0x43008ceb		.L.str.9
.rodata.str1.1	0x43008d04	0x11	../ek16/libek.a(kermit.o)	#SHT_PROGBITS,SHF_ALLOC|SHF_MERGE|SHF_STRINGS,1
	0x43008d04		.L.str.10
.rodata.str1.1	0x43008d15	0x6	../ek16/libek.a(920xio.o)	#SHT_PROGBITS,SHF_ALLOC|SHF_MERGE|SHF_STRINGS,1
	0x43008d15		.L.str
.rodata.str1.1	0x43008d1b	0x1c	../ek16/libek.a(920xio.o)	#SHT_PROGBITS,SHF_ALLOC|SHF_MERGE|SHF_STRINGS,1
	0x43008d1b		.L.str.3
PADDING_ALIGNMENT	0x43008d37	0x1	0x0
.rodata.cst16	0x43008d38	0x10	C:\Users\nikol\projects\quectel\development\customer\threadx\tools\LLVM\4.0.3\armv7m-none-eabi\libc\lib/libc.a(setlocale.o)	#SHT_PROGBITS,SHF_ALLOC|SHF_MERGE,4
	0x43008d38		$d
.rodata.str1.1	0x43008d48	0x18	C:\Users\nikol\projects\quectel\development\customer\threadx\tools\LLVM\4.0.3\armv7m-none-eabi\libc\lib/libc.a(getopt.o)	#SHT_PROGBITS,SHF_ALLOC|SHF_MERGE|SHF_STRINGS,1
.rodata.str1.1	0x43008d60	0x20	C:\Users\nikol\projects\quectel\development\customer\threadx\tools\LLVM\4.0.3\armv7m-none-eabi\libc\lib/libc.a(getopt.o)	#SHT_PROGBITS,SHF_ALLOC|SHF_MERGE|SHF_STRINGS,1
.rodata.stderr	0x43008d80	0x4	C:\Users\nikol\projects\quectel\development\customer\threadx\tools\LLVM\4.0.3\armv7m-none-eabi\libc\lib/libc.a(stderr.o)	#SHT_PROGBITS,SHF_ALLOC,4
	0x43008d80		$d
	0x43008d80		stderr
.rodata.str1.1	0x43008d84	0x7	C:\Users\nikol\projects\quectel\development\customer\threadx\tools\LLVM\4.0.3\armv7m-none-eabi\libc\lib/libc.a(locale_map.o)	#SHT_PROGBITS,SHF_ALLOC|SHF_MERGE|SHF_STRINGS,1
.rodata.str1.1	0x43008d8b	0x5	C:\Users\nikol\projects\quectel\development\customer\threadx\tools\LLVM\4.0.3\armv7m-none-eabi\libc\lib/libc.a(locale_map.o)	#SHT_PROGBITS,SHF_ALLOC|SHF_MERGE|SHF_STRINGS,1
.rodata.str1.1	0x43008d90	0x8	C:\Users\nikol\projects\quectel\development\customer\threadx\tools\LLVM\4.0.3\armv7m-none-eabi\libc\lib/libc.a(locale_map.o)	#SHT_PROGBITS,SHF_ALLOC|SHF_MERGE|SHF_STRINGS,1
.rodata.str1.1	0x43008d98	0x6	C:\Users\nikol\projects\quectel\development\customer\threadx\tools\LLVM\4.0.3\armv7m-none-eabi\libc\lib/libc.a(locale_map.o)	#SHT_PROGBITS,SHF_ALLOC|SHF_MERGE|SHF_STRINGS,1
.rodata.str1.1	0x43008d9e	0xd	C:\Users\nikol\projects\quectel\development\customer\threadx\tools\LLVM\4.0.3\armv7m-none-eabi\libc\lib/libc.a(locale_map.o)	#SHT_PROGBITS,SHF_ALLOC|SHF_MERGE|SHF_STRINGS,1
.rodata.envvars	0x43008dab	0x48	C:\Users\nikol\projects\quectel\development\customer\threadx\tools\LLVM\4.0.3\armv7m-none-eabi\libc\lib/libc.a(locale_map.o)	#SHT_PROGBITS,SHF_ALLOC,1
	0x43008dab		envvars
PADDING_ALIGNMENT	0x43008df3	0x1	0x0
.rodata.__fsmu8	0x43008df4	0xcc	C:\Users\nikol\projects\quectel\development\customer\threadx\tools\LLVM\4.0.3\armv7m-none-eabi\libc\lib/libc.a(internal.o)	#SHT_PROGBITS,SHF_ALLOC,4
	0x43008df4		$d
	0x43008df4		__fsmu8
.rodata.str1.1	0x43008ec0	0xa	C:\Users\nikol\projects\quectel\development\customer\threadx\tools\LLVM\4.0.3\armv7m-none-eabi\libc\lib/libc.a(vfprintf.o)	#SHT_PROGBITS,SHF_ALLOC|SHF_MERGE|SHF_STRINGS,1
.rodata.states	0x43008eca	0x1d0	C:\Users\nikol\projects\quectel\development\customer\threadx\tools\LLVM\4.0.3\armv7m-none-eabi\libc\lib/libc.a(vfprintf.o)	#SHT_PROGBITS,SHF_ALLOC,1
	0x43008eca		states
.rodata.cst16	0x4300909a	0x10	C:\Users\nikol\projects\quectel\development\customer\threadx\tools\LLVM\4.0.3\armv7m-none-eabi\libc\lib/libc.a(vfprintf.o)	#SHT_PROGBITS,SHF_ALLOC|SHF_MERGE,1
	0x4300909a		xdigits
PADDING_ALIGNMENT	0x430090aa	0x2	0x0
.rodata.str1.4	0x430090ac	0x14	C:\Users\nikol\projects\quectel\development\customer\threadx\tools\LLVM\4.0.3\armv7m-none-eabi\libc\lib/libc.a(vfprintf.o)	#SHT_PROGBITS,SHF_ALLOC|SHF_MERGE|SHF_STRINGS,4
	0x430090ac		$d
.rodata..Lvsnprintf_full.f	0x430090c0	0x90	C:\Users\nikol\projects\quectel\development\customer\threadx\tools\LLVM\4.0.3\armv7m-none-eabi\libc\lib/libc.a(vsnprintf.o)	#SHT_PROGBITS,SHF_ALLOC,8
	0x430090c0		$d
.rodata.str1.1	0x43009150	0x58	C:\Users\nikol\projects\quectel\development\customer\threadx\tools\LLVM\4.0.3\armv7m-none-eabi\libc\lib/libc.a(strerror.o)	#SHT_PROGBITS,SHF_ALLOC|SHF_MERGE|SHF_STRINGS,1
	0x43009150		errid
.rodata.errmsg	0x430091a8	0x70c	C:\Users\nikol\projects\quectel\development\customer\threadx\tools\LLVM\4.0.3\armv7m-none-eabi\libc\lib/libc.a(strerror.o)	#SHT_PROGBITS,SHF_ALLOC,1
	0x430091a8		errmsg
.rodata.empty_mo	0x430098b4	0x14	C:\Users\nikol\projects\quectel\development\customer\threadx\tools\LLVM\4.0.3\armv7m-none-eabi\libc\lib/libc.a(c_locale.o)	#SHT_PROGBITS,SHF_ALLOC,4
	0x430098b4		empty_mo
	0x430098b4		$d
.rodata.__c_dot_utf8	0x430098c8	0x1c	C:\Users\nikol\projects\quectel\development\customer\threadx\tools\LLVM\4.0.3\armv7m-none-eabi\libc\lib/libc.a(c_locale.o)	#SHT_PROGBITS,SHF_ALLOC,4
	0x430098c8		$d
	0x430098c8		__c_dot_utf8
	Image$$ER_RO$$Limit(0x430098e4) = .( 0x430098e4 );
Image$$ER_RO$$Length(0x98e4) = Image$$ER_RO$$Limit( 0x430098e4 ) - Image$$ER_RO$$Base( 0x43000000 );

ER_RW	0x430098f0	0x170 # Offset: 0x9950, LMA: 0x430098f0
	Image$$ER_RW$$Base(0x430098f0) = .( 0x430098f0 );
KEEP (*(.data .data.* ))
.data	0x430098f0	0x14	out/common/src/cli.o	#SHT_PROGBITS,SHF_ALLOC|SHF_WRITE,16
	0x430098f0		CLI_CMD_HELP
	0x430098f4		CLI_CMD_MEMINFO
	0x430098f8		CLI_CMD_LS
	0x430098fc		CLI_CMD_CAT
	0x43009900		CLI_CMD_RM
.data	0x43009904	0x14	../ek16/libek.a(ek.o)	#SHT_PROGBITS,SHF_ALLOC|SHF_WRITE,4
	0x43009904		xname
	0x43009908		ftype
	0x4300990c		fmode
	0x43009910		check
	0x43009914		remote
PADDING_ALIGNMENT	0x43009918	0x8	0x0
.data..L_MergedGlobals	0x43009920	0x70	C:\Users\nikol\projects\quectel\development\customer\threadx\tools\LLVM\4.0.3\armv7m-none-eabi\libc\lib/libc.a(setlocale.o)	#SHT_PROGBITS,SHF_ALLOC|SHF_WRITE,16
	0x43009920		$d
	0x43009920		setlocale.lock
	0x43009928		buf
.data..L_MergedGlobals	0x43009990	0xc	C:\Users\nikol\projects\quectel\development\customer\threadx\tools\LLVM\4.0.3\armv7m-none-eabi\libc\lib/libc.a(getopt.o)	#SHT_PROGBITS,SHF_ALLOC|SHF_WRITE,4
	0x43009990		$d
	0x43009990		optind
	0x43009994		opterr
	0x43009998		optreset
	0x43009998		__optreset
PADDING_ALIGNMENT	0x4300999c	0x4	0x0
.data.f	0x430099a0	0x90	C:\Users\nikol\projects\quectel\development\customer\threadx\tools\LLVM\4.0.3\armv7m-none-eabi\libc\lib/libc.a(stderr.o)	#SHT_PROGBITS,SHF_ALLOC|SHF_WRITE,8
	0x430099a0		f
	0x430099a0		$d
.data.__stderr_used	0x43009a30	0x4	C:\Users\nikol\projects\quectel\development\customer\threadx\tools\LLVM\4.0.3\armv7m-none-eabi\libc\lib/libc.a(stderr.o)	#SHT_PROGBITS,SHF_ALLOC|SHF_WRITE,4
	0x43009a30		$d
	0x43009a30		__stderr_used
.data.buf	0x43009a34	0x8	C:\Users\nikol\projects\quectel\development\customer\threadx\tools\LLVM\4.0.3\armv7m-none-eabi\libc\lib/libc.a(stderr.o)	#SHT_PROGBITS,SHF_ALLOC|SHF_WRITE,1
	0x43009a34		buf
	0x43009a34		$d
.data.strtok.p	0x43009a3c	0x4	C:\Users\nikol\projects\quectel\development\customer\threadx\tools\LLVM\4.0.3\armv7m-none-eabi\libc\lib/libc.a(strtok.o)	#SHT_PROGBITS,SHF_ALLOC|SHF_WRITE,4
	0x43009a3c		strtok.p
	0x43009a3c		$d
.data.__progname	0x43009a40	0x4	C:\Users\nikol\projects\quectel\development\customer\threadx\tools\LLVM\4.0.3\armv7m-none-eabi\libc\lib/libc.a(libc.o)	#SHT_PROGBITS,SHF_ALLOC|SHF_WRITE,4
	0x43009a40		$d
	0x43009a40		__progname
	0x43009a40		program_invocation_short_name
.data.__progname_full	0x43009a44	0x4	C:\Users\nikol\projects\quectel\development\customer\threadx\tools\LLVM\4.0.3\armv7m-none-eabi\libc\lib/libc.a(libc.o)	#SHT_PROGBITS,SHF_ALLOC|SHF_WRITE,4
	0x43009a44		$d
	0x43009a44		__progname_full
	0x43009a44		program_invocation_name
.data..L_MergedGlobals	0x43009a48	0xc	C:\Users\nikol\projects\quectel\development\customer\threadx\tools\LLVM\4.0.3\armv7m-none-eabi\libc\lib/libc.a(locale_map.o)	#SHT_PROGBITS,SHF_ALLOC|SHF_WRITE,4
	0x43009a48		$d
	0x43009a48		__get_locale.loc_head
	0x43009a4c		__get_locale.lock
.data.dummy_file	0x43009a54	0x4	C:\Users\nikol\projects\quectel\development\customer\threadx\tools\LLVM\4.0.3\armv7m-none-eabi\libc\lib/libc.a(__stdio_exit.o)	#SHT_PROGBITS,SHF_ALLOC|SHF_WRITE,4
	0x43009a54		dummy_file
	0x43009a54		$d
	0x43009a54		__stdin_used
	0x43009a54		__stdout_used
.data.ofl_head	0x43009a58	0x4	C:\Users\nikol\projects\quectel\development\customer\threadx\tools\LLVM\4.0.3\armv7m-none-eabi\libc\lib/libc.a(ofl.o)	#SHT_PROGBITS,SHF_ALLOC|SHF_WRITE,4
	0x43009a58		ofl_head
	0x43009a58		$d
.data.__environ	0x43009a5c	0x4	C:\Users\nikol\projects\quectel\development\customer\threadx\tools\LLVM\4.0.3\armv7m-none-eabi\libc\lib/libc.a(__environ.o)	#SHT_PROGBITS,SHF_ALLOC|SHF_WRITE,4
	0x43009a5c		$d
	0x43009a5c		__environ
	0x43009a5c		___environ
	0x43009a5c		_environ
	0x43009a5c		environ
	Image$$ER_RW$$Limit(0x43009a60) = .( 0x43009a60 );
Image$$ER_RW$$Length(0x170) = Image$$ER_RW$$Limit( 0x43009a60 ) - Image$$ER_RW$$Base( 0x430098f0 );

ER_ZI	0x43009a60	0xa49b8 # Offset: 0x9ac0, LMA: 0x43009a60
	Image$$ER_ZI$$Base(0x43009a60) = .( 0x43009a60 );
*(.bss* .bss.* .common COMMON )
	0x43009a60	0x400	out/common/src/retarget.o	#SHT_NOBITS,SHF_ALLOC|SHF_WRITE,8
	0x43009a60		bytes
	0x43009e60	0x400	out/common/src/retarget.o	#SHT_NOBITS,SHF_ALLOC|SHF_WRITE,8
	0x43009e60		recv_queue_mem
	0x4300a260	0x2004	out/common/src/retarget.o	#SHT_NOBITS,SHF_ALLOC|SHF_WRITE,8
	0x4300a260		in_buffer
	0x4300c264	0x4	out/common/src/retarget.o	#SHT_NOBITS,SHF_ALLOC|SHF_WRITE,8
	0x4300c264		out_tx_done_sem
	0x4300c268	0x4	out/common/src/retarget.o	#SHT_NOBITS,SHF_ALLOC|SHF_WRITE,8
	0x4300c268		out_tx_mutex
	0x4300c26c	0x4	out/common/src/retarget.o	#SHT_NOBITS,SHF_ALLOC|SHF_WRITE,8
	0x4300c26c		recv_queue
	0x4300c270	0x80000	out/common/src/malloc.o	#SHT_NOBITS,SHF_ALLOC|SHF_WRITE,8
	0x4300c270		mem_heap
	0x4308c270	0x4	out/common/src/malloc.o	#SHT_NOBITS,SHF_ALLOC|SHF_WRITE,8
	0x4308c270		byte_malloc_mem_pool
	0x4308c274	0x4	../../../../Quectel_BG96_QuecOpen_SDK_Package_V3.0.1-AUS/SDK/libs/llvm\txm_lib.lib(txm_module_thread_shell_entry.o)	#SHT_NOBITS,SHF_ALLOC|SHF_WRITE,8
	0x4308c274		_txm_module_entry_info
	0x4308c278	0x4	../../../../Quectel_BG96_QuecOpen_SDK_Package_V3.0.1-AUS/SDK/libs/llvm\txm_lib.lib(txm_module_thread_shell_entry.o)	#SHT_NOBITS,SHF_ALLOC|SHF_WRITE,8
[...]
	0x1aeb		
.debug_str	0xea79	0xd	../../../../Quectel_BG96_QuecOpen_SDK_Package_V3.0.1-AUS/SDK/libs/llvm\txm_lib.lib(txm_module_callback_request_thread_entry.o)	#SHT_PROGBITS,SHF_MERGE|SHF_STRINGS,1
	0x1aff		
.debug_str	0xea86	0x18	../../../../Quectel_BG96_QuecOpen_SDK_Package_V3.0.1-AUS/SDK/libs/llvm\txm_lib.lib(txm_module_callback_request_thread_entry.o)	#SHT_PROGBITS,SHF_MERGE|SHF_STRINGS,1
	0x1b0c		
.debug_str	0xea9e	0x2a	../../../../Quectel_BG96_QuecOpen_SDK_Package_V3.0.1-AUS/SDK/libs/llvm\txm_lib.lib(txm_module_callback_request_thread_entry.o)	#SHT_PROGBITS,SHF_MERGE|SHF_STRINGS,1
	0x1b24		
.debug_str	0xeac8	0x3	../../../../Quectel_BG96_QuecOpen_SDK_Package_V3.0.1-AUS/SDK/libs/llvm\txm_lib.lib(txm_module_callback_request_thread_entry.o)	#SHT_PROGBITS,SHF_MERGE|SHF_STRINGS,1
	0x1b4e		
.debug_str	0xeacb	0x7	../../../../Quectel_BG96_QuecOpen_SDK_Package_V3.0.1-AUS/SDK/libs/llvm\txm_lib.lib(txm_module_callback_request_thread_entry.o)	#SHT_PROGBITS,SHF_MERGE|SHF_STRINGS,1
	0x1b51		
.debug_str	0xead2	0xf	../../../../Quectel_BG96_QuecOpen_SDK_Package_V3.0.1-AUS/SDK/libs/llvm\txm_lib.lib(txm_module_callback_request_thread_entry.o)	#SHT_PROGBITS,SHF_MERGE|SHF_STRINGS,1
	0x1b58		
.debug_str	0xeae1	0x19	../../../../Quectel_BG96_QuecOpen_SDK_Package_V3.0.1-AUS/SDK/libs/llvm\txm_lib.lib(txm_module_callback_request_thread_entry.o)	#SHT_PROGBITS,SHF_MERGE|SHF_STRINGS,1
	0x1b67		
.debug_str	0xeafa	0x12	../../../../Quectel_BG96_QuecOpen_SDK_Package_V3.0.1-AUS/SDK/libs/llvm\txm_lib.lib(txm_module_callback_request_thread_entry.o)	#SHT_PROGBITS,SHF_MERGE|SHF_STRINGS,1
	0x1b80		
.debug_str	0xeb0c	0xe	../../../../Quectel_BG96_QuecOpen_SDK_Package_V3.0.1-AUS/SDK/libs/llvm\txm_lib.lib(txm_module_callback_request_thread_entry.o)	#SHT_PROGBITS,SHF_MERGE|SHF_STRINGS,1
	0x1b92		
.debug_str	0xeb1a	0xf	../../../../Quectel_BG96_QuecOpen_SDK_Package_V3.0.1-AUS/SDK/libs/llvm\txm_lib.lib(txm_module_callback_request_thread_entry.o)	#SHT_PROGBITS,SHF_MERGE|SHF_STRINGS,1
	0x1ba0		
.debug_str	0xeb29	0x11	../../../../Quectel_BG96_QuecOpen_SDK_Package_V3.0.1-AUS/SDK/libs/llvm\txm_lib.lib(txm_module_callback_request_thread_entry.o)	#SHT_PROGBITS,SHF_MERGE|SHF_STRINGS,1
	0x1baf		
.debug_str	0xeb3a	0x24	../../../../Quectel_BG96_QuecOpen_SDK_Package_V3.0.1-AUS/SDK/libs/llvm\txm_lib.lib(txm_module_callback_request_thread_entry.o)	#SHT_PROGBITS,SHF_MERGE|SHF_STRINGS,1
	0x1bc0		
.debug_str	0xeb5e	0x1a	../../../../Quectel_BG96_QuecOpen_SDK_Package_V3.0.1-AUS/SDK/libs/llvm\txm_lib.lib(txm_module_callback_request_thread_entry.o)	#SHT_PROGBITS,SHF_MERGE|SHF_STRINGS,1
	0x1be4		
.debug_str	0xeb78	0x22	../../../../Quectel_BG96_QuecOpen_SDK_Package_V3.0.1-AUS/SDK/libs/llvm\txm_lib.lib(txm_module_callback_request_thread_entry.o)	#SHT_PROGBITS,SHF_MERGE|SHF_STRINGS,1
	0x1bfe		
.debug_str	0xeb9a	0x1e	../../../../Quectel_BG96_QuecOpen_SDK_Package_V3.0.1-AUS/SDK/libs/llvm\txm_lib.lib(txm_module_callback_request_thread_entry.o)	#SHT_PROGBITS,SHF_MERGE|SHF_STRINGS,1
	0x1c20		
.debug_str	0xebb8	0x25	../../../../Quectel_BG96_QuecOpen_SDK_Package_V3.0.1-AUS/SDK/libs/llvm\txm_lib.lib(txm_module_callback_request_thread_entry.o)	#SHT_PROGBITS,SHF_MERGE|SHF_STRINGS,1
	0x1c3e		
.debug_str	0xebdd	0x24	../../../../Quectel_BG96_QuecOpen_SDK_Package_V3.0.1-AUS/SDK/libs/llvm\txm_lib.lib(txm_module_callback_request_thread_entry.o)	#SHT_PROGBITS,SHF_MERGE|SHF_STRINGS,1
	0x1c63		
.debug_str	0xec01	0x22	../../../../Quectel_BG96_QuecOpen_SDK_Package_V3.0.1-AUS/SDK/libs/llvm\txm_lib.lib(txm_module_callback_request_thread_entry.o)	#SHT_PROGBITS,SHF_MERGE|SHF_STRINGS,1
	0x1c87		
.debug_str	0xec23	0x29	../../../../Quectel_BG96_QuecOpen_SDK_Package_V3.0.1-AUS/SDK/libs/llvm\txm_lib.lib(txm_module_callback_request_thread_entry.o)	#SHT_PROGBITS,SHF_MERGE|SHF_STRINGS,1
	0x1ca9		
.debug_str	0xec4c	0x19	../../../../Quectel_BG96_QuecOpen_SDK_Package_V3.0.1-AUS/SDK/libs/llvm\txm_lib.lib(txm_module_callback_request_thread_entry.o)	#SHT_PROGBITS,SHF_MERGE|SHF_STRINGS,1
	0x1cd2		
.debug_str	0xec65	0x1f	../../../../Quectel_BG96_QuecOpen_SDK_Package_V3.0.1-AUS/SDK/libs/llvm\txm_lib.lib(txm_module_callback_request_thread_entry.o)	#SHT_PROGBITS,SHF_MERGE|SHF_STRINGS,1
	0x1ceb		
.debug_str	0xec84	0x17	../../../../Quectel_BG96_QuecOpen_SDK_Package_V3.0.1-AUS/SDK/libs/llvm\txm_lib.lib(txm_module_callback_request_thread_entry.o)	#SHT_PROGBITS,SHF_MERGE|SHF_STRINGS,1
	0x1d0a		
.debug_str	0xec9b	0x1c	../../../../Quectel_BG96_QuecOpen_SDK_Package_V3.0.1-AUS/SDK/libs/llvm\txm_lib.lib(txm_module_callback_request_thread_entry.o)	#SHT_PROGBITS,SHF_MERGE|SHF_STRINGS,1
	0x1d21		
.debug_str	0xecb7	0x1c	../../../../Quectel_BG96_QuecOpen_SDK_Package_V3.0.1-AUS/SDK/libs/llvm\txm_lib.lib(txm_module_callback_request_thread_entry.o)	#SHT_PROGBITS,SHF_MERGE|SHF_STRINGS,1
	0x1d3d		
.debug_str	0xecd3	0x19	../../../../Quectel_BG96_QuecOpen_SDK_Package_V3.0.1-AUS/SDK/libs/llvm\txm_lib.lib(txm_module_callback_request_thread_entry.o)	#SHT_PROGBITS,SHF_MERGE|SHF_STRINGS,1
	0x1d59		
.debug_str	0xecec	0x1d	../../../../Quectel_BG96_QuecOpen_SDK_Package_V3.0.1-AUS/SDK/libs/llvm\txm_lib.lib(txm_module_callback_request_thread_entry.o)	#SHT_PROGBITS,SHF_MERGE|SHF_STRINGS,1
	0x1d72		
.debug_str	0xed09	0x21	../../../../Quectel_BG96_QuecOpen_SDK_Package_V3.0.1-AUS/SDK/libs/llvm\txm_lib.lib(txm_module_callback_request_thread_entry.o)	#SHT_PROGBITS,SHF_MERGE|SHF_STRINGS,1
	0x1d8f		
.debug_str	0xed2a	0x25	../../../../Quectel_BG96_QuecOpen_SDK_Package_V3.0.1-AUS/SDK/libs/llvm\txm_lib.lib(txm_module_callback_request_thread_entry.o)	#SHT_PROGBITS,SHF_MERGE|SHF_STRINGS,1
	0x1db0		
.debug_str	0xed4f	0x1c	../../../../Quectel_BG96_QuecOpen_SDK_Package_V3.0.1-AUS/SDK/libs/llvm\txm_lib.lib(txm_module_callback_request_thread_entry.o)	#SHT_PROGBITS,SHF_MERGE|SHF_STRINGS,1
	0x1dd5		
.debug_str	0xed6b	0x1c	../../../../Quectel_BG96_QuecOpen_SDK_Package_V3.0.1-AUS/SDK/libs/llvm\txm_lib.lib(txm_module_callback_request_thread_entry.o)	#SHT_PROGBITS,SHF_MERGE|SHF_STRINGS,1
	0x1df1		
.debug_str	0xed87	0x1c	../../../../Quectel_BG96_QuecOpen_SDK_Package_V3.0.1-AUS/SDK/libs/llvm\txm_lib.lib(txm_module_callback_request_thread_entry.o)	#SHT_PROGBITS,SHF_MERGE|SHF_STRINGS,1
	0x1e0d		
.debug_str	0xeda3	0x1c	../../../../Quectel_BG96_QuecOpen_SDK_Package_V3.0.1-AUS/SDK/libs/llvm\txm_lib.lib(txm_module_callback_request_thread_entry.o)	#SHT_PROGBITS,SHF_MERGE|SHF_STRINGS,1
	0x1e29		
.debug_str	0xedbf	0x1c	../../../../Quectel_BG96_QuecOpen_SDK_Package_V3.0.1-AUS/SDK/libs/llvm\txm_lib.lib(txm_module_callback_request_thread_entry.o)	#SHT_PROGBITS,SHF_MERGE|SHF_STRINGS,1
	0x1e45		
.debug_str	0xeddb	0x1c	../../../../Quectel_BG96_QuecOpen_SDK_Package_V3.0.1-AUS/SDK/libs/llvm\txm_lib.lib(txm_module_callback_request_thread_entry.o)	#SHT_PROGBITS,SHF_MERGE|SHF_STRINGS,1
	0x1e61		
.debug_str	0xedf7	0x1b	../../../../Quectel_BG96_QuecOpen_SDK_Package_V3.0.1-AUS/SDK/libs/llvm\txm_lib.lib(txm_module_callback_request_thread_entry.o)	#SHT_PROGBITS,SHF_MERGE|SHF_STRINGS,1
	0x1e7d		
.debug_str	0xee12	0x14	../../../../Quectel_BG96_QuecOpen_SDK_Package_V3.0.1-AUS/SDK/libs/llvm\txm_lib.lib(txm_module_callback_request_thread_entry.o)	#SHT_PROGBITS,SHF_MERGE|SHF_STRINGS,1
	0x1e98		
.debug_str	0xee26	0x30	../../../../Quectel_BG96_QuecOpen_SDK_Package_V3.0.1-AUS/SDK/libs/llvm\txm_lib.lib(txm_module_callback_request_thread_entry.o)	#SHT_PROGBITS,SHF_MERGE|SHF_STRINGS,1
	0x1eac		
.debug_str	0xee56	0x23	../../../../Quectel_BG96_QuecOpen_SDK_Package_V3.0.1-AUS/SDK/libs/llvm\txm_lib.lib(txm_module_callback_request_thread_entry.o)	#SHT_PROGBITS,SHF_MERGE|SHF_STRINGS,1
	0x1edc		
.debug_str	0xee79	0x23	../../../../Quectel_BG96_QuecOpen_SDK_Package_V3.0.1-AUS/SDK/libs/llvm\txm_lib.lib(txm_module_callback_request_thread_entry.o)	#SHT_PROGBITS,SHF_MERGE|SHF_STRINGS,1
	0x1eff		
.debug_str	0xee9c	0x20	../../../../Quectel_BG96_QuecOpen_SDK_Package_V3.0.1-AUS/SDK/libs/llvm\txm_lib.lib(txm_module_callback_request_thread_entry.o)	#SHT_PROGBITS,SHF_MERGE|SHF_STRINGS,1
	0x1f22		
.debug_str	0xeebc	0x29	../../../../Quectel_BG96_QuecOpen_SDK_Package_V3.0.1-AUS/SDK/libs/llvm\txm_lib.lib(txm_module_callback_request_thread_entry.o)	#SHT_PROGBITS,SHF_MERGE|SHF_STRINGS,1
	0x1f42		
.debug_str	0xeee5	0x25	../../../../Quectel_BG96_QuecOpen_SDK_Package_V3.0.1-AUS/SDK/libs/llvm\txm_lib.lib(txm_module_callback_request_thread_entry.o)	#SHT_PROGBITS,SHF_MERGE|SHF_STRINGS,1
	0x1f6b		
.debug_str	0xef0a	0x25	../../../../Quectel_BG96_QuecOpen_SDK_Package_V3.0.1-AUS/SDK/libs/llvm\txm_lib.lib(txm_module_callback_request_thread_entry.o)	#SHT_PROGBITS,SHF_MERGE|SHF_STRINGS,1
	0x1f90		
.debug_str	0xef2f	0x28	../../../../Quectel_BG96_QuecOpen_SDK_Package_V3.0.1-AUS/SDK/libs/llvm\txm_lib.lib(txm_module_callback_request_thread_entry.o)	#SHT_PROGBITS,SHF_MERGE|SHF_STRINGS,1
	0x1fb5		
.debug_str	0xef57	0x2c	../../../../Quectel_BG96_QuecOpen_SDK_Package_V3.0.1-AUS/SDK/libs/llvm\txm_lib.lib(txm_module_callback_request_thread_entry.o)	#SHT_PROGBITS,SHF_MERGE|SHF_STRINGS,1
	0x1fdd		
.debug_str	0xef83	0x23	../../../../Quectel_BG96_QuecOpen_SDK_Package_V3.0.1-AUS/SDK/libs/llvm\txm_lib.lib(txm_module_callback_request_thread_entry.o)	#SHT_PROGBITS,SHF_MERGE|SHF_STRINGS,1
	0x2009		
.debug_str	0xefa6	0x23	../../../../Quectel_BG96_QuecOpen_SDK_Package_V3.0.1-AUS/SDK/libs/llvm\txm_lib.lib(txm_module_callback_request_thread_entry.o)	#SHT_PROGBITS,SHF_MERGE|SHF_STRINGS,1
	0x202c		
.debug_str	0xefc9	0x23	../../../../Quectel_BG96_QuecOpen_SDK_Package_V3.0.1-AUS/SDK/libs/llvm\txm_lib.lib(txm_module_callback_request_thread_entry.o)	#SHT_PROGBITS,SHF_MERGE|SHF_STRINGS,1
	0x204f		
.debug_str	0xefec	0x23	../../../../Quectel_BG96_QuecOpen_SDK_Package_V3.0.1-AUS/SDK/libs/llvm\txm_lib.lib(txm_module_callback_request_thread_entry.o)	#SHT_PROGBITS,SHF_MERGE|SHF_STRINGS,1
	0x2072		
.debug_str	0xf00f	0x23	../../../../Quectel_BG96_QuecOpen_SDK_Package_V3.0.1-AUS/SDK/libs/llvm\txm_lib.lib(txm_module_callback_request_thread_entry.o)	#SHT_PROGBITS,SHF_MERGE|SHF_STRINGS,1
	0x2095		
.debug_str	0xf032	0x23	../../../../Quectel_BG96_QuecOpen_SDK_Package_V3.0.1-AUS/SDK/libs/llvm\txm_lib.lib(txm_module_callback_request_thread_entry.o)	#SHT_PROGBITS,SHF_MERGE|SHF_STRINGS,1
	0x20b8		
.debug_str	0xf055	0x22	../../../../Quectel_BG96_QuecOpen_SDK_Package_V3.0.1-AUS/SDK/libs/llvm\txm_lib.lib(txm_module_callback_request_thread_entry.o)	#SHT_PROGBITS,SHF_MERGE|SHF_STRINGS,1
	0x20db		
.debug_str	0xf077	0x1b	../../../../Quectel_BG96_QuecOpen_SDK_Package_V3.0.1-AUS/SDK/libs/llvm\txm_lib.lib(txm_module_callback_request_thread_entry.o)	#SHT_PROGBITS,SHF_MERGE|SHF_STRINGS,1
	0x20fd		
.debug_str	0xf092	0x12	../../../../Quectel_BG96_QuecOpen_SDK_Package_V3.0.1-AUS/SDK/libs/llvm\txm_lib.lib(txm_module_callback_request_thread_entry.o)	#SHT_PROGBITS,SHF_MERGE|SHF_STRINGS,1
	0x2118		
.debug_str	0xf0a4	0x15	../../../../Quectel_BG96_QuecOpen_SDK_Package_V3.0.1-AUS/SDK/libs/llvm\txm_lib.lib(txm_module_callback_request_thread_entry.o)	#SHT_PROGBITS,SHF_MERGE|SHF_STRINGS,1
	0x212a		
.debug_str	0xf0b9	0x12	../../../../Quectel_BG96_QuecOpen_SDK_Package_V3.0.1-AUS/SDK/libs/llvm\txm_lib.lib(txm_module_callback_request_thread_entry.o)	#SHT_PROGBITS,SHF_MERGE|SHF_STRINGS,1
	0x213f		
.debug_str	0xf0cb	0xa4	../../../../Quectel_BG96_QuecOpen_SDK_Package_V3.0.1-AUS/SDK/libs/llvm\txm_lib.lib(txm_module_system_call12.o)	#SHT_PROGBITS,SHF_MERGE|SHF_STRINGS,1
	0x2151		
.debug_str	0xf16f	0x1a	../../../../Quectel_BG96_QuecOpen_SDK_Package_V3.0.1-AUS/SDK/libs/llvm\txm_lib.lib(txm_module_system_call12.o)	#SHT_PROGBITS,SHF_MERGE|SHF_STRINGS,1
	0x21f5		
.debug_str	0xf189	0x11	../../../../Quectel_BG96_QuecOpen_SDK_Package_V3.0.1-AUS/SDK/libs/llvm\txm_lib.lib(txm_module_system_call12.o)	#SHT_PROGBITS,SHF_MERGE|SHF_STRINGS,1
	0x220f		
.debug_str	0xf19a	0x8	../../../../Quectel_BG96_QuecOpen_SDK_Package_V3.0.1-AUS/SDK/libs/llvm\txm_lib.lib(txm_module_system_call12.o)	#SHT_PROGBITS,SHF_MERGE|SHF_STRINGS,1
	0x2220		
.debug_str	0xf1a2	0x8	../../../../Quectel_BG96_QuecOpen_SDK_Package_V3.0.1-AUS/SDK/libs/llvm\txm_lib.lib(txm_module_system_call12.o)	#SHT_PROGBITS,SHF_MERGE|SHF_STRINGS,1
	0x2228		
.debug_str	0xf1aa	0x8	../../../../Quectel_BG96_QuecOpen_SDK_Package_V3.0.1-AUS/SDK/libs/llvm\txm_lib.lib(txm_module_system_call12.o)	#SHT_PROGBITS,SHF_MERGE|SHF_STRINGS,1
	0x2230		
.debug_str	0xf1b2	0x8	../../../../Quectel_BG96_QuecOpen_SDK_Package_V3.0.1-AUS/SDK/libs/llvm\txm_lib.lib(txm_module_system_call12.o)	#SHT_PROGBITS,SHF_MERGE|SHF_STRINGS,1
	0x2238		
.debug_str	0xf1ba	0x8	../../../../Quectel_BG96_QuecOpen_SDK_Package_V3.0.1-AUS/SDK/libs/llvm\txm_lib.lib(txm_module_system_call12.o)	#SHT_PROGBITS,SHF_MERGE|SHF_STRINGS,1
	0x2240		
.debug_str	0xf1c2	0x8	../../../../Quectel_BG96_QuecOpen_SDK_Package_V3.0.1-AUS/SDK/libs/llvm\txm_lib.lib(txm_module_system_call12.o)	#SHT_PROGBITS,SHF_MERGE|SHF_STRINGS,1
	0x2248		
.debug_str	0xf1ca	0x8	../../../../Quectel_BG96_QuecOpen_SDK_Package_V3.0.1-AUS/SDK/libs/llvm\txm_lib.lib(txm_module_system_call12.o)	#SHT_PROGBITS,SHF_MERGE|SHF_STRINGS,1
	0x2250		
.debug_str	0xf1d2	0x8	../../../../Quectel_BG96_QuecOpen_SDK_Package_V3.0.1-AUS/SDK/libs/llvm\txm_lib.lib(txm_module_system_call12.o)	#SHT_PROGBITS,SHF_MERGE|SHF_STRINGS,1
	0x2258		
.debug_str	0xf1da	0x8	../../../../Quectel_BG96_QuecOpen_SDK_Package_V3.0.1-AUS/SDK/libs/llvm\txm_lib.lib(txm_module_system_call12.o)	#SHT_PROGBITS,SHF_MERGE|SHF_STRINGS,1
	0x2260		
.debug_str	0xf1e2	0x8	../../../../Quectel_BG96_QuecOpen_SDK_Package_V3.0.1-AUS/SDK/libs/llvm\txm_lib.lib(txm_module_system_call12.o)	#SHT_PROGBITS,SHF_MERGE|SHF_STRINGS,1
	0x2268		
.debug_str	0xf1ea	0x9	../../../../Quectel_BG96_QuecOpen_SDK_Package_V3.0.1-AUS/SDK/libs/llvm\txm_lib.lib(txm_module_system_call12.o)	#SHT_PROGBITS,SHF_MERGE|SHF_STRINGS,1
	0x2270		
.debug_str	0xf1f3	0x9	../../../../Quectel_BG96_QuecOpen_SDK_Package_V3.0.1-AUS/SDK/libs/llvm\txm_lib.lib(txm_module_system_call12.o)	#SHT_PROGBITS,SHF_MERGE|SHF_STRINGS,1
	0x2279		
.debug_str	0xf1fc	0x9	../../../../Quectel_BG96_QuecOpen_SDK_Package_V3.0.1-AUS/SDK/libs/llvm\txm_lib.lib(txm_module_system_call12.o)	#SHT_PROGBITS,SHF_MERGE|SHF_STRINGS,1
	0x2282		
.debug_str	0xf205	0xd	../../../../Quectel_BG96_QuecOpen_SDK_Package_V3.0.1-AUS/SDK/libs/llvm\txm_lib.lib(txm_module_system_call12.o)	#SHT_PROGBITS,SHF_MERGE|SHF_STRINGS,1
	0x228b		
.debug_str	0xf212	0xa3	../../../../Quectel_BG96_QuecOpen_SDK_Package_V3.0.1-AUS/SDK/libs/llvm\txm_lib.lib(txm_module_system_call4.o)	#SHT_PROGBITS,SHF_MERGE|SHF_STRINGS,1
	0x2298		
.debug_str	0xf2b5	0x19	../../../../Quectel_BG96_QuecOpen_SDK_Package_V3.0.1-AUS/SDK/libs/llvm\txm_lib.lib(txm_module_system_call4.o)	#SHT_PROGBITS,SHF_MERGE|SHF_STRINGS,1
	0x233b		
.debug_str	0xf2ce	0xa3	../../../../Quectel_BG96_QuecOpen_SDK_Package_V3.0.1-AUS/SDK/libs/llvm\txm_lib.lib(txm_module_system_call5.o)	#SHT_PROGBITS,SHF_MERGE|SHF_STRINGS,1
	0x2354		
.debug_str	0xf371	0x19	../../../../Quectel_BG96_QuecOpen_SDK_Package_V3.0.1-AUS/SDK/libs/llvm\txm_lib.lib(txm_module_system_call5.o)	#SHT_PROGBITS,SHF_MERGE|SHF_STRINGS,1
	0x23f7		
.debug_str	0xf38a	0xa3	../../../../Quectel_BG96_QuecOpen_SDK_Package_V3.0.1-AUS/SDK/libs/llvm\txm_lib.lib(txm_module_system_call6.o)	#SHT_PROGBITS,SHF_MERGE|SHF_STRINGS,1
	0x2410		
.debug_str	0xf42d	0x19	../../../../Quectel_BG96_QuecOpen_SDK_Package_V3.0.1-AUS/SDK/libs/llvm\txm_lib.lib(txm_module_system_call6.o)	#SHT_PROGBITS,SHF_MERGE|SHF_STRINGS,1
	0x24b3		
.debug_str	0xf446	0xa3	../../../../Quectel_BG96_QuecOpen_SDK_Package_V3.0.1-AUS/SDK/libs/llvm\txm_lib.lib(txm_module_system_call7.o)	#SHT_PROGBITS,SHF_MERGE|SHF_STRINGS,1
	0x24cc		
.debug_str	0xf4e9	0x19	../../../../Quectel_BG96_QuecOpen_SDK_Package_V3.0.1-AUS/SDK/libs/llvm\txm_lib.lib(txm_module_system_call7.o)	#SHT_PROGBITS,SHF_MERGE|SHF_STRINGS,1
	0x256f		

.debug_loc	0xf502	0x40d # Offset: 0xf502
*(.debug_loc )
.debug_loc	0xf502	0x3c	../../../../Quectel_BG96_QuecOpen_SDK_Package_V3.0.1-AUS/SDK/libs/llvm\txm_lib.lib(txm_module_thread_shell_entry.o)	#SHT_PROGBITS,,1
.debug_loc	0xf53e	0x75	../../../../Quectel_BG96_QuecOpen_SDK_Package_V3.0.1-AUS/SDK/libs/llvm\txm_lib.lib(txm_module_callback_request_thread_entry.o)	#SHT_PROGBITS,,1
.debug_loc	0xf5b3	0x118	../../../../Quectel_BG96_QuecOpen_SDK_Package_V3.0.1-AUS/SDK/libs/llvm\txm_lib.lib(txm_module_system_call12.o)	#SHT_PROGBITS,,1
.debug_loc	0xf6cb	0x73	../../../../Quectel_BG96_QuecOpen_SDK_Package_V3.0.1-AUS/SDK/libs/llvm\txm_lib.lib(txm_module_system_call4.o)	#SHT_PROGBITS,,1
.debug_loc	0xf73e	0x87	../../../../Quectel_BG96_QuecOpen_SDK_Package_V3.0.1-AUS/SDK/libs/llvm\txm_lib.lib(txm_module_system_call5.o)	#SHT_PROGBITS,,1
.debug_loc	0xf7c5	0x9b	../../../../Quectel_BG96_QuecOpen_SDK_Package_V3.0.1-AUS/SDK/libs/llvm\txm_lib.lib(txm_module_system_call6.o)	#SHT_PROGBITS,,1
.debug_loc	0xf860	0xaf	../../../../Quectel_BG96_QuecOpen_SDK_Package_V3.0.1-AUS/SDK/libs/llvm\txm_lib.lib(txm_module_system_call7.o)	#SHT_PROGBITS,,1

.debug_macinfo	0xf90f	0x7 # Offset: 0xf90f
*(.debug_macinfo )
.debug_macinfo	0xf90f	0x1	../../../../Quectel_BG96_QuecOpen_SDK_Package_V3.0.1-AUS/SDK/libs/llvm\txm_lib.lib(txm_module_thread_shell_entry.o)	#SHT_PROGBITS,,1
.debug_macinfo	0xf910	0x1	../../../../Quectel_BG96_QuecOpen_SDK_Package_V3.0.1-AUS/SDK/libs/llvm\txm_lib.lib(txm_module_callback_request_thread_entry.o)	#SHT_PROGBITS,,1
.debug_macinfo	0xf911	0x1	../../../../Quectel_BG96_QuecOpen_SDK_Package_V3.0.1-AUS/SDK/libs/llvm\txm_lib.lib(txm_module_system_call12.o)	#SHT_PROGBITS,,1
.debug_macinfo	0xf912	0x1	../../../../Quectel_BG96_QuecOpen_SDK_Package_V3.0.1-AUS/SDK/libs/llvm\txm_lib.lib(txm_module_system_call4.o)	#SHT_PROGBITS,,1
.debug_macinfo	0xf913	0x1	../../../../Quectel_BG96_QuecOpen_SDK_Package_V3.0.1-AUS/SDK/libs/llvm\txm_lib.lib(txm_module_system_call5.o)	#SHT_PROGBITS,,1
.debug_macinfo	0xf914	0x1	../../../../Quectel_BG96_QuecOpen_SDK_Package_V3.0.1-AUS/SDK/libs/llvm\txm_lib.lib(txm_module_system_call6.o)	#SHT_PROGBITS,,1
.debug_macinfo	0xf915	0x1	../../../../Quectel_BG96_QuecOpen_SDK_Package_V3.0.1-AUS/SDK/libs/llvm\txm_lib.lib(txm_module_system_call7.o)	#SHT_PROGBITS,,1

.debug_weaknames	0xf916	0x0 # Offset: 0xf916

.debug_funcnames	0xf916	0x0 # Offset: 0xf916

.debug_typenames	0xf916	0x0 # Offset: 0xf916

.debug_varnames	0xf916	0x0 # Offset: 0xf916

.debug_pubtypes	0xf916	0x56f # Offset: 0xf916
*(.debug_pubtypes )
.debug_pubtypes	0xf916	0x1e2	../../../../Quectel_BG96_QuecOpen_SDK_Package_V3.0.1-AUS/SDK/libs/llvm\txm_lib.lib(txm_module_thread_shell_entry.o)	#SHT_PROGBITS,,1
.debug_pubtypes	0xfaf8	0x293	../../../../Quectel_BG96_QuecOpen_SDK_Package_V3.0.1-AUS/SDK/libs/llvm\txm_lib.lib(txm_module_callback_request_thread_entry.o)	#SHT_PROGBITS,,1
.debug_pubtypes	0xfd8b	0x32	../../../../Quectel_BG96_QuecOpen_SDK_Package_V3.0.1-AUS/SDK/libs/llvm\txm_lib.lib(txm_module_system_call12.o)	#SHT_PROGBITS,,1
.debug_pubtypes	0xfdbd	0x32	../../../../Quectel_BG96_QuecOpen_SDK_Package_V3.0.1-AUS/SDK/libs/llvm\txm_lib.lib(txm_module_system_call4.o)	#SHT_PROGBITS,,1
.debug_pubtypes	0xfdef	0x32	../../../../Quectel_BG96_QuecOpen_SDK_Package_V3.0.1-AUS/SDK/libs/llvm\txm_lib.lib(txm_module_system_call5.o)	#SHT_PROGBITS,,1
.debug_pubtypes	0xfe21	0x32	../../../../Quectel_BG96_QuecOpen_SDK_Package_V3.0.1-AUS/SDK/libs/llvm\txm_lib.lib(txm_module_system_call6.o)	#SHT_PROGBITS,,1
.debug_pubtypes	0xfe53	0x32	../../../../Quectel_BG96_QuecOpen_SDK_Package_V3.0.1-AUS/SDK/libs/llvm\txm_lib.lib(txm_module_system_call7.o)	#SHT_PROGBITS,,1

.debug_ranges	0xfe85	0x0 # Offset: 0xfe85
*(.debug_ranges )

.gnu.attributes	0x0	0x0 # Offset: 0xfe85, LMA: 0x0

.note.gnu.arm.ident	0x0	0x0 # Offset: 0xfe85, LMA: 0x0

.ARM.attributes	0xfe85	0x10 # Offset: 0xfe85

.comment	0xfe95	0x65 # Offset: 0xfe95
.comment	0xfe95	0x1	C:\Users\nikol\projects\quectel\development\customer\threadx\tools\LLVM\4.0.3\armv7m-none-eabi\libc\lib/libc.a(setlocale.o)	#SHT_PROGBITS,SHF_MERGE|SHF_STRINGS,1
.comment	0xfed2	0x28	Linker Version	#SHT_PROGBITS,SHF_MERGE|SHF_STRINGS,1

.note.GNU-stack	0xfefa	0x0 # Offset: 0xfefa

/DISCARD/	0x75	0x0 # Offset: 0xfefa, LMA: 0x0

.shstrtab	0xfefa	0xbe # Offset: 0xfefa

.symtab	0xffb8	0x54d0 # Offset: 0xffb8

.strtab	0x15488	0x23e4 # Offset: 0x15488
