# Linker from Snapdragon LLVM ARM Compiler Version 4.0.3
# Linker based on LLVM version: 4.0
# Notable linker command/script options:
# CPU Architecture Version: 
# Target triple environment for the link: gnueabi
# Maximum GP size: 8
# Link type: Static
# ABI Page Size: 0x4
# CommandLine : C:\Users\nikol\projects\quectel\development\customer\threadx\tools\LLVM\4.0.3\bin\ld.qcld.exe -X --eh-frame-hdr -m armelf_linux_eabi -dynamic-linker /lib/ld-musl-arm.so.1 -o out/kermit.elf -L../ek16 -mno-unaligned-access -entry=0x43000000 ./ldscripts/txm_module_preamble_llvm.o --wrap getchar --wrap gets --wrap printf --wrap puts --wrap malloc --wrap free --wrap realloc --wrap calloc --wrap write --wrap fwrite out/common/src/retarget.o out/common/src/malloc.o out/common/src/stubs.o out/common/src/printf.o out/common/src/file.o out/common/src/cli.o out/common/src/time.o out/main.o -T ./ldscripts/sections.ld -Map=out/kermit.map -gc-sections -gc-sections ../../../../Quectel_BG96_QuecOpen_SDK_Package_V3.0.1-AUS/SDK/libs/llvm\azure_sdk.lib ../../../../Quectel_BG96_QuecOpen_SDK_Package_V3.0.1-AUS/SDK/libs/llvm\azure_sdk_port.lib ../../../../Quectel_BG96_QuecOpen_SDK_Package_V3.0.1-AUS/SDK/libs/llvm\diag_dam_lib.lib ../../../../Quectel_BG96_QuecOpen_SDK_Package_V3.0.1-AUS/SDK/libs/llvm\qapi_psm_lib.lib ../../../../Quectel_BG96_QuecOpen_SDK_Package_V3.0.1-AUS/SDK/libs/llvm\timer_dam_lib.lib ../../../../Quectel_BG96_QuecOpen_SDK_Package_V3.0.1-AUS/SDK/libs/llvm\txm_lib.lib -lek -LC:\Users\nikol\projects\quectel\development\customer\threadx\tools\LLVM\4.0.3\armv7m-none-eabi\libc\lib -LC:\Users\nikol\projects\quectel\development\customer\threadx\tools\LLVM\4.0.3\armv7m-none-eabi\lib --start-group -lunwind -lc++ -lc++abi --end-group -LC:\Users\nikol\projects\quectel\development\customer\threadx\tools\LLVM\4.0.3\lib\clang\4.0.3\lib\baremetal --start-group -lc -lclang_rt.builtins-armv7m --end-group -lm -lc 
Archive member included because of file (symbol)
../../../../Quectel_BG96_QuecOpen_SDK_Package_V3.0.1-AUS/SDK/libs/llvm\txm_lib.lib(txm_module_thread_shell_entry.o)
		out/common/src/retarget.o (_txm_module_kernel_call_dispatcher)
../../../../Quectel_BG96_QuecOpen_SDK_Package_V3.0.1-AUS/SDK/libs/llvm\txm_lib.lib(txm_module_callback_request_thread_entry.o)
		./ldscripts/txm_module_preamble_llvm.o (_txm_module_callback_request_thread_entry)
../../../../Quectel_BG96_QuecOpen_SDK_Package_V3.0.1-AUS/SDK/libs/llvm\txm_lib.lib(txm_module_system_call12.o)
		out/common/src/file.o (_txm_module_system_call12)
../../../../Quectel_BG96_QuecOpen_SDK_Package_V3.0.1-AUS/SDK/libs/llvm\txm_lib.lib(txm_module_system_call4.o)
		out/common/src/retarget.o (_txm_module_system_call4)
../../../../Quectel_BG96_QuecOpen_SDK_Package_V3.0.1-AUS/SDK/libs/llvm\txm_lib.lib(txm_module_system_call5.o)
		out/common/src/retarget.o (_txm_module_system_call5)
../../../../Quectel_BG96_QuecOpen_SDK_Package_V3.0.1-AUS/SDK/libs/llvm\txm_lib.lib(txm_module_system_call6.o)
		out/common/src/retarget.o (_txm_module_system_call6)
../../../../Quectel_BG96_QuecOpen_SDK_Package_V3.0.1-AUS/SDK/libs/llvm\txm_lib.lib(txm_module_system_call7.o)
		out/common/src/cli.o (_txm_module_system_call7)
../ek16/libek.a(ek.o)
		out/main.o (ek)
../ek16/libek.a(kermit.o)
		../ek16/libek.a(ek.o) (freerslot)
../ek16/libek.a(920xio.o)
		../ek16/libek.a(ek.o) (closefile)
C:\Users\nikol\projects\quectel\development\customer\threadx\tools\LLVM\4.0.3\armv7m-none-eabi\libc\lib/libc.a(setlocale.o)
		out/common/src/retarget.o (setlocale)
C:\Users\nikol\projects\quectel\development\customer\threadx\tools\LLVM\4.0.3\armv7m-none-eabi\libc\lib/libc.a(getopt.o)
		out/common/src/cli.o (getopt)
C:\Users\nikol\projects\quectel\development\customer\threadx\tools\LLVM\4.0.3\armv7m-none-eabi\libc\lib/libc.a(mbtowc.o)
		C:\Users\nikol\projects\quectel\development\customer\threadx\tools\LLVM\4.0.3\armv7m-none-eabi\libc\lib/libc.a(getopt.o) (mbtowc)
C:\Users\nikol\projects\quectel\development\customer\threadx\tools\LLVM\4.0.3\armv7m-none-eabi\libc\lib/libc.a(flockfile.o)
		C:\Users\nikol\projects\quectel\development\customer\threadx\tools\LLVM\4.0.3\armv7m-none-eabi\libc\lib/libc.a(getopt.o) (flockfile)
C:\Users\nikol\projects\quectel\development\customer\threadx\tools\LLVM\4.0.3\armv7m-none-eabi\libc\lib/libc.a(fputs.o)
		C:\Users\nikol\projects\quectel\development\customer\threadx\tools\LLVM\4.0.3\armv7m-none-eabi\libc\lib/libc.a(getopt.o) (fputs)
C:\Users\nikol\projects\quectel\development\customer\threadx\tools\LLVM\4.0.3\armv7m-none-eabi\libc\lib/libc.a(ftrylockfile.o)
		C:\Users\nikol\projects\quectel\development\customer\threadx\tools\LLVM\4.0.3\armv7m-none-eabi\libc\lib/libc.a(flockfile.o) (ftrylockfile)
C:\Users\nikol\projects\quectel\development\customer\threadx\tools\LLVM\4.0.3\armv7m-none-eabi\libc\lib/libc.a(funlockfile.o)
		C:\Users\nikol\projects\quectel\development\customer\threadx\tools\LLVM\4.0.3\armv7m-none-eabi\libc\lib/libc.a(getopt.o) (funlockfile)
C:\Users\nikol\projects\quectel\development\customer\threadx\tools\LLVM\4.0.3\armv7m-none-eabi\libc\lib/libc.a(getc.o)
		../ek16/libek.a(920xio.o) (getc)
C:\Users\nikol\projects\quectel\development\customer\threadx\tools\LLVM\4.0.3\armv7m-none-eabi\libc\lib/libc.a(putc.o)
		C:\Users\nikol\projects\quectel\development\customer\threadx\tools\LLVM\4.0.3\armv7m-none-eabi\libc\lib/libc.a(getopt.o) (putc)
C:\Users\nikol\projects\quectel\development\customer\threadx\tools\LLVM\4.0.3\armv7m-none-eabi\libc\lib/libc.a(snprintf.o)
		../ek16/libek.a(ek.o) (snprintf)
C:\Users\nikol\projects\quectel\development\customer\threadx\tools\LLVM\4.0.3\armv7m-none-eabi\libc\lib/libc.a(sprintf.o)
		../ek16/libek.a(920xio.o) (sprintf)
C:\Users\nikol\projects\quectel\development\customer\threadx\tools\LLVM\4.0.3\armv7m-none-eabi\libc\lib/libc.a(stderr.o)
		C:\Users\nikol\projects\quectel\development\customer\threadx\tools\LLVM\4.0.3\armv7m-none-eabi\libc\lib/libc.a(getopt.o) (stderr)
C:\Users\nikol\projects\quectel\development\customer\threadx\tools\LLVM\4.0.3\armv7m-none-eabi\libc\lib/libc.a(vsprintf.o)
		C:\Users\nikol\projects\quectel\development\customer\threadx\tools\LLVM\4.0.3\armv7m-none-eabi\libc\lib/libc.a(sprintf.o) (vsprintf)
C:\Users\nikol\projects\quectel\development\customer\threadx\tools\LLVM\4.0.3\armv7m-none-eabi\libc\lib/libc.a(atoi.o)
		../ek16/libek.a(ek.o) (atoi)
C:\Users\nikol\projects\quectel\development\customer\threadx\tools\LLVM\4.0.3\armv7m-none-eabi\libc\lib/libc.a(memcpy_le.o)
		out/common/src/malloc.o (memcpy)
C:\Users\nikol\projects\quectel\development\customer\threadx\tools\LLVM\4.0.3\armv7m-none-eabi\libc\lib/libc.a(memset_nofp_armv7.o)
		out/common/src/malloc.o (memset)
C:\Users\nikol\projects\quectel\development\customer\threadx\tools\LLVM\4.0.3\armv7m-none-eabi\libc\lib/libc.a(strchr.o)
		out/common/src/cli.o (strchr)
C:\Users\nikol\projects\quectel\development\customer\threadx\tools\LLVM\4.0.3\armv7m-none-eabi\libc\lib/libc.a(strchrnul.o)
		C:\Users\nikol\projects\quectel\development\customer\threadx\tools\LLVM\4.0.3\armv7m-none-eabi\libc\lib/libc.a(setlocale.o) (__strchrnul)
C:\Users\nikol\projects\quectel\development\customer\threadx\tools\LLVM\4.0.3\armv7m-none-eabi\libc\lib/libc.a(strcmp.o)
		out/common/src/file.o (strcmp)
C:\Users\nikol\projects\quectel\development\customer\threadx\tools\LLVM\4.0.3\armv7m-none-eabi\libc\lib/libc.a(strdup.o)
		out/common/src/cli.o (strdup)
C:\Users\nikol\projects\quectel\development\customer\threadx\tools\LLVM\4.0.3\armv7m-none-eabi\libc\lib/libc.a(strlen.o)
		out/common/src/retarget.o (strlen)
C:\Users\nikol\projects\quectel\development\customer\threadx\tools\LLVM\4.0.3\armv7m-none-eabi\libc\lib/libc.a(strncpy.o)
		out/common/src/file.o (strncpy)
C:\Users\nikol\projects\quectel\development\customer\threadx\tools\LLVM\4.0.3\armv7m-none-eabi\libc\lib/libc.a(strtok.o)
		out/common/src/cli.o (strtok)
C:\Users\nikol\projects\quectel\development\customer\threadx\tools\LLVM\4.0.3\armv7m-none-eabi\libc\lib/libc.a(__lock.o)
		C:\Users\nikol\projects\quectel\development\customer\threadx\tools\LLVM\4.0.3\armv7m-none-eabi\libc\lib/libc.a(setlocale.o) (__lock)
C:\Users\nikol\projects\quectel\development\customer\threadx\tools\LLVM\4.0.3\armv7m-none-eabi\libc\lib/libc.a(__wait.o)
		C:\Users\nikol\projects\quectel\development\customer\threadx\tools\LLVM\4.0.3\armv7m-none-eabi\libc\lib/libc.a(flockfile.o) (__wait)
C:\Users\nikol\projects\quectel\development\customer\threadx\tools\LLVM\4.0.3\armv7m-none-eabi\libc\lib/libc.a(__errno_location.o)
		C:\Users\nikol\projects\quectel\development\customer\threadx\tools\LLVM\4.0.3\armv7m-none-eabi\libc\lib/libc.a(mbtowc.o) (__errno_location)
C:\Users\nikol\projects\quectel\development\customer\threadx\tools\LLVM\4.0.3\armv7m-none-eabi\libc\lib/libc.a(libc.o)
		C:\Users\nikol\projects\quectel\development\customer\threadx\tools\LLVM\4.0.3\armv7m-none-eabi\libc\lib/libc.a(setlocale.o) (__libc)
C:\Users\nikol\projects\quectel\development\customer\threadx\tools\LLVM\4.0.3\armv7m-none-eabi\libc\lib/libc.a(__lctrans.o)
		C:\Users\nikol\projects\quectel\development\customer\threadx\tools\LLVM\4.0.3\armv7m-none-eabi\libc\lib/libc.a(getopt.o) (__lctrans_cur)
C:\Users\nikol\projects\quectel\development\customer\threadx\tools\LLVM\4.0.3\armv7m-none-eabi\libc\lib/libc.a(locale_map.o)
		C:\Users\nikol\projects\quectel\development\customer\threadx\tools\LLVM\4.0.3\armv7m-none-eabi\libc\lib/libc.a(setlocale.o) (__get_locale)
C:\Users\nikol\projects\quectel\development\customer\threadx\tools\LLVM\4.0.3\armv7m-none-eabi\libc\lib/libc.a(munmap.o)
		C:\Users\nikol\projects\quectel\development\customer\threadx\tools\LLVM\4.0.3\armv7m-none-eabi\libc\lib/libc.a(locale_map.o) (__munmap)
C:\Users\nikol\projects\quectel\development\customer\threadx\tools\LLVM\4.0.3\armv7m-none-eabi\libc\lib/libc.a(internal.o)
		C:\Users\nikol\projects\quectel\development\customer\threadx\tools\LLVM\4.0.3\armv7m-none-eabi\libc\lib/libc.a(mbtowc.o) (__fsmu8)
C:\Users\nikol\projects\quectel\development\customer\threadx\tools\LLVM\4.0.3\armv7m-none-eabi\libc\lib/libc.a(__overflow.o)
		C:\Users\nikol\projects\quectel\development\customer\threadx\tools\LLVM\4.0.3\armv7m-none-eabi\libc\lib/libc.a(putc.o) (__overflow)
C:\Users\nikol\projects\quectel\development\customer\threadx\tools\LLVM\4.0.3\armv7m-none-eabi\libc\lib/libc.a(__towrite.o)
		C:\Users\nikol\projects\quectel\development\customer\threadx\tools\LLVM\4.0.3\armv7m-none-eabi\libc\lib/libc.a(__overflow.o) (__towrite)
C:\Users\nikol\projects\quectel\development\customer\threadx\tools\LLVM\4.0.3\armv7m-none-eabi\libc\lib/libc.a(__uflow.o)
		C:\Users\nikol\projects\quectel\development\customer\threadx\tools\LLVM\4.0.3\armv7m-none-eabi\libc\lib/libc.a(getc.o) (__uflow)
C:\Users\nikol\projects\quectel\development\customer\threadx\tools\LLVM\4.0.3\armv7m-none-eabi\libc\lib/libc.a(__lockfile.o)
		C:\Users\nikol\projects\quectel\development\customer\threadx\tools\LLVM\4.0.3\armv7m-none-eabi\libc\lib/libc.a(getc.o) (__lockfile)
C:\Users\nikol\projects\quectel\development\customer\threadx\tools\LLVM\4.0.3\armv7m-none-eabi\libc\lib/libc.a(__stdio_close.o)
		C:\Users\nikol\projects\quectel\development\customer\threadx\tools\LLVM\4.0.3\armv7m-none-eabi\libc\lib/libc.a(stderr.o) (__stdio_close)
C:\Users\nikol\projects\quectel\development\customer\threadx\tools\LLVM\4.0.3\armv7m-none-eabi\libc\lib/libc.a(__stdio_seek.o)
		C:\Users\nikol\projects\quectel\development\customer\threadx\tools\LLVM\4.0.3\armv7m-none-eabi\libc\lib/libc.a(stderr.o) (__stdio_seek)
C:\Users\nikol\projects\quectel\development\customer\threadx\tools\LLVM\4.0.3\armv7m-none-eabi\libc\lib/libc.a(__stdio_write.o)
		C:\Users\nikol\projects\quectel\development\customer\threadx\tools\LLVM\4.0.3\armv7m-none-eabi\libc\lib/libc.a(stderr.o) (__stdio_write)
C:\Users\nikol\projects\quectel\development\customer\threadx\tools\LLVM\4.0.3\armv7m-none-eabi\libc\lib/libc.a(vfprintf.o)
		C:\Users\nikol\projects\quectel\development\customer\threadx\tools\LLVM\4.0.3\armv7m-none-eabi\libc\lib/libc.a(snprintf.o) (vsnprintf)
C:\Users\nikol\projects\quectel\development\customer\threadx\tools\LLVM\4.0.3\armv7m-none-eabi\libc\lib/libc.a(fwrite.o)
		C:\Users\nikol\projects\quectel\development\customer\threadx\tools\LLVM\4.0.3\armv7m-none-eabi\libc\lib/libc.a(vfprintf.o) (__fwritex)
C:\Users\nikol\projects\quectel\development\customer\threadx\tools\LLVM\4.0.3\armv7m-none-eabi\libc\lib/libc.a(vsnprintf.o)
		C:\Users\nikol\projects\quectel\development\customer\threadx\tools\LLVM\4.0.3\armv7m-none-eabi\libc\lib/libc.a(vfprintf.o) (vsnprintf_full)
C:\Users\nikol\projects\quectel\development\customer\threadx\tools\LLVM\4.0.3\armv7m-none-eabi\libc\lib/libc.a(__aeabi_memclr.o)
		C:\Users\nikol\projects\quectel\development\customer\threadx\tools\LLVM\4.0.3\armv7m-none-eabi\libc\lib/libc.a(vfprintf.o) (__aeabi_memclr4)
C:\Users\nikol\projects\quectel\development\customer\threadx\tools\LLVM\4.0.3\armv7m-none-eabi\libc\lib/libc.a(__aeabi_memcpy.o)
		C:\Users\nikol\projects\quectel\development\customer\threadx\tools\LLVM\4.0.3\armv7m-none-eabi\libc\lib/libc.a(vsnprintf.o) (__aeabi_memcpy8)
C:\Users\nikol\projects\quectel\development\customer\threadx\tools\LLVM\4.0.3\armv7m-none-eabi\libc\lib/libc.a(memchr.o)
		C:\Users\nikol\projects\quectel\development\customer\threadx\tools\LLVM\4.0.3\armv7m-none-eabi\libc\lib/libc.a(vfprintf.o) (memchr)
C:\Users\nikol\projects\quectel\development\customer\threadx\tools\LLVM\4.0.3\armv7m-none-eabi\libc\lib/libc.a(stpncpy.o)
		C:\Users\nikol\projects\quectel\development\customer\threadx\tools\LLVM\4.0.3\armv7m-none-eabi\libc\lib/libc.a(strncpy.o) (__stpncpy)
C:\Users\nikol\projects\quectel\development\customer\threadx\tools\LLVM\4.0.3\armv7m-none-eabi\libc\lib/libc.a(strcspn.o)
		C:\Users\nikol\projects\quectel\development\customer\threadx\tools\LLVM\4.0.3\armv7m-none-eabi\libc\lib/libc.a(strtok.o) (strcspn)
C:\Users\nikol\projects\quectel\development\customer\threadx\tools\LLVM\4.0.3\armv7m-none-eabi\libc\lib/libc.a(strspn.o)
		C:\Users\nikol\projects\quectel\development\customer\threadx\tools\LLVM\4.0.3\armv7m-none-eabi\libc\lib/libc.a(strtok.o) (strspn)
C:\Users\nikol\projects\quectel\development\customer\threadx\tools\LLVM\4.0.3\armv7m-none-eabi\libc\lib/libc.a(__map_file.o)
		C:\Users\nikol\projects\quectel\development\customer\threadx\tools\LLVM\4.0.3\armv7m-none-eabi\libc\lib/libc.a(locale_map.o) (__map_file)
C:\Users\nikol\projects\quectel\development\customer\threadx\tools\LLVM\4.0.3\armv7m-none-eabi\libc\lib/libc.a(getenv.o)
		C:\Users\nikol\projects\quectel\development\customer\threadx\tools\LLVM\4.0.3\armv7m-none-eabi\libc\lib/libc.a(locale_map.o) (getenv)
C:\Users\nikol\projects\quectel\development\customer\threadx\tools\LLVM\4.0.3\armv7m-none-eabi\libc\lib/libc.a(strerror.o)
		C:\Users\nikol\projects\quectel\development\customer\threadx\tools\LLVM\4.0.3\armv7m-none-eabi\libc\lib/libc.a(vfprintf.o) (strerror)
C:\Users\nikol\projects\quectel\development\customer\threadx\tools\LLVM\4.0.3\armv7m-none-eabi\libc\lib/libc.a(syscall_ret.o)
		C:\Users\nikol\projects\quectel\development\customer\threadx\tools\LLVM\4.0.3\armv7m-none-eabi\libc\lib/libc.a(munmap.o) (__syscall_ret)
C:\Users\nikol\projects\quectel\development\customer\threadx\tools\LLVM\4.0.3\armv7m-none-eabi\libc\lib/libc.a(__mo_lookup.o)
		C:\Users\nikol\projects\quectel\development\customer\threadx\tools\LLVM\4.0.3\armv7m-none-eabi\libc\lib/libc.a(locale_map.o) (__mo_lookup)
C:\Users\nikol\projects\quectel\development\customer\threadx\tools\LLVM\4.0.3\armv7m-none-eabi\libc\lib/libc.a(c_locale.o)
		C:\Users\nikol\projects\quectel\development\customer\threadx\tools\LLVM\4.0.3\armv7m-none-eabi\libc\lib/libc.a(locale_map.o) (__c_dot_utf8)
C:\Users\nikol\projects\quectel\development\customer\threadx\tools\LLVM\4.0.3\armv7m-none-eabi\libc\lib/libc.a(mmap.o)
		C:\Users\nikol\projects\quectel\development\customer\threadx\tools\LLVM\4.0.3\armv7m-none-eabi\libc\lib/libc.a(__map_file.o) (__mmap)
C:\Users\nikol\projects\quectel\development\customer\threadx\tools\LLVM\4.0.3\armv7m-none-eabi\libc\lib/libc.a(wctomb.o)
		C:\Users\nikol\projects\quectel\development\customer\threadx\tools\LLVM\4.0.3\armv7m-none-eabi\libc\lib/libc.a(vfprintf.o) (wctomb)
C:\Users\nikol\projects\quectel\development\customer\threadx\tools\LLVM\4.0.3\armv7m-none-eabi\libc\lib/libc.a(__stdio_exit.o)
		C:\Users\nikol\projects\quectel\development\customer\threadx\tools\LLVM\4.0.3\armv7m-none-eabi\libc\lib/libc.a(__towrite.o) (__stdio_exit_needed)
C:\Users\nikol\projects\quectel\development\customer\threadx\tools\LLVM\4.0.3\armv7m-none-eabi\libc\lib/libc.a(__toread.o)
		C:\Users\nikol\projects\quectel\development\customer\threadx\tools\LLVM\4.0.3\armv7m-none-eabi\libc\lib/libc.a(__uflow.o) (__toread)
C:\Users\nikol\projects\quectel\development\customer\threadx\tools\LLVM\4.0.3\armv7m-none-eabi\libc\lib/libc.a(ofl.o)
		C:\Users\nikol\projects\quectel\development\customer\threadx\tools\LLVM\4.0.3\armv7m-none-eabi\libc\lib/libc.a(__stdio_exit.o) (__ofl_lock)
C:\Users\nikol\projects\quectel\development\customer\threadx\tools\LLVM\4.0.3\armv7m-none-eabi\libc\lib/libc.a(strncmp.o)
		C:\Users\nikol\projects\quectel\development\customer\threadx\tools\LLVM\4.0.3\armv7m-none-eabi\libc\lib/libc.a(getenv.o) (strncmp)
C:\Users\nikol\projects\quectel\development\customer\threadx\tools\LLVM\4.0.3\armv7m-none-eabi\libc\lib/libc.a(__environ.o)
		C:\Users\nikol\projects\quectel\development\customer\threadx\tools\LLVM\4.0.3\armv7m-none-eabi\libc\lib/libc.a(getenv.o) (__environ)
C:\Users\nikol\projects\quectel\development\customer\threadx\tools\LLVM\4.0.3\armv7m-none-eabi\libc\lib/libc.a(wcrtomb.o)
		C:\Users\nikol\projects\quectel\development\customer\threadx\tools\LLVM\4.0.3\armv7m-none-eabi\libc\lib/libc.a(wctomb.o) (wcrtomb)
C:\Users\nikol\projects\quectel\development\customer\threadx\tools\LLVM\4.0.3\lib\clang\4.0.3\lib\baremetal/libclang_rt.builtins-armv7m.a(aeabi_uldivmod.S.obj)
		out/common/src/printf.o (__aeabi_uldivmod)
C:\Users\nikol\projects\quectel\development\customer\threadx\tools\LLVM\4.0.3\lib\clang\4.0.3\lib\baremetal/libclang_rt.builtins-armv7m.a(udivmoddi4.c.obj)
		C:\Users\nikol\projects\quectel\development\customer\threadx\tools\LLVM\4.0.3\lib\clang\4.0.3\lib\baremetal/libclang_rt.builtins-armv7m.a(aeabi_uldivmod.S.obj) (__udivmoddi4)

Allocating common symbols
Common symbol	size	file

bytes	0x400	out/common/src/retarget.o
recv_queue_mem	0x400	out/common/src/retarget.o
in_buffer	0x2004	out/common/src/retarget.o
out_tx_done_sem	0x4	out/common/src/retarget.o
out_tx_mutex	0x4	out/common/src/retarget.o
recv_queue	0x4	out/common/src/retarget.o
mem_heap	0x80000	out/common/src/malloc.o
byte_malloc_mem_pool	0x4	out/common/src/malloc.o
_txm_module_entry_info	0x4	../../../../Quectel_BG96_QuecOpen_SDK_Package_V3.0.1-AUS/SDK/libs/llvm\txm_lib.lib(txm_module_thread_shell_entry.o)
_txm_module_instance_ptr	0x4	../../../../Quectel_BG96_QuecOpen_SDK_Package_V3.0.1-AUS/SDK/libs/llvm\txm_lib.lib(txm_module_thread_shell_entry.o)
_txm_module_kernel_call_dispatcher	0x4	../../../../Quectel_BG96_QuecOpen_SDK_Package_V3.0.1-AUS/SDK/libs/llvm\txm_lib.lib(txm_module_thread_shell_entry.o)
k	0x21700	../ek16/libek.a(ek.o)
r	0x30	../ek16/libek.a(ek.o)
xargc	0x4	../ek16/libek.a(ek.o)
xargv	0x4	../ek16/libek.a(ek.o)
filepath	0x60	../ek16/libek.a(920xio.o)
i_buf	0x208	../ek16/libek.a(920xio.o)
o_buf	0x408	../ek16/libek.a(920xio.o)
path	0x30	../ek16/libek.a(920xio.o)
__libc	0x40	C:\Users\nikol\projects\quectel\development\customer\threadx\tools\LLVM\4.0.3\armv7m-none-eabi\libc\lib/libc.a(libc.o)
__optpos	0x4	C:\Users\nikol\projects\quectel\development\customer\threadx\tools\LLVM\4.0.3\armv7m-none-eabi\libc\lib/libc.a(getopt.o)
optarg	0x4	C:\Users\nikol\projects\quectel\development\customer\threadx\tools\LLVM\4.0.3\armv7m-none-eabi\libc\lib/libc.a(getopt.o)
optopt	0x4	C:\Users\nikol\projects\quectel\development\customer\threadx\tools\LLVM\4.0.3\armv7m-none-eabi\libc\lib/libc.a(getopt.o)

Linker Script and memory map
LOAD ./ldscripts/txm_module_preamble_llvm.o[]
LOAD out/common/src/retarget.o[]
LOAD out/common/src/malloc.o[]
LOAD out/common/src/stubs.o[]
LOAD out/common/src/printf.o[]
LOAD out/common/src/file.o[]
LOAD out/common/src/cli.o[]
LOAD out/common/src/time.o[]
LOAD out/main.o[]
LOAD ../../../../Quectel_BG96_QuecOpen_SDK_Package_V3.0.1-AUS/SDK/libs/llvm\txm_lib.lib(txm_module_thread_shell_entry.o) []
LOAD ../../../../Quectel_BG96_QuecOpen_SDK_Package_V3.0.1-AUS/SDK/libs/llvm\txm_lib.lib(txm_module_callback_request_thread_entry.o) []
LOAD ../../../../Quectel_BG96_QuecOpen_SDK_Package_V3.0.1-AUS/SDK/libs/llvm\txm_lib.lib(txm_module_system_call12.o) []
LOAD ../../../../Quectel_BG96_QuecOpen_SDK_Package_V3.0.1-AUS/SDK/libs/llvm\txm_lib.lib(txm_module_system_call4.o) []
LOAD ../../../../Quectel_BG96_QuecOpen_SDK_Package_V3.0.1-AUS/SDK/libs/llvm\txm_lib.lib(txm_module_system_call5.o) []
LOAD ../../../../Quectel_BG96_QuecOpen_SDK_Package_V3.0.1-AUS/SDK/libs/llvm\txm_lib.lib(txm_module_system_call6.o) []
LOAD ../../../../Quectel_BG96_QuecOpen_SDK_Package_V3.0.1-AUS/SDK/libs/llvm\txm_lib.lib(txm_module_system_call7.o) []
LOAD ../ek16/libek.a(ek.o) []
LOAD ../ek16/libek.a(kermit.o) []
LOAD ../ek16/libek.a(920xio.o) []
START GROUP
END GROUP
START GROUP
LOAD C:\Users\nikol\projects\quectel\development\customer\threadx\tools\LLVM\4.0.3\armv7m-none-eabi\libc\lib/libc.a(setlocale.o) []
LOAD C:\Users\nikol\projects\quectel\development\customer\threadx\tools\LLVM\4.0.3\armv7m-none-eabi\libc\lib/libc.a(getopt.o) []
LOAD C:\Users\nikol\projects\quectel\development\customer\threadx\tools\LLVM\4.0.3\armv7m-none-eabi\libc\lib/libc.a(mbtowc.o) []
LOAD C:\Users\nikol\projects\quectel\development\customer\threadx\tools\LLVM\4.0.3\armv7m-none-eabi\libc\lib/libc.a(flockfile.o) []
LOAD C:\Users\nikol\projects\quectel\development\customer\threadx\tools\LLVM\4.0.3\armv7m-none-eabi\libc\lib/libc.a(fputs.o) []
LOAD C:\Users\nikol\projects\quectel\development\customer\threadx\tools\LLVM\4.0.3\armv7m-none-eabi\libc\lib/libc.a(ftrylockfile.o) []
LOAD C:\Users\nikol\projects\quectel\development\customer\threadx\tools\LLVM\4.0.3\armv7m-none-eabi\libc\lib/libc.a(funlockfile.o) []
LOAD C:\Users\nikol\projects\quectel\development\customer\threadx\tools\LLVM\4.0.3\armv7m-none-eabi\libc\lib/libc.a(getc.o) []
LOAD C:\Users\nikol\projects\quectel\development\customer\threadx\tools\LLVM\4.0.3\armv7m-none-eabi\libc\lib/libc.a(putc.o) []
LOAD C:\Users\nikol\projects\quectel\development\customer\threadx\tools\LLVM\4.0.3\armv7m-none-eabi\libc\lib/libc.a(snprintf.o) []
LOAD C:\Users\nikol\projects\quectel\development\customer\threadx\tools\LLVM\4.0.3\armv7m-none-eabi\libc\lib/libc.a(sprintf.o) []
LOAD C:\Users\nikol\projects\quectel\development\customer\threadx\tools\LLVM\4.0.3\armv7m-none-eabi\libc\lib/libc.a(stderr.o) []
LOAD C:\Users\nikol\projects\quectel\development\customer\threadx\tools\LLVM\4.0.3\armv7m-none-eabi\libc\lib/libc.a(vsprintf.o) []
LOAD C:\Users\nikol\projects\quectel\development\customer\threadx\tools\LLVM\4.0.3\armv7m-none-eabi\libc\lib/libc.a(atoi.o) []
LOAD C:\Users\nikol\projects\quectel\development\customer\threadx\tools\LLVM\4.0.3\armv7m-none-eabi\libc\lib/libc.a(memcpy_le.o) []
LOAD C:\Users\nikol\projects\quectel\development\customer\threadx\tools\LLVM\4.0.3\armv7m-none-eabi\libc\lib/libc.a(memset_nofp_armv7.o) []
LOAD C:\Users\nikol\projects\quectel\development\customer\threadx\tools\LLVM\4.0.3\armv7m-none-eabi\libc\lib/libc.a(strchr.o) []
LOAD C:\Users\nikol\projects\quectel\development\customer\threadx\tools\LLVM\4.0.3\armv7m-none-eabi\libc\lib/libc.a(strchrnul.o) []
LOAD C:\Users\nikol\projects\quectel\development\customer\threadx\tools\LLVM\4.0.3\armv7m-none-eabi\libc\lib/libc.a(strcmp.o) []
LOAD C:\Users\nikol\projects\quectel\development\customer\threadx\tools\LLVM\4.0.3\armv7m-none-eabi\libc\lib/libc.a(strdup.o) []
LOAD C:\Users\nikol\projects\quectel\development\customer\threadx\tools\LLVM\4.0.3\armv7m-none-eabi\libc\lib/libc.a(strlen.o) []
LOAD C:\Users\nikol\projects\quectel\development\customer\threadx\tools\LLVM\4.0.3\armv7m-none-eabi\libc\lib/libc.a(strncpy.o) []
LOAD C:\Users\nikol\projects\quectel\development\customer\threadx\tools\LLVM\4.0.3\armv7m-none-eabi\libc\lib/libc.a(strtok.o) []
LOAD C:\Users\nikol\projects\quectel\development\customer\threadx\tools\LLVM\4.0.3\armv7m-none-eabi\libc\lib/libc.a(__lock.o) []
LOAD C:\Users\nikol\projects\quectel\development\customer\threadx\tools\LLVM\4.0.3\armv7m-none-eabi\libc\lib/libc.a(__wait.o) []
LOAD C:\Users\nikol\projects\quectel\development\customer\threadx\tools\LLVM\4.0.3\armv7m-none-eabi\libc\lib/libc.a(__errno_location.o) []
LOAD C:\Users\nikol\projects\quectel\development\customer\threadx\tools\LLVM\4.0.3\armv7m-none-eabi\libc\lib/libc.a(libc.o) []
LOAD C:\Users\nikol\projects\quectel\development\customer\threadx\tools\LLVM\4.0.3\armv7m-none-eabi\libc\lib/libc.a(__lctrans.o) []
LOAD C:\Users\nikol\projects\quectel\development\customer\threadx\tools\LLVM\4.0.3\armv7m-none-eabi\libc\lib/libc.a(locale_map.o) []
LOAD C:\Users\nikol\projects\quectel\development\customer\threadx\tools\LLVM\4.0.3\armv7m-none-eabi\libc\lib/libc.a(munmap.o) []
LOAD C:\Users\nikol\projects\quectel\development\customer\threadx\tools\LLVM\4.0.3\armv7m-none-eabi\libc\lib/libc.a(internal.o) []
LOAD C:\Users\nikol\projects\quectel\development\customer\threadx\tools\LLVM\4.0.3\armv7m-none-eabi\libc\lib/libc.a(__overflow.o) []
LOAD C:\Users\nikol\projects\quectel\development\customer\threadx\tools\LLVM\4.0.3\armv7m-none-eabi\libc\lib/libc.a(__towrite.o) []
LOAD C:\Users\nikol\projects\quectel\development\customer\threadx\tools\LLVM\4.0.3\armv7m-none-eabi\libc\lib/libc.a(__uflow.o) []
LOAD C:\Users\nikol\projects\quectel\development\customer\threadx\tools\LLVM\4.0.3\armv7m-none-eabi\libc\lib/libc.a(__lockfile.o) []
LOAD C:\Users\nikol\projects\quectel\development\customer\threadx\tools\LLVM\4.0.3\armv7m-none-eabi\libc\lib/libc.a(__stdio_close.o) []
LOAD C:\Users\nikol\projects\quectel\development\customer\threadx\tools\LLVM\4.0.3\armv7m-none-eabi\libc\lib/libc.a(__stdio_seek.o) []
LOAD C:\Users\nikol\projects\quectel\development\customer\threadx\tools\LLVM\4.0.3\armv7m-none-eabi\libc\lib/libc.a(__stdio_write.o) []
LOAD C:\Users\nikol\projects\quectel\development\customer\threadx\tools\LLVM\4.0.3\armv7m-none-eabi\libc\lib/libc.a(vfprintf.o) []
LOAD C:\Users\nikol\projects\quectel\development\customer\threadx\tools\LLVM\4.0.3\armv7m-none-eabi\libc\lib/libc.a(fwrite.o) []
LOAD C:\Users\nikol\projects\quectel\development\customer\threadx\tools\LLVM\4.0.3\armv7m-none-eabi\libc\lib/libc.a(vsnprintf.o) []
LOAD C:\Users\nikol\projects\quectel\development\customer\threadx\tools\LLVM\4.0.3\armv7m-none-eabi\libc\lib/libc.a(__aeabi_memclr.o) []
LOAD C:\Users\nikol\projects\quectel\development\customer\threadx\tools\LLVM\4.0.3\armv7m-none-eabi\libc\lib/libc.a(__aeabi_memcpy.o) []
LOAD C:\Users\nikol\projects\quectel\development\customer\threadx\tools\LLVM\4.0.3\armv7m-none-eabi\libc\lib/libc.a(memchr.o) []
LOAD C:\Users\nikol\projects\quectel\development\customer\threadx\tools\LLVM\4.0.3\armv7m-none-eabi\libc\lib/libc.a(stpncpy.o) []
LOAD C:\Users\nikol\projects\quectel\development\customer\threadx\tools\LLVM\4.0.3\armv7m-none-eabi\libc\lib/libc.a(strcspn.o) []
LOAD C:\Users\nikol\projects\quectel\development\customer\threadx\tools\LLVM\4.0.3\armv7m-none-eabi\libc\lib/libc.a(strspn.o) []
LOAD C:\Users\nikol\projects\quectel\development\customer\threadx\tools\LLVM\4.0.3\armv7m-none-eabi\libc\lib/libc.a(__map_file.o) []
LOAD C:\Users\nikol\projects\quectel\development\customer\threadx\tools\LLVM\4.0.3\armv7m-none-eabi\libc\lib/libc.a(getenv.o) []
LOAD C:\Users\nikol\projects\quectel\development\customer\threadx\tools\LLVM\4.0.3\armv7m-none-eabi\libc\lib/libc.a(strerror.o) []
LOAD C:\Users\nikol\projects\quectel\development\customer\threadx\tools\LLVM\4.0.3\armv7m-none-eabi\libc\lib/libc.a(syscall_ret.o) []
LOAD C:\Users\nikol\projects\quectel\development\customer\threadx\tools\LLVM\4.0.3\armv7m-none-eabi\libc\lib/libc.a(__mo_lookup.o) []
LOAD C:\Users\nikol\projects\quectel\development\customer\threadx\tools\LLVM\4.0.3\armv7m-none-eabi\libc\lib/libc.a(c_locale.o) []
LOAD C:\Users\nikol\projects\quectel\development\customer\threadx\tools\LLVM\4.0.3\armv7m-none-eabi\libc\lib/libc.a(mmap.o) []
LOAD C:\Users\nikol\projects\quectel\development\customer\threadx\tools\LLVM\4.0.3\armv7m-none-eabi\libc\lib/libc.a(wctomb.o) []
LOAD C:\Users\nikol\projects\quectel\development\customer\threadx\tools\LLVM\4.0.3\armv7m-none-eabi\libc\lib/libc.a(__stdio_exit.o) []
LOAD C:\Users\nikol\projects\quectel\development\customer\threadx\tools\LLVM\4.0.3\armv7m-none-eabi\libc\lib/libc.a(__toread.o) []
LOAD C:\Users\nikol\projects\quectel\development\customer\threadx\tools\LLVM\4.0.3\armv7m-none-eabi\libc\lib/libc.a(ofl.o) []
LOAD C:\Users\nikol\projects\quectel\development\customer\threadx\tools\LLVM\4.0.3\armv7m-none-eabi\libc\lib/libc.a(strncmp.o) []
LOAD C:\Users\nikol\projects\quectel\development\customer\threadx\tools\LLVM\4.0.3\armv7m-none-eabi\libc\lib/libc.a(__environ.o) []
LOAD C:\Users\nikol\projects\quectel\development\customer\threadx\tools\LLVM\4.0.3\armv7m-none-eabi\libc\lib/libc.a(wcrtomb.o) []
LOAD C:\Users\nikol\projects\quectel\development\customer\threadx\tools\LLVM\4.0.3\lib\clang\4.0.3\lib\baremetal/libclang_rt.builtins-armv7m.a(aeabi_uldivmod.S.obj) []
LOAD C:\Users\nikol\projects\quectel\development\customer\threadx\tools\LLVM\4.0.3\lib\clang\4.0.3\lib\baremetal/libclang_rt.builtins-armv7m.a(udivmoddi4.c.obj) []
END GROUP

Linker scripts used (including INCLUDE command)
./ldscripts/sections.ld

ER_RO	0x43000000	0x9b54 # Offset: 0x60, LMA: 0x43000000
	Image$$ER_RO$$Base(0x43000000) = .( 0x43000000 );
*txm_module_preamble_llvm.o(.text .text.* )
*txm_module_preamble_llvm.o(Init )
Init	0x43000000	0x80	./ldscripts/txm_module_preamble_llvm.o	#SHT_PROGBITS,SHF_ALLOC|SHF_EXECINSTR,4
	0x43000000		.CODE32
	0x43000000		_txm_module_preamble
*txm_module_preamble_llvm.o(.rodata .rodata.* )
KEEP (*(.text .text.* ))
.text	0x43000080	0x6ac	out/common/src/retarget.o	#SHT_PROGBITS,SHF_ALLOC|SHF_EXECINSTR,4
	0x43000080		$a.0
	0x43000080		task_main_entry
	0x4300021c		$d.1
	0x43000260		$a.2
	0x43000260		putchar
	0x4300030c		$d.3
	0x43000320		$a.4
	0x43000320		_putchar
	0x43000324		__wrap_puts
	0x430003d8		$d.5
	0x430003ec		$a.6
	0x430003ec		__wrap_printf
	0x430004cc		$d.7
	0x430004e4		$a.8
	0x430004e4		__wrap_gets
	0x430004ec		__wrap_getchar
	0x43000544		$d.9
	0x43000550		$a.10
	0x43000550		__wrap_fprintf
	0x43000568		$d.11
	0x4300056c		$a.12
	0x4300056c		__wrap_write
	0x43000624		$d.13
	0x43000638		$a.14
	0x43000638		uart_rx_cb
	0x430006ac		$d.15
	0x430006c4		$a.16
	0x430006c4		uart_tx_cb
	0x430006e4		$d.17
	0x430006ec		$a.18
	0x430006ec		qapi_uart_tx_user_cb_dispatcher
	0x4300070c		qapi_uart_rx_user_cb_dispatcher
.text	0x4300072c	0x1e4	out/common/src/malloc.o	#SHT_PROGBITS,SHF_ALLOC|SHF_EXECINSTR,4
	0x4300072c		$a.0
	0x4300072c		memscpy
	0x43000754		malloc_byte_pool_init
	0x430007cc		$d.1
	0x430007e4		$a.2
	0x430007e4		malloc_get_pool
	0x430007f0		$d.3
	0x430007f4		$a.4
	0x430007f4		__wrap_malloc
	0x43000870		$d.5
	0x43000878		$a.6
	0x43000878		__wrap_free
	0x430008bc		$d.7
	0x430008c4		$a.8
	0x430008c4		__wrap_calloc
	0x43000900		__wrap_realloc
	0x43000908		memalign
.text	0x43000910	0x100	out/common/src/stubs.o	#SHT_PROGBITS,SHF_ALLOC|SHF_EXECINSTR,4
	0x43000910		$a.0
	0x43000910		abort
	0x4300094c		$d.1
	0x43000950		$a.2
	0x43000950		exit
	0x4300098c		$d.3
	0x43000990		$a.4
	0x43000990		_Exit
	0x430009cc		$d.5
	0x430009d0		$a.6
	0x430009d0		quick_exit
	0x43000a0c		$d.7
.text	0x43000a10	0x1538	out/common/src/printf.o	#SHT_PROGBITS,SHF_ALLOC|SHF_EXECINSTR,8
	0x43000a10		$a.0
	0x43000a10		printf_
	0x43000a5c		$d.1
	0x43000a60		$a.2
	0x43000a60		_vsnprintf
	0x43000c28		$d.3
	0x43000c50		$a.4
	0x43001228		$d.5
	0x43001284		$a.6
	0x430012a4		$d.7
	0x430012ac		_out_char
	0x430012ac		$a.8
	0x430012b8		sprintf_
	0x43001300		$d.9
	0x43001304		$a.10
	0x43001304		_out_buffer
	0x43001310		snprintf_
	0x43001354		$d.11
	0x43001358		$a.12
	0x43001358		vprintf_
	0x43001380		$d.13
	0x43001384		$a.14
	0x43001384		vsnprintf_
	0x430013b0		$d.15
	0x430013b4		fctprintf
	0x430013b4		$a.16
	0x43001404		$d.17
	0x43001408		$a.18
	0x43001408		_out_fct
	0x4300141c		_out_null
	0x43001420		_atoi
	0x43001460		_ntoa_long_long
	0x43001558		_ntoa_long
	0x43001618		_ftoa
	0x43001938		$d.19
	0x43001978		$a.20
	0x43001978		_etoa
	0x43001c90		$d.21
	0x43001ce0		$a.22
	0x43001ce0		_ntoa_format
	0x43001e64		_out_rev
.text	0x43001f48	0x8dc	out/common/src/file.o	#SHT_PROGBITS,SHF_ALLOC|SHF_EXECINSTR,4
	0x43001f48		$a.0
	0x43001f48		fopen
	0x4300207c		$d.1
	0x4300209c		$a.2
	0x4300209c		fclose
	0x43002110		fseek
	0x43002180		$d.3
	0x43002184		ftell
	0x43002184		$a.4
	0x430021e8		fstat
	0x430022c0		lstat
	0x43002394		$d.5
	0x43002398		$a.6
	0x43002398		fread
	0x43002410		$d.7
	0x43002414		__wrap_fwrite
	0x43002414		$a.8
	0x43002480		$d.9
	0x43002484		$a.10
	0x43002484		opendir
	0x430024f8		$d.11
	0x430024fc		$a.12
	0x430024fc		readdir
	0x43002588		$d.13
	0x43002590		$a.14
	0x43002590		closedir
	0x430025fc		rmdir
	0x43002664		$d.15
	0x43002668		$a.16
	0x43002668		mkdir
	0x430026d4		unlink
	0x4300273c		$d.17
	0x43002740		$a.18
	0x43002740		truncate
	0x430027a4		$d.19
	0x430027a8		$a.20
	0x430027a8		rename
	0x43002818		$d.21
	0x4300281c		$a.22
	0x4300281c		access
.text	0x43002824	0x7c8	out/common/src/cli.o	#SHT_PROGBITS,SHF_ALLOC|SHF_EXECINSTR,4
	0x43002824		$a.0
	0x43002824		cli_free
	0x43002844		cli_new
	0x43002930		$d.1
	0x4300294c		$a.2
	0x4300294c		cli_cmd_help
	0x430029a8		$d.3
	0x430029b8		$a.4
	0x430029b8		cli_cmd_meminfo
	0x43002a68		$d.5
	0x43002a7c		$a.6
	0x43002a7c		cli_cmd_ls
	0x43002b88		$d.7
	0x43002b94		$a.8
	0x43002b94		cli_cmd_cat
	0x43002cb4		$d.9
	0x43002cc0		$a.10
	0x43002cc0		cli_cmd_rm
	0x43002d50		$d.11
	0x43002d60		$a.12
	0x43002d60		cli_cmd_mkdir
	0x43002db8		$d.13
	0x43002dc4		$a.14
	0x43002dc4		cli_register
	0x43002e40		cli_input
	0x43002fd4		$d.15
.text	0x43002fec	0x28	out/common/src/time.o	#SHT_PROGBITS,SHF_ALLOC|SHF_EXECINSTR,4
	0x43002fec		$a.0
	0x43002fec		localtime
	0x43003010		$d.1
.text	0x43003014	0x44	out/main.o	#SHT_PROGBITS,SHF_ALLOC|SHF_EXECINSTR,4
	0x43003014		$a.0
	0x43003014		main
	0x4300303c		$d.1
	0x43003044		$a.2
	0x43003044		cli_cmd_ek
.text._txm_module_thread_shell_entry	0x43003058	0x94	../../../../Quectel_BG96_QuecOpen_SDK_Package_V3.0.1-AUS/SDK/libs/llvm\txm_lib.lib(txm_module_thread_shell_entry.o)	#SHT_PROGBITS,SHF_ALLOC|SHF_EXECINSTR,4
	0x43003058		$a.0
	0x43003058		_txm_module_thread_shell_entry
	0x430030e0		$d.1
.text._txm_module_callback_request_thread_entry	0x430030ec	0x108	../../../../Quectel_BG96_QuecOpen_SDK_Package_V3.0.1-AUS/SDK/libs/llvm\txm_lib.lib(txm_module_callback_request_thread_entry.o)	#SHT_PROGBITS,SHF_ALLOC|SHF_EXECINSTR,4
	0x430030ec		$a.0
	0x430030ec		_txm_module_callback_request_thread_entry
	0x43003144		$d.1
	0x43003158		$a.2
	0x430031ec		$d.3
.text._txm_module_system_call12	0x430031f4	0x70	../../../../Quectel_BG96_QuecOpen_SDK_Package_V3.0.1-AUS/SDK/libs/llvm\txm_lib.lib(txm_module_system_call12.o)	#SHT_PROGBITS,SHF_ALLOC|SHF_EXECINSTR,4
	0x430031f4		$a.0
	0x430031f4		_txm_module_system_call12
	0x43003260		$d.1
.text._txm_module_system_call4	0x43003264	0x2c	../../../../Quectel_BG96_QuecOpen_SDK_Package_V3.0.1-AUS/SDK/libs/llvm\txm_lib.lib(txm_module_system_call4.o)	#SHT_PROGBITS,SHF_ALLOC|SHF_EXECINSTR,4
	0x43003264		$a.0
	0x43003264		_txm_module_system_call4
	0x4300328c		$d.1
.text._txm_module_system_call5	0x43003290	0x34	../../../../Quectel_BG96_QuecOpen_SDK_Package_V3.0.1-AUS/SDK/libs/llvm\txm_lib.lib(txm_module_system_call5.o)	#SHT_PROGBITS,SHF_ALLOC|SHF_EXECINSTR,4
	0x43003290		$a.0
	0x43003290		_txm_module_system_call5
	0x430032c0		$d.1
.text._txm_module_system_call6	0x430032c4	0x3c	../../../../Quectel_BG96_QuecOpen_SDK_Package_V3.0.1-AUS/SDK/libs/llvm\txm_lib.lib(txm_module_system_call6.o)	#SHT_PROGBITS,SHF_ALLOC|SHF_EXECINSTR,4
	0x430032c4		$a.0
	0x430032c4		_txm_module_system_call6
	0x430032fc		$d.1
.text._txm_module_system_call7	0x43003300	0x44	../../../../Quectel_BG96_QuecOpen_SDK_Package_V3.0.1-AUS/SDK/libs/llvm\txm_lib.lib(txm_module_system_call7.o)	#SHT_PROGBITS,SHF_ALLOC|SHF_EXECINSTR,4
	0x43003300		$a.0
	0x43003300		_txm_module_system_call7
	0x43003340		$d.1
.text	0x43003344	0x7f0	../ek16/libek.a(ek.o)	#SHT_PROGBITS,SHF_ALLOC|SHF_EXECINSTR,4
	0x43003344		$a.0
	0x43003344		doexit
	0x43003348		usage
	0x430033ac		$d.1
	0x430033dc		$a.2
	0x430033dc		fatal
	0x4300343c		$d.3
	0x4300344c		$a.4
	0x4300344c		doarg
	0x43003700		$d.5
	0x4300374c		$a.6
	0x4300374c		ek
	0x43003ab4		$d.7
.text	0x43003b34	0x23ec	../ek16/libek.a(kermit.o)	#SHT_PROGBITS,SHF_ALLOC|SHF_EXECINSTR,4
	0x43003b34		$a.0
	0x43003b34		kermit
	0x43003b64		$d.1
	0x43003b7c		$a.2
	0x43004228		$d.3
	0x43004238		$a.4
	0x430047c4		$d.5
	0x43004818		freerslot
	0x43004818		$a.6
	0x43004834		freesslot
	0x43004880		epkt
	0x430048b4		nak
	0x4300490c		chk1
	0x43004970		chk2
	0x430049bc		chk3
	0x43004a28		resend
	0x43004a58		spar
	0x43004cc0		rpar
	0x43004e28		$d.7
	0x43004e54		$a.8
	0x43004e54		decode
	0x43005008		ack
	0x43005088		gattr
	0x43005278		getrslot
	0x43005308		getsslot
	0x4300531c		spkt
	0x430055cc		$d.9
	0x430055d0		$a.10
	0x430055d0		stringnum
	0x43005620		numstring
	0x430056c0		$d.11
	0x430056c4		$a.12
	0x430056c4		sattr
	0x4300593c		getpkt
	0x43005c18		$d.13
	0x43005c20		$a.14
	0x43005c20		encode
	0x43005e64		$d.15
	0x43005e70		$a.16
	0x43005e70		encstr
	0x43005eb4		decstr
	0x43005ef4		nxtpkt
.text	0x43005f20	0x6d4	../ek16/libek.a(920xio.o)	#SHT_PROGBITS,SHF_ALLOC|SHF_EXECINSTR,4
	0x43005f20		$a.0
	0x43005f20		devopen
	0x43005f34		$d.1
	0x43005f38		$a.2
	0x43005f38		pktmode
	0x43005f48		$d.3
	0x43005f4c		$a.4
	0x43005f4c		devsettings
	0x43005f5c		$d.5
	0x43005f60		$a.6
	0x43005f60		devrestore
	0x43005f68		devclose
	0x43005f7c		$d.7
	0x43005f80		$a.8
	0x43005f80		inchk
	0x43005f88		readpkt
	0x43006090		$d.9
	0x43006094		$a.10
	0x43006094		tx_data
	0x430060fc		$d.11
	0x43006100		$a.12
	0x43006100		openfile
	0x430061a0		$d.13
	0x430061bc		$a.14
	0x430061bc		fileinfo
	0x4300632c		$d.15
	0x43006340		$a.16
	0x43006340		readfile
	0x430064a8		$d.17
	0x430064ac		$a.18
	0x430064ac		writefile
	0x43006550		$d.19
	0x43006554		$a.20
	0x43006554		closefile
	0x430065ec		$d.21
.text.setlocale	0x430065f4	0xe8	C:\Users\nikol\projects\quectel\development\customer\threadx\tools\LLVM\4.0.3\armv7m-none-eabi\libc\lib/libc.a(setlocale.o)	#SHT_PROGBITS,SHF_ALLOC|SHF_EXECINSTR,4
	0x430065f4		$t
	0x430065f5		setlocale
	0x430066cc		$d
.text.setlocale_one_unlocked	0x430066dc	0x34	C:\Users\nikol\projects\quectel\development\customer\threadx\tools\LLVM\4.0.3\armv7m-none-eabi\libc\lib/libc.a(setlocale.o)	#SHT_PROGBITS,SHF_ALLOC|SHF_EXECINSTR,4
	0x430066dc		$t
	0x430066dd		setlocale_one_unlocked
	0x43006708		$d
.text.__getopt_msg	0x43006710	0x64	C:\Users\nikol\projects\quectel\development\customer\threadx\tools\LLVM\4.0.3\armv7m-none-eabi\libc\lib/libc.a(getopt.o)	#SHT_PROGBITS,SHF_ALLOC|SHF_EXECINSTR,4
	0x43006710		$t
	0x43006711		__getopt_msg
	0x43006770		$d
.text.getopt	0x43006774	0x174	C:\Users\nikol\projects\quectel\development\customer\threadx\tools\LLVM\4.0.3\armv7m-none-eabi\libc\lib/libc.a(getopt.o)	#SHT_PROGBITS,SHF_ALLOC|SHF_EXECINSTR,4
	0x43006774		$t
	0x43006775		getopt
	0x43006775		__posix_getopt
	0x430068d0		$d
.text.mbtowc	0x430068e8	0xcc	C:\Users\nikol\projects\quectel\development\customer\threadx\tools\LLVM\4.0.3\armv7m-none-eabi\libc\lib/libc.a(mbtowc.o)	#SHT_PROGBITS,SHF_ALLOC|SHF_EXECINSTR,4
	0x430068e8		$t
	0x430068e9		mbtowc
	0x430069b0		$d
.text.flockfile	0x430069b4	0x28	C:\Users\nikol\projects\quectel\development\customer\threadx\tools\LLVM\4.0.3\armv7m-none-eabi\libc\lib/libc.a(flockfile.o)	#SHT_PROGBITS,SHF_ALLOC|SHF_EXECINSTR,2
	0x430069b4		$t
	0x430069b5		flockfile
.text.fputs	0x430069dc	0x26	C:\Users\nikol\projects\quectel\development\customer\threadx\tools\LLVM\4.0.3\armv7m-none-eabi\libc\lib/libc.a(fputs.o)	#SHT_PROGBITS,SHF_ALLOC|SHF_EXECINSTR,2
	0x430069dc		$t
	0x430069dd		fputs
	0x430069dd		fputs_unlocked
.text.__do_orphaned_stdio_locks	0x43006a02	0x1e	C:\Users\nikol\projects\quectel\development\customer\threadx\tools\LLVM\4.0.3\armv7m-none-eabi\libc\lib/libc.a(ftrylockfile.o)	#SHT_PROGBITS,SHF_ALLOC|SHF_EXECINSTR,2
	0x43006a02		$t
	0x43006a03		__do_orphaned_stdio_locks
.text.__unlist_locked_file	0x43006a20	0x26	C:\Users\nikol\projects\quectel\development\customer\threadx\tools\LLVM\4.0.3\armv7m-none-eabi\libc\lib/libc.a(ftrylockfile.o)	#SHT_PROGBITS,SHF_ALLOC|SHF_EXECINSTR,2
	0x43006a20		$t
	0x43006a21		__unlist_locked_file
PADDING_ALIGNMENT	0x43006a46	0x2	0x0
.text.ftrylockfile	0x43006a48	0x80	C:\Users\nikol\projects\quectel\development\customer\threadx\tools\LLVM\4.0.3\armv7m-none-eabi\libc\lib/libc.a(ftrylockfile.o)	#SHT_PROGBITS,SHF_ALLOC|SHF_EXECINSTR,4
	0x43006a48		$t
	0x43006a49		ftrylockfile
	0x43006ac4		$d
.text.funlockfile	0x43006ac8	0x24	C:\Users\nikol\projects\quectel\development\customer\threadx\tools\LLVM\4.0.3\armv7m-none-eabi\libc\lib/libc.a(funlockfile.o)	#SHT_PROGBITS,SHF_ALLOC|SHF_EXECINSTR,2
	0x43006ac8		$t
	0x43006ac9		funlockfile
.text.getc	0x43006aec	0x4e	C:\Users\nikol\projects\quectel\development\customer\threadx\tools\LLVM\4.0.3\armv7m-none-eabi\libc\lib/libc.a(getc.o)	#SHT_PROGBITS,SHF_ALLOC|SHF_EXECINSTR,2
	0x43006aec		$t
	0x43006aed		getc
	0x43006aed		_IO_getc
.text.putc	0x43006b3a	0x68	C:\Users\nikol\projects\quectel\development\customer\threadx\tools\LLVM\4.0.3\armv7m-none-eabi\libc\lib/libc.a(putc.o)	#SHT_PROGBITS,SHF_ALLOC|SHF_EXECINSTR,2
	0x43006b3a		$t
	0x43006b3b		putc
	0x43006b3b		_IO_putc
.text.snprintf	0x43006ba2	0x16	C:\Users\nikol\projects\quectel\development\customer\threadx\tools\LLVM\4.0.3\armv7m-none-eabi\libc\lib/libc.a(snprintf.o)	#SHT_PROGBITS,SHF_ALLOC|SHF_EXECINSTR,2
	0x43006ba2		$t
	0x43006ba3		snprintf
.text.sprintf	0x43006bb8	0x18	C:\Users\nikol\projects\quectel\development\customer\threadx\tools\LLVM\4.0.3\armv7m-none-eabi\libc\lib/libc.a(sprintf.o)	#SHT_PROGBITS,SHF_ALLOC|SHF_EXECINSTR,2
	0x43006bb8		$t
	0x43006bb9		sprintf
.text.vsprintf	0x43006bd0	0x10	C:\Users\nikol\projects\quectel\development\customer\threadx\tools\LLVM\4.0.3\armv7m-none-eabi\libc\lib/libc.a(vsprintf.o)	#SHT_PROGBITS,SHF_ALLOC|SHF_EXECINSTR,4
	0x43006bd0		$t
	0x43006bd1		vsprintf
	0x43006bdc		$d
.text.atoi	0x43006be0	0x3e	C:\Users\nikol\projects\quectel\development\customer\threadx\tools\LLVM\4.0.3\armv7m-none-eabi\libc\lib/libc.a(atoi.o)	#SHT_PROGBITS,SHF_ALLOC|SHF_EXECINSTR,2
	0x43006be0		$t
	0x43006be1		atoi
.text	0x43006c1e	0x2ee	C:\Users\nikol\projects\quectel\development\customer\threadx\tools\LLVM\4.0.3\armv7m-none-eabi\libc\lib/libc.a(memcpy_le.o)	#SHT_PROGBITS,SHF_ALLOC|SHF_EXECINSTR,2
	0x43006c1e		$t
	0x43006c1f		memcpy
	0x43006c5e		src_aligned
	0x43006cac		congruent_aligned32
	0x43006cac		cached_aligned32
	0x43006cc2		less_than_32_left
	0x43006d10		non_congruent
	0x43006d8c		loop16
	0x43006de8		loop8
	0x43006e44		loop24
	0x43006e9c		less_than_thirtytwo
	0x43006ec6		partial_word_tail
	0x43006ee2		copy_last_3_and_return
.text	0x43006f0c	0x68	C:\Users\nikol\projects\quectel\development\customer\threadx\tools\LLVM\4.0.3\armv7m-none-eabi\libc\lib/libc.a(memset_nofp_armv7.o)	#SHT_PROGBITS,SHF_ALLOC|SHF_EXECINSTR,4
	0x43006f0c		$t
	0x43006f0d		memset
.text.strchr	0x43006f74	0x14	C:\Users\nikol\projects\quectel\development\customer\threadx\tools\LLVM\4.0.3\armv7m-none-eabi\libc\lib/libc.a(strchr.o)	#SHT_PROGBITS,SHF_ALLOC|SHF_EXECINSTR,2
	0x43006f74		$t
	0x43006f75		strchr
.text.__strchrnul	0x43006f88	0x5c	C:\Users\nikol\projects\quectel\development\customer\threadx\tools\LLVM\4.0.3\armv7m-none-eabi\libc\lib/libc.a(strchrnul.o)	#SHT_PROGBITS,SHF_ALLOC|SHF_EXECINSTR,2
	0x43006f88		$t
	0x43006f89		__strchrnul
	0x43006f89		strchrnul
.text.strcmp	0x43006fe4	0x14	C:\Users\nikol\projects\quectel\development\customer\threadx\tools\LLVM\4.0.3\armv7m-none-eabi\libc\lib/libc.a(strcmp.o)	#SHT_PROGBITS,SHF_ALLOC|SHF_EXECINSTR,2
	0x43006fe4		$t
	0x43006fe5		strcmp
.text.__strdup	0x43006ff8	0x22	C:\Users\nikol\projects\quectel\development\customer\threadx\tools\LLVM\4.0.3\armv7m-none-eabi\libc\lib/libc.a(strdup.o)	#SHT_PROGBITS,SHF_ALLOC|SHF_EXECINSTR,2
	0x43006ff8		$t
	0x43006ff9		__strdup
	0x43006ff9		strdup
.text.strlen	0x4300701a	0x34	C:\Users\nikol\projects\quectel\development\customer\threadx\tools\LLVM\4.0.3\armv7m-none-eabi\libc\lib/libc.a(strlen.o)	#SHT_PROGBITS,SHF_ALLOC|SHF_EXECINSTR,2
	0x4300701a		$t
	0x4300701b		strlen
.text.strncpy	0x4300704e	0xc	C:\Users\nikol\projects\quectel\development\customer\threadx\tools\LLVM\4.0.3\armv7m-none-eabi\libc\lib/libc.a(strncpy.o)	#SHT_PROGBITS,SHF_ALLOC|SHF_EXECINSTR,2
	0x4300704e		$t
	0x4300704f		strncpy
PADDING_ALIGNMENT	0x4300705a	0x2	0x0
.text.strtok	0x4300705c	0x50	C:\Users\nikol\projects\quectel\development\customer\threadx\tools\LLVM\4.0.3\armv7m-none-eabi\libc\lib/libc.a(strtok.o)	#SHT_PROGBITS,SHF_ALLOC|SHF_EXECINSTR,4
	0x4300705c		$t
	0x4300705d		strtok
	0x430070a8		$d
.text.__lock	0x430070ac	0x38	C:\Users\nikol\projects\quectel\development\customer\threadx\tools\LLVM\4.0.3\armv7m-none-eabi\libc\lib/libc.a(__lock.o)	#SHT_PROGBITS,SHF_ALLOC|SHF_EXECINSTR,4
	0x430070ac		$t
	0x430070ad		__lock
	0x430070e0		$d
.text.__unlock	0x430070e4	0x32	C:\Users\nikol\projects\quectel\development\customer\threadx\tools\LLVM\4.0.3\armv7m-none-eabi\libc\lib/libc.a(__lock.o)	#SHT_PROGBITS,SHF_ALLOC|SHF_EXECINSTR,2
	0x430070e4		$t
	0x430070e5		__unlock
.text.__syscall3	0x43007116	0xa	C:\Users\nikol\projects\quectel\development\customer\threadx\tools\LLVM\4.0.3\armv7m-none-eabi\libc\lib/libc.a(__lock.o)	#SHT_PROGBITS,SHF_ALLOC|SHF_EXECINSTR,2
	0x43007116		$t
	0x43007117		__syscall3
.text.__wait	0x43007120	0x64	C:\Users\nikol\projects\quectel\development\customer\threadx\tools\LLVM\4.0.3\armv7m-none-eabi\libc\lib/libc.a(__wait.o)	#SHT_PROGBITS,SHF_ALLOC|SHF_EXECINSTR,2
	0x43007120		$t
	0x43007121		__wait
.text.__syscall4	0x43007184	0xa	C:\Users\nikol\projects\quectel\development\customer\threadx\tools\LLVM\4.0.3\armv7m-none-eabi\libc\lib/libc.a(__wait.o)	#SHT_PROGBITS,SHF_ALLOC|SHF_EXECINSTR,2
	0x43007184		$t
	0x43007185		__syscall4
.text.a_fetch_add	0x4300718e	0x18	C:\Users\nikol\projects\quectel\development\customer\threadx\tools\LLVM\4.0.3\armv7m-none-eabi\libc\lib/libc.a(__wait.o)	#SHT_PROGBITS,SHF_ALLOC|SHF_EXECINSTR,2
	0x4300718e		$t
	0x4300718f		a_fetch_add
.text.__errno_location	0x430071a6	0x8	C:\Users\nikol\projects\quectel\development\customer\threadx\tools\LLVM\4.0.3\armv7m-none-eabi\libc\lib/libc.a(__errno_location.o)	#SHT_PROGBITS,SHF_ALLOC|SHF_EXECINSTR,2
	0x430071a6		$t
	0x430071a7		__errno_location
.text.dummy	0x430071ae	0x2	C:\Users\nikol\projects\quectel\development\customer\threadx\tools\LLVM\4.0.3\armv7m-none-eabi\libc\lib/libc.a(__lctrans.o)	#SHT_PROGBITS,SHF_ALLOC|SHF_EXECINSTR,2
	0x430071ae		$t
	0x430071af		dummy
.text.__lctrans	0x430071b0	0x4	C:\Users\nikol\projects\quectel\development\customer\threadx\tools\LLVM\4.0.3\armv7m-none-eabi\libc\lib/libc.a(__lctrans.o)	#SHT_PROGBITS,SHF_ALLOC|SHF_EXECINSTR,2
	0x430071b0		$t
	0x430071b1		__lctrans
.text.__lctrans_cur	0x430071b4	0xe	C:\Users\nikol\projects\quectel\development\customer\threadx\tools\LLVM\4.0.3\armv7m-none-eabi\libc\lib/libc.a(__lctrans.o)	#SHT_PROGBITS,SHF_ALLOC|SHF_EXECINSTR,2
	0x430071b4		$t
	0x430071b5		__lctrans_cur
.text.__lctrans_impl	0x430071c2	0x1e	C:\Users\nikol\projects\quectel\development\customer\threadx\tools\LLVM\4.0.3\armv7m-none-eabi\libc\lib/libc.a(locale_map.o)	#SHT_PROGBITS,SHF_ALLOC|SHF_EXECINSTR,2
	0x430071c2		$t
	0x430071c3		__lctrans_impl
.text.__get_locale	0x430071e0	0x1e8	C:\Users\nikol\projects\quectel\development\customer\threadx\tools\LLVM\4.0.3\armv7m-none-eabi\libc\lib/libc.a(locale_map.o)	#SHT_PROGBITS,SHF_ALLOC|SHF_EXECINSTR,4
	0x430071e0		$t
	0x430071e1		__get_locale
	0x430073a4		$d
.text.dummy	0x430073c8	0x2	C:\Users\nikol\projects\quectel\development\customer\threadx\tools\LLVM\4.0.3\armv7m-none-eabi\libc\lib/libc.a(munmap.o)	#SHT_PROGBITS,SHF_ALLOC|SHF_EXECINSTR,2
	0x430073c8		$t
	0x430073c9		dummy
	0x430073c9		__vm_wait
.text.__munmap	0x430073ca	0x1a	C:\Users\nikol\projects\quectel\development\customer\threadx\tools\LLVM\4.0.3\armv7m-none-eabi\libc\lib/libc.a(munmap.o)	#SHT_PROGBITS,SHF_ALLOC|SHF_EXECINSTR,2
	0x430073ca		$t
	0x430073cb		__munmap
	0x430073cb		munmap
.text.__overflow	0x430073e4	0x54	C:\Users\nikol\projects\quectel\development\customer\threadx\tools\LLVM\4.0.3\armv7m-none-eabi\libc\lib/libc.a(__overflow.o)	#SHT_PROGBITS,SHF_ALLOC|SHF_EXECINSTR,2
	0x430073e4		$t
	0x430073e5		__overflow
.text.__towrite	0x43007438	0x38	C:\Users\nikol\projects\quectel\development\customer\threadx\tools\LLVM\4.0.3\armv7m-none-eabi\libc\lib/libc.a(__towrite.o)	#SHT_PROGBITS,SHF_ALLOC|SHF_EXECINSTR,2
	0x43007438		$t
	0x43007439		__towrite
.text.__towrite_needs_stdio_exit	0x43007470	0x4	C:\Users\nikol\projects\quectel\development\customer\threadx\tools\LLVM\4.0.3\armv7m-none-eabi\libc\lib/libc.a(__towrite.o)	#SHT_PROGBITS,SHF_ALLOC|SHF_EXECINSTR,2
	0x43007470		$t
	0x43007471		__towrite_needs_stdio_exit
.text.__uflow	0x43007474	0x2a	C:\Users\nikol\projects\quectel\development\customer\threadx\tools\LLVM\4.0.3\armv7m-none-eabi\libc\lib/libc.a(__uflow.o)	#SHT_PROGBITS,SHF_ALLOC|SHF_EXECINSTR,2
	0x43007474		$t
	0x43007475		__uflow
.text.__lockfile	0x4300749e	0x4	C:\Users\nikol\projects\quectel\development\customer\threadx\tools\LLVM\4.0.3\armv7m-none-eabi\libc\lib/libc.a(__lockfile.o)	#SHT_PROGBITS,SHF_ALLOC|SHF_EXECINSTR,2
	0x4300749e		$t
	0x4300749f		__lockfile
.text.__unlockfile	0x430074a2	0x2	C:\Users\nikol\projects\quectel\development\customer\threadx\tools\LLVM\4.0.3\armv7m-none-eabi\libc\lib/libc.a(__lockfile.o)	#SHT_PROGBITS,SHF_ALLOC|SHF_EXECINSTR,2
	0x430074a2		$t
	0x430074a3		__unlockfile
.text.dummy	0x430074a4	0x2	C:\Users\nikol\projects\quectel\development\customer\threadx\tools\LLVM\4.0.3\armv7m-none-eabi\libc\lib/libc.a(__stdio_close.o)	#SHT_PROGBITS,SHF_ALLOC|SHF_EXECINSTR,2
	0x430074a4		$t
	0x430074a5		dummy
	0x430074a5		__aio_close
.text.__stdio_close	0x430074a6	0x14	C:\Users\nikol\projects\quectel\development\customer\threadx\tools\LLVM\4.0.3\armv7m-none-eabi\libc\lib/libc.a(__stdio_close.o)	#SHT_PROGBITS,SHF_ALLOC|SHF_EXECINSTR,2
	0x430074a6		$t
	0x430074a7		__stdio_close
.text.__stdio_seek	0x430074ba	0x72	C:\Users\nikol\projects\quectel\development\customer\threadx\tools\LLVM\4.0.3\armv7m-none-eabi\libc\lib/libc.a(__stdio_seek.o)	#SHT_PROGBITS,SHF_ALLOC|SHF_EXECINSTR,2
	0x430074ba		$t
	0x430074bb		__stdio_seek
.text.__stdio_write	0x4300752c	0xfe	C:\Users\nikol\projects\quectel\development\customer\threadx\tools\LLVM\4.0.3\armv7m-none-eabi\libc\lib/libc.a(__stdio_write.o)	#SHT_PROGBITS,SHF_ALLOC|SHF_EXECINSTR,2
	0x4300752c		$t
	0x4300752d		__stdio_write
.text.vfprintf	0x4300762a	0xd6	C:\Users\nikol\projects\quectel\development\customer\threadx\tools\LLVM\4.0.3\armv7m-none-eabi\libc\lib/libc.a(vfprintf.o)	#SHT_PROGBITS,SHF_ALLOC|SHF_EXECINSTR,2
	0x4300762a		$t
	0x4300762b		vfprintf
.text.printf_core	0x43007700	0x6a8	C:\Users\nikol\projects\quectel\development\customer\threadx\tools\LLVM\4.0.3\armv7m-none-eabi\libc\lib/libc.a(vfprintf.o)	#SHT_PROGBITS,SHF_ALLOC|SHF_EXECINSTR,4
	0x43007700		$t
	0x43007701		printf_core
	0x430079b0		$d
	0x430079b8		$t
	0x43007c20		$d
	0x43007c46		$t
	0x43007d84		$d
.text.vsnprintf	0x43007da8	0x1a4	C:\Users\nikol\projects\quectel\development\customer\threadx\tools\LLVM\4.0.3\armv7m-none-eabi\libc\lib/libc.a(vfprintf.o)	#SHT_PROGBITS,SHF_ALLOC|SHF_EXECINSTR,4
	0x43007da8		$t
	0x43007da9		vsnprintf
	0x43007f48		$d
.text.fmt_u32	0x43007f4c	0x22	C:\Users\nikol\projects\quectel\development\customer\threadx\tools\LLVM\4.0.3\armv7m-none-eabi\libc\lib/libc.a(vfprintf.o)	#SHT_PROGBITS,SHF_ALLOC|SHF_EXECINSTR,2
	0x43007f4c		$t
	0x43007f4d		fmt_u32
.text.out	0x43007f6e	0x14	C:\Users\nikol\projects\quectel\development\customer\threadx\tools\LLVM\4.0.3\armv7m-none-eabi\libc\lib/libc.a(vfprintf.o)	#SHT_PROGBITS,SHF_ALLOC|SHF_EXECINSTR,2
	0x43007f6e		$t
	0x43007f6f		out
.text.getint	0x43007f82	0x1e	C:\Users\nikol\projects\quectel\development\customer\threadx\tools\LLVM\4.0.3\armv7m-none-eabi\libc\lib/libc.a(vfprintf.o)	#SHT_PROGBITS,SHF_ALLOC|SHF_EXECINSTR,2
	0x43007f82		$t
	0x43007f83		getint
.text.pop_arg	0x43007fa0	0x80	C:\Users\nikol\projects\quectel\development\customer\threadx\tools\LLVM\4.0.3\armv7m-none-eabi\libc\lib/libc.a(vfprintf.o)	#SHT_PROGBITS,SHF_ALLOC|SHF_EXECINSTR,4
	0x43007fa0		$t
	0x43007fa1		pop_arg
	0x43007fae		$d
	0x43007fb8		$t
.text.pad	0x43008020	0x4e	C:\Users\nikol\projects\quectel\development\customer\threadx\tools\LLVM\4.0.3\armv7m-none-eabi\libc\lib/libc.a(vfprintf.o)	#SHT_PROGBITS,SHF_ALLOC|SHF_EXECINSTR,2
	0x43008020		$t
	0x43008021		pad
.text.__fwritex	0x4300806e	0x76	C:\Users\nikol\projects\quectel\development\customer\threadx\tools\LLVM\4.0.3\armv7m-none-eabi\libc\lib/libc.a(fwrite.o)	#SHT_PROGBITS,SHF_ALLOC|SHF_EXECINSTR,2
	0x4300806e		$t
	0x4300806f		__fwritex
.text.fwrite	0x430080e4	0x58	C:\Users\nikol\projects\quectel\development\customer\threadx\tools\LLVM\4.0.3\armv7m-none-eabi\libc\lib/libc.a(fwrite.o)	#SHT_PROGBITS,SHF_ALLOC|SHF_EXECINSTR,2
	0x430080e4		$t
	0x430080e5		fwrite
	0x430080e5		fwrite_unlocked
.text.vsnprintf_full	0x4300813c	0x74	C:\Users\nikol\projects\quectel\development\customer\threadx\tools\LLVM\4.0.3\armv7m-none-eabi\libc\lib/libc.a(vsnprintf.o)	#SHT_PROGBITS,SHF_ALLOC|SHF_EXECINSTR,4
	0x4300813c		$t
	0x4300813d		vsnprintf_full
	0x430081a8		$d
.text.sn_write	0x430081b0	0x22	C:\Users\nikol\projects\quectel\development\customer\threadx\tools\LLVM\4.0.3\armv7m-none-eabi\libc\lib/libc.a(vsnprintf.o)	#SHT_PROGBITS,SHF_ALLOC|SHF_EXECINSTR,2
	0x430081b0		$t
	0x430081b1		sn_write
.text.__aeabi_memclr	0x430081d2	0x8	C:\Users\nikol\projects\quectel\development\customer\threadx\tools\LLVM\4.0.3\armv7m-none-eabi\libc\lib/libc.a(__aeabi_memclr.o)	#SHT_PROGBITS,SHF_ALLOC|SHF_EXECINSTR,2
	0x430081d2		$t
	0x430081d3		__aeabi_memclr
	0x430081d3		__aeabi_memclr4
	0x430081d3		__aeabi_memclr8
.text.__aeabi_memcpy	0x430081da	0x4	C:\Users\nikol\projects\quectel\development\customer\threadx\tools\LLVM\4.0.3\armv7m-none-eabi\libc\lib/libc.a(__aeabi_memcpy.o)	#SHT_PROGBITS,SHF_ALLOC|SHF_EXECINSTR,2
	0x430081da		$t
	0x430081db		__aeabi_memcpy
	0x430081db		__aeabi_memcpy4
	0x430081db		__aeabi_memcpy8
.text.memchr	0x430081de	0x5c	C:\Users\nikol\projects\quectel\development\customer\threadx\tools\LLVM\4.0.3\armv7m-none-eabi\libc\lib/libc.a(memchr.o)	#SHT_PROGBITS,SHF_ALLOC|SHF_EXECINSTR,2
	0x430081de		$t
	0x430081df		memchr
.text.__stpncpy	0x4300823a	0x68	C:\Users\nikol\projects\quectel\development\customer\threadx\tools\LLVM\4.0.3\armv7m-none-eabi\libc\lib/libc.a(stpncpy.o)	#SHT_PROGBITS,SHF_ALLOC|SHF_EXECINSTR,2
	0x4300823a		$t
	0x4300823b		__stpncpy
	0x4300823b		stpncpy
.text.strcspn	0x430082a2	0x6a	C:\Users\nikol\projects\quectel\development\customer\threadx\tools\LLVM\4.0.3\armv7m-none-eabi\libc\lib/libc.a(strcspn.o)	#SHT_PROGBITS,SHF_ALLOC|SHF_EXECINSTR,2
	0x430082a2		$t
	0x430082a3		strcspn
.text.strspn	0x4300830c	0x74	C:\Users\nikol\projects\quectel\development\customer\threadx\tools\LLVM\4.0.3\armv7m-none-eabi\libc\lib/libc.a(strspn.o)	#SHT_PROGBITS,SHF_ALLOC|SHF_EXECINSTR,2
	0x4300830c		$t
	0x4300830d		strspn
.text.__map_file	0x43008380	0x58	C:\Users\nikol\projects\quectel\development\customer\threadx\tools\LLVM\4.0.3\armv7m-none-eabi\libc\lib/libc.a(__map_file.o)	#SHT_PROGBITS,SHF_ALLOC|SHF_EXECINSTR,4
	0x43008380		$t
	0x43008381		__map_file
	0x430083d4		$d
.text.getenv	0x430083d8	0x5c	C:\Users\nikol\projects\quectel\development\customer\threadx\tools\LLVM\4.0.3\armv7m-none-eabi\libc\lib/libc.a(getenv.o)	#SHT_PROGBITS,SHF_ALLOC|SHF_EXECINSTR,4
	0x430083d8		$t
	0x430083d9		getenv
	0x43008430		$d
.text.__strerror_l	0x43008434	0x3c	C:\Users\nikol\projects\quectel\development\customer\threadx\tools\LLVM\4.0.3\armv7m-none-eabi\libc\lib/libc.a(strerror.o)	#SHT_PROGBITS,SHF_ALLOC|SHF_EXECINSTR,4
	0x43008434		$t
	0x43008435		__strerror_l
	0x43008435		strerror_l
	0x43008468		$d
.text.strerror	0x43008470	0xc	C:\Users\nikol\projects\quectel\development\customer\threadx\tools\LLVM\4.0.3\armv7m-none-eabi\libc\lib/libc.a(strerror.o)	#SHT_PROGBITS,SHF_ALLOC|SHF_EXECINSTR,2
	0x43008470		$t
	0x43008471		strerror
.text.__syscall_ret	0x4300847c	0x20	C:\Users\nikol\projects\quectel\development\customer\threadx\tools\LLVM\4.0.3\armv7m-none-eabi\libc\lib/libc.a(syscall_ret.o)	#SHT_PROGBITS,SHF_ALLOC|SHF_EXECINSTR,4
	0x4300847c		$t
	0x4300847d		__syscall_ret
	0x43008498		$d
.text.__mo_lookup	0x4300849c	0xd8	C:\Users\nikol\projects\quectel\development\customer\threadx\tools\LLVM\4.0.3\armv7m-none-eabi\libc\lib/libc.a(__mo_lookup.o)	#SHT_PROGBITS,SHF_ALLOC|SHF_EXECINSTR,4
	0x4300849c		$t
	0x4300849d		__mo_lookup
	0x43008570		$d
.text.dummy	0x43008574	0x2	C:\Users\nikol\projects\quectel\development\customer\threadx\tools\LLVM\4.0.3\armv7m-none-eabi\libc\lib/libc.a(mmap.o)	#SHT_PROGBITS,SHF_ALLOC|SHF_EXECINSTR,2
	0x43008574		$t
	0x43008575		dummy
PADDING_ALIGNMENT	0x43008576	0x2	0x0
.text.__mmap	0x43008578	0x60	C:\Users\nikol\projects\quectel\development\customer\threadx\tools\LLVM\4.0.3\armv7m-none-eabi\libc\lib/libc.a(mmap.o)	#SHT_PROGBITS,SHF_ALLOC|SHF_EXECINSTR,4
	0x43008578		$t
	0x43008579		__mmap
	0x43008579		mmap
	0x43008579		mmap64
	0x430085d4		$d
.text.wctomb	0x430085d8	0xc	C:\Users\nikol\projects\quectel\development\customer\threadx\tools\LLVM\4.0.3\armv7m-none-eabi\libc\lib/libc.a(wctomb.o)	#SHT_PROGBITS,SHF_ALLOC|SHF_EXECINSTR,2
	0x430085d8		$t
	0x430085d9		wctomb
.text.__stdio_exit	0x430085e4	0x30	C:\Users\nikol\projects\quectel\development\customer\threadx\tools\LLVM\4.0.3\armv7m-none-eabi\libc\lib/libc.a(__stdio_exit.o)	#SHT_PROGBITS,SHF_ALLOC|SHF_EXECINSTR,4
	0x430085e4		$t
	0x430085e5		__stdio_exit
	0x430085e5		__stdio_exit_needed
	0x4300860c		$d
.text.close_file	0x43008614	0x3c	C:\Users\nikol\projects\quectel\development\customer\threadx\tools\LLVM\4.0.3\armv7m-none-eabi\libc\lib/libc.a(__stdio_exit.o)	#SHT_PROGBITS,SHF_ALLOC|SHF_EXECINSTR,2
	0x43008614		$t
	0x43008615		close_file
.text.__toread	0x43008650	0x50	C:\Users\nikol\projects\quectel\development\customer\threadx\tools\LLVM\4.0.3\armv7m-none-eabi\libc\lib/libc.a(__toread.o)	#SHT_PROGBITS,SHF_ALLOC|SHF_EXECINSTR,2
	0x43008650		$t
	0x43008651		__toread
.text.__toread_needs_stdio_exit	0x430086a0	0x4	C:\Users\nikol\projects\quectel\development\customer\threadx\tools\LLVM\4.0.3\armv7m-none-eabi\libc\lib/libc.a(__toread.o)	#SHT_PROGBITS,SHF_ALLOC|SHF_EXECINSTR,2
	0x430086a0		$t
	0x430086a1		__toread_needs_stdio_exit
.text.__ofl_lock	0x430086a4	0x8	C:\Users\nikol\projects\quectel\development\customer\threadx\tools\LLVM\4.0.3\armv7m-none-eabi\libc\lib/libc.a(ofl.o)	#SHT_PROGBITS,SHF_ALLOC|SHF_EXECINSTR,4
	0x430086a4		$t
	0x430086a5		__ofl_lock
	0x430086a8		$d
.text.__ofl_unlock	0x430086ac	0x2	C:\Users\nikol\projects\quectel\development\customer\threadx\tools\LLVM\4.0.3\armv7m-none-eabi\libc\lib/libc.a(ofl.o)	#SHT_PROGBITS,SHF_ALLOC|SHF_EXECINSTR,2
	0x430086ac		$t
	0x430086ad		__ofl_unlock
.text.strncmp	0x430086ae	0x28	C:\Users\nikol\projects\quectel\development\customer\threadx\tools\LLVM\4.0.3\armv7m-none-eabi\libc\lib/libc.a(strncmp.o)	#SHT_PROGBITS,SHF_ALLOC|SHF_EXECINSTR,2
	0x430086ae		$t
	0x430086af		strncmp
.text.wcrtomb	0x430086d6	0xb0	C:\Users\nikol\projects\quectel\development\customer\threadx\tools\LLVM\4.0.3\armv7m-none-eabi\libc\lib/libc.a(wcrtomb.o)	#SHT_PROGBITS,SHF_ALLOC|SHF_EXECINSTR,2
	0x430086d6		$t
	0x430086d7		wcrtomb
PADDING_ALIGNMENT	0x43008786	0x2	0x0
.text	0x43008788	0x14	C:\Users\nikol\projects\quectel\development\customer\threadx\tools\LLVM\4.0.3\lib\clang\4.0.3\lib\baremetal/libclang_rt.builtins-armv7m.a(aeabi_uldivmod.S.obj)	#SHT_PROGBITS,SHF_ALLOC|SHF_EXECINSTR,4
	0x43008788		$t.0
	0x43008789		__aeabi_uldivmod
.text.__udivmoddi4	0x4300879c	0x1d4	C:\Users\nikol\projects\quectel\development\customer\threadx\tools\LLVM\4.0.3\lib\clang\4.0.3\lib\baremetal/libclang_rt.builtins-armv7m.a(udivmoddi4.c.obj)	#SHT_PROGBITS,SHF_ALLOC|SHF_EXECINSTR,2
	0x4300879c		$t.0
	0x4300879d		__udivmoddi4
*(Init )
*(.rodata .rodata.* )
.rodata.str1.1	0x43008970	0x2	out/common/src/retarget.o	#SHT_PROGBITS,SHF_ALLOC|SHF_MERGE|SHF_STRINGS,1
	0x43008970		.L.str
.rodata.str1.1	0x43008972	0x8	out/common/src/retarget.o	#SHT_PROGBITS,SHF_ALLOC|SHF_MERGE|SHF_STRINGS,1
	0x43008972		.L.str.1
.rodata.str1.1	0x4300897a	0xf	out/common/src/retarget.o	#SHT_PROGBITS,SHF_ALLOC|SHF_MERGE|SHF_STRINGS,1
	0x4300897a		.L.str.2
.rodata.str1.1	0x43008989	0xb	out/common/src/retarget.o	#SHT_PROGBITS,SHF_ALLOC|SHF_MERGE|SHF_STRINGS,1
	0x43008989		.L.str.3
.rodata.str1.1	0x43008994	0x10	out/common/src/retarget.o	#SHT_PROGBITS,SHF_ALLOC|SHF_MERGE|SHF_STRINGS,1
	0x43008994		.L.str.4
.rodata.str1.1	0x430089a4	0x31	out/common/src/malloc.o	#SHT_PROGBITS,SHF_ALLOC|SHF_MERGE|SHF_STRINGS,1
	0x430089a4		.L.str
.rodata.str1.1	0x430089d5	0x8	out/common/src/malloc.o	#SHT_PROGBITS,SHF_ALLOC|SHF_MERGE|SHF_STRINGS,1
	0x430089d5		.L.str.1
.rodata.str1.1	0x430089dd	0x2f	out/common/src/malloc.o	#SHT_PROGBITS,SHF_ALLOC|SHF_MERGE|SHF_STRINGS,1
	0x430089dd		.L.str.2
.rodata.str1.1	0x43008a0c	0x29	out/common/src/malloc.o	#SHT_PROGBITS,SHF_ALLOC|SHF_MERGE|SHF_STRINGS,1
	0x43008a0c		.L.str.3
.rodata.str1.1	0x43008a35	0x25	out/common/src/malloc.o	#SHT_PROGBITS,SHF_ALLOC|SHF_MERGE|SHF_STRINGS,1
	0x43008a35		.L.str.4
.rodata.str1.1	0x43008a5a	0x7	out/common/src/printf.o	#SHT_PROGBITS,SHF_ALLOC|SHF_MERGE|SHF_STRINGS,1
	0x43008a5a		.L.str
.rodata.str1.1	0x43008a61	0x4	out/common/src/printf.o	#SHT_PROGBITS,SHF_ALLOC|SHF_MERGE|SHF_STRINGS,1
	0x43008a61		.L.str.1
.rodata.str1.1	0x43008a65	0x5	out/common/src/printf.o	#SHT_PROGBITS,SHF_ALLOC|SHF_MERGE|SHF_STRINGS,1
	0x43008a65		.L.str.2
.rodata.str1.1	0x43008a6a	0x5	out/common/src/printf.o	#SHT_PROGBITS,SHF_ALLOC|SHF_MERGE|SHF_STRINGS,1
	0x43008a6a		.L.str.3
.rodata.str1.1	0x43008a6f	0x4	out/common/src/printf.o	#SHT_PROGBITS,SHF_ALLOC|SHF_MERGE|SHF_STRINGS,1
	0x43008a6f		.L.str.4
PADDING_ALIGNMENT	0x43008a73	0x5	0x0
.rodata	0x43008a78	0x50	out/common/src/printf.o	#SHT_PROGBITS,SHF_ALLOC,8
	0x43008a78		_ftoa.pow10
.rodata.str1.1	0x43008ac8	0x2	out/common/src/file.o	#SHT_PROGBITS,SHF_ALLOC|SHF_MERGE|SHF_STRINGS,1
	0x43008ac8		.L.str
.rodata.str1.1	0x43008aca	0x3	out/common/src/file.o	#SHT_PROGBITS,SHF_ALLOC|SHF_MERGE|SHF_STRINGS,1
	0x43008aca		.L.str.1
.rodata.str1.1	0x43008acd	0x3	out/common/src/file.o	#SHT_PROGBITS,SHF_ALLOC|SHF_MERGE|SHF_STRINGS,1
	0x43008acd		.L.str.2
.rodata.str1.1	0x43008ad0	0x2	out/common/src/file.o	#SHT_PROGBITS,SHF_ALLOC|SHF_MERGE|SHF_STRINGS,1
	0x43008ad0		.L.str.3
.rodata.str1.1	0x43008ad2	0x3	out/common/src/file.o	#SHT_PROGBITS,SHF_ALLOC|SHF_MERGE|SHF_STRINGS,1
	0x43008ad2		.L.str.4
.rodata.str1.1	0x43008ad5	0x2	out/common/src/file.o	#SHT_PROGBITS,SHF_ALLOC|SHF_MERGE|SHF_STRINGS,1
	0x43008ad5		.L.str.5
.rodata.str1.1	0x43008ad7	0x3	out/common/src/file.o	#SHT_PROGBITS,SHF_ALLOC|SHF_MERGE|SHF_STRINGS,1
	0x43008ad7		.L.str.6
.rodata.str1.1	0x43008ada	0x5	out/common/src/cli.o	#SHT_PROGBITS,SHF_ALLOC|SHF_MERGE|SHF_STRINGS,1
	0x43008ada		.L.str
.rodata.str1.1	0x43008adf	0x8	out/common/src/cli.o	#SHT_PROGBITS,SHF_ALLOC|SHF_MERGE|SHF_STRINGS,1
	0x43008adf		.L.str.1
.rodata.str1.1	0x43008ae7	0x3	out/common/src/cli.o	#SHT_PROGBITS,SHF_ALLOC|SHF_MERGE|SHF_STRINGS,1
	0x43008ae7		.L.str.2
.rodata.str1.1	0x43008aea	0x4	out/common/src/cli.o	#SHT_PROGBITS,SHF_ALLOC|SHF_MERGE|SHF_STRINGS,1
	0x43008aea		.L.str.3
.rodata.str1.1	0x43008aee	0x3	out/common/src/cli.o	#SHT_PROGBITS,SHF_ALLOC|SHF_MERGE|SHF_STRINGS,1
	0x43008aee		.L.str.4
.rodata.str1.1	0x43008af1	0x6	out/common/src/cli.o	#SHT_PROGBITS,SHF_ALLOC|SHF_MERGE|SHF_STRINGS,1
	0x43008af1		.L.str.5
.rodata.str1.1	0x43008af7	0x6	out/common/src/cli.o	#SHT_PROGBITS,SHF_ALLOC|SHF_MERGE|SHF_STRINGS,1
	0x43008af7		.L.str.6
.rodata.str1.1	0x43008afd	0x6	out/common/src/cli.o	#SHT_PROGBITS,SHF_ALLOC|SHF_MERGE|SHF_STRINGS,1
	0x43008afd		.L.str.7
.rodata.str1.1	0x43008b03	0xb	out/common/src/cli.o	#SHT_PROGBITS,SHF_ALLOC|SHF_MERGE|SHF_STRINGS,1
	0x43008b03		.L.str.8
.rodata.str1.1	0x43008b0e	0x3	out/common/src/cli.o	#SHT_PROGBITS,SHF_ALLOC|SHF_MERGE|SHF_STRINGS,1
	0x43008b0e		.L.str.9
.rodata.str1.1	0x43008b11	0x2	out/common/src/cli.o	#SHT_PROGBITS,SHF_ALLOC|SHF_MERGE|SHF_STRINGS,1
	0x43008b11		.L.str.10
.rodata.str1.1	0x43008b13	0x3	out/common/src/cli.o	#SHT_PROGBITS,SHF_ALLOC|SHF_MERGE|SHF_STRINGS,1
	0x43008b13		.L.str.11
.rodata.str1.1	0x43008b16	0x5	out/common/src/cli.o	#SHT_PROGBITS,SHF_ALLOC|SHF_MERGE|SHF_STRINGS,1
	0x43008b16		.L.str.12
.rodata.str1.1	0x43008b1b	0xa	out/common/src/cli.o	#SHT_PROGBITS,SHF_ALLOC|SHF_MERGE|SHF_STRINGS,1
	0x43008b1b		.L.str.13
.rodata.str1.1	0x43008b25	0x3	out/common/src/cli.o	#SHT_PROGBITS,SHF_ALLOC|SHF_MERGE|SHF_STRINGS,1
	0x43008b25		.L.str.14
.rodata.str1.1	0x43008b28	0x59	out/common/src/cli.o	#SHT_PROGBITS,SHF_ALLOC|SHF_MERGE|SHF_STRINGS,1
	0x43008b28		.L.str.16
.rodata.str1.1	0x43008b81	0x2	out/common/src/cli.o	#SHT_PROGBITS,SHF_ALLOC|SHF_MERGE|SHF_STRINGS,1
	0x43008b81		.L.str.17
.rodata.str1.1	0x43008b83	0x13	out/common/src/cli.o	#SHT_PROGBITS,SHF_ALLOC|SHF_MERGE|SHF_STRINGS,1
	0x43008b83		.L.str.18
.rodata.str1.1	0x43008b96	0x3	out/common/src/cli.o	#SHT_PROGBITS,SHF_ALLOC|SHF_MERGE|SHF_STRINGS,1
	0x43008b96		.L.str.19
.rodata.str1.1	0x43008b99	0x14	out/common/src/cli.o	#SHT_PROGBITS,SHF_ALLOC|SHF_MERGE|SHF_STRINGS,1
	0x43008b99		.L.str.20
.rodata.str1.1	0x43008bad	0x4	out/common/src/cli.o	#SHT_PROGBITS,SHF_ALLOC|SHF_MERGE|SHF_STRINGS,1
	0x43008bad		.L.str.22
.rodata.str1.1	0x43008bb1	0x6b	out/common/src/cli.o	#SHT_PROGBITS,SHF_ALLOC|SHF_MERGE|SHF_STRINGS,1
	0x43008bb1		.L.str.23
.rodata.str1.1	0x43008c1c	0x5b	out/common/src/cli.o	#SHT_PROGBITS,SHF_ALLOC|SHF_MERGE|SHF_STRINGS,1
	0x43008c1c		.L.str.24
.rodata.str1.1	0x43008c77	0x3	out/main.o	#SHT_PROGBITS,SHF_ALLOC|SHF_MERGE|SHF_STRINGS,1
	0x43008c77		.L.str
.rodata.str1.1	0x43008c7a	0xe	../ek16/libek.a(ek.o)	#SHT_PROGBITS,SHF_ALLOC|SHF_MERGE|SHF_STRINGS,1
	0x43008c7a		.L.str.1
.rodata.str1.1	0x43008c88	0x4	../ek16/libek.a(ek.o)	#SHT_PROGBITS,SHF_ALLOC|SHF_MERGE|SHF_STRINGS,1
	0x43008c88		.L.str.2
.rodata.str1.1	0x43008c8c	0x16	../ek16/libek.a(ek.o)	#SHT_PROGBITS,SHF_ALLOC|SHF_MERGE|SHF_STRINGS,1
	0x43008c8c		.L.str.3
.rodata.str1.1	0x43008ca2	0xb	../ek16/libek.a(ek.o)	#SHT_PROGBITS,SHF_ALLOC|SHF_MERGE|SHF_STRINGS,1
	0x43008ca2		.L.str.4
.rodata.str1.1	0x43008cad	0x1e	../ek16/libek.a(ek.o)	#SHT_PROGBITS,SHF_ALLOC|SHF_MERGE|SHF_STRINGS,1
	0x43008cad		.L.str.5
.rodata.str1.1	0x43008ccb	0x4b	../ek16/libek.a(ek.o)	#SHT_PROGBITS,SHF_ALLOC|SHF_MERGE|SHF_STRINGS,1
	0x43008ccb		.L.str.6
.rodata.str1.1	0x43008d16	0x2d	../ek16/libek.a(ek.o)	#SHT_PROGBITS,SHF_ALLOC|SHF_MERGE|SHF_STRINGS,1
	0x43008d16		.L.str.7
.rodata.str1.1	0x43008d43	0x31	../ek16/libek.a(ek.o)	#SHT_PROGBITS,SHF_ALLOC|SHF_MERGE|SHF_STRINGS,1
	0x43008d43		.L.str.8
.rodata.str1.1	0x43008d74	0x22	../ek16/libek.a(ek.o)	#SHT_PROGBITS,SHF_ALLOC|SHF_MERGE|SHF_STRINGS,1
	0x43008d74		.L.str.9
.rodata.str1.1	0x43008d96	0x20	../ek16/libek.a(ek.o)	#SHT_PROGBITS,SHF_ALLOC|SHF_MERGE|SHF_STRINGS,1
	0x43008d96		.L.str.10
.rodata.str1.1	0x43008db6	0x24	../ek16/libek.a(ek.o)	#SHT_PROGBITS,SHF_ALLOC|SHF_MERGE|SHF_STRINGS,1
	0x43008db6		.L.str.11
.rodata.str1.1	0x43008dda	0x7	../ek16/libek.a(ek.o)	#SHT_PROGBITS,SHF_ALLOC|SHF_MERGE|SHF_STRINGS,1
	0x43008dda		.L.str.12
.rodata.str1.1	0x43008de1	0x3	../ek16/libek.a(ek.o)	#SHT_PROGBITS,SHF_ALLOC|SHF_MERGE|SHF_STRINGS,1
	0x43008de1		.L.str.13
.rodata.str1.1	0x43008de4	0x14	../ek16/libek.a(ek.o)	#SHT_PROGBITS,SHF_ALLOC|SHF_MERGE|SHF_STRINGS,1
	0x43008de4		.L.str.15
.rodata.str1.1	0x43008df8	0x1a	../ek16/libek.a(ek.o)	#SHT_PROGBITS,SHF_ALLOC|SHF_MERGE|SHF_STRINGS,1
	0x43008df8		.L.str.16
.rodata.str1.1	0x43008e12	0x18	../ek16/libek.a(ek.o)	#SHT_PROGBITS,SHF_ALLOC|SHF_MERGE|SHF_STRINGS,1
	0x43008e12		.L.str.17
.rodata.str1.1	0x43008e2a	0x1a	../ek16/libek.a(ek.o)	#SHT_PROGBITS,SHF_ALLOC|SHF_MERGE|SHF_STRINGS,1
	0x43008e2a		.L.str.18
.rodata.str1.1	0x43008e44	0x14	../ek16/libek.a(ek.o)	#SHT_PROGBITS,SHF_ALLOC|SHF_MERGE|SHF_STRINGS,1
	0x43008e44		.L.str.19
.rodata.str1.1	0x43008e58	0xf	../ek16/libek.a(ek.o)	#SHT_PROGBITS,SHF_ALLOC|SHF_MERGE|SHF_STRINGS,1
	0x43008e58		.L.str.20
.rodata.str1.1	0x43008e67	0x1d	../ek16/libek.a(ek.o)	#SHT_PROGBITS,SHF_ALLOC|SHF_MERGE|SHF_STRINGS,1
	0x43008e67		.L.str.21
.rodata.str1.1	0x43008e84	0x18	../ek16/libek.a(ek.o)	#SHT_PROGBITS,SHF_ALLOC|SHF_MERGE|SHF_STRINGS,1
	0x43008e84		.L.str.22
.rodata.str1.1	0x43008e9c	0x5	../ek16/libek.a(ek.o)	#SHT_PROGBITS,SHF_ALLOC|SHF_MERGE|SHF_STRINGS,1
.rodata.str1.1	0x43008ea1	0x21	../ek16/libek.a(ek.o)	#SHT_PROGBITS,SHF_ALLOC|SHF_MERGE|SHF_STRINGS,1
	0x43008ea1		.L.str.24
.rodata.str1.1	0x43008ec2	0x2	../ek16/libek.a(ek.o)	#SHT_PROGBITS,SHF_ALLOC|SHF_MERGE|SHF_STRINGS,1
	0x43008ec2		.L.str.25
.rodata.str1.1	0x43008ec4	0x6	../ek16/libek.a(ek.o)	#SHT_PROGBITS,SHF_ALLOC|SHF_MERGE|SHF_STRINGS,1
	0x43008ec4		.L.str.26
.rodata.str1.1	0x43008eca	0x1	../ek16/libek.a(ek.o)	#SHT_PROGBITS,SHF_ALLOC|SHF_MERGE|SHF_STRINGS,1
	0x43008eca		.L.str.27
.rodata.str1.1	0x43008ecb	0x11	../ek16/libek.a(ek.o)	#SHT_PROGBITS,SHF_ALLOC|SHF_MERGE|SHF_STRINGS,1
	0x43008ecb		.L.str.28
.rodata.str1.1	0x43008edc	0xe	../ek16/libek.a(ek.o)	#SHT_PROGBITS,SHF_ALLOC|SHF_MERGE|SHF_STRINGS,1
	0x43008edc		.L.str.29
.rodata.str1.1	0x43008eea	0x2	../ek16/libek.a(kermit.o)	#SHT_PROGBITS,SHF_ALLOC|SHF_MERGE|SHF_STRINGS,1
	0x43008eea		.L.str.1
.rodata.str1.1	0x43008eec	0x2	../ek16/libek.a(kermit.o)	#SHT_PROGBITS,SHF_ALLOC|SHF_MERGE|SHF_STRINGS,1
	0x43008eec		.L.str.2
.rodata.str1.1	0x43008eee	0x11	../ek16/libek.a(kermit.o)	#SHT_PROGBITS,SHF_ALLOC|SHF_MERGE|SHF_STRINGS,1
	0x43008eee		.L.str.3
.rodata.str1.1	0x43008eff	0x17	../ek16/libek.a(kermit.o)	#SHT_PROGBITS,SHF_ALLOC|SHF_MERGE|SHF_STRINGS,1
	0x43008eff		.L.str.4
.rodata.str1.1	0x43008f16	0xf	../ek16/libek.a(kermit.o)	#SHT_PROGBITS,SHF_ALLOC|SHF_MERGE|SHF_STRINGS,1
	0x43008f16		.L.str.5
.rodata.str1.1	0x43008f25	0x2	../ek16/libek.a(kermit.o)	#SHT_PROGBITS,SHF_ALLOC|SHF_MERGE|SHF_STRINGS,1
	0x43008f25		.L.str.6
.rodata.str1.1	0x43008f27	0x20	../ek16/libek.a(kermit.o)	#SHT_PROGBITS,SHF_ALLOC|SHF_MERGE|SHF_STRINGS,1
	0x43008f27		.L.str.7
.rodata.str1.1	0x43008f47	0x13	../ek16/libek.a(kermit.o)	#SHT_PROGBITS,SHF_ALLOC|SHF_MERGE|SHF_STRINGS,1
	0x43008f47		.L.str.8
.rodata.str1.1	0x43008f5a	0x19	../ek16/libek.a(kermit.o)	#SHT_PROGBITS,SHF_ALLOC|SHF_MERGE|SHF_STRINGS,1
	0x43008f5a		.L.str.9
.rodata.str1.1	0x43008f73	0x11	../ek16/libek.a(kermit.o)	#SHT_PROGBITS,SHF_ALLOC|SHF_MERGE|SHF_STRINGS,1
	0x43008f73		.L.str.10
.rodata.str1.1	0x43008f84	0x6	../ek16/libek.a(920xio.o)	#SHT_PROGBITS,SHF_ALLOC|SHF_MERGE|SHF_STRINGS,1
	0x43008f84		.L.str
.rodata.str1.1	0x43008f8a	0x1c	../ek16/libek.a(920xio.o)	#SHT_PROGBITS,SHF_ALLOC|SHF_MERGE|SHF_STRINGS,1
	0x43008f8a		.L.str.3
PADDING_ALIGNMENT	0x43008fa6	0x2	0x0
.rodata.cst16	0x43008fa8	0x10	C:\Users\nikol\projects\quectel\development\customer\threadx\tools\LLVM\4.0.3\armv7m-none-eabi\libc\lib/libc.a(setlocale.o)	#SHT_PROGBITS,SHF_ALLOC|SHF_MERGE,4
	0x43008fa8		$d
.rodata.str1.1	0x43008fb8	0x18	C:\Users\nikol\projects\quectel\development\customer\threadx\tools\LLVM\4.0.3\armv7m-none-eabi\libc\lib/libc.a(getopt.o)	#SHT_PROGBITS,SHF_ALLOC|SHF_MERGE|SHF_STRINGS,1
.rodata.str1.1	0x43008fd0	0x20	C:\Users\nikol\projects\quectel\development\customer\threadx\tools\LLVM\4.0.3\armv7m-none-eabi\libc\lib/libc.a(getopt.o)	#SHT_PROGBITS,SHF_ALLOC|SHF_MERGE|SHF_STRINGS,1
.rodata.stderr	0x43008ff0	0x4	C:\Users\nikol\projects\quectel\development\customer\threadx\tools\LLVM\4.0.3\armv7m-none-eabi\libc\lib/libc.a(stderr.o)	#SHT_PROGBITS,SHF_ALLOC,4
	0x43008ff0		$d
	0x43008ff0		stderr
.rodata.str1.1	0x43008ff4	0x7	C:\Users\nikol\projects\quectel\development\customer\threadx\tools\LLVM\4.0.3\armv7m-none-eabi\libc\lib/libc.a(locale_map.o)	#SHT_PROGBITS,SHF_ALLOC|SHF_MERGE|SHF_STRINGS,1
.rodata.str1.1	0x43008ffb	0x5	C:\Users\nikol\projects\quectel\development\customer\threadx\tools\LLVM\4.0.3\armv7m-none-eabi\libc\lib/libc.a(locale_map.o)	#SHT_PROGBITS,SHF_ALLOC|SHF_MERGE|SHF_STRINGS,1
.rodata.str1.1	0x43009000	0x8	C:\Users\nikol\projects\quectel\development\customer\threadx\tools\LLVM\4.0.3\armv7m-none-eabi\libc\lib/libc.a(locale_map.o)	#SHT_PROGBITS,SHF_ALLOC|SHF_MERGE|SHF_STRINGS,1
.rodata.str1.1	0x43009008	0x6	C:\Users\nikol\projects\quectel\development\customer\threadx\tools\LLVM\4.0.3\armv7m-none-eabi\libc\lib/libc.a(locale_map.o)	#SHT_PROGBITS,SHF_ALLOC|SHF_MERGE|SHF_STRINGS,1
.rodata.str1.1	0x4300900e	0xd	C:\Users\nikol\projects\quectel\development\customer\threadx\tools\LLVM\4.0.3\armv7m-none-eabi\libc\lib/libc.a(locale_map.o)	#SHT_PROGBITS,SHF_ALLOC|SHF_MERGE|SHF_STRINGS,1
.rodata.envvars	0x4300901b	0x48	C:\Users\nikol\projects\quectel\development\customer\threadx\tools\LLVM\4.0.3\armv7m-none-eabi\libc\lib/libc.a(locale_map.o)	#SHT_PROGBITS,SHF_ALLOC,1
	0x4300901b		envvars
PADDING_ALIGNMENT	0x43009063	0x1	0x0
.rodata.__fsmu8	0x43009064	0xcc	C:\Users\nikol\projects\quectel\development\customer\threadx\tools\LLVM\4.0.3\armv7m-none-eabi\libc\lib/libc.a(internal.o)	#SHT_PROGBITS,SHF_ALLOC,4
	0x43009064		$d
	0x43009064		__fsmu8
.rodata.str1.1	0x43009130	0xa	C:\Users\nikol\projects\quectel\development\customer\threadx\tools\LLVM\4.0.3\armv7m-none-eabi\libc\lib/libc.a(vfprintf.o)	#SHT_PROGBITS,SHF_ALLOC|SHF_MERGE|SHF_STRINGS,1
.rodata.states	0x4300913a	0x1d0	C:\Users\nikol\projects\quectel\development\customer\threadx\tools\LLVM\4.0.3\armv7m-none-eabi\libc\lib/libc.a(vfprintf.o)	#SHT_PROGBITS,SHF_ALLOC,1
	0x4300913a		states
.rodata.cst16	0x4300930a	0x10	C:\Users\nikol\projects\quectel\development\customer\threadx\tools\LLVM\4.0.3\armv7m-none-eabi\libc\lib/libc.a(vfprintf.o)	#SHT_PROGBITS,SHF_ALLOC|SHF_MERGE,1
	0x4300930a		xdigits
PADDING_ALIGNMENT	0x4300931a	0x2	0x0
.rodata.str1.4	0x4300931c	0x14	C:\Users\nikol\projects\quectel\development\customer\threadx\tools\LLVM\4.0.3\armv7m-none-eabi\libc\lib/libc.a(vfprintf.o)	#SHT_PROGBITS,SHF_ALLOC|SHF_MERGE|SHF_STRINGS,4
	0x4300931c		$d
.rodata..Lvsnprintf_full.f	0x43009330	0x90	C:\Users\nikol\projects\quectel\development\customer\threadx\tools\LLVM\4.0.3\armv7m-none-eabi\libc\lib/libc.a(vsnprintf.o)	#SHT_PROGBITS,SHF_ALLOC,8
	0x43009330		$d
.rodata.str1.1	0x430093c0	0x58	C:\Users\nikol\projects\quectel\development\customer\threadx\tools\LLVM\4.0.3\armv7m-none-eabi\libc\lib/libc.a(strerror.o)	#SHT_PROGBITS,SHF_ALLOC|SHF_MERGE|SHF_STRINGS,1
	0x430093c0		errid
.rodata.errmsg	0x43009418	0x70c	C:\Users\nikol\projects\quectel\development\customer\threadx\tools\LLVM\4.0.3\armv7m-none-eabi\libc\lib/libc.a(strerror.o)	#SHT_PROGBITS,SHF_ALLOC,1
	0x43009418		errmsg
.rodata.empty_mo	0x43009b24	0x14	C:\Users\nikol\projects\quectel\development\customer\threadx\tools\LLVM\4.0.3\armv7m-none-eabi\libc\lib/libc.a(c_locale.o)	#SHT_PROGBITS,SHF_ALLOC,4
	0x43009b24		empty_mo
	0x43009b24		$d
.rodata.__c_dot_utf8	0x43009b38	0x1c	C:\Users\nikol\projects\quectel\development\customer\threadx\tools\LLVM\4.0.3\armv7m-none-eabi\libc\lib/libc.a(c_locale.o)	#SHT_PROGBITS,SHF_ALLOC,4
	0x43009b38		$d
	0x43009b38		__c_dot_utf8
	Image$$ER_RO$$Limit(0x43009b54) = .( 0x43009b54 );
Image$$ER_RO$$Length(0x9b54) = Image$$ER_RO$$Limit( 0x43009b54 ) - Image$$ER_RO$$Base( 0x43000000 );

ER_RW	0x43009b60	0x180 # Offset: 0x9bc0, LMA: 0x43009b60
	Image$$ER_RW$$Base(0x43009b60) = .( 0x43009b60 );
KEEP (*(.data .data.* ))
.data	0x43009b60	0x28	out/common/src/cli.o	#SHT_PROGBITS,SHF_ALLOC|SHF_WRITE,16
	0x43009b60		CLI_CMD_TOUCH
	0x43009b70		CLI_CMD_HELP
	0x43009b74		CLI_CMD_MEMINFO
	0x43009b78		CLI_CMD_LS
	0x43009b7c		CLI_CMD_CAT
	0x43009b80		CLI_CMD_RM
	0x43009b84		CLI_CMD_MKDIR
.data	0x43009b88	0x14	../ek16/libek.a(ek.o)	#SHT_PROGBITS,SHF_ALLOC|SHF_WRITE,4
	0x43009b88		xname
	0x43009b8c		ftype
	0x43009b90		fmode
	0x43009b94		check
	0x43009b98		remote
PADDING_ALIGNMENT	0x43009b9c	0x4	0x0
.data..L_MergedGlobals	0x43009ba0	0x70	C:\Users\nikol\projects\quectel\development\customer\threadx\tools\LLVM\4.0.3\armv7m-none-eabi\libc\lib/libc.a(setlocale.o)	#SHT_PROGBITS,SHF_ALLOC|SHF_WRITE,16
	0x43009ba0		$d
	0x43009ba0		setlocale.lock
	0x43009ba8		buf
.data..L_MergedGlobals	0x43009c10	0xc	C:\Users\nikol\projects\quectel\development\customer\threadx\tools\LLVM\4.0.3\armv7m-none-eabi\libc\lib/libc.a(getopt.o)	#SHT_PROGBITS,SHF_ALLOC|SHF_WRITE,4
	0x43009c10		$d
	0x43009c10		optind
	0x43009c14		opterr
	0x43009c18		optreset
	0x43009c18		__optreset
PADDING_ALIGNMENT	0x43009c1c	0x4	0x0
.data.f	0x43009c20	0x90	C:\Users\nikol\projects\quectel\development\customer\threadx\tools\LLVM\4.0.3\armv7m-none-eabi\libc\lib/libc.a(stderr.o)	#SHT_PROGBITS,SHF_ALLOC|SHF_WRITE,8
	0x43009c20		f
	0x43009c20		$d
.data.__stderr_used	0x43009cb0	0x4	C:\Users\nikol\projects\quectel\development\customer\threadx\tools\LLVM\4.0.3\armv7m-none-eabi\libc\lib/libc.a(stderr.o)	#SHT_PROGBITS,SHF_ALLOC|SHF_WRITE,4
	0x43009cb0		$d
	0x43009cb0		__stderr_used
.data.buf	0x43009cb4	0x8	C:\Users\nikol\projects\quectel\development\customer\threadx\tools\LLVM\4.0.3\armv7m-none-eabi\libc\lib/libc.a(stderr.o)	#SHT_PROGBITS,SHF_ALLOC|SHF_WRITE,1
	0x43009cb4		buf
	0x43009cb4		$d
.data.strtok.p	0x43009cbc	0x4	C:\Users\nikol\projects\quectel\development\customer\threadx\tools\LLVM\4.0.3\armv7m-none-eabi\libc\lib/libc.a(strtok.o)	#SHT_PROGBITS,SHF_ALLOC|SHF_WRITE,4
	0x43009cbc		strtok.p
	0x43009cbc		$d
.data.__progname	0x43009cc0	0x4	C:\Users\nikol\projects\quectel\development\customer\threadx\tools\LLVM\4.0.3\armv7m-none-eabi\libc\lib/libc.a(libc.o)	#SHT_PROGBITS,SHF_ALLOC|SHF_WRITE,4
	0x43009cc0		$d
	0x43009cc0		__progname
	0x43009cc0		program_invocation_short_name
.data.__progname_full	0x43009cc4	0x4	C:\Users\nikol\projects\quectel\development\customer\threadx\tools\LLVM\4.0.3\armv7m-none-eabi\libc\lib/libc.a(libc.o)	#SHT_PROGBITS,SHF_ALLOC|SHF_WRITE,4
	0x43009cc4		$d
	0x43009cc4		__progname_full
	0x43009cc4		program_invocation_name
.data..L_MergedGlobals	0x43009cc8	0xc	C:\Users\nikol\projects\quectel\development\customer\threadx\tools\LLVM\4.0.3\armv7m-none-eabi\libc\lib/libc.a(locale_map.o)	#SHT_PROGBITS,SHF_ALLOC|SHF_WRITE,4
	0x43009cc8		$d
	0x43009cc8		__get_locale.loc_head
	0x43009ccc		__get_locale.lock
.data.dummy_file	0x43009cd4	0x4	C:\Users\nikol\projects\quectel\development\customer\threadx\tools\LLVM\4.0.3\armv7m-none-eabi\libc\lib/libc.a(__stdio_exit.o)	#SHT_PROGBITS,SHF_ALLOC|SHF_WRITE,4
	0x43009cd4		dummy_file
	0x43009cd4		$d
	0x43009cd4		__stdin_used
	0x43009cd4		__stdout_used
.data.ofl_head	0x43009cd8	0x4	C:\Users\nikol\projects\quectel\development\customer\threadx\tools\LLVM\4.0.3\armv7m-none-eabi\libc\lib/libc.a(ofl.o)	#SHT_PROGBITS,SHF_ALLOC|SHF_WRITE,4
	0x43009cd8		ofl_head
	0x43009cd8		$d
.data.__environ	0x43009cdc	0x4	C:\Users\nikol\projects\quectel\development\customer\threadx\tools\LLVM\4.0.3\armv7m-none-eabi\libc\lib/libc.a(__environ.o)	#SHT_PROGBITS,SHF_ALLOC|SHF_WRITE,4
	0x43009cdc		$d
	0x43009cdc		__environ
	0x43009cdc		___environ
	0x43009cdc		_environ
	0x43009cdc		environ
	Image$$ER_RW$$Limit(0x43009ce0) = .( 0x43009ce0 );
Image$$ER_RW$$Length(0x180) = Image$$ER_RW$$Limit( 0x43009ce0 ) - Image$$ER_RW$$Base( 0x43009b60 );

ER_ZI	0x43009ce0	0xa49b8 # Offset: 0x9d40, LMA: 0x43009ce0
	Image$$ER_ZI$$Base(0x43009ce0) = .( 0x43009ce0 );
*(.bss* .bss.* .common COMMON )
	0x43009ce0	0x400	out/common/src/retarget.o	#SHT_NOBITS,SHF_ALLOC|SHF_WRITE,8
	0x43009ce0		bytes
	0x4300a0e0	0x400	out/common/src/retarget.o	#SHT_NOBITS,SHF_ALLOC|SHF_WRITE,8
	0x4300a0e0		recv_queue_mem
	0x4300a4e0	0x2004	out/common/src/retarget.o	#SHT_NOBITS,SHF_ALLOC|SHF_WRITE,8
	0x4300a4e0		in_buffer
	0x4300c4e4	0x4	out/common/src/retarget.o	#SHT_NOBITS,SHF_ALLOC|SHF_WRITE,8
	0x4300c4e4		out_tx_done_sem
	0x4300c4e8	0x4	out/common/src/retarget.o	#SHT_NOBITS,SHF_ALLOC|SHF_WRITE,8
	0x4300c4e8		out_tx_mutex
[...]
	0x1aff		
.debug_str	0xed06	0x18	../../../../Quectel_BG96_QuecOpen_SDK_Package_V3.0.1-AUS/SDK/libs/llvm\txm_lib.lib(txm_module_callback_request_thread_entry.o)	#SHT_PROGBITS,SHF_MERGE|SHF_STRINGS,1
	0x1b0c		
.debug_str	0xed1e	0x2a	../../../../Quectel_BG96_QuecOpen_SDK_Package_V3.0.1-AUS/SDK/libs/llvm\txm_lib.lib(txm_module_callback_request_thread_entry.o)	#SHT_PROGBITS,SHF_MERGE|SHF_STRINGS,1
	0x1b24		
.debug_str	0xed48	0x3	../../../../Quectel_BG96_QuecOpen_SDK_Package_V3.0.1-AUS/SDK/libs/llvm\txm_lib.lib(txm_module_callback_request_thread_entry.o)	#SHT_PROGBITS,SHF_MERGE|SHF_STRINGS,1
	0x1b4e		
.debug_str	0xed4b	0x7	../../../../Quectel_BG96_QuecOpen_SDK_Package_V3.0.1-AUS/SDK/libs/llvm\txm_lib.lib(txm_module_callback_request_thread_entry.o)	#SHT_PROGBITS,SHF_MERGE|SHF_STRINGS,1
	0x1b51		
.debug_str	0xed52	0xf	../../../../Quectel_BG96_QuecOpen_SDK_Package_V3.0.1-AUS/SDK/libs/llvm\txm_lib.lib(txm_module_callback_request_thread_entry.o)	#SHT_PROGBITS,SHF_MERGE|SHF_STRINGS,1
	0x1b58		
.debug_str	0xed61	0x19	../../../../Quectel_BG96_QuecOpen_SDK_Package_V3.0.1-AUS/SDK/libs/llvm\txm_lib.lib(txm_module_callback_request_thread_entry.o)	#SHT_PROGBITS,SHF_MERGE|SHF_STRINGS,1
	0x1b67		
.debug_str	0xed7a	0x12	../../../../Quectel_BG96_QuecOpen_SDK_Package_V3.0.1-AUS/SDK/libs/llvm\txm_lib.lib(txm_module_callback_request_thread_entry.o)	#SHT_PROGBITS,SHF_MERGE|SHF_STRINGS,1
	0x1b80		
.debug_str	0xed8c	0xe	../../../../Quectel_BG96_QuecOpen_SDK_Package_V3.0.1-AUS/SDK/libs/llvm\txm_lib.lib(txm_module_callback_request_thread_entry.o)	#SHT_PROGBITS,SHF_MERGE|SHF_STRINGS,1
	0x1b92		
.debug_str	0xed9a	0xf	../../../../Quectel_BG96_QuecOpen_SDK_Package_V3.0.1-AUS/SDK/libs/llvm\txm_lib.lib(txm_module_callback_request_thread_entry.o)	#SHT_PROGBITS,SHF_MERGE|SHF_STRINGS,1
	0x1ba0		
.debug_str	0xeda9	0x11	../../../../Quectel_BG96_QuecOpen_SDK_Package_V3.0.1-AUS/SDK/libs/llvm\txm_lib.lib(txm_module_callback_request_thread_entry.o)	#SHT_PROGBITS,SHF_MERGE|SHF_STRINGS,1
	0x1baf		
.debug_str	0xedba	0x24	../../../../Quectel_BG96_QuecOpen_SDK_Package_V3.0.1-AUS/SDK/libs/llvm\txm_lib.lib(txm_module_callback_request_thread_entry.o)	#SHT_PROGBITS,SHF_MERGE|SHF_STRINGS,1
	0x1bc0		
.debug_str	0xedde	0x1a	../../../../Quectel_BG96_QuecOpen_SDK_Package_V3.0.1-AUS/SDK/libs/llvm\txm_lib.lib(txm_module_callback_request_thread_entry.o)	#SHT_PROGBITS,SHF_MERGE|SHF_STRINGS,1
	0x1be4		
.debug_str	0xedf8	0x22	../../../../Quectel_BG96_QuecOpen_SDK_Package_V3.0.1-AUS/SDK/libs/llvm\txm_lib.lib(txm_module_callback_request_thread_entry.o)	#SHT_PROGBITS,SHF_MERGE|SHF_STRINGS,1
	0x1bfe		
.debug_str	0xee1a	0x1e	../../../../Quectel_BG96_QuecOpen_SDK_Package_V3.0.1-AUS/SDK/libs/llvm\txm_lib.lib(txm_module_callback_request_thread_entry.o)	#SHT_PROGBITS,SHF_MERGE|SHF_STRINGS,1
	0x1c20		
.debug_str	0xee38	0x25	../../../../Quectel_BG96_QuecOpen_SDK_Package_V3.0.1-AUS/SDK/libs/llvm\txm_lib.lib(txm_module_callback_request_thread_entry.o)	#SHT_PROGBITS,SHF_MERGE|SHF_STRINGS,1
	0x1c3e		
.debug_str	0xee5d	0x24	../../../../Quectel_BG96_QuecOpen_SDK_Package_V3.0.1-AUS/SDK/libs/llvm\txm_lib.lib(txm_module_callback_request_thread_entry.o)	#SHT_PROGBITS,SHF_MERGE|SHF_STRINGS,1
	0x1c63		
.debug_str	0xee81	0x22	../../../../Quectel_BG96_QuecOpen_SDK_Package_V3.0.1-AUS/SDK/libs/llvm\txm_lib.lib(txm_module_callback_request_thread_entry.o)	#SHT_PROGBITS,SHF_MERGE|SHF_STRINGS,1
	0x1c87		
.debug_str	0xeea3	0x29	../../../../Quectel_BG96_QuecOpen_SDK_Package_V3.0.1-AUS/SDK/libs/llvm\txm_lib.lib(txm_module_callback_request_thread_entry.o)	#SHT_PROGBITS,SHF_MERGE|SHF_STRINGS,1
	0x1ca9		
.debug_str	0xeecc	0x19	../../../../Quectel_BG96_QuecOpen_SDK_Package_V3.0.1-AUS/SDK/libs/llvm\txm_lib.lib(txm_module_callback_request_thread_entry.o)	#SHT_PROGBITS,SHF_MERGE|SHF_STRINGS,1
	0x1cd2		
.debug_str	0xeee5	0x1f	../../../../Quectel_BG96_QuecOpen_SDK_Package_V3.0.1-AUS/SDK/libs/llvm\txm_lib.lib(txm_module_callback_request_thread_entry.o)	#SHT_PROGBITS,SHF_MERGE|SHF_STRINGS,1
	0x1ceb		
.debug_str	0xef04	0x17	../../../../Quectel_BG96_QuecOpen_SDK_Package_V3.0.1-AUS/SDK/libs/llvm\txm_lib.lib(txm_module_callback_request_thread_entry.o)	#SHT_PROGBITS,SHF_MERGE|SHF_STRINGS,1
	0x1d0a		
.debug_str	0xef1b	0x1c	../../../../Quectel_BG96_QuecOpen_SDK_Package_V3.0.1-AUS/SDK/libs/llvm\txm_lib.lib(txm_module_callback_request_thread_entry.o)	#SHT_PROGBITS,SHF_MERGE|SHF_STRINGS,1
	0x1d21		
.debug_str	0xef37	0x1c	../../../../Quectel_BG96_QuecOpen_SDK_Package_V3.0.1-AUS/SDK/libs/llvm\txm_lib.lib(txm_module_callback_request_thread_entry.o)	#SHT_PROGBITS,SHF_MERGE|SHF_STRINGS,1
	0x1d3d		
.debug_str	0xef53	0x19	../../../../Quectel_BG96_QuecOpen_SDK_Package_V3.0.1-AUS/SDK/libs/llvm\txm_lib.lib(txm_module_callback_request_thread_entry.o)	#SHT_PROGBITS,SHF_MERGE|SHF_STRINGS,1
	0x1d59		
.debug_str	0xef6c	0x1d	../../../../Quectel_BG96_QuecOpen_SDK_Package_V3.0.1-AUS/SDK/libs/llvm\txm_lib.lib(txm_module_callback_request_thread_entry.o)	#SHT_PROGBITS,SHF_MERGE|SHF_STRINGS,1
	0x1d72		
.debug_str	0xef89	0x21	../../../../Quectel_BG96_QuecOpen_SDK_Package_V3.0.1-AUS/SDK/libs/llvm\txm_lib.lib(txm_module_callback_request_thread_entry.o)	#SHT_PROGBITS,SHF_MERGE|SHF_STRINGS,1
	0x1d8f		
.debug_str	0xefaa	0x25	../../../../Quectel_BG96_QuecOpen_SDK_Package_V3.0.1-AUS/SDK/libs/llvm\txm_lib.lib(txm_module_callback_request_thread_entry.o)	#SHT_PROGBITS,SHF_MERGE|SHF_STRINGS,1
	0x1db0		
.debug_str	0xefcf	0x1c	../../../../Quectel_BG96_QuecOpen_SDK_Package_V3.0.1-AUS/SDK/libs/llvm\txm_lib.lib(txm_module_callback_request_thread_entry.o)	#SHT_PROGBITS,SHF_MERGE|SHF_STRINGS,1
	0x1dd5		
.debug_str	0xefeb	0x1c	../../../../Quectel_BG96_QuecOpen_SDK_Package_V3.0.1-AUS/SDK/libs/llvm\txm_lib.lib(txm_module_callback_request_thread_entry.o)	#SHT_PROGBITS,SHF_MERGE|SHF_STRINGS,1
	0x1df1		
.debug_str	0xf007	0x1c	../../../../Quectel_BG96_QuecOpen_SDK_Package_V3.0.1-AUS/SDK/libs/llvm\txm_lib.lib(txm_module_callback_request_thread_entry.o)	#SHT_PROGBITS,SHF_MERGE|SHF_STRINGS,1
	0x1e0d		
.debug_str	0xf023	0x1c	../../../../Quectel_BG96_QuecOpen_SDK_Package_V3.0.1-AUS/SDK/libs/llvm\txm_lib.lib(txm_module_callback_request_thread_entry.o)	#SHT_PROGBITS,SHF_MERGE|SHF_STRINGS,1
	0x1e29		
.debug_str	0xf03f	0x1c	../../../../Quectel_BG96_QuecOpen_SDK_Package_V3.0.1-AUS/SDK/libs/llvm\txm_lib.lib(txm_module_callback_request_thread_entry.o)	#SHT_PROGBITS,SHF_MERGE|SHF_STRINGS,1
	0x1e45		
.debug_str	0xf05b	0x1c	../../../../Quectel_BG96_QuecOpen_SDK_Package_V3.0.1-AUS/SDK/libs/llvm\txm_lib.lib(txm_module_callback_request_thread_entry.o)	#SHT_PROGBITS,SHF_MERGE|SHF_STRINGS,1
	0x1e61		
.debug_str	0xf077	0x1b	../../../../Quectel_BG96_QuecOpen_SDK_Package_V3.0.1-AUS/SDK/libs/llvm\txm_lib.lib(txm_module_callback_request_thread_entry.o)	#SHT_PROGBITS,SHF_MERGE|SHF_STRINGS,1
	0x1e7d		
.debug_str	0xf092	0x14	../../../../Quectel_BG96_QuecOpen_SDK_Package_V3.0.1-AUS/SDK/libs/llvm\txm_lib.lib(txm_module_callback_request_thread_entry.o)	#SHT_PROGBITS,SHF_MERGE|SHF_STRINGS,1
	0x1e98		
.debug_str	0xf0a6	0x30	../../../../Quectel_BG96_QuecOpen_SDK_Package_V3.0.1-AUS/SDK/libs/llvm\txm_lib.lib(txm_module_callback_request_thread_entry.o)	#SHT_PROGBITS,SHF_MERGE|SHF_STRINGS,1
	0x1eac		
.debug_str	0xf0d6	0x23	../../../../Quectel_BG96_QuecOpen_SDK_Package_V3.0.1-AUS/SDK/libs/llvm\txm_lib.lib(txm_module_callback_request_thread_entry.o)	#SHT_PROGBITS,SHF_MERGE|SHF_STRINGS,1
	0x1edc		
.debug_str	0xf0f9	0x23	../../../../Quectel_BG96_QuecOpen_SDK_Package_V3.0.1-AUS/SDK/libs/llvm\txm_lib.lib(txm_module_callback_request_thread_entry.o)	#SHT_PROGBITS,SHF_MERGE|SHF_STRINGS,1
	0x1eff		
.debug_str	0xf11c	0x20	../../../../Quectel_BG96_QuecOpen_SDK_Package_V3.0.1-AUS/SDK/libs/llvm\txm_lib.lib(txm_module_callback_request_thread_entry.o)	#SHT_PROGBITS,SHF_MERGE|SHF_STRINGS,1
	0x1f22		
.debug_str	0xf13c	0x29	../../../../Quectel_BG96_QuecOpen_SDK_Package_V3.0.1-AUS/SDK/libs/llvm\txm_lib.lib(txm_module_callback_request_thread_entry.o)	#SHT_PROGBITS,SHF_MERGE|SHF_STRINGS,1
	0x1f42		
.debug_str	0xf165	0x25	../../../../Quectel_BG96_QuecOpen_SDK_Package_V3.0.1-AUS/SDK/libs/llvm\txm_lib.lib(txm_module_callback_request_thread_entry.o)	#SHT_PROGBITS,SHF_MERGE|SHF_STRINGS,1
	0x1f6b		
.debug_str	0xf18a	0x25	../../../../Quectel_BG96_QuecOpen_SDK_Package_V3.0.1-AUS/SDK/libs/llvm\txm_lib.lib(txm_module_callback_request_thread_entry.o)	#SHT_PROGBITS,SHF_MERGE|SHF_STRINGS,1
	0x1f90		
.debug_str	0xf1af	0x28	../../../../Quectel_BG96_QuecOpen_SDK_Package_V3.0.1-AUS/SDK/libs/llvm\txm_lib.lib(txm_module_callback_request_thread_entry.o)	#SHT_PROGBITS,SHF_MERGE|SHF_STRINGS,1
	0x1fb5		
.debug_str	0xf1d7	0x2c	../../../../Quectel_BG96_QuecOpen_SDK_Package_V3.0.1-AUS/SDK/libs/llvm\txm_lib.lib(txm_module_callback_request_thread_entry.o)	#SHT_PROGBITS,SHF_MERGE|SHF_STRINGS,1
	0x1fdd		
.debug_str	0xf203	0x23	../../../../Quectel_BG96_QuecOpen_SDK_Package_V3.0.1-AUS/SDK/libs/llvm\txm_lib.lib(txm_module_callback_request_thread_entry.o)	#SHT_PROGBITS,SHF_MERGE|SHF_STRINGS,1
	0x2009		
.debug_str	0xf226	0x23	../../../../Quectel_BG96_QuecOpen_SDK_Package_V3.0.1-AUS/SDK/libs/llvm\txm_lib.lib(txm_module_callback_request_thread_entry.o)	#SHT_PROGBITS,SHF_MERGE|SHF_STRINGS,1
	0x202c		
.debug_str	0xf249	0x23	../../../../Quectel_BG96_QuecOpen_SDK_Package_V3.0.1-AUS/SDK/libs/llvm\txm_lib.lib(txm_module_callback_request_thread_entry.o)	#SHT_PROGBITS,SHF_MERGE|SHF_STRINGS,1
	0x204f		
.debug_str	0xf26c	0x23	../../../../Quectel_BG96_QuecOpen_SDK_Package_V3.0.1-AUS/SDK/libs/llvm\txm_lib.lib(txm_module_callback_request_thread_entry.o)	#SHT_PROGBITS,SHF_MERGE|SHF_STRINGS,1
	0x2072		
.debug_str	0xf28f	0x23	../../../../Quectel_BG96_QuecOpen_SDK_Package_V3.0.1-AUS/SDK/libs/llvm\txm_lib.lib(txm_module_callback_request_thread_entry.o)	#SHT_PROGBITS,SHF_MERGE|SHF_STRINGS,1
	0x2095		
.debug_str	0xf2b2	0x23	../../../../Quectel_BG96_QuecOpen_SDK_Package_V3.0.1-AUS/SDK/libs/llvm\txm_lib.lib(txm_module_callback_request_thread_entry.o)	#SHT_PROGBITS,SHF_MERGE|SHF_STRINGS,1
	0x20b8		
.debug_str	0xf2d5	0x22	../../../../Quectel_BG96_QuecOpen_SDK_Package_V3.0.1-AUS/SDK/libs/llvm\txm_lib.lib(txm_module_callback_request_thread_entry.o)	#SHT_PROGBITS,SHF_MERGE|SHF_STRINGS,1
	0x20db		
.debug_str	0xf2f7	0x1b	../../../../Quectel_BG96_QuecOpen_SDK_Package_V3.0.1-AUS/SDK/libs/llvm\txm_lib.lib(txm_module_callback_request_thread_entry.o)	#SHT_PROGBITS,SHF_MERGE|SHF_STRINGS,1
	0x20fd		
.debug_str	0xf312	0x12	../../../../Quectel_BG96_QuecOpen_SDK_Package_V3.0.1-AUS/SDK/libs/llvm\txm_lib.lib(txm_module_callback_request_thread_entry.o)	#SHT_PROGBITS,SHF_MERGE|SHF_STRINGS,1
	0x2118		
.debug_str	0xf324	0x15	../../../../Quectel_BG96_QuecOpen_SDK_Package_V3.0.1-AUS/SDK/libs/llvm\txm_lib.lib(txm_module_callback_request_thread_entry.o)	#SHT_PROGBITS,SHF_MERGE|SHF_STRINGS,1
	0x212a		
.debug_str	0xf339	0x12	../../../../Quectel_BG96_QuecOpen_SDK_Package_V3.0.1-AUS/SDK/libs/llvm\txm_lib.lib(txm_module_callback_request_thread_entry.o)	#SHT_PROGBITS,SHF_MERGE|SHF_STRINGS,1
	0x213f		
.debug_str	0xf34b	0xa4	../../../../Quectel_BG96_QuecOpen_SDK_Package_V3.0.1-AUS/SDK/libs/llvm\txm_lib.lib(txm_module_system_call12.o)	#SHT_PROGBITS,SHF_MERGE|SHF_STRINGS,1
	0x2151		
.debug_str	0xf3ef	0x1a	../../../../Quectel_BG96_QuecOpen_SDK_Package_V3.0.1-AUS/SDK/libs/llvm\txm_lib.lib(txm_module_system_call12.o)	#SHT_PROGBITS,SHF_MERGE|SHF_STRINGS,1
	0x21f5		
.debug_str	0xf409	0x11	../../../../Quectel_BG96_QuecOpen_SDK_Package_V3.0.1-AUS/SDK/libs/llvm\txm_lib.lib(txm_module_system_call12.o)	#SHT_PROGBITS,SHF_MERGE|SHF_STRINGS,1
	0x220f		
.debug_str	0xf41a	0x8	../../../../Quectel_BG96_QuecOpen_SDK_Package_V3.0.1-AUS/SDK/libs/llvm\txm_lib.lib(txm_module_system_call12.o)	#SHT_PROGBITS,SHF_MERGE|SHF_STRINGS,1
	0x2220		
.debug_str	0xf422	0x8	../../../../Quectel_BG96_QuecOpen_SDK_Package_V3.0.1-AUS/SDK/libs/llvm\txm_lib.lib(txm_module_system_call12.o)	#SHT_PROGBITS,SHF_MERGE|SHF_STRINGS,1
	0x2228		
.debug_str	0xf42a	0x8	../../../../Quectel_BG96_QuecOpen_SDK_Package_V3.0.1-AUS/SDK/libs/llvm\txm_lib.lib(txm_module_system_call12.o)	#SHT_PROGBITS,SHF_MERGE|SHF_STRINGS,1
	0x2230		
.debug_str	0xf432	0x8	../../../../Quectel_BG96_QuecOpen_SDK_Package_V3.0.1-AUS/SDK/libs/llvm\txm_lib.lib(txm_module_system_call12.o)	#SHT_PROGBITS,SHF_MERGE|SHF_STRINGS,1
	0x2238		
.debug_str	0xf43a	0x8	../../../../Quectel_BG96_QuecOpen_SDK_Package_V3.0.1-AUS/SDK/libs/llvm\txm_lib.lib(txm_module_system_call12.o)	#SHT_PROGBITS,SHF_MERGE|SHF_STRINGS,1
	0x2240		
.debug_str	0xf442	0x8	../../../../Quectel_BG96_QuecOpen_SDK_Package_V3.0.1-AUS/SDK/libs/llvm\txm_lib.lib(txm_module_system_call12.o)	#SHT_PROGBITS,SHF_MERGE|SHF_STRINGS,1
	0x2248		
.debug_str	0xf44a	0x8	../../../../Quectel_BG96_QuecOpen_SDK_Package_V3.0.1-AUS/SDK/libs/llvm\txm_lib.lib(txm_module_system_call12.o)	#SHT_PROGBITS,SHF_MERGE|SHF_STRINGS,1
	0x2250		
.debug_str	0xf452	0x8	../../../../Quectel_BG96_QuecOpen_SDK_Package_V3.0.1-AUS/SDK/libs/llvm\txm_lib.lib(txm_module_system_call12.o)	#SHT_PROGBITS,SHF_MERGE|SHF_STRINGS,1
	0x2258		
.debug_str	0xf45a	0x8	../../../../Quectel_BG96_QuecOpen_SDK_Package_V3.0.1-AUS/SDK/libs/llvm\txm_lib.lib(txm_module_system_call12.o)	#SHT_PROGBITS,SHF_MERGE|SHF_STRINGS,1
	0x2260		
.debug_str	0xf462	0x8	../../../../Quectel_BG96_QuecOpen_SDK_Package_V3.0.1-AUS/SDK/libs/llvm\txm_lib.lib(txm_module_system_call12.o)	#SHT_PROGBITS,SHF_MERGE|SHF_STRINGS,1
	0x2268		
.debug_str	0xf46a	0x9	../../../../Quectel_BG96_QuecOpen_SDK_Package_V3.0.1-AUS/SDK/libs/llvm\txm_lib.lib(txm_module_system_call12.o)	#SHT_PROGBITS,SHF_MERGE|SHF_STRINGS,1
	0x2270		
.debug_str	0xf473	0x9	../../../../Quectel_BG96_QuecOpen_SDK_Package_V3.0.1-AUS/SDK/libs/llvm\txm_lib.lib(txm_module_system_call12.o)	#SHT_PROGBITS,SHF_MERGE|SHF_STRINGS,1
	0x2279		
.debug_str	0xf47c	0x9	../../../../Quectel_BG96_QuecOpen_SDK_Package_V3.0.1-AUS/SDK/libs/llvm\txm_lib.lib(txm_module_system_call12.o)	#SHT_PROGBITS,SHF_MERGE|SHF_STRINGS,1
	0x2282		
.debug_str	0xf485	0xd	../../../../Quectel_BG96_QuecOpen_SDK_Package_V3.0.1-AUS/SDK/libs/llvm\txm_lib.lib(txm_module_system_call12.o)	#SHT_PROGBITS,SHF_MERGE|SHF_STRINGS,1
	0x228b		
.debug_str	0xf492	0xa3	../../../../Quectel_BG96_QuecOpen_SDK_Package_V3.0.1-AUS/SDK/libs/llvm\txm_lib.lib(txm_module_system_call4.o)	#SHT_PROGBITS,SHF_MERGE|SHF_STRINGS,1
	0x2298		
.debug_str	0xf535	0x19	../../../../Quectel_BG96_QuecOpen_SDK_Package_V3.0.1-AUS/SDK/libs/llvm\txm_lib.lib(txm_module_system_call4.o)	#SHT_PROGBITS,SHF_MERGE|SHF_STRINGS,1
	0x233b		
.debug_str	0xf54e	0xa3	../../../../Quectel_BG96_QuecOpen_SDK_Package_V3.0.1-AUS/SDK/libs/llvm\txm_lib.lib(txm_module_system_call5.o)	#SHT_PROGBITS,SHF_MERGE|SHF_STRINGS,1
	0x2354		
.debug_str	0xf5f1	0x19	../../../../Quectel_BG96_QuecOpen_SDK_Package_V3.0.1-AUS/SDK/libs/llvm\txm_lib.lib(txm_module_system_call5.o)	#SHT_PROGBITS,SHF_MERGE|SHF_STRINGS,1
	0x23f7		
.debug_str	0xf60a	0xa3	../../../../Quectel_BG96_QuecOpen_SDK_Package_V3.0.1-AUS/SDK/libs/llvm\txm_lib.lib(txm_module_system_call6.o)	#SHT_PROGBITS,SHF_MERGE|SHF_STRINGS,1
	0x2410		
.debug_str	0xf6ad	0x19	../../../../Quectel_BG96_QuecOpen_SDK_Package_V3.0.1-AUS/SDK/libs/llvm\txm_lib.lib(txm_module_system_call6.o)	#SHT_PROGBITS,SHF_MERGE|SHF_STRINGS,1
	0x24b3		
.debug_str	0xf6c6	0xa3	../../../../Quectel_BG96_QuecOpen_SDK_Package_V3.0.1-AUS/SDK/libs/llvm\txm_lib.lib(txm_module_system_call7.o)	#SHT_PROGBITS,SHF_MERGE|SHF_STRINGS,1
	0x24cc		
.debug_str	0xf769	0x19	../../../../Quectel_BG96_QuecOpen_SDK_Package_V3.0.1-AUS/SDK/libs/llvm\txm_lib.lib(txm_module_system_call7.o)	#SHT_PROGBITS,SHF_MERGE|SHF_STRINGS,1
	0x256f		

.debug_loc	0xf782	0x40d # Offset: 0xf782
*(.debug_loc )
.debug_loc	0xf782	0x3c	../../../../Quectel_BG96_QuecOpen_SDK_Package_V3.0.1-AUS/SDK/libs/llvm\txm_lib.lib(txm_module_thread_shell_entry.o)	#SHT_PROGBITS,,1
.debug_loc	0xf7be	0x75	../../../../Quectel_BG96_QuecOpen_SDK_Package_V3.0.1-AUS/SDK/libs/llvm\txm_lib.lib(txm_module_callback_request_thread_entry.o)	#SHT_PROGBITS,,1
.debug_loc	0xf833	0x118	../../../../Quectel_BG96_QuecOpen_SDK_Package_V3.0.1-AUS/SDK/libs/llvm\txm_lib.lib(txm_module_system_call12.o)	#SHT_PROGBITS,,1
.debug_loc	0xf94b	0x73	../../../../Quectel_BG96_QuecOpen_SDK_Package_V3.0.1-AUS/SDK/libs/llvm\txm_lib.lib(txm_module_system_call4.o)	#SHT_PROGBITS,,1
.debug_loc	0xf9be	0x87	../../../../Quectel_BG96_QuecOpen_SDK_Package_V3.0.1-AUS/SDK/libs/llvm\txm_lib.lib(txm_module_system_call5.o)	#SHT_PROGBITS,,1
.debug_loc	0xfa45	0x9b	../../../../Quectel_BG96_QuecOpen_SDK_Package_V3.0.1-AUS/SDK/libs/llvm\txm_lib.lib(txm_module_system_call6.o)	#SHT_PROGBITS,,1
.debug_loc	0xfae0	0xaf	../../../../Quectel_BG96_QuecOpen_SDK_Package_V3.0.1-AUS/SDK/libs/llvm\txm_lib.lib(txm_module_system_call7.o)	#SHT_PROGBITS,,1

.debug_macinfo	0xfb8f	0x7 # Offset: 0xfb8f
*(.debug_macinfo )
.debug_macinfo	0xfb8f	0x1	../../../../Quectel_BG96_QuecOpen_SDK_Package_V3.0.1-AUS/SDK/libs/llvm\txm_lib.lib(txm_module_thread_shell_entry.o)	#SHT_PROGBITS,,1
.debug_macinfo	0xfb90	0x1	../../../../Quectel_BG96_QuecOpen_SDK_Package_V3.0.1-AUS/SDK/libs/llvm\txm_lib.lib(txm_module_callback_request_thread_entry.o)	#SHT_PROGBITS,,1
.debug_macinfo	0xfb91	0x1	../../../../Quectel_BG96_QuecOpen_SDK_Package_V3.0.1-AUS/SDK/libs/llvm\txm_lib.lib(txm_module_system_call12.o)	#SHT_PROGBITS,,1
.debug_macinfo	0xfb92	0x1	../../../../Quectel_BG96_QuecOpen_SDK_Package_V3.0.1-AUS/SDK/libs/llvm\txm_lib.lib(txm_module_system_call4.o)	#SHT_PROGBITS,,1
.debug_macinfo	0xfb93	0x1	../../../../Quectel_BG96_QuecOpen_SDK_Package_V3.0.1-AUS/SDK/libs/llvm\txm_lib.lib(txm_module_system_call5.o)	#SHT_PROGBITS,,1
.debug_macinfo	0xfb94	0x1	../../../../Quectel_BG96_QuecOpen_SDK_Package_V3.0.1-AUS/SDK/libs/llvm\txm_lib.lib(txm_module_system_call6.o)	#SHT_PROGBITS,,1
.debug_macinfo	0xfb95	0x1	../../../../Quectel_BG96_QuecOpen_SDK_Package_V3.0.1-AUS/SDK/libs/llvm\txm_lib.lib(txm_module_system_call7.o)	#SHT_PROGBITS,,1

.debug_weaknames	0xfb96	0x0 # Offset: 0xfb96

.debug_funcnames	0xfb96	0x0 # Offset: 0xfb96

.debug_typenames	0xfb96	0x0 # Offset: 0xfb96

.debug_varnames	0xfb96	0x0 # Offset: 0xfb96

.debug_pubtypes	0xfb96	0x56f # Offset: 0xfb96
*(.debug_pubtypes )
.debug_pubtypes	0xfb96	0x1e2	../../../../Quectel_BG96_QuecOpen_SDK_Package_V3.0.1-AUS/SDK/libs/llvm\txm_lib.lib(txm_module_thread_shell_entry.o)	#SHT_PROGBITS,,1
.debug_pubtypes	0xfd78	0x293	../../../../Quectel_BG96_QuecOpen_SDK_Package_V3.0.1-AUS/SDK/libs/llvm\txm_lib.lib(txm_module_callback_request_thread_entry.o)	#SHT_PROGBITS,,1
.debug_pubtypes	0x1000b	0x32	../../../../Quectel_BG96_QuecOpen_SDK_Package_V3.0.1-AUS/SDK/libs/llvm\txm_lib.lib(txm_module_system_call12.o)	#SHT_PROGBITS,,1
.debug_pubtypes	0x1003d	0x32	../../../../Quectel_BG96_QuecOpen_SDK_Package_V3.0.1-AUS/SDK/libs/llvm\txm_lib.lib(txm_module_system_call4.o)	#SHT_PROGBITS,,1
.debug_pubtypes	0x1006f	0x32	../../../../Quectel_BG96_QuecOpen_SDK_Package_V3.0.1-AUS/SDK/libs/llvm\txm_lib.lib(txm_module_system_call5.o)	#SHT_PROGBITS,,1
.debug_pubtypes	0x100a1	0x32	../../../../Quectel_BG96_QuecOpen_SDK_Package_V3.0.1-AUS/SDK/libs/llvm\txm_lib.lib(txm_module_system_call6.o)	#SHT_PROGBITS,,1
.debug_pubtypes	0x100d3	0x32	../../../../Quectel_BG96_QuecOpen_SDK_Package_V3.0.1-AUS/SDK/libs/llvm\txm_lib.lib(txm_module_system_call7.o)	#SHT_PROGBITS,,1

.debug_ranges	0x10105	0x0 # Offset: 0x10105
*(.debug_ranges )

.gnu.attributes	0x0	0x0 # Offset: 0x10105, LMA: 0x0

.note.gnu.arm.ident	0x0	0x0 # Offset: 0x10105, LMA: 0x0

.ARM.attributes	0x10105	0x10 # Offset: 0x10105

.comment	0x10115	0x65 # Offset: 0x10115
.comment	0x10115	0x1	C:\Users\nikol\projects\quectel\development\customer\threadx\tools\LLVM\4.0.3\armv7m-none-eabi\libc\lib/libc.a(setlocale.o)	#SHT_PROGBITS,SHF_MERGE|SHF_STRINGS,1
.comment	0x10152	0x28	Linker Version	#SHT_PROGBITS,SHF_MERGE|SHF_STRINGS,1

.note.GNU-stack	0x1017a	0x0 # Offset: 0x1017a

/DISCARD/	0x75	0x0 # Offset: 0x1017a, LMA: 0x0

.shstrtab	0x1017a	0xbe # Offset: 0x1017a

.symtab	0x10238	0x55c0 # Offset: 0x10238

.strtab	0x157f8	0x2466 # Offset: 0x157f8
