# Linker from Snapdragon LLVM ARM Compiler Version 4.0.3
# Linker based on LLVM version: 4.0
# Notable linker command/script options:
# CPU Architecture Version: 
# Target triple environment for the link: gnueabi
# Maximum GP size: 8
# Link type: Static
# ABI Page Size: 0x4
# CommandLine : C:\Users\nikol\projects\quectel\development\customer\threadx\tools\LLVM\4.0.3\bin\ld.qcld.exe -X --eh-frame-hdr -m armelf_linux_eabi -dynamic-linker /lib/ld-musl-arm.so.1 -o out/ml.elf -lc++ -mno-unaligned-access -entry=0x43000000 ./ldscripts/txm_module_preamble_llvm.o --wrap getchar --wrap gets --wrap printf --wrap puts --wrap malloc --wrap free --wrap realloc --wrap calloc -T ./ldscripts/sections.ld -Map=out/ml.map -gc-sections -gc-sections ./retarget.o ./malloc.o ./stubs.o out/src/main.o ../../../Quectel_BG96_QuecOpen_SDK_Package_V3.0.1-AUS/SDK/libs/llvm\azure_sdk.lib ../../../Quectel_BG96_QuecOpen_SDK_Package_V3.0.1-AUS/SDK/libs/llvm\azure_sdk_port.lib ../../../Quectel_BG96_QuecOpen_SDK_Package_V3.0.1-AUS/SDK/libs/llvm\diag_dam_lib.lib ../../../Quectel_BG96_QuecOpen_SDK_Package_V3.0.1-AUS/SDK/libs/llvm\qapi_psm_lib.lib ../../../Quectel_BG96_QuecOpen_SDK_Package_V3.0.1-AUS/SDK/libs/llvm\timer_dam_lib.lib ../../../Quectel_BG96_QuecOpen_SDK_Package_V3.0.1-AUS/SDK/libs/llvm\txm_lib.lib -lm -lc -lonnx -LC:\Users\nikol\projects\quectel\development\customer\threadx\tools\LLVM\4.0.3\armv7m-none-eabi\libc\lib -LC:\Users\nikol\projects\quectel\development\customer\threadx\tools\LLVM\4.0.3\armv7m-none-eabi\lib --start-group -lunwind -lc++ -lc++abi --end-group -LC:\Users\nikol\projects\quectel\development\customer\threadx\tools\LLVM\4.0.3\lib\clang\4.0.3\lib\baremetal --start-group -lc -lclang_rt.builtins-armv7m --end-group -lm -lc 
Archive member included because of file (symbol)
../../../Quectel_BG96_QuecOpen_SDK_Package_V3.0.1-AUS/SDK/libs/llvm\txm_lib.lib(txm_module_thread_shell_entry.o)
		./retarget.o (_txm_module_kernel_call_dispatcher)
../../../Quectel_BG96_QuecOpen_SDK_Package_V3.0.1-AUS/SDK/libs/llvm\txm_lib.lib(txm_module_callback_request_thread_entry.o)
		./ldscripts/txm_module_preamble_llvm.o (_txm_module_callback_request_thread_entry)
../../../Quectel_BG96_QuecOpen_SDK_Package_V3.0.1-AUS/SDK/libs/llvm\txm_lib.lib(txm_module_system_call11.o)
		./retarget.o (_txm_module_system_call11)
../../../Quectel_BG96_QuecOpen_SDK_Package_V3.0.1-AUS/SDK/libs/llvm\txm_lib.lib(txm_module_system_call4.o)
		./retarget.o (_txm_module_system_call4)
../../../Quectel_BG96_QuecOpen_SDK_Package_V3.0.1-AUS/SDK/libs/llvm\txm_lib.lib(txm_module_system_call5.o)
		./retarget.o (_txm_module_system_call5)
../../../Quectel_BG96_QuecOpen_SDK_Package_V3.0.1-AUS/SDK/libs/llvm\txm_lib.lib(txm_module_system_call6.o)
		./retarget.o (_txm_module_system_call6)
C:\Users\nikol\projects\quectel\development\customer\threadx\tools\LLVM\4.0.3\armv7m-none-eabi\libc\lib/libc.a(vfprintf.o)
		./retarget.o (vsnprintf)
C:\Users\nikol\projects\quectel\development\customer\threadx\tools\LLVM\4.0.3\armv7m-none-eabi\libc\lib/libc.a(fwrite.o)
		C:\Users\nikol\projects\quectel\development\customer\threadx\tools\LLVM\4.0.3\armv7m-none-eabi\libc\lib/libc.a(vfprintf.o) (__fwritex)
C:\Users\nikol\projects\quectel\development\customer\threadx\tools\LLVM\4.0.3\armv7m-none-eabi\libc\lib/libc.a(vsnprintf.o)
		C:\Users\nikol\projects\quectel\development\customer\threadx\tools\LLVM\4.0.3\armv7m-none-eabi\libc\lib/libc.a(vfprintf.o) (vsnprintf_full)
C:\Users\nikol\projects\quectel\development\customer\threadx\tools\LLVM\4.0.3\armv7m-none-eabi\libc\lib/libc.a(__aeabi_memclr.o)
		C:\Users\nikol\projects\quectel\development\customer\threadx\tools\LLVM\4.0.3\armv7m-none-eabi\libc\lib/libc.a(vfprintf.o) (__aeabi_memclr4)
C:\Users\nikol\projects\quectel\development\customer\threadx\tools\LLVM\4.0.3\armv7m-none-eabi\libc\lib/libc.a(__aeabi_memcpy.o)
		C:\Users\nikol\projects\quectel\development\customer\threadx\tools\LLVM\4.0.3\armv7m-none-eabi\libc\lib/libc.a(vsnprintf.o) (__aeabi_memcpy8)
C:\Users\nikol\projects\quectel\development\customer\threadx\tools\LLVM\4.0.3\armv7m-none-eabi\libc\lib/libc.a(memcpy_le.o)
		./malloc.o (memcpy)
C:\Users\nikol\projects\quectel\development\customer\threadx\tools\LLVM\4.0.3\armv7m-none-eabi\libc\lib/libc.a(memset_nofp_armv7.o)
		./malloc.o (memset)
C:\Users\nikol\projects\quectel\development\customer\threadx\tools\LLVM\4.0.3\armv7m-none-eabi\libc\lib/libc.a(memchr.o)
		C:\Users\nikol\projects\quectel\development\customer\threadx\tools\LLVM\4.0.3\armv7m-none-eabi\libc\lib/libc.a(vfprintf.o) (memchr)
C:\Users\nikol\projects\quectel\development\customer\threadx\tools\LLVM\4.0.3\armv7m-none-eabi\libc\lib/libc.a(strlen.o)
		./retarget.o (strlen)
C:\Users\nikol\projects\quectel\development\customer\threadx\tools\LLVM\4.0.3\armv7m-none-eabi\libc\lib/libc.a(strncpy.o)
		./retarget.o (strncpy)
C:\Users\nikol\projects\quectel\development\customer\threadx\tools\LLVM\4.0.3\armv7m-none-eabi\libc\lib/libc.a(__errno_location.o)
		C:\Users\nikol\projects\quectel\development\customer\threadx\tools\LLVM\4.0.3\armv7m-none-eabi\libc\lib/libc.a(vfprintf.o) (__errno_location)
C:\Users\nikol\projects\quectel\development\customer\threadx\tools\LLVM\4.0.3\armv7m-none-eabi\libc\lib/libc.a(strerror.o)
		C:\Users\nikol\projects\quectel\development\customer\threadx\tools\LLVM\4.0.3\armv7m-none-eabi\libc\lib/libc.a(vfprintf.o) (strerror)
C:\Users\nikol\projects\quectel\development\customer\threadx\tools\LLVM\4.0.3\armv7m-none-eabi\libc\lib/libc.a(__lctrans.o)
		C:\Users\nikol\projects\quectel\development\customer\threadx\tools\LLVM\4.0.3\armv7m-none-eabi\libc\lib/libc.a(strerror.o) (__lctrans)
C:\Users\nikol\projects\quectel\development\customer\threadx\tools\LLVM\4.0.3\armv7m-none-eabi\libc\lib/libc.a(wctomb.o)
		C:\Users\nikol\projects\quectel\development\customer\threadx\tools\LLVM\4.0.3\armv7m-none-eabi\libc\lib/libc.a(vfprintf.o) (wctomb)
C:\Users\nikol\projects\quectel\development\customer\threadx\tools\LLVM\4.0.3\armv7m-none-eabi\libc\lib/libc.a(__towrite.o)
		C:\Users\nikol\projects\quectel\development\customer\threadx\tools\LLVM\4.0.3\armv7m-none-eabi\libc\lib/libc.a(fwrite.o) (__towrite)
C:\Users\nikol\projects\quectel\development\customer\threadx\tools\LLVM\4.0.3\armv7m-none-eabi\libc\lib/libc.a(__lockfile.o)
		C:\Users\nikol\projects\quectel\development\customer\threadx\tools\LLVM\4.0.3\armv7m-none-eabi\libc\lib/libc.a(vfprintf.o) (__lockfile)
C:\Users\nikol\projects\quectel\development\customer\threadx\tools\LLVM\4.0.3\armv7m-none-eabi\libc\lib/libc.a(stpncpy.o)
		C:\Users\nikol\projects\quectel\development\customer\threadx\tools\LLVM\4.0.3\armv7m-none-eabi\libc\lib/libc.a(strncpy.o) (__stpncpy)
C:\Users\nikol\projects\quectel\development\customer\threadx\tools\LLVM\4.0.3\armv7m-none-eabi\libc\lib/libc.a(wcrtomb.o)
		C:\Users\nikol\projects\quectel\development\customer\threadx\tools\LLVM\4.0.3\armv7m-none-eabi\libc\lib/libc.a(wctomb.o) (wcrtomb)
C:\Users\nikol\projects\quectel\development\customer\threadx\tools\LLVM\4.0.3\armv7m-none-eabi\libc\lib/libc.a(__stdio_exit.o)
		C:\Users\nikol\projects\quectel\development\customer\threadx\tools\LLVM\4.0.3\armv7m-none-eabi\libc\lib/libc.a(__towrite.o) (__stdio_exit_needed)
C:\Users\nikol\projects\quectel\development\customer\threadx\tools\LLVM\4.0.3\armv7m-none-eabi\libc\lib/libc.a(ofl.o)
		C:\Users\nikol\projects\quectel\development\customer\threadx\tools\LLVM\4.0.3\armv7m-none-eabi\libc\lib/libc.a(__stdio_exit.o) (__ofl_lock)
C:\Users\nikol\projects\quectel\development\customer\threadx\workspace\apps\ml/libonnx.a(onnx.o)
		out/src/main.o (onnx_context_alloc)
C:\Users\nikol\projects\quectel\development\customer\threadx\workspace\apps\ml/libonnx.a(onnx.proto3.pb-c.o)
		C:\Users\nikol\projects\quectel\development\customer\threadx\workspace\apps\ml/libonnx.a(onnx.o) (onnx__model_proto__free_unpacked)
C:\Users\nikol\projects\quectel\development\customer\threadx\workspace\apps\ml/libonnx.a(Compress.o)
		C:\Users\nikol\projects\quectel\development\customer\threadx\workspace\apps\ml/libonnx.a(onnx.o) (resolver_default_op_Compress)
C:\Users\nikol\projects\quectel\development\customer\threadx\workspace\apps\ml/libonnx.a(LRN.o)
		C:\Users\nikol\projects\quectel\development\customer\threadx\workspace\apps\ml/libonnx.a(onnx.o) (resolver_default_op_LRN)
C:\Users\nikol\projects\quectel\development\customer\threadx\workspace\apps\ml/libonnx.a(Shape.o)
		C:\Users\nikol\projects\quectel\development\customer\threadx\workspace\apps\ml/libonnx.a(onnx.o) (resolver_default_op_Shape)
C:\Users\nikol\projects\quectel\development\customer\threadx\workspace\apps\ml/libonnx.a(Multinomial.o)
		C:\Users\nikol\projects\quectel\development\customer\threadx\workspace\apps\ml/libonnx.a(onnx.o) (resolver_default_op_Multinomial)
C:\Users\nikol\projects\quectel\development\customer\threadx\workspace\apps\ml/libonnx.a(ReduceL2.o)
		C:\Users\nikol\projects\quectel\development\customer\threadx\workspace\apps\ml/libonnx.a(onnx.o) (resolver_default_op_ReduceL2)
C:\Users\nikol\projects\quectel\development\customer\threadx\workspace\apps\ml/libonnx.a(Sub.o)
		C:\Users\nikol\projects\quectel\development\customer\threadx\workspace\apps\ml/libonnx.a(onnx.o) (resolver_default_op_Sub)
C:\Users\nikol\projects\quectel\development\customer\threadx\workspace\apps\ml/libonnx.a(ReduceMean.o)
		C:\Users\nikol\projects\quectel\development\customer\threadx\workspace\apps\ml/libonnx.a(onnx.o) (resolver_default_op_ReduceMean)
C:\Users\nikol\projects\quectel\development\customer\threadx\workspace\apps\ml/libonnx.a(QuantizeLinear.o)
		C:\Users\nikol\projects\quectel\development\customer\threadx\workspace\apps\ml/libonnx.a(onnx.o) (resolver_default_op_QuantizeLinear)
C:\Users\nikol\projects\quectel\development\customer\threadx\workspace\apps\ml/libonnx.a(Sin.o)
		C:\Users\nikol\projects\quectel\development\customer\threadx\workspace\apps\ml/libonnx.a(onnx.o) (resolver_default_op_Sin)
C:\Users\nikol\projects\quectel\development\customer\threadx\workspace\apps\ml/libonnx.a(SequenceAt.o)
		C:\Users\nikol\projects\quectel\development\customer\threadx\workspace\apps\ml/libonnx.a(onnx.o) (resolver_default_op_SequenceAt)
C:\Users\nikol\projects\quectel\development\customer\threadx\workspace\apps\ml/libonnx.a(GlobalLpPool.o)
		C:\Users\nikol\projects\quectel\development\customer\threadx\workspace\apps\ml/libonnx.a(onnx.o) (resolver_default_op_GlobalLpPool)
C:\Users\nikol\projects\quectel\development\customer\threadx\workspace\apps\ml/libonnx.a(AveragePool.o)
		C:\Users\nikol\projects\quectel\development\customer\threadx\workspace\apps\ml/libonnx.a(onnx.o) (resolver_default_op_AveragePool)
C:\Users\nikol\projects\quectel\development\customer\threadx\workspace\apps\ml/libonnx.a(SequenceInsert.o)
		C:\Users\nikol\projects\quectel\development\customer\threadx\workspace\apps\ml/libonnx.a(onnx.o) (resolver_default_op_SequenceInsert)
C:\Users\nikol\projects\quectel\development\customer\threadx\workspace\apps\ml/libonnx.a(RandomUniformLike.o)
		C:\Users\nikol\projects\quectel\development\customer\threadx\workspace\apps\ml/libonnx.a(onnx.o) (resolver_default_op_RandomUniformLike)
C:\Users\nikol\projects\quectel\development\customer\threadx\workspace\apps\ml/libonnx.a(Neg.o)
		C:\Users\nikol\projects\quectel\development\customer\threadx\workspace\apps\ml/libonnx.a(onnx.o) (resolver_default_op_Neg)
C:\Users\nikol\projects\quectel\development\customer\threadx\workspace\apps\ml/libonnx.a(Tan.o)
		C:\Users\nikol\projects\quectel\development\customer\threadx\workspace\apps\ml/libonnx.a(onnx.o) (resolver_default_op_Tan)
C:\Users\nikol\projects\quectel\development\customer\threadx\workspace\apps\ml/libonnx.a(Concat.o)
		C:\Users\nikol\projects\quectel\development\customer\threadx\workspace\apps\ml/libonnx.a(onnx.o) (resolver_default_op_Concat)
C:\Users\nikol\projects\quectel\development\customer\threadx\workspace\apps\ml/libonnx.a(ReduceLogSumExp.o)
		C:\Users\nikol\projects\quectel\development\customer\threadx\workspace\apps\ml/libonnx.a(onnx.o) (resolver_default_op_ReduceLogSumExp)
C:\Users\nikol\projects\quectel\development\customer\threadx\workspace\apps\ml/libonnx.a(Greater.o)
		C:\Users\nikol\projects\quectel\development\customer\threadx\workspace\apps\ml/libonnx.a(onnx.o) (resolver_default_op_Greater)
C:\Users\nikol\projects\quectel\development\customer\threadx\workspace\apps\ml/libonnx.a(Tile.o)
		C:\Users\nikol\projects\quectel\development\customer\threadx\workspace\apps\ml/libonnx.a(onnx.o) (resolver_default_op_Tile)
C:\Users\nikol\projects\quectel\development\customer\threadx\workspace\apps\ml/libonnx.a(LogSoftmax.o)
		C:\Users\nikol\projects\quectel\development\customer\threadx\workspace\apps\ml/libonnx.a(onnx.o) (resolver_default_op_LogSoftmax)
C:\Users\nikol\projects\quectel\development\customer\threadx\workspace\apps\ml/libonnx.a(LessOrEqual.o)
		C:\Users\nikol\projects\quectel\development\customer\threadx\workspace\apps\ml/libonnx.a(onnx.o) (resolver_default_op_LessOrEqual)
C:\Users\nikol\projects\quectel\development\customer\threadx\workspace\apps\ml/libonnx.a(RoiAlign.o)
		C:\Users\nikol\projects\quectel\development\customer\threadx\workspace\apps\ml/libonnx.a(onnx.o) (resolver_default_op_RoiAlign)
C:\Users\nikol\projects\quectel\development\customer\threadx\workspace\apps\ml/libonnx.a(RNN.o)
		C:\Users\nikol\projects\quectel\development\customer\threadx\workspace\apps\ml/libonnx.a(onnx.o) (resolver_default_op_RNN)
C:\Users\nikol\projects\quectel\development\customer\threadx\workspace\apps\ml/libonnx.a(Asinh.o)
		C:\Users\nikol\projects\quectel\development\customer\threadx\workspace\apps\ml/libonnx.a(onnx.o) (resolver_default_op_Asinh)
C:\Users\nikol\projects\quectel\development\customer\threadx\workspace\apps\ml/libonnx.a(MeanVarianceNormalization.o)
		C:\Users\nikol\projects\quectel\development\customer\threadx\workspace\apps\ml/libonnx.a(onnx.o) (resolver_default_op_MeanVarianceNormalization)
C:\Users\nikol\projects\quectel\development\customer\threadx\workspace\apps\ml/libonnx.a(SplitToSequence.o)
		C:\Users\nikol\projects\quectel\development\customer\threadx\workspace\apps\ml/libonnx.a(onnx.o) (resolver_default_op_SplitToSequence)
C:\Users\nikol\projects\quectel\development\customer\threadx\workspace\apps\ml/libonnx.a(QLinearMatMul.o)
		C:\Users\nikol\projects\quectel\development\customer\threadx\workspace\apps\ml/libonnx.a(onnx.o) (resolver_default_op_QLinearMatMul)
C:\Users\nikol\projects\quectel\development\customer\threadx\workspace\apps\ml/libonnx.a(OneHot.o)
		C:\Users\nikol\projects\quectel\development\customer\threadx\workspace\apps\ml/libonnx.a(onnx.o) (resolver_default_op_OneHot)
C:\Users\nikol\projects\quectel\development\customer\threadx\workspace\apps\ml/libonnx.a(GreaterOrEqual.o)
		C:\Users\nikol\projects\quectel\development\customer\threadx\workspace\apps\ml/libonnx.a(onnx.o) (resolver_default_op_GreaterOrEqual)
C:\Users\nikol\projects\quectel\development\customer\threadx\workspace\apps\ml/libonnx.a(Div.o)
		C:\Users\nikol\projects\quectel\development\customer\threadx\workspace\apps\ml/libonnx.a(onnx.o) (resolver_default_op_Div)
C:\Users\nikol\projects\quectel\development\customer\threadx\workspace\apps\ml/libonnx.a(GRU.o)
		C:\Users\nikol\projects\quectel\development\customer\threadx\workspace\apps\ml/libonnx.a(onnx.o) (resolver_default_op_GRU)
C:\Users\nikol\projects\quectel\development\customer\threadx\workspace\apps\ml/libonnx.a(Scan.o)
		C:\Users\nikol\projects\quectel\development\customer\threadx\workspace\apps\ml/libonnx.a(onnx.o) (resolver_default_op_Scan)
C:\Users\nikol\projects\quectel\development\customer\threadx\workspace\apps\ml/libonnx.a(NonMaxSuppression.o)
		C:\Users\nikol\projects\quectel\development\customer\threadx\workspace\apps\ml/libonnx.a(onnx.o) (resolver_default_op_NonMaxSuppression)
C:\Users\nikol\projects\quectel\development\customer\threadx\workspace\apps\ml/libonnx.a(Ceil.o)
		C:\Users\nikol\projects\quectel\development\customer\threadx\workspace\apps\ml/libonnx.a(onnx.o) (resolver_default_op_Ceil)
C:\Users\nikol\projects\quectel\development\customer\threadx\workspace\apps\ml/libonnx.a(PRelu.o)
		C:\Users\nikol\projects\quectel\development\customer\threadx\workspace\apps\ml/libonnx.a(onnx.o) (resolver_default_op_PRelu)
C:\Users\nikol\projects\quectel\development\customer\threadx\workspace\apps\ml/libonnx.a(HardSigmoid.o)
		C:\Users\nikol\projects\quectel\development\customer\threadx\workspace\apps\ml/libonnx.a(onnx.o) (resolver_default_op_HardSigmoid)
C:\Users\nikol\projects\quectel\development\customer\threadx\workspace\apps\ml/libonnx.a(SoftmaxCrossEntropyLoss.o)
		C:\Users\nikol\projects\quectel\development\customer\threadx\workspace\apps\ml/libonnx.a(onnx.o) (resolver_default_op_SoftmaxCrossEntropyLoss)
C:\Users\nikol\projects\quectel\development\customer\threadx\workspace\apps\ml/libonnx.a(ConcatFromSequence.o)
		C:\Users\nikol\projects\quectel\development\customer\threadx\workspace\apps\ml/libonnx.a(onnx.o) (resolver_default_op_ConcatFromSequence)
C:\Users\nikol\projects\quectel\development\customer\threadx\workspace\apps\ml/libonnx.a(ConvInteger.o)
		C:\Users\nikol\projects\quectel\development\customer\threadx\workspace\apps\ml/libonnx.a(onnx.o) (resolver_default_op_ConvInteger)
C:\Users\nikol\projects\quectel\development\customer\threadx\workspace\apps\ml/libonnx.a(Constant.o)
		C:\Users\nikol\projects\quectel\development\customer\threadx\workspace\apps\ml/libonnx.a(onnx.o) (resolver_default_op_Constant)
C:\Users\nikol\projects\quectel\development\customer\threadx\workspace\apps\ml/libonnx.a(Clip.o)
		C:\Users\nikol\projects\quectel\development\customer\threadx\workspace\apps\ml/libonnx.a(onnx.o) (resolver_default_op_Clip)
C:\Users\nikol\projects\quectel\development\customer\threadx\workspace\apps\ml/libonnx.a(Mean.o)
		C:\Users\nikol\projects\quectel\development\customer\threadx\workspace\apps\ml/libonnx.a(onnx.o) (resolver_default_op_Mean)
C:\Users\nikol\projects\quectel\development\customer\threadx\workspace\apps\ml/libonnx.a(Slice.o)
		C:\Users\nikol\projects\quectel\development\customer\threadx\workspace\apps\ml/libonnx.a(onnx.o) (resolver_default_op_Slice)
C:\Users\nikol\projects\quectel\development\customer\threadx\workspace\apps\ml/libonnx.a(Loop.o)
		C:\Users\nikol\projects\quectel\development\customer\threadx\workspace\apps\ml/libonnx.a(onnx.o) (resolver_default_op_Loop)
C:\Users\nikol\projects\quectel\development\customer\threadx\workspace\apps\ml/libonnx.a(Split.o)
		C:\Users\nikol\projects\quectel\development\customer\threadx\workspace\apps\ml/libonnx.a(onnx.o) (resolver_default_op_Split)
C:\Users\nikol\projects\quectel\development\customer\threadx\workspace\apps\ml/libonnx.a(Add.o)
		C:\Users\nikol\projects\quectel\development\customer\threadx\workspace\apps\ml/libonnx.a(onnx.o) (resolver_default_op_Add)
C:\Users\nikol\projects\quectel\development\customer\threadx\workspace\apps\ml/libonnx.a(Sinh.o)
		C:\Users\nikol\projects\quectel\development\customer\threadx\workspace\apps\ml/libonnx.a(onnx.o) (resolver_default_op_Sinh)
C:\Users\nikol\projects\quectel\development\customer\threadx\workspace\apps\ml/libonnx.a(DepthToSpace.o)
		C:\Users\nikol\projects\quectel\development\customer\threadx\workspace\apps\ml/libonnx.a(onnx.o) (resolver_default_op_DepthToSpace)
C:\Users\nikol\projects\quectel\development\customer\threadx\workspace\apps\ml/libonnx.a(Cosh.o)
		C:\Users\nikol\projects\quectel\development\customer\threadx\workspace\apps\ml/libonnx.a(onnx.o) (resolver_default_op_Cosh)
C:\Users\nikol\projects\quectel\development\customer\threadx\workspace\apps\ml/libonnx.a(Gemm.o)
		C:\Users\nikol\projects\quectel\development\customer\threadx\workspace\apps\ml/libonnx.a(onnx.o) (resolver_default_op_Gemm)
C:\Users\nikol\projects\quectel\development\customer\threadx\workspace\apps\ml/libonnx.a(RandomNormalLike.o)
		C:\Users\nikol\projects\quectel\development\customer\threadx\workspace\apps\ml/libonnx.a(onnx.o) (resolver_default_op_RandomNormalLike)
C:\Users\nikol\projects\quectel\development\customer\threadx\workspace\apps\ml/libonnx.a(TopK.o)
		C:\Users\nikol\projects\quectel\development\customer\threadx\workspace\apps\ml/libonnx.a(onnx.o) (resolver_default_op_TopK)
C:\Users\nikol\projects\quectel\development\customer\threadx\workspace\apps\ml/libonnx.a(ReduceSumSquare.o)
		C:\Users\nikol\projects\quectel\development\customer\threadx\workspace\apps\ml/libonnx.a(onnx.o) (resolver_default_op_ReduceSumSquare)
C:\Users\nikol\projects\quectel\development\customer\threadx\workspace\apps\ml/libonnx.a(Acosh.o)
		C:\Users\nikol\projects\quectel\development\customer\threadx\workspace\apps\ml/libonnx.a(onnx.o) (resolver_default_op_Acosh)
C:\Users\nikol\projects\quectel\development\customer\threadx\workspace\apps\ml/libonnx.a(DequantizeLinear.o)
		C:\Users\nikol\projects\quectel\development\customer\threadx\workspace\apps\ml/libonnx.a(onnx.o) (resolver_default_op_DequantizeLinear)
C:\Users\nikol\projects\quectel\development\customer\threadx\workspace\apps\ml/libonnx.a(Atan.o)
		C:\Users\nikol\projects\quectel\development\customer\threadx\workspace\apps\ml/libonnx.a(onnx.o) (resolver_default_op_Atan)
C:\Users\nikol\projects\quectel\development\customer\threadx\workspace\apps\ml/libonnx.a(Range.o)
		C:\Users\nikol\projects\quectel\development\customer\threadx\workspace\apps\ml/libonnx.a(onnx.o) (resolver_default_op_Range)
C:\Users\nikol\projects\quectel\development\customer\threadx\workspace\apps\ml/libonnx.a(Sum.o)
		C:\Users\nikol\projects\quectel\development\customer\threadx\workspace\apps\ml/libonnx.a(onnx.o) (resolver_default_op_Sum)
C:\Users\nikol\projects\quectel\development\customer\threadx\workspace\apps\ml/libonnx.a(Asin.o)
		C:\Users\nikol\projects\quectel\development\customer\threadx\workspace\apps\ml/libonnx.a(onnx.o) (resolver_default_op_Asin)
C:\Users\nikol\projects\quectel\development\customer\threadx\workspace\apps\ml/libonnx.a(Softplus.o)
		C:\Users\nikol\projects\quectel\development\customer\threadx\workspace\apps\ml/libonnx.a(onnx.o) (resolver_default_op_Softplus)
C:\Users\nikol\projects\quectel\development\customer\threadx\workspace\apps\ml/libonnx.a(LSTM.o)
		C:\Users\nikol\projects\quectel\development\customer\threadx\workspace\apps\ml/libonnx.a(onnx.o) (resolver_default_op_LSTM)
C:\Users\nikol\projects\quectel\development\customer\threadx\workspace\apps\ml/libonnx.a(Where.o)
		C:\Users\nikol\projects\quectel\development\customer\threadx\workspace\apps\ml/libonnx.a(onnx.o) (resolver_default_op_Where)
C:\Users\nikol\projects\quectel\development\customer\threadx\workspace\apps\ml/libonnx.a(GlobalMaxPool.o)
		C:\Users\nikol\projects\quectel\development\customer\threadx\workspace\apps\ml/libonnx.a(onnx.o) (resolver_default_op_GlobalMaxPool)
C:\Users\nikol\projects\quectel\development\customer\threadx\workspace\apps\ml/libonnx.a(Pow.o)
		C:\Users\nikol\projects\quectel\development\customer\threadx\workspace\apps\ml/libonnx.a(onnx.o) (resolver_default_op_Pow)
C:\Users\nikol\projects\quectel\development\customer\threadx\workspace\apps\ml/libonnx.a(Erf.o)
		C:\Users\nikol\projects\quectel\development\customer\threadx\workspace\apps\ml/libonnx.a(onnx.o) (resolver_default_op_Erf)
C:\Users\nikol\projects\quectel\development\customer\threadx\workspace\apps\ml/libonnx.a(GlobalAveragePool.o)
		C:\Users\nikol\projects\quectel\development\customer\threadx\workspace\apps\ml/libonnx.a(onnx.o) (resolver_default_op_GlobalAveragePool)
C:\Users\nikol\projects\quectel\development\customer\threadx\workspace\apps\ml/libonnx.a(ReduceLogSum.o)
		C:\Users\nikol\projects\quectel\development\customer\threadx\workspace\apps\ml/libonnx.a(onnx.o) (resolver_default_op_ReduceLogSum)
C:\Users\nikol\projects\quectel\development\customer\threadx\workspace\apps\ml/libonnx.a(ScatterND.o)
		C:\Users\nikol\projects\quectel\development\customer\threadx\workspace\apps\ml/libonnx.a(onnx.o) (resolver_default_op_ScatterND)
C:\Users\nikol\projects\quectel\development\customer\threadx\workspace\apps\ml/libonnx.a(Reshape.o)
		C:\Users\nikol\projects\quectel\development\customer\threadx\workspace\apps\ml/libonnx.a(onnx.o) (resolver_default_op_Reshape)
C:\Users\nikol\projects\quectel\development\customer\threadx\workspace\apps\ml/libonnx.a(Max.o)
		C:\Users\nikol\projects\quectel\development\customer\threadx\workspace\apps\ml/libonnx.a(onnx.o) (resolver_default_op_Max)
C:\Users\nikol\projects\quectel\development\customer\threadx\workspace\apps\ml/libonnx.a(Sign.o)
		C:\Users\nikol\projects\quectel\development\customer\threadx\workspace\apps\ml/libonnx.a(onnx.o) (resolver_default_op_Sign)
C:\Users\nikol\projects\quectel\development\customer\threadx\workspace\apps\ml/libonnx.a(ArgMax.o)
		C:\Users\nikol\projects\quectel\development\customer\threadx\workspace\apps\ml/libonnx.a(onnx.o) (resolver_default_op_ArgMax)
C:\Users\nikol\projects\quectel\development\customer\threadx\workspace\apps\ml/libonnx.a(ReverseSequence.o)
		C:\Users\nikol\projects\quectel\development\customer\threadx\workspace\apps\ml/libonnx.a(onnx.o) (resolver_default_op_ReverseSequence)
C:\Users\nikol\projects\quectel\development\customer\threadx\workspace\apps\ml/libonnx.a(ReduceSum.o)
		C:\Users\nikol\projects\quectel\development\customer\threadx\workspace\apps\ml/libonnx.a(onnx.o) (resolver_default_op_ReduceSum)
C:\Users\nikol\projects\quectel\development\customer\threadx\workspace\apps\ml/libonnx.a(ScatterElements.o)
		C:\Users\nikol\projects\quectel\development\customer\threadx\workspace\apps\ml/libonnx.a(onnx.o) (resolver_default_op_ScatterElements)
C:\Users\nikol\projects\quectel\development\customer\threadx\workspace\apps\ml/libonnx.a(GatherElements.o)
		C:\Users\nikol\projects\quectel\development\customer\threadx\workspace\apps\ml/libonnx.a(onnx.o) (resolver_default_op_GatherElements)
C:\Users\nikol\projects\quectel\development\customer\threadx\workspace\apps\ml/libonnx.a(MaxPool.o)
		C:\Users\nikol\projects\quectel\development\customer\threadx\workspace\apps\ml/libonnx.a(onnx.o) (resolver_default_op_MaxPool)
C:\Users\nikol\projects\quectel\development\customer\threadx\workspace\apps\ml/libonnx.a(Acos.o)
		C:\Users\nikol\projects\quectel\development\customer\threadx\workspace\apps\ml/libonnx.a(onnx.o) (resolver_default_op_Acos)
C:\Users\nikol\projects\quectel\development\customer\threadx\workspace\apps\ml/libonnx.a(Flatten.o)
		C:\Users\nikol\projects\quectel\development\customer\threadx\workspace\apps\ml/libonnx.a(onnx.o) (resolver_default_op_Flatten)
C:\Users\nikol\projects\quectel\development\customer\threadx\workspace\apps\ml/libonnx.a(Celu.o)
		C:\Users\nikol\projects\quectel\development\customer\threadx\workspace\apps\ml/libonnx.a(onnx.o) (resolver_default_op_Celu)
C:\Users\nikol\projects\quectel\development\customer\threadx\workspace\apps\ml/libonnx.a(SequenceLength.o)
		C:\Users\nikol\projects\quectel\development\customer\threadx\workspace\apps\ml/libonnx.a(onnx.o) (resolver_default_op_SequenceLength)
C:\Users\nikol\projects\quectel\development\customer\threadx\workspace\apps\ml/libonnx.a(Floor.o)
		C:\Users\nikol\projects\quectel\development\customer\threadx\workspace\apps\ml/libonnx.a(onnx.o) (resolver_default_op_Floor)
C:\Users\nikol\projects\quectel\development\customer\threadx\workspace\apps\ml/libonnx.a(ReduceProd.o)
		C:\Users\nikol\projects\quectel\development\customer\threadx\workspace\apps\ml/libonnx.a(onnx.o) (resolver_default_op_ReduceProd)
C:\Users\nikol\projects\quectel\development\customer\threadx\workspace\apps\ml/libonnx.a(Dropout.o)
		C:\Users\nikol\projects\quectel\development\customer\threadx\workspace\apps\ml/libonnx.a(onnx.o) (resolver_default_op_Dropout)
C:\Users\nikol\projects\quectel\development\customer\threadx\workspace\apps\ml/libonnx.a(Pad.o)
		C:\Users\nikol\projects\quectel\development\customer\threadx\workspace\apps\ml/libonnx.a(onnx.o) (resolver_default_op_Pad)
C:\Users\nikol\projects\quectel\development\customer\threadx\workspace\apps\ml/libonnx.a(ReduceMax.o)
		C:\Users\nikol\projects\quectel\development\customer\threadx\workspace\apps\ml/libonnx.a(onnx.o) (resolver_default_op_ReduceMax)
C:\Users\nikol\projects\quectel\development\customer\threadx\workspace\apps\ml/libonnx.a(Not.o)
		C:\Users\nikol\projects\quectel\development\customer\threadx\workspace\apps\ml/libonnx.a(onnx.o) (resolver_default_op_Not)
C:\Users\nikol\projects\quectel\development\customer\threadx\workspace\apps\ml/libonnx.a(TfIdfVectorizer.o)
		C:\Users\nikol\projects\quectel\development\customer\threadx\workspace\apps\ml/libonnx.a(onnx.o) (resolver_default_op_TfIdfVectorizer)
C:\Users\nikol\projects\quectel\development\customer\threadx\workspace\apps\ml/libonnx.a(Conv.o)
		C:\Users\nikol\projects\quectel\development\customer\threadx\workspace\apps\ml/libonnx.a(onnx.o) (resolver_default_op_Conv)
C:\Users\nikol\projects\quectel\development\customer\threadx\workspace\apps\ml/libonnx.a(SequenceErase.o)
		C:\Users\nikol\projects\quectel\development\customer\threadx\workspace\apps\ml/libonnx.a(onnx.o) (resolver_default_op_SequenceErase)
C:\Users\nikol\projects\quectel\development\customer\threadx\workspace\apps\ml/libonnx.a(Shrink.o)
		C:\Users\nikol\projects\quectel\development\customer\threadx\workspace\apps\ml/libonnx.a(onnx.o) (resolver_default_op_Shrink)
C:\Users\nikol\projects\quectel\development\customer\threadx\workspace\apps\ml/libonnx.a(LpPool.o)
		C:\Users\nikol\projects\quectel\development\customer\threadx\workspace\apps\ml/libonnx.a(onnx.o) (resolver_default_op_LpPool)
C:\Users\nikol\projects\quectel\development\customer\threadx\workspace\apps\ml/libonnx.a(Cast.o)
		C:\Users\nikol\projects\quectel\development\customer\threadx\workspace\apps\ml/libonnx.a(onnx.o) (resolver_default_op_Cast)
C:\Users\nikol\projects\quectel\development\customer\threadx\workspace\apps\ml/libonnx.a(Round.o)
		C:\Users\nikol\projects\quectel\development\customer\threadx\workspace\apps\ml/libonnx.a(onnx.o) (resolver_default_op_Round)
C:\Users\nikol\projects\quectel\development\customer\threadx\workspace\apps\ml/libonnx.a(Reciprocal.o)
		C:\Users\nikol\projects\quectel\development\customer\threadx\workspace\apps\ml/libonnx.a(onnx.o) (resolver_default_op_Reciprocal)
C:\Users\nikol\projects\quectel\development\customer\threadx\workspace\apps\ml/libonnx.a(Scatter.o)
		C:\Users\nikol\projects\quectel\development\customer\threadx\workspace\apps\ml/libonnx.a(onnx.o) (resolver_default_op_Scatter)
C:\Users\nikol\projects\quectel\development\customer\threadx\workspace\apps\ml/libonnx.a(ReduceL1.o)
		C:\Users\nikol\projects\quectel\development\customer\threadx\workspace\apps\ml/libonnx.a(onnx.o) (resolver_default_op_ReduceL1)
C:\Users\nikol\projects\quectel\development\customer\threadx\workspace\apps\ml/libonnx.a(SequenceEmpty.o)
		C:\Users\nikol\projects\quectel\development\customer\threadx\workspace\apps\ml/libonnx.a(onnx.o) (resolver_default_op_SequenceEmpty)
C:\Users\nikol\projects\quectel\development\customer\threadx\workspace\apps\ml/libonnx.a(IsInf.o)
		C:\Users\nikol\projects\quectel\development\customer\threadx\workspace\apps\ml/libonnx.a(onnx.o) (resolver_default_op_IsInf)
C:\Users\nikol\projects\quectel\development\customer\threadx\workspace\apps\ml/libonnx.a(Expand.o)
		C:\Users\nikol\projects\quectel\development\customer\threadx\workspace\apps\ml/libonnx.a(onnx.o) (resolver_default_op_Expand)
C:\Users\nikol\projects\quectel\development\customer\threadx\workspace\apps\ml/libonnx.a(Upsample.o)
		C:\Users\nikol\projects\quectel\development\customer\threadx\workspace\apps\ml/libonnx.a(onnx.o) (resolver_default_op_Upsample)
C:\Users\nikol\projects\quectel\development\customer\threadx\workspace\apps\ml/libonnx.a(Or.o)
		C:\Users\nikol\projects\quectel\development\customer\threadx\workspace\apps\ml/libonnx.a(onnx.o) (resolver_default_op_Or)
C:\Users\nikol\projects\quectel\development\customer\threadx\workspace\apps\ml/libonnx.a(Log.o)
		C:\Users\nikol\projects\quectel\development\customer\threadx\workspace\apps\ml/libonnx.a(onnx.o) (resolver_default_op_Log)
C:\Users\nikol\projects\quectel\development\customer\threadx\workspace\apps\ml/libonnx.a(EyeLike.o)
		C:\Users\nikol\projects\quectel\development\customer\threadx\workspace\apps\ml/libonnx.a(onnx.o) (resolver_default_op_EyeLike)
C:\Users\nikol\projects\quectel\development\customer\threadx\workspace\apps\ml/libonnx.a(BatchNormalization.o)
		C:\Users\nikol\projects\quectel\development\customer\threadx\workspace\apps\ml/libonnx.a(onnx.o) (resolver_default_op_BatchNormalization)
C:\Users\nikol\projects\quectel\development\customer\threadx\workspace\apps\ml/libonnx.a(ConvTranspose.o)
		C:\Users\nikol\projects\quectel\development\customer\threadx\workspace\apps\ml/libonnx.a(onnx.o) (resolver_default_op_ConvTranspose)
C:\Users\nikol\projects\quectel\development\customer\threadx\workspace\apps\ml/libonnx.a(Det.o)
		C:\Users\nikol\projects\quectel\development\customer\threadx\workspace\apps\ml/libonnx.a(onnx.o) (resolver_default_op_Det)
C:\Users\nikol\projects\quectel\development\customer\threadx\workspace\apps\ml/libonnx.a(Tanh.o)
		C:\Users\nikol\projects\quectel\development\customer\threadx\workspace\apps\ml/libonnx.a(onnx.o) (resolver_default_op_Tanh)
C:\Users\nikol\projects\quectel\development\customer\threadx\workspace\apps\ml/libonnx.a(If.o)
		C:\Users\nikol\projects\quectel\development\customer\threadx\workspace\apps\ml/libonnx.a(onnx.o) (resolver_default_op_If)
C:\Users\nikol\projects\quectel\development\customer\threadx\workspace\apps\ml/libonnx.a(NonZero.o)
		C:\Users\nikol\projects\quectel\development\customer\threadx\workspace\apps\ml/libonnx.a(onnx.o) (resolver_default_op_NonZero)
C:\Users\nikol\projects\quectel\development\customer\threadx\workspace\apps\ml/libonnx.a(SpaceToDepth.o)
		C:\Users\nikol\projects\quectel\development\customer\threadx\workspace\apps\ml/libonnx.a(onnx.o) (resolver_default_op_SpaceToDepth)
C:\Users\nikol\projects\quectel\development\customer\threadx\workspace\apps\ml/libonnx.a(ConstantOfShape.o)
		C:\Users\nikol\projects\quectel\development\customer\threadx\workspace\apps\ml/libonnx.a(onnx.o) (resolver_default_op_ConstantOfShape)
C:\Users\nikol\projects\quectel\development\customer\threadx\workspace\apps\ml/libonnx.a(StringNormalizer.o)
		C:\Users\nikol\projects\quectel\development\customer\threadx\workspace\apps\ml/libonnx.a(onnx.o) (resolver_default_op_StringNormalizer)
C:\Users\nikol\projects\quectel\development\customer\threadx\workspace\apps\ml/libonnx.a(Unique.o)
		C:\Users\nikol\projects\quectel\development\customer\threadx\workspace\apps\ml/libonnx.a(onnx.o) (resolver_default_op_Unique)
C:\Users\nikol\projects\quectel\development\customer\threadx\workspace\apps\ml/libonnx.a(Xor.o)
		C:\Users\nikol\projects\quectel\development\customer\threadx\workspace\apps\ml/libonnx.a(onnx.o) (resolver_default_op_Xor)
C:\Users\nikol\projects\quectel\development\customer\threadx\workspace\apps\ml/libonnx.a(Size.o)
		C:\Users\nikol\projects\quectel\development\customer\threadx\workspace\apps\ml/libonnx.a(onnx.o) (resolver_default_op_Size)
C:\Users\nikol\projects\quectel\development\customer\threadx\workspace\apps\ml/libonnx.a(And.o)
		C:\Users\nikol\projects\quectel\development\customer\threadx\workspace\apps\ml/libonnx.a(onnx.o) (resolver_default_op_And)
C:\Users\nikol\projects\quectel\development\customer\threadx\workspace\apps\ml/libonnx.a(MaxRoiPool.o)
		C:\Users\nikol\projects\quectel\development\customer\threadx\workspace\apps\ml/libonnx.a(onnx.o) (resolver_default_op_MaxRoiPool)
C:\Users\nikol\projects\quectel\development\customer\threadx\workspace\apps\ml/libonnx.a(IsNaN.o)
		C:\Users\nikol\projects\quectel\development\customer\threadx\workspace\apps\ml/libonnx.a(onnx.o) (resolver_default_op_IsNaN)
C:\Users\nikol\projects\quectel\development\customer\threadx\workspace\apps\ml/libonnx.a(LpNormalization.o)
		C:\Users\nikol\projects\quectel\development\customer\threadx\workspace\apps\ml/libonnx.a(onnx.o) (resolver_default_op_LpNormalization)
C:\Users\nikol\projects\quectel\development\customer\threadx\workspace\apps\ml/libonnx.a(Sqrt.o)
		C:\Users\nikol\projects\quectel\development\customer\threadx\workspace\apps\ml/libonnx.a(onnx.o) (resolver_default_op_Sqrt)
C:\Users\nikol\projects\quectel\development\customer\threadx\workspace\apps\ml/libonnx.a(ThresholdedRelu.o)
		C:\Users\nikol\projects\quectel\development\customer\threadx\workspace\apps\ml/libonnx.a(onnx.o) (resolver_default_op_ThresholdedRelu)
C:\Users\nikol\projects\quectel\development\customer\threadx\workspace\apps\ml/libonnx.a(Selu.o)
		C:\Users\nikol\projects\quectel\development\customer\threadx\workspace\apps\ml/libonnx.a(onnx.o) (resolver_default_op_Selu)
C:\Users\nikol\projects\quectel\development\customer\threadx\workspace\apps\ml/libonnx.a(Resize.o)
		C:\Users\nikol\projects\quectel\development\customer\threadx\workspace\apps\ml/libonnx.a(onnx.o) (resolver_default_op_Resize)
C:\Users\nikol\projects\quectel\development\customer\threadx\workspace\apps\ml/libonnx.a(LeakyRelu.o)
		C:\Users\nikol\projects\quectel\development\customer\threadx\workspace\apps\ml/libonnx.a(onnx.o) (resolver_default_op_LeakyRelu)
C:\Users\nikol\projects\quectel\development\customer\threadx\workspace\apps\ml/libonnx.a(Transpose.o)
		C:\Users\nikol\projects\quectel\development\customer\threadx\workspace\apps\ml/libonnx.a(onnx.o) (resolver_default_op_Transpose)
C:\Users\nikol\projects\quectel\development\customer\threadx\workspace\apps\ml/libonnx.a(Mod.o)
		C:\Users\nikol\projects\quectel\development\customer\threadx\workspace\apps\ml/libonnx.a(onnx.o) (resolver_default_op_Mod)
C:\Users\nikol\projects\quectel\development\customer\threadx\workspace\apps\ml/libonnx.a(InstanceNormalization.o)
		C:\Users\nikol\projects\quectel\development\customer\threadx\workspace\apps\ml/libonnx.a(onnx.o) (resolver_default_op_InstanceNormalization)
C:\Users\nikol\projects\quectel\development\customer\threadx\workspace\apps\ml/libonnx.a(Unsqueeze.o)
		C:\Users\nikol\projects\quectel\development\customer\threadx\workspace\apps\ml/libonnx.a(onnx.o) (resolver_default_op_Unsqueeze)
C:\Users\nikol\projects\quectel\development\customer\threadx\workspace\apps\ml/libonnx.a(Atanh.o)
		C:\Users\nikol\projects\quectel\development\customer\threadx\workspace\apps\ml/libonnx.a(onnx.o) (resolver_default_op_Atanh)
C:\Users\nikol\projects\quectel\development\customer\threadx\workspace\apps\ml/libonnx.a(Softsign.o)
		C:\Users\nikol\projects\quectel\development\customer\threadx\workspace\apps\ml/libonnx.a(onnx.o) (resolver_default_op_Softsign)
C:\Users\nikol\projects\quectel\development\customer\threadx\workspace\apps\ml/libonnx.a(Softmax.o)
		C:\Users\nikol\projects\quectel\development\customer\threadx\workspace\apps\ml/libonnx.a(onnx.o) (resolver_default_op_Softmax)
C:\Users\nikol\projects\quectel\development\customer\threadx\workspace\apps\ml/libonnx.a(NegativeLogLikelihoodLoss.o)
		C:\Users\nikol\projects\quectel\development\customer\threadx\workspace\apps\ml/libonnx.a(onnx.o) (resolver_default_op_NegativeLogLikelihoodLoss)
C:\Users\nikol\projects\quectel\development\customer\threadx\workspace\apps\ml/libonnx.a(Min.o)
		C:\Users\nikol\projects\quectel\development\customer\threadx\workspace\apps\ml/libonnx.a(onnx.o) (resolver_default_op_Min)
C:\Users\nikol\projects\quectel\development\customer\threadx\workspace\apps\ml/libonnx.a(MatMulInteger.o)
		C:\Users\nikol\projects\quectel\development\customer\threadx\workspace\apps\ml/libonnx.a(onnx.o) (resolver_default_op_MatMulInteger)
C:\Users\nikol\projects\quectel\development\customer\threadx\workspace\apps\ml/libonnx.a(Cos.o)
		C:\Users\nikol\projects\quectel\development\customer\threadx\workspace\apps\ml/libonnx.a(onnx.o) (resolver_default_op_Cos)
C:\Users\nikol\projects\quectel\development\customer\threadx\workspace\apps\ml/libonnx.a(ArgMin.o)
		C:\Users\nikol\projects\quectel\development\customer\threadx\workspace\apps\ml/libonnx.a(onnx.o) (resolver_default_op_ArgMin)
C:\Users\nikol\projects\quectel\development\customer\threadx\workspace\apps\ml/libonnx.a(Relu.o)
		C:\Users\nikol\projects\quectel\development\customer\threadx\workspace\apps\ml/libonnx.a(onnx.o) (resolver_default_op_Relu)
C:\Users\nikol\projects\quectel\development\customer\threadx\workspace\apps\ml/libonnx.a(MaxUnpool.o)
		C:\Users\nikol\projects\quectel\development\customer\threadx\workspace\apps\ml/libonnx.a(onnx.o) (resolver_default_op_MaxUnpool)
C:\Users\nikol\projects\quectel\development\customer\threadx\workspace\apps\ml/libonnx.a(Exp.o)
		C:\Users\nikol\projects\quectel\development\customer\threadx\workspace\apps\ml/libonnx.a(onnx.o) (resolver_default_op_Exp)
C:\Users\nikol\projects\quectel\development\customer\threadx\workspace\apps\ml/libonnx.a(Equal.o)
		C:\Users\nikol\projects\quectel\development\customer\threadx\workspace\apps\ml/libonnx.a(onnx.o) (resolver_default_op_Equal)
C:\Users\nikol\projects\quectel\development\customer\threadx\workspace\apps\ml/libonnx.a(Squeeze.o)
		C:\Users\nikol\projects\quectel\development\customer\threadx\workspace\apps\ml/libonnx.a(onnx.o) (resolver_default_op_Squeeze)
C:\Users\nikol\projects\quectel\development\customer\threadx\workspace\apps\ml/libonnx.a(Hardmax.o)
		C:\Users\nikol\projects\quectel\development\customer\threadx\workspace\apps\ml/libonnx.a(onnx.o) (resolver_default_op_Hardmax)
C:\Users\nikol\projects\quectel\development\customer\threadx\workspace\apps\ml/libonnx.a(Sigmoid.o)
		C:\Users\nikol\projects\quectel\development\customer\threadx\workspace\apps\ml/libonnx.a(onnx.o) (resolver_default_op_Sigmoid)
C:\Users\nikol\projects\quectel\development\customer\threadx\workspace\apps\ml/libonnx.a(GatherND.o)
		C:\Users\nikol\projects\quectel\development\customer\threadx\workspace\apps\ml/libonnx.a(onnx.o) (resolver_default_op_GatherND)
C:\Users\nikol\projects\quectel\development\customer\threadx\workspace\apps\ml/libonnx.a(Less.o)
		C:\Users\nikol\projects\quectel\development\customer\threadx\workspace\apps\ml/libonnx.a(onnx.o) (resolver_default_op_Less)
C:\Users\nikol\projects\quectel\development\customer\threadx\workspace\apps\ml/libonnx.a(Abs.o)
		C:\Users\nikol\projects\quectel\development\customer\threadx\workspace\apps\ml/libonnx.a(onnx.o) (resolver_default_op_Abs)
C:\Users\nikol\projects\quectel\development\customer\threadx\workspace\apps\ml/libonnx.a(ReduceMin.o)
		C:\Users\nikol\projects\quectel\development\customer\threadx\workspace\apps\ml/libonnx.a(onnx.o) (resolver_default_op_ReduceMin)
C:\Users\nikol\projects\quectel\development\customer\threadx\workspace\apps\ml/libonnx.a(RandomNormal.o)
		C:\Users\nikol\projects\quectel\development\customer\threadx\workspace\apps\ml/libonnx.a(onnx.o) (resolver_default_op_RandomNormal)
C:\Users\nikol\projects\quectel\development\customer\threadx\workspace\apps\ml/libonnx.a(BitShift.o)
		C:\Users\nikol\projects\quectel\development\customer\threadx\workspace\apps\ml/libonnx.a(onnx.o) (resolver_default_op_BitShift)
C:\Users\nikol\projects\quectel\development\customer\threadx\workspace\apps\ml/libonnx.a(Einsum.o)
		C:\Users\nikol\projects\quectel\development\customer\threadx\workspace\apps\ml/libonnx.a(onnx.o) (resolver_default_op_Einsum)
C:\Users\nikol\projects\quectel\development\customer\threadx\workspace\apps\ml/libonnx.a(QLinearConv.o)
		C:\Users\nikol\projects\quectel\development\customer\threadx\workspace\apps\ml/libonnx.a(onnx.o) (resolver_default_op_QLinearConv)
C:\Users\nikol\projects\quectel\development\customer\threadx\workspace\apps\ml/libonnx.a(RandomUniform.o)
		C:\Users\nikol\projects\quectel\development\customer\threadx\workspace\apps\ml/libonnx.a(onnx.o) (resolver_default_op_RandomUniform)
C:\Users\nikol\projects\quectel\development\customer\threadx\workspace\apps\ml/libonnx.a(DynamicQuantizeLinear.o)
		C:\Users\nikol\projects\quectel\development\customer\threadx\workspace\apps\ml/libonnx.a(onnx.o) (resolver_default_op_DynamicQuantizeLinear)
C:\Users\nikol\projects\quectel\development\customer\threadx\workspace\apps\ml/libonnx.a(Identity.o)
		C:\Users\nikol\projects\quectel\development\customer\threadx\workspace\apps\ml/libonnx.a(onnx.o) (resolver_default_op_Identity)
C:\Users\nikol\projects\quectel\development\customer\threadx\workspace\apps\ml/libonnx.a(MatMul.o)
		C:\Users\nikol\projects\quectel\development\customer\threadx\workspace\apps\ml/libonnx.a(onnx.o) (resolver_default_op_MatMul)
C:\Users\nikol\projects\quectel\development\customer\threadx\workspace\apps\ml/libonnx.a(Mul.o)
		C:\Users\nikol\projects\quectel\development\customer\threadx\workspace\apps\ml/libonnx.a(onnx.o) (resolver_default_op_Mul)
C:\Users\nikol\projects\quectel\development\customer\threadx\workspace\apps\ml/libonnx.a(SequenceConstruct.o)
		C:\Users\nikol\projects\quectel\development\customer\threadx\workspace\apps\ml/libonnx.a(onnx.o) (resolver_default_op_SequenceConstruct)
C:\Users\nikol\projects\quectel\development\customer\threadx\workspace\apps\ml/libonnx.a(CumSum.o)
		C:\Users\nikol\projects\quectel\development\customer\threadx\workspace\apps\ml/libonnx.a(onnx.o) (resolver_default_op_CumSum)
C:\Users\nikol\projects\quectel\development\customer\threadx\workspace\apps\ml/libonnx.a(Elu.o)
		C:\Users\nikol\projects\quectel\development\customer\threadx\workspace\apps\ml/libonnx.a(onnx.o) (resolver_default_op_Elu)
C:\Users\nikol\projects\quectel\development\customer\threadx\workspace\apps\ml/libonnx.a(Gather.o)
		C:\Users\nikol\projects\quectel\development\customer\threadx\workspace\apps\ml/libonnx.a(onnx.o) (resolver_default_op_Gather)
C:\Users\nikol\projects\quectel\development\customer\threadx\workspace\apps\ml/libonnx.a(hmap.o)
		C:\Users\nikol\projects\quectel\development\customer\threadx\workspace\apps\ml/libonnx.a(onnx.o) (hmap_add)
C:\Users\nikol\projects\quectel\development\customer\threadx\workspace\apps\ml/libonnx.a(protobuf-c.o)
		C:\Users\nikol\projects\quectel\development\customer\threadx\workspace\apps\ml/libonnx.a(onnx.proto3.pb-c.o) (protobuf_c_empty_string)
C:\Users\nikol\projects\quectel\development\customer\threadx\tools\LLVM\4.0.3\armv7m-none-eabi\libc\lib/libc.a(assert.o)
		C:\Users\nikol\projects\quectel\development\customer\threadx\workspace\apps\ml/libonnx.a(onnx.proto3.pb-c.o) (__assert_fail)
C:\Users\nikol\projects\quectel\development\customer\threadx\tools\LLVM\4.0.3\armv7m-none-eabi\libc\lib/libc.a(memalign.o)
		C:\Users\nikol\projects\quectel\development\customer\threadx\workspace\apps\ml/libonnx.a(onnx.o) (memalign)
C:\Users\nikol\projects\quectel\development\customer\threadx\tools\LLVM\4.0.3\armv7m-none-eabi\libc\lib/libc.a(acos.o)
		C:\Users\nikol\projects\quectel\development\customer\threadx\workspace\apps\ml/libonnx.a(Acos.o) (acos)
C:\Users\nikol\projects\quectel\development\customer\threadx\tools\LLVM\4.0.3\armv7m-none-eabi\libc\lib/libc.a(acosf.o)
		C:\Users\nikol\projects\quectel\development\customer\threadx\workspace\apps\ml/libonnx.a(Acos.o) (acosf)
C:\Users\nikol\projects\quectel\development\customer\threadx\tools\LLVM\4.0.3\armv7m-none-eabi\libc\lib/libc.a(acosh.o)
		C:\Users\nikol\projects\quectel\development\customer\threadx\workspace\apps\ml/libonnx.a(Acosh.o) (acosh)
C:\Users\nikol\projects\quectel\development\customer\threadx\tools\LLVM\4.0.3\armv7m-none-eabi\libc\lib/libc.a(acoshf.o)
		C:\Users\nikol\projects\quectel\development\customer\threadx\workspace\apps\ml/libonnx.a(Acosh.o) (acoshf)
C:\Users\nikol\projects\quectel\development\customer\threadx\tools\LLVM\4.0.3\armv7m-none-eabi\libc\lib/libc.a(sqrt.o)
		C:\Users\nikol\projects\quectel\development\customer\threadx\workspace\apps\ml/libonnx.a(ReduceL2.o) (sqrt)
C:\Users\nikol\projects\quectel\development\customer\threadx\tools\LLVM\4.0.3\armv7m-none-eabi\libc\lib/libc.a(sqrtf.o)
		C:\Users\nikol\projects\quectel\development\customer\threadx\workspace\apps\ml/libonnx.a(ReduceL2.o) (sqrtf)
C:\Users\nikol\projects\quectel\development\customer\threadx\tools\LLVM\4.0.3\armv7m-none-eabi\libc\lib/libc.a(asin.o)
		C:\Users\nikol\projects\quectel\development\customer\threadx\workspace\apps\ml/libonnx.a(Asin.o) (asin)
C:\Users\nikol\projects\quectel\development\customer\threadx\tools\LLVM\4.0.3\armv7m-none-eabi\libc\lib/libc.a(asinf.o)
		C:\Users\nikol\projects\quectel\development\customer\threadx\workspace\apps\ml/libonnx.a(Asin.o) (asinf)
C:\Users\nikol\projects\quectel\development\customer\threadx\tools\LLVM\4.0.3\armv7m-none-eabi\libc\lib/libc.a(asinh.o)
		C:\Users\nikol\projects\quectel\development\customer\threadx\workspace\apps\ml/libonnx.a(Asinh.o) (asinh)
C:\Users\nikol\projects\quectel\development\customer\threadx\tools\LLVM\4.0.3\armv7m-none-eabi\libc\lib/libc.a(asinhf.o)
		C:\Users\nikol\projects\quectel\development\customer\threadx\workspace\apps\ml/libonnx.a(Asinh.o) (asinhf)
C:\Users\nikol\projects\quectel\development\customer\threadx\tools\LLVM\4.0.3\armv7m-none-eabi\libc\lib/libc.a(atan.o)
		C:\Users\nikol\projects\quectel\development\customer\threadx\workspace\apps\ml/libonnx.a(Atan.o) (atan)
C:\Users\nikol\projects\quectel\development\customer\threadx\tools\LLVM\4.0.3\armv7m-none-eabi\libc\lib/libc.a(atanf.o)
		C:\Users\nikol\projects\quectel\development\customer\threadx\workspace\apps\ml/libonnx.a(Atan.o) (atanf)
C:\Users\nikol\projects\quectel\development\customer\threadx\tools\LLVM\4.0.3\armv7m-none-eabi\libc\lib/libc.a(atanh.o)
		C:\Users\nikol\projects\quectel\development\customer\threadx\workspace\apps\ml/libonnx.a(Atanh.o) (atanh)
C:\Users\nikol\projects\quectel\development\customer\threadx\tools\LLVM\4.0.3\armv7m-none-eabi\libc\lib/libc.a(atanhf.o)
		C:\Users\nikol\projects\quectel\development\customer\threadx\workspace\apps\ml/libonnx.a(Atanh.o) (atanhf)
C:\Users\nikol\projects\quectel\development\customer\threadx\tools\LLVM\4.0.3\armv7m-none-eabi\libc\lib/libc.a(ceil.o)
		C:\Users\nikol\projects\quectel\development\customer\threadx\workspace\apps\ml/libonnx.a(Ceil.o) (ceil)
C:\Users\nikol\projects\quectel\development\customer\threadx\tools\LLVM\4.0.3\armv7m-none-eabi\libc\lib/libc.a(ceilf.o)
		C:\Users\nikol\projects\quectel\development\customer\threadx\workspace\apps\ml/libonnx.a(AveragePool.o) (ceilf)
C:\Users\nikol\projects\quectel\development\customer\threadx\tools\LLVM\4.0.3\armv7m-none-eabi\libc\lib/libc.a(cos.o)
		C:\Users\nikol\projects\quectel\development\customer\threadx\workspace\apps\ml/libonnx.a(RandomNormalLike.o) (cos)
C:\Users\nikol\projects\quectel\development\customer\threadx\tools\LLVM\4.0.3\armv7m-none-eabi\libc\lib/libc.a(cosf.o)
		C:\Users\nikol\projects\quectel\development\customer\threadx\workspace\apps\ml/libonnx.a(RandomNormalLike.o) (cosf)
C:\Users\nikol\projects\quectel\development\customer\threadx\tools\LLVM\4.0.3\armv7m-none-eabi\libc\lib/libc.a(cosh.o)
		C:\Users\nikol\projects\quectel\development\customer\threadx\workspace\apps\ml/libonnx.a(Cosh.o) (cosh)
C:\Users\nikol\projects\quectel\development\customer\threadx\tools\LLVM\4.0.3\armv7m-none-eabi\libc\lib/libc.a(coshf.o)
		C:\Users\nikol\projects\quectel\development\customer\threadx\workspace\apps\ml/libonnx.a(Cosh.o) (coshf)
C:\Users\nikol\projects\quectel\development\customer\threadx\tools\LLVM\4.0.3\armv7m-none-eabi\libc\lib/libc.a(erf.o)
		C:\Users\nikol\projects\quectel\development\customer\threadx\workspace\apps\ml/libonnx.a(Erf.o) (erf)
C:\Users\nikol\projects\quectel\development\customer\threadx\tools\LLVM\4.0.3\armv7m-none-eabi\libc\lib/libc.a(erff.o)
		C:\Users\nikol\projects\quectel\development\customer\threadx\workspace\apps\ml/libonnx.a(Erf.o) (erff)
C:\Users\nikol\projects\quectel\development\customer\threadx\tools\LLVM\4.0.3\armv7m-none-eabi\libc\lib/libc.a(exp.o)
		C:\Users\nikol\projects\quectel\development\customer\threadx\workspace\apps\ml/libonnx.a(ReduceLogSumExp.o) (exp)
C:\Users\nikol\projects\quectel\development\customer\threadx\tools\LLVM\4.0.3\armv7m-none-eabi\libc\lib/libc.a(expf.o)
		C:\Users\nikol\projects\quectel\development\customer\threadx\workspace\apps\ml/libonnx.a(ReduceLogSumExp.o) (expf)
C:\Users\nikol\projects\quectel\development\customer\threadx\tools\LLVM\4.0.3\armv7m-none-eabi\libc\lib/libc.a(expm1.o)
		C:\Users\nikol\projects\quectel\development\customer\threadx\tools\LLVM\4.0.3\armv7m-none-eabi\libc\lib/libc.a(cosh.o) (expm1)
C:\Users\nikol\projects\quectel\development\customer\threadx\tools\LLVM\4.0.3\armv7m-none-eabi\libc\lib/libc.a(expm1f.o)
		C:\Users\nikol\projects\quectel\development\customer\threadx\tools\LLVM\4.0.3\armv7m-none-eabi\libc\lib/libc.a(coshf.o) (expm1f)
C:\Users\nikol\projects\quectel\development\customer\threadx\tools\LLVM\4.0.3\armv7m-none-eabi\libc\lib/libc.a(floor.o)
		C:\Users\nikol\projects\quectel\development\customer\threadx\workspace\apps\ml/libonnx.a(Floor.o) (floor)
C:\Users\nikol\projects\quectel\development\customer\threadx\tools\LLVM\4.0.3\armv7m-none-eabi\libc\lib/libc.a(floorf.o)
		C:\Users\nikol\projects\quectel\development\customer\threadx\workspace\apps\ml/libonnx.a(AveragePool.o) (floorf)
C:\Users\nikol\projects\quectel\development\customer\threadx\tools\LLVM\4.0.3\armv7m-none-eabi\libc\lib/libc.a(fmax.o)
		C:\Users\nikol\projects\quectel\development\customer\threadx\workspace\apps\ml/libonnx.a(Range.o) (fmax)
C:\Users\nikol\projects\quectel\development\customer\threadx\tools\LLVM\4.0.3\armv7m-none-eabi\libc\lib/libc.a(fmaxf.o)
		C:\Users\nikol\projects\quectel\development\customer\threadx\workspace\apps\ml/libonnx.a(GlobalMaxPool.o) (fmaxf)
C:\Users\nikol\projects\quectel\development\customer\threadx\tools\LLVM\4.0.3\armv7m-none-eabi\libc\lib/libc.a(fmod.o)
		C:\Users\nikol\projects\quectel\development\customer\threadx\workspace\apps\ml/libonnx.a(Mod.o) (fmod)
C:\Users\nikol\projects\quectel\development\customer\threadx\tools\LLVM\4.0.3\armv7m-none-eabi\libc\lib/libc.a(fmodf.o)
		C:\Users\nikol\projects\quectel\development\customer\threadx\workspace\apps\ml/libonnx.a(Mod.o) (fmodf)
C:\Users\nikol\projects\quectel\development\customer\threadx\tools\LLVM\4.0.3\armv7m-none-eabi\libc\lib/libc.a(log.o)
		C:\Users\nikol\projects\quectel\development\customer\threadx\workspace\apps\ml/libonnx.a(ReduceLogSumExp.o) (log)
C:\Users\nikol\projects\quectel\development\customer\threadx\tools\LLVM\4.0.3\armv7m-none-eabi\libc\lib/libc.a(log1p.o)
		C:\Users\nikol\projects\quectel\development\customer\threadx\tools\LLVM\4.0.3\armv7m-none-eabi\libc\lib/libc.a(acosh.o) (log1p)
C:\Users\nikol\projects\quectel\development\customer\threadx\tools\LLVM\4.0.3\armv7m-none-eabi\libc\lib/libc.a(log1pf.o)
		C:\Users\nikol\projects\quectel\development\customer\threadx\tools\LLVM\4.0.3\armv7m-none-eabi\libc\lib/libc.a(acoshf.o) (log1pf)
C:\Users\nikol\projects\quectel\development\customer\threadx\tools\LLVM\4.0.3\armv7m-none-eabi\libc\lib/libc.a(logf.o)
		C:\Users\nikol\projects\quectel\development\customer\threadx\workspace\apps\ml/libonnx.a(ReduceLogSumExp.o) (logf)
C:\Users\nikol\projects\quectel\development\customer\threadx\tools\LLVM\4.0.3\armv7m-none-eabi\libc\lib/libc.a(nearbyint.o)
		C:\Users\nikol\projects\quectel\development\customer\threadx\workspace\apps\ml/libonnx.a(Round.o) (nearbyint)
C:\Users\nikol\projects\quectel\development\customer\threadx\tools\LLVM\4.0.3\armv7m-none-eabi\libc\lib/libc.a(pow.o)
		C:\Users\nikol\projects\quectel\development\customer\threadx\workspace\apps\ml/libonnx.a(LRN.o) (pow)
C:\Users\nikol\projects\quectel\development\customer\threadx\tools\LLVM\4.0.3\armv7m-none-eabi\libc\lib/libc.a(powf.o)
		C:\Users\nikol\projects\quectel\development\customer\threadx\workspace\apps\ml/libonnx.a(LRN.o) (powf)
C:\Users\nikol\projects\quectel\development\customer\threadx\tools\LLVM\4.0.3\armv7m-none-eabi\libc\lib/libc.a(rint.o)
		C:\Users\nikol\projects\quectel\development\customer\threadx\tools\LLVM\4.0.3\armv7m-none-eabi\libc\lib/libc.a(nearbyint.o) (rint)
C:\Users\nikol\projects\quectel\development\customer\threadx\tools\LLVM\4.0.3\armv7m-none-eabi\libc\lib/libc.a(rintf.o)
		C:\Users\nikol\projects\quectel\development\customer\threadx\workspace\apps\ml/libonnx.a(Round.o) (rintf)
C:\Users\nikol\projects\quectel\development\customer\threadx\tools\LLVM\4.0.3\armv7m-none-eabi\libc\lib/libc.a(scalbn.o)
		C:\Users\nikol\projects\quectel\development\customer\threadx\tools\LLVM\4.0.3\armv7m-none-eabi\libc\lib/libc.a(exp.o) (scalbn)
C:\Users\nikol\projects\quectel\development\customer\threadx\tools\LLVM\4.0.3\armv7m-none-eabi\libc\lib/libc.a(scalbnf.o)
		C:\Users\nikol\projects\quectel\development\customer\threadx\tools\LLVM\4.0.3\armv7m-none-eabi\libc\lib/libc.a(expf.o) (scalbnf)
C:\Users\nikol\projects\quectel\development\customer\threadx\tools\LLVM\4.0.3\armv7m-none-eabi\libc\lib/libc.a(sin.o)
		C:\Users\nikol\projects\quectel\development\customer\threadx\workspace\apps\ml/libonnx.a(Sin.o) (sin)
C:\Users\nikol\projects\quectel\development\customer\threadx\tools\LLVM\4.0.3\armv7m-none-eabi\libc\lib/libc.a(sinf.o)
		C:\Users\nikol\projects\quectel\development\customer\threadx\workspace\apps\ml/libonnx.a(Sin.o) (sinf)
C:\Users\nikol\projects\quectel\development\customer\threadx\tools\LLVM\4.0.3\armv7m-none-eabi\libc\lib/libc.a(sinh.o)
		C:\Users\nikol\projects\quectel\development\customer\threadx\workspace\apps\ml/libonnx.a(Sinh.o) (sinh)
C:\Users\nikol\projects\quectel\development\customer\threadx\tools\LLVM\4.0.3\armv7m-none-eabi\libc\lib/libc.a(sinhf.o)
		C:\Users\nikol\projects\quectel\development\customer\threadx\workspace\apps\ml/libonnx.a(Sinh.o) (sinhf)
C:\Users\nikol\projects\quectel\development\customer\threadx\tools\LLVM\4.0.3\armv7m-none-eabi\libc\lib/libc.a(tan.o)
		C:\Users\nikol\projects\quectel\development\customer\threadx\workspace\apps\ml/libonnx.a(Tan.o) (tan)
C:\Users\nikol\projects\quectel\development\customer\threadx\tools\LLVM\4.0.3\armv7m-none-eabi\libc\lib/libc.a(tanf.o)
		C:\Users\nikol\projects\quectel\development\customer\threadx\workspace\apps\ml/libonnx.a(Tan.o) (tanf)
C:\Users\nikol\projects\quectel\development\customer\threadx\tools\LLVM\4.0.3\armv7m-none-eabi\libc\lib/libc.a(tanh.o)
		C:\Users\nikol\projects\quectel\development\customer\threadx\workspace\apps\ml/libonnx.a(Tanh.o) (tanh)
C:\Users\nikol\projects\quectel\development\customer\threadx\tools\LLVM\4.0.3\armv7m-none-eabi\libc\lib/libc.a(tanhf.o)
		C:\Users\nikol\projects\quectel\development\customer\threadx\workspace\apps\ml/libonnx.a(Tanh.o) (tanhf)
C:\Users\nikol\projects\quectel\development\customer\threadx\tools\LLVM\4.0.3\armv7m-none-eabi\libc\lib/libc.a(rand.o)
		C:\Users\nikol\projects\quectel\development\customer\threadx\workspace\apps\ml/libonnx.a(Multinomial.o) (srand)
C:\Users\nikol\projects\quectel\development\customer\threadx\tools\LLVM\4.0.3\armv7m-none-eabi\libc\lib/libc.a(fopen.o)
		C:\Users\nikol\projects\quectel\development\customer\threadx\workspace\apps\ml/libonnx.a(onnx.o) (fopen)
C:\Users\nikol\projects\quectel\development\customer\threadx\tools\LLVM\4.0.3\armv7m-none-eabi\libc\lib/libc.a(fclose.o)
		C:\Users\nikol\projects\quectel\development\customer\threadx\workspace\apps\ml/libonnx.a(onnx.o) (fclose)
C:\Users\nikol\projects\quectel\development\customer\threadx\tools\LLVM\4.0.3\armv7m-none-eabi\libc\lib/libc.a(fflush.o)
		C:\Users\nikol\projects\quectel\development\customer\threadx\tools\LLVM\4.0.3\armv7m-none-eabi\libc\lib/libc.a(assert.o) (fflush)
C:\Users\nikol\projects\quectel\development\customer\threadx\tools\LLVM\4.0.3\armv7m-none-eabi\libc\lib/libc.a(fprintf.o)
		C:\Users\nikol\projects\quectel\development\customer\threadx\tools\LLVM\4.0.3\armv7m-none-eabi\libc\lib/libc.a(assert.o) (fprintf)
C:\Users\nikol\projects\quectel\development\customer\threadx\tools\LLVM\4.0.3\armv7m-none-eabi\libc\lib/libc.a(fread.o)
		C:\Users\nikol\projects\quectel\development\customer\threadx\workspace\apps\ml/libonnx.a(onnx.o) (fread)
C:\Users\nikol\projects\quectel\development\customer\threadx\tools\LLVM\4.0.3\armv7m-none-eabi\libc\lib/libc.a(fseek.o)
		C:\Users\nikol\projects\quectel\development\customer\threadx\workspace\apps\ml/libonnx.a(onnx.o) (fseek)
C:\Users\nikol\projects\quectel\development\customer\threadx\tools\LLVM\4.0.3\armv7m-none-eabi\libc\lib/libc.a(ftell.o)
		C:\Users\nikol\projects\quectel\development\customer\threadx\workspace\apps\ml/libonnx.a(onnx.o) (ftell)
C:\Users\nikol\projects\quectel\development\customer\threadx\tools\LLVM\4.0.3\armv7m-none-eabi\libc\lib/libc.a(sprintf.o)
		C:\Users\nikol\projects\quectel\development\customer\threadx\workspace\apps\ml/libonnx.a(Cast.o) (sprintf)
C:\Users\nikol\projects\quectel\development\customer\threadx\tools\LLVM\4.0.3\armv7m-none-eabi\libc\lib/libc.a(stderr.o)
		C:\Users\nikol\projects\quectel\development\customer\threadx\tools\LLVM\4.0.3\armv7m-none-eabi\libc\lib/libc.a(assert.o) (stderr)
C:\Users\nikol\projects\quectel\development\customer\threadx\tools\LLVM\4.0.3\armv7m-none-eabi\libc\lib/libc.a(vsprintf.o)
		C:\Users\nikol\projects\quectel\development\customer\threadx\tools\LLVM\4.0.3\armv7m-none-eabi\libc\lib/libc.a(sprintf.o) (vsprintf)
C:\Users\nikol\projects\quectel\development\customer\threadx\tools\LLVM\4.0.3\armv7m-none-eabi\libc\lib/libc.a(strtod.o)
		C:\Users\nikol\projects\quectel\development\customer\threadx\workspace\apps\ml/libonnx.a(Cast.o) (strtod)
C:\Users\nikol\projects\quectel\development\customer\threadx\tools\LLVM\4.0.3\armv7m-none-eabi\libc\lib/libc.a(strtol.o)
		C:\Users\nikol\projects\quectel\development\customer\threadx\workspace\apps\ml/libonnx.a(Cast.o) (strtoull)
C:\Users\nikol\projects\quectel\development\customer\threadx\tools\LLVM\4.0.3\armv7m-none-eabi\libc\lib/libc.a(memcmp.o)
		C:\Users\nikol\projects\quectel\development\customer\threadx\workspace\apps\ml/libonnx.a(onnx.o) (memcmp)
C:\Users\nikol\projects\quectel\development\customer\threadx\tools\LLVM\4.0.3\armv7m-none-eabi\libc\lib/libc.a(memmove.o)
		C:\Users\nikol\projects\quectel\development\customer\threadx\workspace\apps\ml/libonnx.a(protobuf-c.o) (memmove)
C:\Users\nikol\projects\quectel\development\customer\threadx\tools\LLVM\4.0.3\armv7m-none-eabi\libc\lib/libc.a(strchr.o)
		C:\Users\nikol\projects\quectel\development\customer\threadx\tools\LLVM\4.0.3\armv7m-none-eabi\libc\lib/libc.a(fopen.o) (strchr)
C:\Users\nikol\projects\quectel\development\customer\threadx\tools\LLVM\4.0.3\armv7m-none-eabi\libc\lib/libc.a(strchrnul.o)
		C:\Users\nikol\projects\quectel\development\customer\threadx\tools\LLVM\4.0.3\armv7m-none-eabi\libc\lib/libc.a(strchr.o) (__strchrnul)
C:\Users\nikol\projects\quectel\development\customer\threadx\tools\LLVM\4.0.3\armv7m-none-eabi\libc\lib/libc.a(strcmp.o)
		C:\Users\nikol\projects\quectel\development\customer\threadx\workspace\apps\ml/libonnx.a(onnx.o) (strcmp)
C:\Users\nikol\projects\quectel\development\customer\threadx\tools\LLVM\4.0.3\armv7m-none-eabi\libc\lib/libc.a(strdup.o)
		C:\Users\nikol\projects\quectel\development\customer\threadx\workspace\apps\ml/libonnx.a(onnx.o) (strdup)
C:\Users\nikol\projects\quectel\development\customer\threadx\tools\LLVM\4.0.3\armv7m-none-eabi\libc\lib/libc.a(floatscan.o)
		C:\Users\nikol\projects\quectel\development\customer\threadx\tools\LLVM\4.0.3\armv7m-none-eabi\libc\lib/libc.a(strtod.o) (__floatscan)
C:\Users\nikol\projects\quectel\development\customer\threadx\tools\LLVM\4.0.3\armv7m-none-eabi\libc\lib/libc.a(intscan.o)
		C:\Users\nikol\projects\quectel\development\customer\threadx\tools\LLVM\4.0.3\armv7m-none-eabi\libc\lib/libc.a(strtol.o) (__intscan)
C:\Users\nikol\projects\quectel\development\customer\threadx\tools\LLVM\4.0.3\armv7m-none-eabi\libc\lib/libc.a(shgetc.o)
		C:\Users\nikol\projects\quectel\development\customer\threadx\tools\LLVM\4.0.3\armv7m-none-eabi\libc\lib/libc.a(strtod.o) (__shlim)
C:\Users\nikol\projects\quectel\development\customer\threadx\tools\LLVM\4.0.3\armv7m-none-eabi\libc\lib/libc.a(__cos.o)
		C:\Users\nikol\projects\quectel\development\customer\threadx\tools\LLVM\4.0.3\armv7m-none-eabi\libc\lib/libc.a(cos.o) (__cos)
C:\Users\nikol\projects\quectel\development\customer\threadx\tools\LLVM\4.0.3\armv7m-none-eabi\libc\lib/libc.a(__cosdf.o)
		C:\Users\nikol\projects\quectel\development\customer\threadx\tools\LLVM\4.0.3\armv7m-none-eabi\libc\lib/libc.a(cosf.o) (__cosdf)
C:\Users\nikol\projects\quectel\development\customer\threadx\tools\LLVM\4.0.3\armv7m-none-eabi\libc\lib/libc.a(__expo2.o)
		C:\Users\nikol\projects\quectel\development\customer\threadx\tools\LLVM\4.0.3\armv7m-none-eabi\libc\lib/libc.a(cosh.o) (__expo2)
C:\Users\nikol\projects\quectel\development\customer\threadx\tools\LLVM\4.0.3\armv7m-none-eabi\libc\lib/libc.a(__expo2f.o)
		C:\Users\nikol\projects\quectel\development\customer\threadx\tools\LLVM\4.0.3\armv7m-none-eabi\libc\lib/libc.a(coshf.o) (__expo2f)
C:\Users\nikol\projects\quectel\development\customer\threadx\tools\LLVM\4.0.3\armv7m-none-eabi\libc\lib/libc.a(__rem_pio2.o)
		C:\Users\nikol\projects\quectel\development\customer\threadx\tools\LLVM\4.0.3\armv7m-none-eabi\libc\lib/libc.a(cos.o) (__rem_pio2)
C:\Users\nikol\projects\quectel\development\customer\threadx\tools\LLVM\4.0.3\armv7m-none-eabi\libc\lib/libc.a(__rem_pio2_large.o)
		C:\Users\nikol\projects\quectel\development\customer\threadx\tools\LLVM\4.0.3\armv7m-none-eabi\libc\lib/libc.a(__rem_pio2.o) (__rem_pio2_large)
C:\Users\nikol\projects\quectel\development\customer\threadx\tools\LLVM\4.0.3\armv7m-none-eabi\libc\lib/libc.a(__rem_pio2f.o)
		C:\Users\nikol\projects\quectel\development\customer\threadx\tools\LLVM\4.0.3\armv7m-none-eabi\libc\lib/libc.a(cosf.o) (__rem_pio2f)
C:\Users\nikol\projects\quectel\development\customer\threadx\tools\LLVM\4.0.3\armv7m-none-eabi\libc\lib/libc.a(__sin.o)
		C:\Users\nikol\projects\quectel\development\customer\threadx\tools\LLVM\4.0.3\armv7m-none-eabi\libc\lib/libc.a(cos.o) (__sin)
C:\Users\nikol\projects\quectel\development\customer\threadx\tools\LLVM\4.0.3\armv7m-none-eabi\libc\lib/libc.a(__sindf.o)
		C:\Users\nikol\projects\quectel\development\customer\threadx\tools\LLVM\4.0.3\armv7m-none-eabi\libc\lib/libc.a(cosf.o) (__sindf)
C:\Users\nikol\projects\quectel\development\customer\threadx\tools\LLVM\4.0.3\armv7m-none-eabi\libc\lib/libc.a(__tan.o)
		C:\Users\nikol\projects\quectel\development\customer\threadx\tools\LLVM\4.0.3\armv7m-none-eabi\libc\lib/libc.a(tan.o) (__tan)
C:\Users\nikol\projects\quectel\development\customer\threadx\tools\LLVM\4.0.3\armv7m-none-eabi\libc\lib/libc.a(__tandf.o)
		C:\Users\nikol\projects\quectel\development\customer\threadx\tools\LLVM\4.0.3\armv7m-none-eabi\libc\lib/libc.a(tanf.o) (__tandf)
C:\Users\nikol\projects\quectel\development\customer\threadx\tools\LLVM\4.0.3\armv7m-none-eabi\libc\lib/libc.a(fabs.o)
		C:\Users\nikol\projects\quectel\development\customer\threadx\tools\LLVM\4.0.3\armv7m-none-eabi\libc\lib/libc.a(asin.o) (fabs)
C:\Users\nikol\projects\quectel\development\customer\threadx\tools\LLVM\4.0.3\armv7m-none-eabi\libc\lib/libc.a(fabsf.o)
		C:\Users\nikol\projects\quectel\development\customer\threadx\tools\LLVM\4.0.3\armv7m-none-eabi\libc\lib/libc.a(asinf.o) (fabsf)
C:\Users\nikol\projects\quectel\development\customer\threadx\tools\LLVM\4.0.3\armv7m-none-eabi\libc\lib/libc.a(copysignl.o)
		C:\Users\nikol\projects\quectel\development\customer\threadx\tools\LLVM\4.0.3\armv7m-none-eabi\libc\lib/libc.a(floatscan.o) (copysignl)
C:\Users\nikol\projects\quectel\development\customer\threadx\tools\LLVM\4.0.3\armv7m-none-eabi\libc\lib/libc.a(fmodl.o)
		C:\Users\nikol\projects\quectel\development\customer\threadx\tools\LLVM\4.0.3\armv7m-none-eabi\libc\lib/libc.a(floatscan.o) (fmodl)
C:\Users\nikol\projects\quectel\development\customer\threadx\tools\LLVM\4.0.3\armv7m-none-eabi\libc\lib/libc.a(scalbnl.o)
		C:\Users\nikol\projects\quectel\development\customer\threadx\tools\LLVM\4.0.3\armv7m-none-eabi\libc\lib/libc.a(floatscan.o) (scalbnl)
C:\Users\nikol\projects\quectel\development\customer\threadx\tools\LLVM\4.0.3\armv7m-none-eabi\libc\lib/libc.a(__toread.o)
		C:\Users\nikol\projects\quectel\development\customer\threadx\tools\LLVM\4.0.3\armv7m-none-eabi\libc\lib/libc.a(fread.o) (__toread)
C:\Users\nikol\projects\quectel\development\customer\threadx\tools\LLVM\4.0.3\armv7m-none-eabi\libc\lib/libc.a(__uflow.o)
		C:\Users\nikol\projects\quectel\development\customer\threadx\tools\LLVM\4.0.3\armv7m-none-eabi\libc\lib/libc.a(shgetc.o) (__uflow)
C:\Users\nikol\projects\quectel\development\customer\threadx\tools\LLVM\4.0.3\armv7m-none-eabi\libc\lib/libc.a(__fdopen.o)
		C:\Users\nikol\projects\quectel\development\customer\threadx\tools\LLVM\4.0.3\armv7m-none-eabi\libc\lib/libc.a(fopen.o) (__fdopen)
C:\Users\nikol\projects\quectel\development\customer\threadx\tools\LLVM\4.0.3\armv7m-none-eabi\libc\lib/libc.a(__fmodeflags.o)
		C:\Users\nikol\projects\quectel\development\customer\threadx\tools\LLVM\4.0.3\armv7m-none-eabi\libc\lib/libc.a(fopen.o) (__fmodeflags)
C:\Users\nikol\projects\quectel\development\customer\threadx\tools\LLVM\4.0.3\armv7m-none-eabi\libc\lib/libc.a(__stdio_close.o)
		C:\Users\nikol\projects\quectel\development\customer\threadx\tools\LLVM\4.0.3\armv7m-none-eabi\libc\lib/libc.a(stderr.o) (__stdio_close)
C:\Users\nikol\projects\quectel\development\customer\threadx\tools\LLVM\4.0.3\armv7m-none-eabi\libc\lib/libc.a(__stdio_read.o)
		C:\Users\nikol\projects\quectel\development\customer\threadx\tools\LLVM\4.0.3\armv7m-none-eabi\libc\lib/libc.a(__fdopen.o) (__stdio_read)
C:\Users\nikol\projects\quectel\development\customer\threadx\tools\LLVM\4.0.3\armv7m-none-eabi\libc\lib/libc.a(__stdio_seek.o)
		C:\Users\nikol\projects\quectel\development\customer\threadx\tools\LLVM\4.0.3\armv7m-none-eabi\libc\lib/libc.a(stderr.o) (__stdio_seek)
C:\Users\nikol\projects\quectel\development\customer\threadx\tools\LLVM\4.0.3\armv7m-none-eabi\libc\lib/libc.a(__stdio_write.o)
		C:\Users\nikol\projects\quectel\development\customer\threadx\tools\LLVM\4.0.3\armv7m-none-eabi\libc\lib/libc.a(stderr.o) (__stdio_write)
C:\Users\nikol\projects\quectel\development\customer\threadx\tools\LLVM\4.0.3\armv7m-none-eabi\libc\lib/libc.a(ofl_add.o)
		C:\Users\nikol\projects\quectel\development\customer\threadx\tools\LLVM\4.0.3\armv7m-none-eabi\libc\lib/libc.a(__fdopen.o) (__ofl_add)
C:\Users\nikol\projects\quectel\development\customer\threadx\tools\LLVM\4.0.3\armv7m-none-eabi\libc\lib/libc.a(libc.o)
		C:\Users\nikol\projects\quectel\development\customer\threadx\tools\LLVM\4.0.3\armv7m-none-eabi\libc\lib/libc.a(__fdopen.o) (__libc)
C:\Users\nikol\projects\quectel\development\customer\threadx\tools\LLVM\4.0.3\armv7m-none-eabi\libc\lib/libc.a(copysign.o)
		C:\Users\nikol\projects\quectel\development\customer\threadx\tools\LLVM\4.0.3\armv7m-none-eabi\libc\lib/libc.a(copysignl.o) (copysign)
C:\Users\nikol\projects\quectel\development\customer\threadx\tools\LLVM\4.0.3\lib\clang\4.0.3\lib\baremetal/libclang_rt.builtins-armv7m.a(aeabi_dcmp.S.obj)
		C:\Users\nikol\projects\quectel\development\customer\threadx\workspace\apps\ml/libonnx.a(LogSoftmax.o) (__aeabi_dcmpeq)
C:\Users\nikol\projects\quectel\development\customer\threadx\tools\LLVM\4.0.3\lib\clang\4.0.3\lib\baremetal/libclang_rt.builtins-armv7m.a(aeabi_fcmp.S.obj)
		C:\Users\nikol\projects\quectel\development\customer\threadx\workspace\apps\ml/libonnx.a(Multinomial.o) (__aeabi_fcmpeq)
C:\Users\nikol\projects\quectel\development\customer\threadx\tools\LLVM\4.0.3\lib\clang\4.0.3\lib\baremetal/libclang_rt.builtins-armv7m.a(aeabi_idivmod.S.obj)
		C:\Users\nikol\projects\quectel\development\customer\threadx\workspace\apps\ml/libonnx.a(Sub.o) (__aeabi_idivmod)
C:\Users\nikol\projects\quectel\development\customer\threadx\tools\LLVM\4.0.3\lib\clang\4.0.3\lib\baremetal/libclang_rt.builtins-armv7m.a(aeabi_ldivmod.S.obj)
		C:\Users\nikol\projects\quectel\development\customer\threadx\workspace\apps\ml/libonnx.a(ReduceMean.o) (__aeabi_ldivmod)
C:\Users\nikol\projects\quectel\development\customer\threadx\tools\LLVM\4.0.3\lib\clang\4.0.3\lib\baremetal/libclang_rt.builtins-armv7m.a(aeabi_uidivmod.S.obj)
		C:\Users\nikol\projects\quectel\development\customer\threadx\workspace\apps\ml/libonnx.a(onnx.o) (__aeabi_uidivmod)
C:\Users\nikol\projects\quectel\development\customer\threadx\tools\LLVM\4.0.3\lib\clang\4.0.3\lib\baremetal/libclang_rt.builtins-armv7m.a(aeabi_uldivmod.S.obj)
		C:\Users\nikol\projects\quectel\development\customer\threadx\tools\LLVM\4.0.3\armv7m-none-eabi\libc\lib/libc.a(vfprintf.o) (__aeabi_uldivmod)
C:\Users\nikol\projects\quectel\development\customer\threadx\tools\LLVM\4.0.3\lib\clang\4.0.3\lib\baremetal/libclang_rt.builtins-armv7m.a(adddf3.c.obj)
		C:\Users\nikol\projects\quectel\development\customer\threadx\workspace\apps\ml/libonnx.a(LRN.o) (__aeabi_dadd)
C:\Users\nikol\projects\quectel\development\customer\threadx\tools\LLVM\4.0.3\lib\clang\4.0.3\lib\baremetal/libclang_rt.builtins-armv7m.a(addsf3.c.obj)
		C:\Users\nikol\projects\quectel\development\customer\threadx\workspace\apps\ml/libonnx.a(LRN.o) (__aeabi_fadd)
C:\Users\nikol\projects\quectel\development\customer\threadx\tools\LLVM\4.0.3\lib\clang\4.0.3\lib\baremetal/libclang_rt.builtins-armv7m.a(comparedf2.c.obj)
		C:\Users\nikol\projects\quectel\development\customer\threadx\tools\LLVM\4.0.3\lib\clang\4.0.3\lib\baremetal/libclang_rt.builtins-armv7m.a(aeabi_dcmp.S.obj) (__eqdf2)
C:\Users\nikol\projects\quectel\development\customer\threadx\tools\LLVM\4.0.3\lib\clang\4.0.3\lib\baremetal/libclang_rt.builtins-armv7m.a(comparesf2.c.obj)
		C:\Users\nikol\projects\quectel\development\customer\threadx\tools\LLVM\4.0.3\lib\clang\4.0.3\lib\baremetal/libclang_rt.builtins-armv7m.a(aeabi_fcmp.S.obj) (__eqsf2)
C:\Users\nikol\projects\quectel\development\customer\threadx\tools\LLVM\4.0.3\lib\clang\4.0.3\lib\baremetal/libclang_rt.builtins-armv7m.a(divdf3.c.obj)
		C:\Users\nikol\projects\quectel\development\customer\threadx\workspace\apps\ml/libonnx.a(Multinomial.o) (__aeabi_ddiv)
C:\Users\nikol\projects\quectel\development\customer\threadx\tools\LLVM\4.0.3\lib\clang\4.0.3\lib\baremetal/libclang_rt.builtins-armv7m.a(divmoddi4.c.obj)
		C:\Users\nikol\projects\quectel\development\customer\threadx\tools\LLVM\4.0.3\lib\clang\4.0.3\lib\baremetal/libclang_rt.builtins-armv7m.a(aeabi_ldivmod.S.obj) (__divmoddi4)
C:\Users\nikol\projects\quectel\development\customer\threadx\tools\LLVM\4.0.3\lib\clang\4.0.3\lib\baremetal/libclang_rt.builtins-armv7m.a(divmodsi4.c.obj)
		C:\Users\nikol\projects\quectel\development\customer\threadx\tools\LLVM\4.0.3\lib\clang\4.0.3\lib\baremetal/libclang_rt.builtins-armv7m.a(aeabi_idivmod.S.obj) (__divmodsi4)
C:\Users\nikol\projects\quectel\development\customer\threadx\tools\LLVM\4.0.3\lib\clang\4.0.3\lib\baremetal/libclang_rt.builtins-armv7m.a(divsf3.c.obj)
		C:\Users\nikol\projects\quectel\development\customer\threadx\workspace\apps\ml/libonnx.a(LRN.o) (__aeabi_fdiv)
C:\Users\nikol\projects\quectel\development\customer\threadx\tools\LLVM\4.0.3\lib\clang\4.0.3\lib\baremetal/libclang_rt.builtins-armv7m.a(divsi3.c.obj)
		C:\Users\nikol\projects\quectel\development\customer\threadx\workspace\apps\ml/libonnx.a(Div.o) (__aeabi_idiv)
C:\Users\nikol\projects\quectel\development\customer\threadx\tools\LLVM\4.0.3\lib\clang\4.0.3\lib\baremetal/libclang_rt.builtins-armv7m.a(extendsfdf2.c.obj)
		C:\Users\nikol\projects\quectel\development\customer\threadx\workspace\apps\ml/libonnx.a(onnx.o) (__aeabi_f2d)
C:\Users\nikol\projects\quectel\development\customer\threadx\tools\LLVM\4.0.3\lib\clang\4.0.3\lib\baremetal/libclang_rt.builtins-armv7m.a(fixdfdi.c.obj)
		C:\Users\nikol\projects\quectel\development\customer\threadx\workspace\apps\ml/libonnx.a(Range.o) (__aeabi_d2lz)
C:\Users\nikol\projects\quectel\development\customer\threadx\tools\LLVM\4.0.3\lib\clang\4.0.3\lib\baremetal/libclang_rt.builtins-armv7m.a(fixdfsi.c.obj)
		C:\Users\nikol\projects\quectel\development\customer\threadx\workspace\apps\ml/libonnx.a(Range.o) (__aeabi_d2iz)
C:\Users\nikol\projects\quectel\development\customer\threadx\tools\LLVM\4.0.3\lib\clang\4.0.3\lib\baremetal/libclang_rt.builtins-armv7m.a(fixsfdi.c.obj)
		C:\Users\nikol\projects\quectel\development\customer\threadx\workspace\apps\ml/libonnx.a(ReduceL2.o) (__aeabi_f2lz)
C:\Users\nikol\projects\quectel\development\customer\threadx\tools\LLVM\4.0.3\lib\clang\4.0.3\lib\baremetal/libclang_rt.builtins-armv7m.a(fixsfsi.c.obj)
		C:\Users\nikol\projects\quectel\development\customer\threadx\workspace\apps\ml/libonnx.a(ReduceL2.o) (__aeabi_f2iz)
C:\Users\nikol\projects\quectel\development\customer\threadx\tools\LLVM\4.0.3\lib\clang\4.0.3\lib\baremetal/libclang_rt.builtins-armv7m.a(fixunsdfdi.c.obj)
		C:\Users\nikol\projects\quectel\development\customer\threadx\workspace\apps\ml/libonnx.a(Erf.o) (__aeabi_d2ulz)
C:\Users\nikol\projects\quectel\development\customer\threadx\tools\LLVM\4.0.3\lib\clang\4.0.3\lib\baremetal/libclang_rt.builtins-armv7m.a(fixunsdfsi.c.obj)
		C:\Users\nikol\projects\quectel\development\customer\threadx\workspace\apps\ml/libonnx.a(Cast.o) (__aeabi_d2uiz)
C:\Users\nikol\projects\quectel\development\customer\threadx\tools\LLVM\4.0.3\lib\clang\4.0.3\lib\baremetal/libclang_rt.builtins-armv7m.a(fixunssfdi.c.obj)
		C:\Users\nikol\projects\quectel\development\customer\threadx\workspace\apps\ml/libonnx.a(ReduceL2.o) (__aeabi_f2ulz)
C:\Users\nikol\projects\quectel\development\customer\threadx\tools\LLVM\4.0.3\lib\clang\4.0.3\lib\baremetal/libclang_rt.builtins-armv7m.a(fixunssfsi.c.obj)
		C:\Users\nikol\projects\quectel\development\customer\threadx\workspace\apps\ml/libonnx.a(Multinomial.o) (__aeabi_f2uiz)
C:\Users\nikol\projects\quectel\development\customer\threadx\tools\LLVM\4.0.3\lib\clang\4.0.3\lib\baremetal/libclang_rt.builtins-armv7m.a(floatdidf.c.obj)
		C:\Users\nikol\projects\quectel\development\customer\threadx\workspace\apps\ml/libonnx.a(Range.o) (__aeabi_l2d)
C:\Users\nikol\projects\quectel\development\customer\threadx\tools\LLVM\4.0.3\lib\clang\4.0.3\lib\baremetal/libclang_rt.builtins-armv7m.a(floatdisf.c.obj)
		C:\Users\nikol\projects\quectel\development\customer\threadx\workspace\apps\ml/libonnx.a(ReduceL2.o) (__aeabi_l2f)
C:\Users\nikol\projects\quectel\development\customer\threadx\tools\LLVM\4.0.3\lib\clang\4.0.3\lib\baremetal/libclang_rt.builtins-armv7m.a(floatsidf.c.obj)
		C:\Users\nikol\projects\quectel\development\customer\threadx\workspace\apps\ml/libonnx.a(Multinomial.o) (__aeabi_i2d)
C:\Users\nikol\projects\quectel\development\customer\threadx\tools\LLVM\4.0.3\lib\clang\4.0.3\lib\baremetal/libclang_rt.builtins-armv7m.a(floatsisf.c.obj)
		C:\Users\nikol\projects\quectel\development\customer\threadx\workspace\apps\ml/libonnx.a(LRN.o) (__aeabi_i2f)
C:\Users\nikol\projects\quectel\development\customer\threadx\tools\LLVM\4.0.3\lib\clang\4.0.3\lib\baremetal/libclang_rt.builtins-armv7m.a(floatundidf.c.obj)
		C:\Users\nikol\projects\quectel\development\customer\threadx\workspace\apps\ml/libonnx.a(Range.o) (__aeabi_ul2d)
C:\Users\nikol\projects\quectel\development\customer\threadx\tools\LLVM\4.0.3\lib\clang\4.0.3\lib\baremetal/libclang_rt.builtins-armv7m.a(floatundisf.c.obj)
		C:\Users\nikol\projects\quectel\development\customer\threadx\workspace\apps\ml/libonnx.a(ReduceL2.o) (__aeabi_ul2f)
C:\Users\nikol\projects\quectel\development\customer\threadx\tools\LLVM\4.0.3\lib\clang\4.0.3\lib\baremetal/libclang_rt.builtins-armv7m.a(floatunsidf.c.obj)
		C:\Users\nikol\projects\quectel\development\customer\threadx\workspace\apps\ml/libonnx.a(Range.o) (__aeabi_ui2d)
C:\Users\nikol\projects\quectel\development\customer\threadx\tools\LLVM\4.0.3\lib\clang\4.0.3\lib\baremetal/libclang_rt.builtins-armv7m.a(floatunsisf.c.obj)
		C:\Users\nikol\projects\quectel\development\customer\threadx\workspace\apps\ml/libonnx.a(ReduceL2.o) (__aeabi_ui2f)
C:\Users\nikol\projects\quectel\development\customer\threadx\tools\LLVM\4.0.3\lib\clang\4.0.3\lib\baremetal/libclang_rt.builtins-armv7m.a(muldf3.c.obj)
		C:\Users\nikol\projects\quectel\development\customer\threadx\workspace\apps\ml/libonnx.a(LRN.o) (__aeabi_dmul)
C:\Users\nikol\projects\quectel\development\customer\threadx\tools\LLVM\4.0.3\lib\clang\4.0.3\lib\baremetal/libclang_rt.builtins-armv7m.a(mulsf3.c.obj)
		C:\Users\nikol\projects\quectel\development\customer\threadx\workspace\apps\ml/libonnx.a(LRN.o) (__aeabi_fmul)
C:\Users\nikol\projects\quectel\development\customer\threadx\tools\LLVM\4.0.3\lib\clang\4.0.3\lib\baremetal/libclang_rt.builtins-armv7m.a(subdf3.c.obj)
[...]
.debug_str	0xcd217	0x13	../../../Quectel_BG96_QuecOpen_SDK_Package_V3.0.1-AUS/SDK/libs/llvm\txm_lib.lib(txm_module_callback_request_thread_entry.o)	#SHT_PROGBITS,SHF_MERGE|SHF_STRINGS,1
	0x1a66		
.debug_str	0xcd22a	0x1d	../../../Quectel_BG96_QuecOpen_SDK_Package_V3.0.1-AUS/SDK/libs/llvm\txm_lib.lib(txm_module_callback_request_thread_entry.o)	#SHT_PROGBITS,SHF_MERGE|SHF_STRINGS,1
	0x1a79		
.debug_str	0xcd247	0x1d	../../../Quectel_BG96_QuecOpen_SDK_Package_V3.0.1-AUS/SDK/libs/llvm\txm_lib.lib(txm_module_callback_request_thread_entry.o)	#SHT_PROGBITS,SHF_MERGE|SHF_STRINGS,1
	0x1a96		
.debug_str	0xcd264	0x1a	../../../Quectel_BG96_QuecOpen_SDK_Package_V3.0.1-AUS/SDK/libs/llvm\txm_lib.lib(txm_module_callback_request_thread_entry.o)	#SHT_PROGBITS,SHF_MERGE|SHF_STRINGS,1
	0x1ab3		
.debug_str	0xcd27e	0x1e	../../../Quectel_BG96_QuecOpen_SDK_Package_V3.0.1-AUS/SDK/libs/llvm\txm_lib.lib(txm_module_callback_request_thread_entry.o)	#SHT_PROGBITS,SHF_MERGE|SHF_STRINGS,1
	0x1acd		
.debug_str	0xcd29c	0x14	../../../Quectel_BG96_QuecOpen_SDK_Package_V3.0.1-AUS/SDK/libs/llvm\txm_lib.lib(txm_module_callback_request_thread_entry.o)	#SHT_PROGBITS,SHF_MERGE|SHF_STRINGS,1
	0x1aeb		
.debug_str	0xcd2b0	0xd	../../../Quectel_BG96_QuecOpen_SDK_Package_V3.0.1-AUS/SDK/libs/llvm\txm_lib.lib(txm_module_callback_request_thread_entry.o)	#SHT_PROGBITS,SHF_MERGE|SHF_STRINGS,1
	0x1aff		
.debug_str	0xcd2bd	0x18	../../../Quectel_BG96_QuecOpen_SDK_Package_V3.0.1-AUS/SDK/libs/llvm\txm_lib.lib(txm_module_callback_request_thread_entry.o)	#SHT_PROGBITS,SHF_MERGE|SHF_STRINGS,1
	0x1b0c		
.debug_str	0xcd2d5	0x2a	../../../Quectel_BG96_QuecOpen_SDK_Package_V3.0.1-AUS/SDK/libs/llvm\txm_lib.lib(txm_module_callback_request_thread_entry.o)	#SHT_PROGBITS,SHF_MERGE|SHF_STRINGS,1
	0x1b24		
.debug_str	0xcd2ff	0x3	../../../Quectel_BG96_QuecOpen_SDK_Package_V3.0.1-AUS/SDK/libs/llvm\txm_lib.lib(txm_module_callback_request_thread_entry.o)	#SHT_PROGBITS,SHF_MERGE|SHF_STRINGS,1
	0x1b4e		
.debug_str	0xcd302	0x7	../../../Quectel_BG96_QuecOpen_SDK_Package_V3.0.1-AUS/SDK/libs/llvm\txm_lib.lib(txm_module_callback_request_thread_entry.o)	#SHT_PROGBITS,SHF_MERGE|SHF_STRINGS,1
	0x1b51		
.debug_str	0xcd309	0xf	../../../Quectel_BG96_QuecOpen_SDK_Package_V3.0.1-AUS/SDK/libs/llvm\txm_lib.lib(txm_module_callback_request_thread_entry.o)	#SHT_PROGBITS,SHF_MERGE|SHF_STRINGS,1
	0x1b58		
.debug_str	0xcd318	0x19	../../../Quectel_BG96_QuecOpen_SDK_Package_V3.0.1-AUS/SDK/libs/llvm\txm_lib.lib(txm_module_callback_request_thread_entry.o)	#SHT_PROGBITS,SHF_MERGE|SHF_STRINGS,1
	0x1b67		
.debug_str	0xcd331	0x12	../../../Quectel_BG96_QuecOpen_SDK_Package_V3.0.1-AUS/SDK/libs/llvm\txm_lib.lib(txm_module_callback_request_thread_entry.o)	#SHT_PROGBITS,SHF_MERGE|SHF_STRINGS,1
	0x1b80		
.debug_str	0xcd343	0xe	../../../Quectel_BG96_QuecOpen_SDK_Package_V3.0.1-AUS/SDK/libs/llvm\txm_lib.lib(txm_module_callback_request_thread_entry.o)	#SHT_PROGBITS,SHF_MERGE|SHF_STRINGS,1
	0x1b92		
.debug_str	0xcd351	0xf	../../../Quectel_BG96_QuecOpen_SDK_Package_V3.0.1-AUS/SDK/libs/llvm\txm_lib.lib(txm_module_callback_request_thread_entry.o)	#SHT_PROGBITS,SHF_MERGE|SHF_STRINGS,1
	0x1ba0		
.debug_str	0xcd360	0x11	../../../Quectel_BG96_QuecOpen_SDK_Package_V3.0.1-AUS/SDK/libs/llvm\txm_lib.lib(txm_module_callback_request_thread_entry.o)	#SHT_PROGBITS,SHF_MERGE|SHF_STRINGS,1
	0x1baf		
.debug_str	0xcd371	0x24	../../../Quectel_BG96_QuecOpen_SDK_Package_V3.0.1-AUS/SDK/libs/llvm\txm_lib.lib(txm_module_callback_request_thread_entry.o)	#SHT_PROGBITS,SHF_MERGE|SHF_STRINGS,1
	0x1bc0		
.debug_str	0xcd395	0x1a	../../../Quectel_BG96_QuecOpen_SDK_Package_V3.0.1-AUS/SDK/libs/llvm\txm_lib.lib(txm_module_callback_request_thread_entry.o)	#SHT_PROGBITS,SHF_MERGE|SHF_STRINGS,1
	0x1be4		
.debug_str	0xcd3af	0x22	../../../Quectel_BG96_QuecOpen_SDK_Package_V3.0.1-AUS/SDK/libs/llvm\txm_lib.lib(txm_module_callback_request_thread_entry.o)	#SHT_PROGBITS,SHF_MERGE|SHF_STRINGS,1
	0x1bfe		
.debug_str	0xcd3d1	0x1e	../../../Quectel_BG96_QuecOpen_SDK_Package_V3.0.1-AUS/SDK/libs/llvm\txm_lib.lib(txm_module_callback_request_thread_entry.o)	#SHT_PROGBITS,SHF_MERGE|SHF_STRINGS,1
	0x1c20		
.debug_str	0xcd3ef	0x25	../../../Quectel_BG96_QuecOpen_SDK_Package_V3.0.1-AUS/SDK/libs/llvm\txm_lib.lib(txm_module_callback_request_thread_entry.o)	#SHT_PROGBITS,SHF_MERGE|SHF_STRINGS,1
	0x1c3e		
.debug_str	0xcd414	0x24	../../../Quectel_BG96_QuecOpen_SDK_Package_V3.0.1-AUS/SDK/libs/llvm\txm_lib.lib(txm_module_callback_request_thread_entry.o)	#SHT_PROGBITS,SHF_MERGE|SHF_STRINGS,1
	0x1c63		
.debug_str	0xcd438	0x22	../../../Quectel_BG96_QuecOpen_SDK_Package_V3.0.1-AUS/SDK/libs/llvm\txm_lib.lib(txm_module_callback_request_thread_entry.o)	#SHT_PROGBITS,SHF_MERGE|SHF_STRINGS,1
	0x1c87		
.debug_str	0xcd45a	0x29	../../../Quectel_BG96_QuecOpen_SDK_Package_V3.0.1-AUS/SDK/libs/llvm\txm_lib.lib(txm_module_callback_request_thread_entry.o)	#SHT_PROGBITS,SHF_MERGE|SHF_STRINGS,1
	0x1ca9		
.debug_str	0xcd483	0x19	../../../Quectel_BG96_QuecOpen_SDK_Package_V3.0.1-AUS/SDK/libs/llvm\txm_lib.lib(txm_module_callback_request_thread_entry.o)	#SHT_PROGBITS,SHF_MERGE|SHF_STRINGS,1
	0x1cd2		
.debug_str	0xcd49c	0x1f	../../../Quectel_BG96_QuecOpen_SDK_Package_V3.0.1-AUS/SDK/libs/llvm\txm_lib.lib(txm_module_callback_request_thread_entry.o)	#SHT_PROGBITS,SHF_MERGE|SHF_STRINGS,1
	0x1ceb		
.debug_str	0xcd4bb	0x17	../../../Quectel_BG96_QuecOpen_SDK_Package_V3.0.1-AUS/SDK/libs/llvm\txm_lib.lib(txm_module_callback_request_thread_entry.o)	#SHT_PROGBITS,SHF_MERGE|SHF_STRINGS,1
	0x1d0a		
.debug_str	0xcd4d2	0x1c	../../../Quectel_BG96_QuecOpen_SDK_Package_V3.0.1-AUS/SDK/libs/llvm\txm_lib.lib(txm_module_callback_request_thread_entry.o)	#SHT_PROGBITS,SHF_MERGE|SHF_STRINGS,1
	0x1d21		
.debug_str	0xcd4ee	0x1c	../../../Quectel_BG96_QuecOpen_SDK_Package_V3.0.1-AUS/SDK/libs/llvm\txm_lib.lib(txm_module_callback_request_thread_entry.o)	#SHT_PROGBITS,SHF_MERGE|SHF_STRINGS,1
	0x1d3d		
.debug_str	0xcd50a	0x19	../../../Quectel_BG96_QuecOpen_SDK_Package_V3.0.1-AUS/SDK/libs/llvm\txm_lib.lib(txm_module_callback_request_thread_entry.o)	#SHT_PROGBITS,SHF_MERGE|SHF_STRINGS,1
	0x1d59		
.debug_str	0xcd523	0x1d	../../../Quectel_BG96_QuecOpen_SDK_Package_V3.0.1-AUS/SDK/libs/llvm\txm_lib.lib(txm_module_callback_request_thread_entry.o)	#SHT_PROGBITS,SHF_MERGE|SHF_STRINGS,1
	0x1d72		
.debug_str	0xcd540	0x21	../../../Quectel_BG96_QuecOpen_SDK_Package_V3.0.1-AUS/SDK/libs/llvm\txm_lib.lib(txm_module_callback_request_thread_entry.o)	#SHT_PROGBITS,SHF_MERGE|SHF_STRINGS,1
	0x1d8f		
.debug_str	0xcd561	0x25	../../../Quectel_BG96_QuecOpen_SDK_Package_V3.0.1-AUS/SDK/libs/llvm\txm_lib.lib(txm_module_callback_request_thread_entry.o)	#SHT_PROGBITS,SHF_MERGE|SHF_STRINGS,1
	0x1db0		
.debug_str	0xcd586	0x1c	../../../Quectel_BG96_QuecOpen_SDK_Package_V3.0.1-AUS/SDK/libs/llvm\txm_lib.lib(txm_module_callback_request_thread_entry.o)	#SHT_PROGBITS,SHF_MERGE|SHF_STRINGS,1
	0x1dd5		
.debug_str	0xcd5a2	0x1c	../../../Quectel_BG96_QuecOpen_SDK_Package_V3.0.1-AUS/SDK/libs/llvm\txm_lib.lib(txm_module_callback_request_thread_entry.o)	#SHT_PROGBITS,SHF_MERGE|SHF_STRINGS,1
	0x1df1		
.debug_str	0xcd5be	0x1c	../../../Quectel_BG96_QuecOpen_SDK_Package_V3.0.1-AUS/SDK/libs/llvm\txm_lib.lib(txm_module_callback_request_thread_entry.o)	#SHT_PROGBITS,SHF_MERGE|SHF_STRINGS,1
	0x1e0d		
.debug_str	0xcd5da	0x1c	../../../Quectel_BG96_QuecOpen_SDK_Package_V3.0.1-AUS/SDK/libs/llvm\txm_lib.lib(txm_module_callback_request_thread_entry.o)	#SHT_PROGBITS,SHF_MERGE|SHF_STRINGS,1
	0x1e29		
.debug_str	0xcd5f6	0x1c	../../../Quectel_BG96_QuecOpen_SDK_Package_V3.0.1-AUS/SDK/libs/llvm\txm_lib.lib(txm_module_callback_request_thread_entry.o)	#SHT_PROGBITS,SHF_MERGE|SHF_STRINGS,1
	0x1e45		
.debug_str	0xcd612	0x1c	../../../Quectel_BG96_QuecOpen_SDK_Package_V3.0.1-AUS/SDK/libs/llvm\txm_lib.lib(txm_module_callback_request_thread_entry.o)	#SHT_PROGBITS,SHF_MERGE|SHF_STRINGS,1
	0x1e61		
.debug_str	0xcd62e	0x1b	../../../Quectel_BG96_QuecOpen_SDK_Package_V3.0.1-AUS/SDK/libs/llvm\txm_lib.lib(txm_module_callback_request_thread_entry.o)	#SHT_PROGBITS,SHF_MERGE|SHF_STRINGS,1
	0x1e7d		
.debug_str	0xcd649	0x14	../../../Quectel_BG96_QuecOpen_SDK_Package_V3.0.1-AUS/SDK/libs/llvm\txm_lib.lib(txm_module_callback_request_thread_entry.o)	#SHT_PROGBITS,SHF_MERGE|SHF_STRINGS,1
	0x1e98		
.debug_str	0xcd65d	0x30	../../../Quectel_BG96_QuecOpen_SDK_Package_V3.0.1-AUS/SDK/libs/llvm\txm_lib.lib(txm_module_callback_request_thread_entry.o)	#SHT_PROGBITS,SHF_MERGE|SHF_STRINGS,1
	0x1eac		
.debug_str	0xcd68d	0x23	../../../Quectel_BG96_QuecOpen_SDK_Package_V3.0.1-AUS/SDK/libs/llvm\txm_lib.lib(txm_module_callback_request_thread_entry.o)	#SHT_PROGBITS,SHF_MERGE|SHF_STRINGS,1
	0x1edc		
.debug_str	0xcd6b0	0x23	../../../Quectel_BG96_QuecOpen_SDK_Package_V3.0.1-AUS/SDK/libs/llvm\txm_lib.lib(txm_module_callback_request_thread_entry.o)	#SHT_PROGBITS,SHF_MERGE|SHF_STRINGS,1
	0x1eff		
.debug_str	0xcd6d3	0x20	../../../Quectel_BG96_QuecOpen_SDK_Package_V3.0.1-AUS/SDK/libs/llvm\txm_lib.lib(txm_module_callback_request_thread_entry.o)	#SHT_PROGBITS,SHF_MERGE|SHF_STRINGS,1
	0x1f22		
.debug_str	0xcd6f3	0x29	../../../Quectel_BG96_QuecOpen_SDK_Package_V3.0.1-AUS/SDK/libs/llvm\txm_lib.lib(txm_module_callback_request_thread_entry.o)	#SHT_PROGBITS,SHF_MERGE|SHF_STRINGS,1
	0x1f42		
.debug_str	0xcd71c	0x25	../../../Quectel_BG96_QuecOpen_SDK_Package_V3.0.1-AUS/SDK/libs/llvm\txm_lib.lib(txm_module_callback_request_thread_entry.o)	#SHT_PROGBITS,SHF_MERGE|SHF_STRINGS,1
	0x1f6b		
.debug_str	0xcd741	0x25	../../../Quectel_BG96_QuecOpen_SDK_Package_V3.0.1-AUS/SDK/libs/llvm\txm_lib.lib(txm_module_callback_request_thread_entry.o)	#SHT_PROGBITS,SHF_MERGE|SHF_STRINGS,1
	0x1f90		
.debug_str	0xcd766	0x28	../../../Quectel_BG96_QuecOpen_SDK_Package_V3.0.1-AUS/SDK/libs/llvm\txm_lib.lib(txm_module_callback_request_thread_entry.o)	#SHT_PROGBITS,SHF_MERGE|SHF_STRINGS,1
	0x1fb5		
.debug_str	0xcd78e	0x2c	../../../Quectel_BG96_QuecOpen_SDK_Package_V3.0.1-AUS/SDK/libs/llvm\txm_lib.lib(txm_module_callback_request_thread_entry.o)	#SHT_PROGBITS,SHF_MERGE|SHF_STRINGS,1
	0x1fdd		
.debug_str	0xcd7ba	0x23	../../../Quectel_BG96_QuecOpen_SDK_Package_V3.0.1-AUS/SDK/libs/llvm\txm_lib.lib(txm_module_callback_request_thread_entry.o)	#SHT_PROGBITS,SHF_MERGE|SHF_STRINGS,1
	0x2009		
.debug_str	0xcd7dd	0x23	../../../Quectel_BG96_QuecOpen_SDK_Package_V3.0.1-AUS/SDK/libs/llvm\txm_lib.lib(txm_module_callback_request_thread_entry.o)	#SHT_PROGBITS,SHF_MERGE|SHF_STRINGS,1
	0x202c		
.debug_str	0xcd800	0x23	../../../Quectel_BG96_QuecOpen_SDK_Package_V3.0.1-AUS/SDK/libs/llvm\txm_lib.lib(txm_module_callback_request_thread_entry.o)	#SHT_PROGBITS,SHF_MERGE|SHF_STRINGS,1
	0x204f		
.debug_str	0xcd823	0x23	../../../Quectel_BG96_QuecOpen_SDK_Package_V3.0.1-AUS/SDK/libs/llvm\txm_lib.lib(txm_module_callback_request_thread_entry.o)	#SHT_PROGBITS,SHF_MERGE|SHF_STRINGS,1
	0x2072		
.debug_str	0xcd846	0x23	../../../Quectel_BG96_QuecOpen_SDK_Package_V3.0.1-AUS/SDK/libs/llvm\txm_lib.lib(txm_module_callback_request_thread_entry.o)	#SHT_PROGBITS,SHF_MERGE|SHF_STRINGS,1
	0x2095		
.debug_str	0xcd869	0x23	../../../Quectel_BG96_QuecOpen_SDK_Package_V3.0.1-AUS/SDK/libs/llvm\txm_lib.lib(txm_module_callback_request_thread_entry.o)	#SHT_PROGBITS,SHF_MERGE|SHF_STRINGS,1
	0x20b8		
.debug_str	0xcd88c	0x22	../../../Quectel_BG96_QuecOpen_SDK_Package_V3.0.1-AUS/SDK/libs/llvm\txm_lib.lib(txm_module_callback_request_thread_entry.o)	#SHT_PROGBITS,SHF_MERGE|SHF_STRINGS,1
	0x20db		
.debug_str	0xcd8ae	0x1b	../../../Quectel_BG96_QuecOpen_SDK_Package_V3.0.1-AUS/SDK/libs/llvm\txm_lib.lib(txm_module_callback_request_thread_entry.o)	#SHT_PROGBITS,SHF_MERGE|SHF_STRINGS,1
	0x20fd		
.debug_str	0xcd8c9	0x12	../../../Quectel_BG96_QuecOpen_SDK_Package_V3.0.1-AUS/SDK/libs/llvm\txm_lib.lib(txm_module_callback_request_thread_entry.o)	#SHT_PROGBITS,SHF_MERGE|SHF_STRINGS,1
	0x2118		
.debug_str	0xcd8db	0x15	../../../Quectel_BG96_QuecOpen_SDK_Package_V3.0.1-AUS/SDK/libs/llvm\txm_lib.lib(txm_module_callback_request_thread_entry.o)	#SHT_PROGBITS,SHF_MERGE|SHF_STRINGS,1
	0x212a		
.debug_str	0xcd8f0	0x12	../../../Quectel_BG96_QuecOpen_SDK_Package_V3.0.1-AUS/SDK/libs/llvm\txm_lib.lib(txm_module_callback_request_thread_entry.o)	#SHT_PROGBITS,SHF_MERGE|SHF_STRINGS,1
	0x213f		
.debug_str	0xcd902	0xa4	../../../Quectel_BG96_QuecOpen_SDK_Package_V3.0.1-AUS/SDK/libs/llvm\txm_lib.lib(txm_module_system_call11.o)	#SHT_PROGBITS,SHF_MERGE|SHF_STRINGS,1
	0x2151		
.debug_str	0xcd9a6	0x1a	../../../Quectel_BG96_QuecOpen_SDK_Package_V3.0.1-AUS/SDK/libs/llvm\txm_lib.lib(txm_module_system_call11.o)	#SHT_PROGBITS,SHF_MERGE|SHF_STRINGS,1
	0x21f5		
.debug_str	0xcd9c0	0x11	../../../Quectel_BG96_QuecOpen_SDK_Package_V3.0.1-AUS/SDK/libs/llvm\txm_lib.lib(txm_module_system_call11.o)	#SHT_PROGBITS,SHF_MERGE|SHF_STRINGS,1
	0x220f		
.debug_str	0xcd9d1	0x8	../../../Quectel_BG96_QuecOpen_SDK_Package_V3.0.1-AUS/SDK/libs/llvm\txm_lib.lib(txm_module_system_call11.o)	#SHT_PROGBITS,SHF_MERGE|SHF_STRINGS,1
	0x2220		
.debug_str	0xcd9d9	0x8	../../../Quectel_BG96_QuecOpen_SDK_Package_V3.0.1-AUS/SDK/libs/llvm\txm_lib.lib(txm_module_system_call11.o)	#SHT_PROGBITS,SHF_MERGE|SHF_STRINGS,1
	0x2228		
.debug_str	0xcd9e1	0x8	../../../Quectel_BG96_QuecOpen_SDK_Package_V3.0.1-AUS/SDK/libs/llvm\txm_lib.lib(txm_module_system_call11.o)	#SHT_PROGBITS,SHF_MERGE|SHF_STRINGS,1
	0x2230		
.debug_str	0xcd9e9	0x8	../../../Quectel_BG96_QuecOpen_SDK_Package_V3.0.1-AUS/SDK/libs/llvm\txm_lib.lib(txm_module_system_call11.o)	#SHT_PROGBITS,SHF_MERGE|SHF_STRINGS,1
	0x2238		
.debug_str	0xcd9f1	0x8	../../../Quectel_BG96_QuecOpen_SDK_Package_V3.0.1-AUS/SDK/libs/llvm\txm_lib.lib(txm_module_system_call11.o)	#SHT_PROGBITS,SHF_MERGE|SHF_STRINGS,1
	0x2240		
.debug_str	0xcd9f9	0x8	../../../Quectel_BG96_QuecOpen_SDK_Package_V3.0.1-AUS/SDK/libs/llvm\txm_lib.lib(txm_module_system_call11.o)	#SHT_PROGBITS,SHF_MERGE|SHF_STRINGS,1
	0x2248		
.debug_str	0xcda01	0x8	../../../Quectel_BG96_QuecOpen_SDK_Package_V3.0.1-AUS/SDK/libs/llvm\txm_lib.lib(txm_module_system_call11.o)	#SHT_PROGBITS,SHF_MERGE|SHF_STRINGS,1
	0x2250		
.debug_str	0xcda09	0x8	../../../Quectel_BG96_QuecOpen_SDK_Package_V3.0.1-AUS/SDK/libs/llvm\txm_lib.lib(txm_module_system_call11.o)	#SHT_PROGBITS,SHF_MERGE|SHF_STRINGS,1
	0x2258		
.debug_str	0xcda11	0x8	../../../Quectel_BG96_QuecOpen_SDK_Package_V3.0.1-AUS/SDK/libs/llvm\txm_lib.lib(txm_module_system_call11.o)	#SHT_PROGBITS,SHF_MERGE|SHF_STRINGS,1
	0x2260		
.debug_str	0xcda19	0x8	../../../Quectel_BG96_QuecOpen_SDK_Package_V3.0.1-AUS/SDK/libs/llvm\txm_lib.lib(txm_module_system_call11.o)	#SHT_PROGBITS,SHF_MERGE|SHF_STRINGS,1
	0x2268		
.debug_str	0xcda21	0x9	../../../Quectel_BG96_QuecOpen_SDK_Package_V3.0.1-AUS/SDK/libs/llvm\txm_lib.lib(txm_module_system_call11.o)	#SHT_PROGBITS,SHF_MERGE|SHF_STRINGS,1
	0x2270		
.debug_str	0xcda2a	0x9	../../../Quectel_BG96_QuecOpen_SDK_Package_V3.0.1-AUS/SDK/libs/llvm\txm_lib.lib(txm_module_system_call11.o)	#SHT_PROGBITS,SHF_MERGE|SHF_STRINGS,1
	0x2279		
.debug_str	0xcda33	0xd	../../../Quectel_BG96_QuecOpen_SDK_Package_V3.0.1-AUS/SDK/libs/llvm\txm_lib.lib(txm_module_system_call11.o)	#SHT_PROGBITS,SHF_MERGE|SHF_STRINGS,1
	0x2282		
.debug_str	0xcda40	0xa3	../../../Quectel_BG96_QuecOpen_SDK_Package_V3.0.1-AUS/SDK/libs/llvm\txm_lib.lib(txm_module_system_call4.o)	#SHT_PROGBITS,SHF_MERGE|SHF_STRINGS,1
	0x228f		
.debug_str	0xcdae3	0x19	../../../Quectel_BG96_QuecOpen_SDK_Package_V3.0.1-AUS/SDK/libs/llvm\txm_lib.lib(txm_module_system_call4.o)	#SHT_PROGBITS,SHF_MERGE|SHF_STRINGS,1
	0x2332		
.debug_str	0xcdafc	0xa3	../../../Quectel_BG96_QuecOpen_SDK_Package_V3.0.1-AUS/SDK/libs/llvm\txm_lib.lib(txm_module_system_call5.o)	#SHT_PROGBITS,SHF_MERGE|SHF_STRINGS,1
	0x234b		
.debug_str	0xcdb9f	0x19	../../../Quectel_BG96_QuecOpen_SDK_Package_V3.0.1-AUS/SDK/libs/llvm\txm_lib.lib(txm_module_system_call5.o)	#SHT_PROGBITS,SHF_MERGE|SHF_STRINGS,1
	0x23ee		
.debug_str	0xcdbb8	0xa3	../../../Quectel_BG96_QuecOpen_SDK_Package_V3.0.1-AUS/SDK/libs/llvm\txm_lib.lib(txm_module_system_call6.o)	#SHT_PROGBITS,SHF_MERGE|SHF_STRINGS,1
	0x2407		
.debug_str	0xcdc5b	0x19	../../../Quectel_BG96_QuecOpen_SDK_Package_V3.0.1-AUS/SDK/libs/llvm\txm_lib.lib(txm_module_system_call6.o)	#SHT_PROGBITS,SHF_MERGE|SHF_STRINGS,1
	0x24aa		

.debug_loc	0xcdc74	0x349 # Offset: 0xcdc74
*(.debug_loc )
.debug_loc	0xcdc74	0x3c	../../../Quectel_BG96_QuecOpen_SDK_Package_V3.0.1-AUS/SDK/libs/llvm\txm_lib.lib(txm_module_thread_shell_entry.o)	#SHT_PROGBITS,,1
.debug_loc	0xcdcb0	0x75	../../../Quectel_BG96_QuecOpen_SDK_Package_V3.0.1-AUS/SDK/libs/llvm\txm_lib.lib(txm_module_callback_request_thread_entry.o)	#SHT_PROGBITS,,1
.debug_loc	0xcdd25	0x103	../../../Quectel_BG96_QuecOpen_SDK_Package_V3.0.1-AUS/SDK/libs/llvm\txm_lib.lib(txm_module_system_call11.o)	#SHT_PROGBITS,,1
.debug_loc	0xcde28	0x73	../../../Quectel_BG96_QuecOpen_SDK_Package_V3.0.1-AUS/SDK/libs/llvm\txm_lib.lib(txm_module_system_call4.o)	#SHT_PROGBITS,,1
.debug_loc	0xcde9b	0x87	../../../Quectel_BG96_QuecOpen_SDK_Package_V3.0.1-AUS/SDK/libs/llvm\txm_lib.lib(txm_module_system_call5.o)	#SHT_PROGBITS,,1
.debug_loc	0xcdf22	0x9b	../../../Quectel_BG96_QuecOpen_SDK_Package_V3.0.1-AUS/SDK/libs/llvm\txm_lib.lib(txm_module_system_call6.o)	#SHT_PROGBITS,,1

.debug_macinfo	0xcdfbd	0x6 # Offset: 0xcdfbd
*(.debug_macinfo )
.debug_macinfo	0xcdfbd	0x1	../../../Quectel_BG96_QuecOpen_SDK_Package_V3.0.1-AUS/SDK/libs/llvm\txm_lib.lib(txm_module_thread_shell_entry.o)	#SHT_PROGBITS,,1
.debug_macinfo	0xcdfbe	0x1	../../../Quectel_BG96_QuecOpen_SDK_Package_V3.0.1-AUS/SDK/libs/llvm\txm_lib.lib(txm_module_callback_request_thread_entry.o)	#SHT_PROGBITS,,1
.debug_macinfo	0xcdfbf	0x1	../../../Quectel_BG96_QuecOpen_SDK_Package_V3.0.1-AUS/SDK/libs/llvm\txm_lib.lib(txm_module_system_call11.o)	#SHT_PROGBITS,,1
.debug_macinfo	0xcdfc0	0x1	../../../Quectel_BG96_QuecOpen_SDK_Package_V3.0.1-AUS/SDK/libs/llvm\txm_lib.lib(txm_module_system_call4.o)	#SHT_PROGBITS,,1
.debug_macinfo	0xcdfc1	0x1	../../../Quectel_BG96_QuecOpen_SDK_Package_V3.0.1-AUS/SDK/libs/llvm\txm_lib.lib(txm_module_system_call5.o)	#SHT_PROGBITS,,1
.debug_macinfo	0xcdfc2	0x1	../../../Quectel_BG96_QuecOpen_SDK_Package_V3.0.1-AUS/SDK/libs/llvm\txm_lib.lib(txm_module_system_call6.o)	#SHT_PROGBITS,,1

.debug_weaknames	0xcdfc3	0x0 # Offset: 0xcdfc3

.debug_funcnames	0xcdfc3	0x0 # Offset: 0xcdfc3

.debug_typenames	0xcdfc3	0x0 # Offset: 0xcdfc3

.debug_varnames	0xcdfc3	0x0 # Offset: 0xcdfc3

.debug_pubtypes	0xcdfc3	0x53d # Offset: 0xcdfc3
*(.debug_pubtypes )
.debug_pubtypes	0xcdfc3	0x1e2	../../../Quectel_BG96_QuecOpen_SDK_Package_V3.0.1-AUS/SDK/libs/llvm\txm_lib.lib(txm_module_thread_shell_entry.o)	#SHT_PROGBITS,,1
.debug_pubtypes	0xce1a5	0x293	../../../Quectel_BG96_QuecOpen_SDK_Package_V3.0.1-AUS/SDK/libs/llvm\txm_lib.lib(txm_module_callback_request_thread_entry.o)	#SHT_PROGBITS,,1
.debug_pubtypes	0xce438	0x32	../../../Quectel_BG96_QuecOpen_SDK_Package_V3.0.1-AUS/SDK/libs/llvm\txm_lib.lib(txm_module_system_call11.o)	#SHT_PROGBITS,,1
.debug_pubtypes	0xce46a	0x32	../../../Quectel_BG96_QuecOpen_SDK_Package_V3.0.1-AUS/SDK/libs/llvm\txm_lib.lib(txm_module_system_call4.o)	#SHT_PROGBITS,,1
.debug_pubtypes	0xce49c	0x32	../../../Quectel_BG96_QuecOpen_SDK_Package_V3.0.1-AUS/SDK/libs/llvm\txm_lib.lib(txm_module_system_call5.o)	#SHT_PROGBITS,,1
.debug_pubtypes	0xce4ce	0x32	../../../Quectel_BG96_QuecOpen_SDK_Package_V3.0.1-AUS/SDK/libs/llvm\txm_lib.lib(txm_module_system_call6.o)	#SHT_PROGBITS,,1

.debug_ranges	0xce500	0x0 # Offset: 0xce500
*(.debug_ranges )

.gnu.attributes	0x0	0x0 # Offset: 0xce500, LMA: 0x0

.note.gnu.arm.ident	0x0	0x0 # Offset: 0xce500, LMA: 0x0

.ARM.attributes	0xce500	0x10 # Offset: 0xce500

.comment	0xce510	0x65 # Offset: 0xce510
.comment	0xce510	0x1	C:\Users\nikol\projects\quectel\development\customer\threadx\tools\LLVM\4.0.3\armv7m-none-eabi\libc\lib/libc.a(vfprintf.o)	#SHT_PROGBITS,SHF_MERGE|SHF_STRINGS,1
.comment	0xce54d	0x28	Linker Version	#SHT_PROGBITS,SHF_MERGE|SHF_STRINGS,1

.note.GNU-stack	0xce575	0x0 # Offset: 0xce575

/DISCARD/	0x75	0x0 # Offset: 0xce575, LMA: 0x0

.shstrtab	0xce575	0xbe # Offset: 0xce575

.symtab	0xce634	0x12250 # Offset: 0xce634

.strtab	0xe0884	0xe355 # Offset: 0xe0884
