# Linker from Snapdragon LLVM ARM Compiler Version 4.0.3
# Linker based on LLVM version: 4.0
# Notable linker command/script options:
# CPU Architecture Version: 
# Target triple environment for the link: gnueabi
# Maximum GP size: 8
# Link type: Static
# ABI Page Size: 0x4
# CommandLine : C:\Users\nikol\projects\quectel\development\customer\threadx\tools\LLVM\4.0.3\bin\ld.qcld.exe -X --eh-frame-hdr -m armelf_linux_eabi -dynamic-linker /lib/ld-musl-arm.so.1 -o out/ml.elf -mno-unaligned-access -entry=0x43000000 ./ldscripts/txm_module_preamble_llvm.o --wrap getchar --wrap gets --wrap printf --wrap puts --wrap malloc --wrap free --wrap realloc --wrap calloc -T ./ldscripts/sections.ld -Map=out/ml.map -gc-sections -gc-sections out/common/src/retarget.o out/common/src/malloc.o out/common/src/stubs.o out/common/src/printf.o out/common/src/file.o out/src/main.o ../../../Quectel_BG96_QuecOpen_SDK_Package_V3.0.1-AUS/SDK/libs/llvm\azure_sdk.lib ../../../Quectel_BG96_QuecOpen_SDK_Package_V3.0.1-AUS/SDK/libs/llvm\azure_sdk_port.lib ../../../Quectel_BG96_QuecOpen_SDK_Package_V3.0.1-AUS/SDK/libs/llvm\diag_dam_lib.lib ../../../Quectel_BG96_QuecOpen_SDK_Package_V3.0.1-AUS/SDK/libs/llvm\qapi_psm_lib.lib ../../../Quectel_BG96_QuecOpen_SDK_Package_V3.0.1-AUS/SDK/libs/llvm\timer_dam_lib.lib ../../../Quectel_BG96_QuecOpen_SDK_Package_V3.0.1-AUS/SDK/libs/llvm\txm_lib.lib -lm -lonnx -LC:\Users\nikol\projects\quectel\development\customer\threadx\tools\LLVM\4.0.3\armv7m-none-eabi\libc\lib -LC:\Users\nikol\projects\quectel\development\customer\threadx\tools\LLVM\4.0.3\armv7m-none-eabi\lib --start-group -lunwind -lc++ -lc++abi --end-group -LC:\Users\nikol\projects\quectel\development\customer\threadx\tools\LLVM\4.0.3\lib\clang\4.0.3\lib\baremetal --start-group -lc -lclang_rt.builtins-armv7m --end-group -lm -lc 
Archive member included because of file (symbol)
../../../Quectel_BG96_QuecOpen_SDK_Package_V3.0.1-AUS/SDK/libs/llvm\timer_dam_lib.lib(qapi_timer_user.o)
		out/src/main.o (qapi_Timer_Sleep)
../../../Quectel_BG96_QuecOpen_SDK_Package_V3.0.1-AUS/SDK/libs/llvm\txm_lib.lib(txm_module_thread_shell_entry.o)
		out/common/src/retarget.o (_txm_module_kernel_call_dispatcher)
../../../Quectel_BG96_QuecOpen_SDK_Package_V3.0.1-AUS/SDK/libs/llvm\txm_lib.lib(txm_module_callback_request_thread_entry.o)
		./ldscripts/txm_module_preamble_llvm.o (_txm_module_callback_request_thread_entry)
../../../Quectel_BG96_QuecOpen_SDK_Package_V3.0.1-AUS/SDK/libs/llvm\txm_lib.lib(txm_module_system_call11.o)
		../../../Quectel_BG96_QuecOpen_SDK_Package_V3.0.1-AUS/SDK/libs/llvm\timer_dam_lib.lib(qapi_timer_user.o) (_txm_module_system_call11)
../../../Quectel_BG96_QuecOpen_SDK_Package_V3.0.1-AUS/SDK/libs/llvm\txm_lib.lib(txm_module_system_call12.o)
		out/common/src/file.o (_txm_module_system_call12)
../../../Quectel_BG96_QuecOpen_SDK_Package_V3.0.1-AUS/SDK/libs/llvm\txm_lib.lib(txm_module_system_call4.o)
		out/common/src/retarget.o (_txm_module_system_call4)
../../../Quectel_BG96_QuecOpen_SDK_Package_V3.0.1-AUS/SDK/libs/llvm\txm_lib.lib(txm_module_system_call5.o)
		out/common/src/retarget.o (_txm_module_system_call5)
C:\Users\nikol\projects\quectel\development\customer\threadx\workspace\apps\ml/libonnx.a(hmap.o)
		out/src/main.o (hmap_add)
C:\Users\nikol\projects\quectel\development\customer\threadx\workspace\apps\ml/libonnx.a(onnx.o)
		out/src/main.o (onnx_context_alloc)
C:\Users\nikol\projects\quectel\development\customer\threadx\workspace\apps\ml/libonnx.a(onnx.proto3.pb-c.o)
		C:\Users\nikol\projects\quectel\development\customer\threadx\workspace\apps\ml/libonnx.a(onnx.o) (onnx__model_proto__free_unpacked)
C:\Users\nikol\projects\quectel\development\customer\threadx\workspace\apps\ml/libonnx.a(Compress.o)
		C:\Users\nikol\projects\quectel\development\customer\threadx\workspace\apps\ml/libonnx.a(onnx.o) (resolver_default_op_Compress)
C:\Users\nikol\projects\quectel\development\customer\threadx\workspace\apps\ml/libonnx.a(LRN.o)
		C:\Users\nikol\projects\quectel\development\customer\threadx\workspace\apps\ml/libonnx.a(onnx.o) (resolver_default_op_LRN)
C:\Users\nikol\projects\quectel\development\customer\threadx\workspace\apps\ml/libonnx.a(Shape.o)
		C:\Users\nikol\projects\quectel\development\customer\threadx\workspace\apps\ml/libonnx.a(onnx.o) (resolver_default_op_Shape)
C:\Users\nikol\projects\quectel\development\customer\threadx\workspace\apps\ml/libonnx.a(Multinomial.o)
		C:\Users\nikol\projects\quectel\development\customer\threadx\workspace\apps\ml/libonnx.a(onnx.o) (resolver_default_op_Multinomial)
C:\Users\nikol\projects\quectel\development\customer\threadx\workspace\apps\ml/libonnx.a(ReduceL2.o)
		C:\Users\nikol\projects\quectel\development\customer\threadx\workspace\apps\ml/libonnx.a(onnx.o) (resolver_default_op_ReduceL2)
C:\Users\nikol\projects\quectel\development\customer\threadx\workspace\apps\ml/libonnx.a(Sub.o)
		C:\Users\nikol\projects\quectel\development\customer\threadx\workspace\apps\ml/libonnx.a(onnx.o) (resolver_default_op_Sub)
C:\Users\nikol\projects\quectel\development\customer\threadx\workspace\apps\ml/libonnx.a(ReduceMean.o)
		C:\Users\nikol\projects\quectel\development\customer\threadx\workspace\apps\ml/libonnx.a(onnx.o) (resolver_default_op_ReduceMean)
C:\Users\nikol\projects\quectel\development\customer\threadx\workspace\apps\ml/libonnx.a(QuantizeLinear.o)
		C:\Users\nikol\projects\quectel\development\customer\threadx\workspace\apps\ml/libonnx.a(onnx.o) (resolver_default_op_QuantizeLinear)
C:\Users\nikol\projects\quectel\development\customer\threadx\workspace\apps\ml/libonnx.a(Sin.o)
		C:\Users\nikol\projects\quectel\development\customer\threadx\workspace\apps\ml/libonnx.a(onnx.o) (resolver_default_op_Sin)
C:\Users\nikol\projects\quectel\development\customer\threadx\workspace\apps\ml/libonnx.a(SequenceAt.o)
		C:\Users\nikol\projects\quectel\development\customer\threadx\workspace\apps\ml/libonnx.a(onnx.o) (resolver_default_op_SequenceAt)
C:\Users\nikol\projects\quectel\development\customer\threadx\workspace\apps\ml/libonnx.a(GlobalLpPool.o)
		C:\Users\nikol\projects\quectel\development\customer\threadx\workspace\apps\ml/libonnx.a(onnx.o) (resolver_default_op_GlobalLpPool)
C:\Users\nikol\projects\quectel\development\customer\threadx\workspace\apps\ml/libonnx.a(AveragePool.o)
		C:\Users\nikol\projects\quectel\development\customer\threadx\workspace\apps\ml/libonnx.a(onnx.o) (resolver_default_op_AveragePool)
C:\Users\nikol\projects\quectel\development\customer\threadx\workspace\apps\ml/libonnx.a(SequenceInsert.o)
		C:\Users\nikol\projects\quectel\development\customer\threadx\workspace\apps\ml/libonnx.a(onnx.o) (resolver_default_op_SequenceInsert)
C:\Users\nikol\projects\quectel\development\customer\threadx\workspace\apps\ml/libonnx.a(RandomUniformLike.o)
		C:\Users\nikol\projects\quectel\development\customer\threadx\workspace\apps\ml/libonnx.a(onnx.o) (resolver_default_op_RandomUniformLike)
C:\Users\nikol\projects\quectel\development\customer\threadx\workspace\apps\ml/libonnx.a(Neg.o)
		C:\Users\nikol\projects\quectel\development\customer\threadx\workspace\apps\ml/libonnx.a(onnx.o) (resolver_default_op_Neg)
C:\Users\nikol\projects\quectel\development\customer\threadx\workspace\apps\ml/libonnx.a(Tan.o)
		C:\Users\nikol\projects\quectel\development\customer\threadx\workspace\apps\ml/libonnx.a(onnx.o) (resolver_default_op_Tan)
C:\Users\nikol\projects\quectel\development\customer\threadx\workspace\apps\ml/libonnx.a(Concat.o)
		C:\Users\nikol\projects\quectel\development\customer\threadx\workspace\apps\ml/libonnx.a(onnx.o) (resolver_default_op_Concat)
C:\Users\nikol\projects\quectel\development\customer\threadx\workspace\apps\ml/libonnx.a(ReduceLogSumExp.o)
		C:\Users\nikol\projects\quectel\development\customer\threadx\workspace\apps\ml/libonnx.a(onnx.o) (resolver_default_op_ReduceLogSumExp)
C:\Users\nikol\projects\quectel\development\customer\threadx\workspace\apps\ml/libonnx.a(Greater.o)
		C:\Users\nikol\projects\quectel\development\customer\threadx\workspace\apps\ml/libonnx.a(onnx.o) (resolver_default_op_Greater)
C:\Users\nikol\projects\quectel\development\customer\threadx\workspace\apps\ml/libonnx.a(Tile.o)
		C:\Users\nikol\projects\quectel\development\customer\threadx\workspace\apps\ml/libonnx.a(onnx.o) (resolver_default_op_Tile)
C:\Users\nikol\projects\quectel\development\customer\threadx\workspace\apps\ml/libonnx.a(LogSoftmax.o)
		C:\Users\nikol\projects\quectel\development\customer\threadx\workspace\apps\ml/libonnx.a(onnx.o) (resolver_default_op_LogSoftmax)
C:\Users\nikol\projects\quectel\development\customer\threadx\workspace\apps\ml/libonnx.a(LessOrEqual.o)
		C:\Users\nikol\projects\quectel\development\customer\threadx\workspace\apps\ml/libonnx.a(onnx.o) (resolver_default_op_LessOrEqual)
C:\Users\nikol\projects\quectel\development\customer\threadx\workspace\apps\ml/libonnx.a(RoiAlign.o)
		C:\Users\nikol\projects\quectel\development\customer\threadx\workspace\apps\ml/libonnx.a(onnx.o) (resolver_default_op_RoiAlign)
C:\Users\nikol\projects\quectel\development\customer\threadx\workspace\apps\ml/libonnx.a(RNN.o)
		C:\Users\nikol\projects\quectel\development\customer\threadx\workspace\apps\ml/libonnx.a(onnx.o) (resolver_default_op_RNN)
C:\Users\nikol\projects\quectel\development\customer\threadx\workspace\apps\ml/libonnx.a(Asinh.o)
		C:\Users\nikol\projects\quectel\development\customer\threadx\workspace\apps\ml/libonnx.a(onnx.o) (resolver_default_op_Asinh)
C:\Users\nikol\projects\quectel\development\customer\threadx\workspace\apps\ml/libonnx.a(MeanVarianceNormalization.o)
		C:\Users\nikol\projects\quectel\development\customer\threadx\workspace\apps\ml/libonnx.a(onnx.o) (resolver_default_op_MeanVarianceNormalization)
C:\Users\nikol\projects\quectel\development\customer\threadx\workspace\apps\ml/libonnx.a(SplitToSequence.o)
		C:\Users\nikol\projects\quectel\development\customer\threadx\workspace\apps\ml/libonnx.a(onnx.o) (resolver_default_op_SplitToSequence)
C:\Users\nikol\projects\quectel\development\customer\threadx\workspace\apps\ml/libonnx.a(QLinearMatMul.o)
		C:\Users\nikol\projects\quectel\development\customer\threadx\workspace\apps\ml/libonnx.a(onnx.o) (resolver_default_op_QLinearMatMul)
C:\Users\nikol\projects\quectel\development\customer\threadx\workspace\apps\ml/libonnx.a(OneHot.o)
		C:\Users\nikol\projects\quectel\development\customer\threadx\workspace\apps\ml/libonnx.a(onnx.o) (resolver_default_op_OneHot)
C:\Users\nikol\projects\quectel\development\customer\threadx\workspace\apps\ml/libonnx.a(GreaterOrEqual.o)
		C:\Users\nikol\projects\quectel\development\customer\threadx\workspace\apps\ml/libonnx.a(onnx.o) (resolver_default_op_GreaterOrEqual)
C:\Users\nikol\projects\quectel\development\customer\threadx\workspace\apps\ml/libonnx.a(Div.o)
		C:\Users\nikol\projects\quectel\development\customer\threadx\workspace\apps\ml/libonnx.a(onnx.o) (resolver_default_op_Div)
C:\Users\nikol\projects\quectel\development\customer\threadx\workspace\apps\ml/libonnx.a(GRU.o)
		C:\Users\nikol\projects\quectel\development\customer\threadx\workspace\apps\ml/libonnx.a(onnx.o) (resolver_default_op_GRU)
C:\Users\nikol\projects\quectel\development\customer\threadx\workspace\apps\ml/libonnx.a(Scan.o)
		C:\Users\nikol\projects\quectel\development\customer\threadx\workspace\apps\ml/libonnx.a(onnx.o) (resolver_default_op_Scan)
C:\Users\nikol\projects\quectel\development\customer\threadx\workspace\apps\ml/libonnx.a(NonMaxSuppression.o)
		C:\Users\nikol\projects\quectel\development\customer\threadx\workspace\apps\ml/libonnx.a(onnx.o) (resolver_default_op_NonMaxSuppression)
C:\Users\nikol\projects\quectel\development\customer\threadx\workspace\apps\ml/libonnx.a(Ceil.o)
		C:\Users\nikol\projects\quectel\development\customer\threadx\workspace\apps\ml/libonnx.a(onnx.o) (resolver_default_op_Ceil)
C:\Users\nikol\projects\quectel\development\customer\threadx\workspace\apps\ml/libonnx.a(PRelu.o)
		C:\Users\nikol\projects\quectel\development\customer\threadx\workspace\apps\ml/libonnx.a(onnx.o) (resolver_default_op_PRelu)
C:\Users\nikol\projects\quectel\development\customer\threadx\workspace\apps\ml/libonnx.a(HardSigmoid.o)
		C:\Users\nikol\projects\quectel\development\customer\threadx\workspace\apps\ml/libonnx.a(onnx.o) (resolver_default_op_HardSigmoid)
C:\Users\nikol\projects\quectel\development\customer\threadx\workspace\apps\ml/libonnx.a(SoftmaxCrossEntropyLoss.o)
		C:\Users\nikol\projects\quectel\development\customer\threadx\workspace\apps\ml/libonnx.a(onnx.o) (resolver_default_op_SoftmaxCrossEntropyLoss)
C:\Users\nikol\projects\quectel\development\customer\threadx\workspace\apps\ml/libonnx.a(ConcatFromSequence.o)
		C:\Users\nikol\projects\quectel\development\customer\threadx\workspace\apps\ml/libonnx.a(onnx.o) (resolver_default_op_ConcatFromSequence)
C:\Users\nikol\projects\quectel\development\customer\threadx\workspace\apps\ml/libonnx.a(ConvInteger.o)
		C:\Users\nikol\projects\quectel\development\customer\threadx\workspace\apps\ml/libonnx.a(onnx.o) (resolver_default_op_ConvInteger)
C:\Users\nikol\projects\quectel\development\customer\threadx\workspace\apps\ml/libonnx.a(Constant.o)
		C:\Users\nikol\projects\quectel\development\customer\threadx\workspace\apps\ml/libonnx.a(onnx.o) (resolver_default_op_Constant)
C:\Users\nikol\projects\quectel\development\customer\threadx\workspace\apps\ml/libonnx.a(Clip.o)
		C:\Users\nikol\projects\quectel\development\customer\threadx\workspace\apps\ml/libonnx.a(onnx.o) (resolver_default_op_Clip)
C:\Users\nikol\projects\quectel\development\customer\threadx\workspace\apps\ml/libonnx.a(Mean.o)
		C:\Users\nikol\projects\quectel\development\customer\threadx\workspace\apps\ml/libonnx.a(onnx.o) (resolver_default_op_Mean)
C:\Users\nikol\projects\quectel\development\customer\threadx\workspace\apps\ml/libonnx.a(Slice.o)
		C:\Users\nikol\projects\quectel\development\customer\threadx\workspace\apps\ml/libonnx.a(onnx.o) (resolver_default_op_Slice)
C:\Users\nikol\projects\quectel\development\customer\threadx\workspace\apps\ml/libonnx.a(Loop.o)
		C:\Users\nikol\projects\quectel\development\customer\threadx\workspace\apps\ml/libonnx.a(onnx.o) (resolver_default_op_Loop)
C:\Users\nikol\projects\quectel\development\customer\threadx\workspace\apps\ml/libonnx.a(Split.o)
		C:\Users\nikol\projects\quectel\development\customer\threadx\workspace\apps\ml/libonnx.a(onnx.o) (resolver_default_op_Split)
C:\Users\nikol\projects\quectel\development\customer\threadx\workspace\apps\ml/libonnx.a(Add.o)
		C:\Users\nikol\projects\quectel\development\customer\threadx\workspace\apps\ml/libonnx.a(onnx.o) (resolver_default_op_Add)
C:\Users\nikol\projects\quectel\development\customer\threadx\workspace\apps\ml/libonnx.a(Sinh.o)
		C:\Users\nikol\projects\quectel\development\customer\threadx\workspace\apps\ml/libonnx.a(onnx.o) (resolver_default_op_Sinh)
C:\Users\nikol\projects\quectel\development\customer\threadx\workspace\apps\ml/libonnx.a(DepthToSpace.o)
		C:\Users\nikol\projects\quectel\development\customer\threadx\workspace\apps\ml/libonnx.a(onnx.o) (resolver_default_op_DepthToSpace)
C:\Users\nikol\projects\quectel\development\customer\threadx\workspace\apps\ml/libonnx.a(Cosh.o)
		C:\Users\nikol\projects\quectel\development\customer\threadx\workspace\apps\ml/libonnx.a(onnx.o) (resolver_default_op_Cosh)
C:\Users\nikol\projects\quectel\development\customer\threadx\workspace\apps\ml/libonnx.a(Gemm.o)
		C:\Users\nikol\projects\quectel\development\customer\threadx\workspace\apps\ml/libonnx.a(onnx.o) (resolver_default_op_Gemm)
C:\Users\nikol\projects\quectel\development\customer\threadx\workspace\apps\ml/libonnx.a(RandomNormalLike.o)
		C:\Users\nikol\projects\quectel\development\customer\threadx\workspace\apps\ml/libonnx.a(onnx.o) (resolver_default_op_RandomNormalLike)
C:\Users\nikol\projects\quectel\development\customer\threadx\workspace\apps\ml/libonnx.a(TopK.o)
		C:\Users\nikol\projects\quectel\development\customer\threadx\workspace\apps\ml/libonnx.a(onnx.o) (resolver_default_op_TopK)
C:\Users\nikol\projects\quectel\development\customer\threadx\workspace\apps\ml/libonnx.a(ReduceSumSquare.o)
		C:\Users\nikol\projects\quectel\development\customer\threadx\workspace\apps\ml/libonnx.a(onnx.o) (resolver_default_op_ReduceSumSquare)
C:\Users\nikol\projects\quectel\development\customer\threadx\workspace\apps\ml/libonnx.a(Acosh.o)
		C:\Users\nikol\projects\quectel\development\customer\threadx\workspace\apps\ml/libonnx.a(onnx.o) (resolver_default_op_Acosh)
C:\Users\nikol\projects\quectel\development\customer\threadx\workspace\apps\ml/libonnx.a(DequantizeLinear.o)
		C:\Users\nikol\projects\quectel\development\customer\threadx\workspace\apps\ml/libonnx.a(onnx.o) (resolver_default_op_DequantizeLinear)
C:\Users\nikol\projects\quectel\development\customer\threadx\workspace\apps\ml/libonnx.a(Atan.o)
		C:\Users\nikol\projects\quectel\development\customer\threadx\workspace\apps\ml/libonnx.a(onnx.o) (resolver_default_op_Atan)
C:\Users\nikol\projects\quectel\development\customer\threadx\workspace\apps\ml/libonnx.a(Range.o)
		C:\Users\nikol\projects\quectel\development\customer\threadx\workspace\apps\ml/libonnx.a(onnx.o) (resolver_default_op_Range)
C:\Users\nikol\projects\quectel\development\customer\threadx\workspace\apps\ml/libonnx.a(Sum.o)
		C:\Users\nikol\projects\quectel\development\customer\threadx\workspace\apps\ml/libonnx.a(onnx.o) (resolver_default_op_Sum)
C:\Users\nikol\projects\quectel\development\customer\threadx\workspace\apps\ml/libonnx.a(Asin.o)
		C:\Users\nikol\projects\quectel\development\customer\threadx\workspace\apps\ml/libonnx.a(onnx.o) (resolver_default_op_Asin)
C:\Users\nikol\projects\quectel\development\customer\threadx\workspace\apps\ml/libonnx.a(Softplus.o)
		C:\Users\nikol\projects\quectel\development\customer\threadx\workspace\apps\ml/libonnx.a(onnx.o) (resolver_default_op_Softplus)
C:\Users\nikol\projects\quectel\development\customer\threadx\workspace\apps\ml/libonnx.a(LSTM.o)
		C:\Users\nikol\projects\quectel\development\customer\threadx\workspace\apps\ml/libonnx.a(onnx.o) (resolver_default_op_LSTM)
C:\Users\nikol\projects\quectel\development\customer\threadx\workspace\apps\ml/libonnx.a(Where.o)
		C:\Users\nikol\projects\quectel\development\customer\threadx\workspace\apps\ml/libonnx.a(onnx.o) (resolver_default_op_Where)
C:\Users\nikol\projects\quectel\development\customer\threadx\workspace\apps\ml/libonnx.a(GlobalMaxPool.o)
		C:\Users\nikol\projects\quectel\development\customer\threadx\workspace\apps\ml/libonnx.a(onnx.o) (resolver_default_op_GlobalMaxPool)
C:\Users\nikol\projects\quectel\development\customer\threadx\workspace\apps\ml/libonnx.a(Pow.o)
		C:\Users\nikol\projects\quectel\development\customer\threadx\workspace\apps\ml/libonnx.a(onnx.o) (resolver_default_op_Pow)
C:\Users\nikol\projects\quectel\development\customer\threadx\workspace\apps\ml/libonnx.a(Erf.o)
		C:\Users\nikol\projects\quectel\development\customer\threadx\workspace\apps\ml/libonnx.a(onnx.o) (resolver_default_op_Erf)
C:\Users\nikol\projects\quectel\development\customer\threadx\workspace\apps\ml/libonnx.a(GlobalAveragePool.o)
		C:\Users\nikol\projects\quectel\development\customer\threadx\workspace\apps\ml/libonnx.a(onnx.o) (resolver_default_op_GlobalAveragePool)
C:\Users\nikol\projects\quectel\development\customer\threadx\workspace\apps\ml/libonnx.a(ReduceLogSum.o)
		C:\Users\nikol\projects\quectel\development\customer\threadx\workspace\apps\ml/libonnx.a(onnx.o) (resolver_default_op_ReduceLogSum)
C:\Users\nikol\projects\quectel\development\customer\threadx\workspace\apps\ml/libonnx.a(ScatterND.o)
		C:\Users\nikol\projects\quectel\development\customer\threadx\workspace\apps\ml/libonnx.a(onnx.o) (resolver_default_op_ScatterND)
C:\Users\nikol\projects\quectel\development\customer\threadx\workspace\apps\ml/libonnx.a(Reshape.o)
		C:\Users\nikol\projects\quectel\development\customer\threadx\workspace\apps\ml/libonnx.a(onnx.o) (resolver_default_op_Reshape)
C:\Users\nikol\projects\quectel\development\customer\threadx\workspace\apps\ml/libonnx.a(Max.o)
		C:\Users\nikol\projects\quectel\development\customer\threadx\workspace\apps\ml/libonnx.a(onnx.o) (resolver_default_op_Max)
C:\Users\nikol\projects\quectel\development\customer\threadx\workspace\apps\ml/libonnx.a(Sign.o)
		C:\Users\nikol\projects\quectel\development\customer\threadx\workspace\apps\ml/libonnx.a(onnx.o) (resolver_default_op_Sign)
C:\Users\nikol\projects\quectel\development\customer\threadx\workspace\apps\ml/libonnx.a(ArgMax.o)
		C:\Users\nikol\projects\quectel\development\customer\threadx\workspace\apps\ml/libonnx.a(onnx.o) (resolver_default_op_ArgMax)
C:\Users\nikol\projects\quectel\development\customer\threadx\workspace\apps\ml/libonnx.a(ReverseSequence.o)
		C:\Users\nikol\projects\quectel\development\customer\threadx\workspace\apps\ml/libonnx.a(onnx.o) (resolver_default_op_ReverseSequence)
C:\Users\nikol\projects\quectel\development\customer\threadx\workspace\apps\ml/libonnx.a(ReduceSum.o)
		C:\Users\nikol\projects\quectel\development\customer\threadx\workspace\apps\ml/libonnx.a(onnx.o) (resolver_default_op_ReduceSum)
C:\Users\nikol\projects\quectel\development\customer\threadx\workspace\apps\ml/libonnx.a(ScatterElements.o)
		C:\Users\nikol\projects\quectel\development\customer\threadx\workspace\apps\ml/libonnx.a(onnx.o) (resolver_default_op_ScatterElements)
C:\Users\nikol\projects\quectel\development\customer\threadx\workspace\apps\ml/libonnx.a(GatherElements.o)
		C:\Users\nikol\projects\quectel\development\customer\threadx\workspace\apps\ml/libonnx.a(onnx.o) (resolver_default_op_GatherElements)
C:\Users\nikol\projects\quectel\development\customer\threadx\workspace\apps\ml/libonnx.a(MaxPool.o)
		C:\Users\nikol\projects\quectel\development\customer\threadx\workspace\apps\ml/libonnx.a(onnx.o) (resolver_default_op_MaxPool)
C:\Users\nikol\projects\quectel\development\customer\threadx\workspace\apps\ml/libonnx.a(Acos.o)
		C:\Users\nikol\projects\quectel\development\customer\threadx\workspace\apps\ml/libonnx.a(onnx.o) (resolver_default_op_Acos)
C:\Users\nikol\projects\quectel\development\customer\threadx\workspace\apps\ml/libonnx.a(Flatten.o)
		C:\Users\nikol\projects\quectel\development\customer\threadx\workspace\apps\ml/libonnx.a(onnx.o) (resolver_default_op_Flatten)
C:\Users\nikol\projects\quectel\development\customer\threadx\workspace\apps\ml/libonnx.a(Celu.o)
		C:\Users\nikol\projects\quectel\development\customer\threadx\workspace\apps\ml/libonnx.a(onnx.o) (resolver_default_op_Celu)
C:\Users\nikol\projects\quectel\development\customer\threadx\workspace\apps\ml/libonnx.a(SequenceLength.o)
		C:\Users\nikol\projects\quectel\development\customer\threadx\workspace\apps\ml/libonnx.a(onnx.o) (resolver_default_op_SequenceLength)
C:\Users\nikol\projects\quectel\development\customer\threadx\workspace\apps\ml/libonnx.a(Floor.o)
		C:\Users\nikol\projects\quectel\development\customer\threadx\workspace\apps\ml/libonnx.a(onnx.o) (resolver_default_op_Floor)
C:\Users\nikol\projects\quectel\development\customer\threadx\workspace\apps\ml/libonnx.a(ReduceProd.o)
		C:\Users\nikol\projects\quectel\development\customer\threadx\workspace\apps\ml/libonnx.a(onnx.o) (resolver_default_op_ReduceProd)
C:\Users\nikol\projects\quectel\development\customer\threadx\workspace\apps\ml/libonnx.a(Dropout.o)
		C:\Users\nikol\projects\quectel\development\customer\threadx\workspace\apps\ml/libonnx.a(onnx.o) (resolver_default_op_Dropout)
C:\Users\nikol\projects\quectel\development\customer\threadx\workspace\apps\ml/libonnx.a(Pad.o)
		C:\Users\nikol\projects\quectel\development\customer\threadx\workspace\apps\ml/libonnx.a(onnx.o) (resolver_default_op_Pad)
C:\Users\nikol\projects\quectel\development\customer\threadx\workspace\apps\ml/libonnx.a(ReduceMax.o)
		C:\Users\nikol\projects\quectel\development\customer\threadx\workspace\apps\ml/libonnx.a(onnx.o) (resolver_default_op_ReduceMax)
C:\Users\nikol\projects\quectel\development\customer\threadx\workspace\apps\ml/libonnx.a(Not.o)
		C:\Users\nikol\projects\quectel\development\customer\threadx\workspace\apps\ml/libonnx.a(onnx.o) (resolver_default_op_Not)
C:\Users\nikol\projects\quectel\development\customer\threadx\workspace\apps\ml/libonnx.a(TfIdfVectorizer.o)
		C:\Users\nikol\projects\quectel\development\customer\threadx\workspace\apps\ml/libonnx.a(onnx.o) (resolver_default_op_TfIdfVectorizer)
C:\Users\nikol\projects\quectel\development\customer\threadx\workspace\apps\ml/libonnx.a(Conv.o)
		C:\Users\nikol\projects\quectel\development\customer\threadx\workspace\apps\ml/libonnx.a(onnx.o) (resolver_default_op_Conv)
C:\Users\nikol\projects\quectel\development\customer\threadx\workspace\apps\ml/libonnx.a(SequenceErase.o)
		C:\Users\nikol\projects\quectel\development\customer\threadx\workspace\apps\ml/libonnx.a(onnx.o) (resolver_default_op_SequenceErase)
C:\Users\nikol\projects\quectel\development\customer\threadx\workspace\apps\ml/libonnx.a(Shrink.o)
		C:\Users\nikol\projects\quectel\development\customer\threadx\workspace\apps\ml/libonnx.a(onnx.o) (resolver_default_op_Shrink)
C:\Users\nikol\projects\quectel\development\customer\threadx\workspace\apps\ml/libonnx.a(LpPool.o)
		C:\Users\nikol\projects\quectel\development\customer\threadx\workspace\apps\ml/libonnx.a(onnx.o) (resolver_default_op_LpPool)
C:\Users\nikol\projects\quectel\development\customer\threadx\workspace\apps\ml/libonnx.a(Cast.o)
		C:\Users\nikol\projects\quectel\development\customer\threadx\workspace\apps\ml/libonnx.a(onnx.o) (resolver_default_op_Cast)
C:\Users\nikol\projects\quectel\development\customer\threadx\workspace\apps\ml/libonnx.a(Round.o)
		C:\Users\nikol\projects\quectel\development\customer\threadx\workspace\apps\ml/libonnx.a(onnx.o) (resolver_default_op_Round)
C:\Users\nikol\projects\quectel\development\customer\threadx\workspace\apps\ml/libonnx.a(Reciprocal.o)
		C:\Users\nikol\projects\quectel\development\customer\threadx\workspace\apps\ml/libonnx.a(onnx.o) (resolver_default_op_Reciprocal)
C:\Users\nikol\projects\quectel\development\customer\threadx\workspace\apps\ml/libonnx.a(Scatter.o)
		C:\Users\nikol\projects\quectel\development\customer\threadx\workspace\apps\ml/libonnx.a(onnx.o) (resolver_default_op_Scatter)
C:\Users\nikol\projects\quectel\development\customer\threadx\workspace\apps\ml/libonnx.a(ReduceL1.o)
		C:\Users\nikol\projects\quectel\development\customer\threadx\workspace\apps\ml/libonnx.a(onnx.o) (resolver_default_op_ReduceL1)
C:\Users\nikol\projects\quectel\development\customer\threadx\workspace\apps\ml/libonnx.a(SequenceEmpty.o)
		C:\Users\nikol\projects\quectel\development\customer\threadx\workspace\apps\ml/libonnx.a(onnx.o) (resolver_default_op_SequenceEmpty)
C:\Users\nikol\projects\quectel\development\customer\threadx\workspace\apps\ml/libonnx.a(IsInf.o)
		C:\Users\nikol\projects\quectel\development\customer\threadx\workspace\apps\ml/libonnx.a(onnx.o) (resolver_default_op_IsInf)
C:\Users\nikol\projects\quectel\development\customer\threadx\workspace\apps\ml/libonnx.a(Expand.o)
		C:\Users\nikol\projects\quectel\development\customer\threadx\workspace\apps\ml/libonnx.a(onnx.o) (resolver_default_op_Expand)
C:\Users\nikol\projects\quectel\development\customer\threadx\workspace\apps\ml/libonnx.a(Upsample.o)
		C:\Users\nikol\projects\quectel\development\customer\threadx\workspace\apps\ml/libonnx.a(onnx.o) (resolver_default_op_Upsample)
C:\Users\nikol\projects\quectel\development\customer\threadx\workspace\apps\ml/libonnx.a(Or.o)
		C:\Users\nikol\projects\quectel\development\customer\threadx\workspace\apps\ml/libonnx.a(onnx.o) (resolver_default_op_Or)
C:\Users\nikol\projects\quectel\development\customer\threadx\workspace\apps\ml/libonnx.a(Log.o)
		C:\Users\nikol\projects\quectel\development\customer\threadx\workspace\apps\ml/libonnx.a(onnx.o) (resolver_default_op_Log)
C:\Users\nikol\projects\quectel\development\customer\threadx\workspace\apps\ml/libonnx.a(EyeLike.o)
		C:\Users\nikol\projects\quectel\development\customer\threadx\workspace\apps\ml/libonnx.a(onnx.o) (resolver_default_op_EyeLike)
C:\Users\nikol\projects\quectel\development\customer\threadx\workspace\apps\ml/libonnx.a(BatchNormalization.o)
		C:\Users\nikol\projects\quectel\development\customer\threadx\workspace\apps\ml/libonnx.a(onnx.o) (resolver_default_op_BatchNormalization)
C:\Users\nikol\projects\quectel\development\customer\threadx\workspace\apps\ml/libonnx.a(ConvTranspose.o)
		C:\Users\nikol\projects\quectel\development\customer\threadx\workspace\apps\ml/libonnx.a(onnx.o) (resolver_default_op_ConvTranspose)
C:\Users\nikol\projects\quectel\development\customer\threadx\workspace\apps\ml/libonnx.a(Det.o)
		C:\Users\nikol\projects\quectel\development\customer\threadx\workspace\apps\ml/libonnx.a(onnx.o) (resolver_default_op_Det)
C:\Users\nikol\projects\quectel\development\customer\threadx\workspace\apps\ml/libonnx.a(Tanh.o)
		C:\Users\nikol\projects\quectel\development\customer\threadx\workspace\apps\ml/libonnx.a(onnx.o) (resolver_default_op_Tanh)
C:\Users\nikol\projects\quectel\development\customer\threadx\workspace\apps\ml/libonnx.a(If.o)
		C:\Users\nikol\projects\quectel\development\customer\threadx\workspace\apps\ml/libonnx.a(onnx.o) (resolver_default_op_If)
C:\Users\nikol\projects\quectel\development\customer\threadx\workspace\apps\ml/libonnx.a(NonZero.o)
		C:\Users\nikol\projects\quectel\development\customer\threadx\workspace\apps\ml/libonnx.a(onnx.o) (resolver_default_op_NonZero)
C:\Users\nikol\projects\quectel\development\customer\threadx\workspace\apps\ml/libonnx.a(SpaceToDepth.o)
		C:\Users\nikol\projects\quectel\development\customer\threadx\workspace\apps\ml/libonnx.a(onnx.o) (resolver_default_op_SpaceToDepth)
C:\Users\nikol\projects\quectel\development\customer\threadx\workspace\apps\ml/libonnx.a(ConstantOfShape.o)
		C:\Users\nikol\projects\quectel\development\customer\threadx\workspace\apps\ml/libonnx.a(onnx.o) (resolver_default_op_ConstantOfShape)
C:\Users\nikol\projects\quectel\development\customer\threadx\workspace\apps\ml/libonnx.a(StringNormalizer.o)
		C:\Users\nikol\projects\quectel\development\customer\threadx\workspace\apps\ml/libonnx.a(onnx.o) (resolver_default_op_StringNormalizer)
C:\Users\nikol\projects\quectel\development\customer\threadx\workspace\apps\ml/libonnx.a(Unique.o)
		C:\Users\nikol\projects\quectel\development\customer\threadx\workspace\apps\ml/libonnx.a(onnx.o) (resolver_default_op_Unique)
C:\Users\nikol\projects\quectel\development\customer\threadx\workspace\apps\ml/libonnx.a(Xor.o)
		C:\Users\nikol\projects\quectel\development\customer\threadx\workspace\apps\ml/libonnx.a(onnx.o) (resolver_default_op_Xor)
C:\Users\nikol\projects\quectel\development\customer\threadx\workspace\apps\ml/libonnx.a(Size.o)
		C:\Users\nikol\projects\quectel\development\customer\threadx\workspace\apps\ml/libonnx.a(onnx.o) (resolver_default_op_Size)
C:\Users\nikol\projects\quectel\development\customer\threadx\workspace\apps\ml/libonnx.a(And.o)
		C:\Users\nikol\projects\quectel\development\customer\threadx\workspace\apps\ml/libonnx.a(onnx.o) (resolver_default_op_And)
C:\Users\nikol\projects\quectel\development\customer\threadx\workspace\apps\ml/libonnx.a(MaxRoiPool.o)
		C:\Users\nikol\projects\quectel\development\customer\threadx\workspace\apps\ml/libonnx.a(onnx.o) (resolver_default_op_MaxRoiPool)
C:\Users\nikol\projects\quectel\development\customer\threadx\workspace\apps\ml/libonnx.a(IsNaN.o)
		C:\Users\nikol\projects\quectel\development\customer\threadx\workspace\apps\ml/libonnx.a(onnx.o) (resolver_default_op_IsNaN)
C:\Users\nikol\projects\quectel\development\customer\threadx\workspace\apps\ml/libonnx.a(LpNormalization.o)
		C:\Users\nikol\projects\quectel\development\customer\threadx\workspace\apps\ml/libonnx.a(onnx.o) (resolver_default_op_LpNormalization)
C:\Users\nikol\projects\quectel\development\customer\threadx\workspace\apps\ml/libonnx.a(Sqrt.o)
		C:\Users\nikol\projects\quectel\development\customer\threadx\workspace\apps\ml/libonnx.a(onnx.o) (resolver_default_op_Sqrt)
C:\Users\nikol\projects\quectel\development\customer\threadx\workspace\apps\ml/libonnx.a(ThresholdedRelu.o)
		C:\Users\nikol\projects\quectel\development\customer\threadx\workspace\apps\ml/libonnx.a(onnx.o) (resolver_default_op_ThresholdedRelu)
C:\Users\nikol\projects\quectel\development\customer\threadx\workspace\apps\ml/libonnx.a(Selu.o)
		C:\Users\nikol\projects\quectel\development\customer\threadx\workspace\apps\ml/libonnx.a(onnx.o) (resolver_default_op_Selu)
C:\Users\nikol\projects\quectel\development\customer\threadx\workspace\apps\ml/libonnx.a(Resize.o)
		C:\Users\nikol\projects\quectel\development\customer\threadx\workspace\apps\ml/libonnx.a(onnx.o) (resolver_default_op_Resize)
C:\Users\nikol\projects\quectel\development\customer\threadx\workspace\apps\ml/libonnx.a(LeakyRelu.o)
		C:\Users\nikol\projects\quectel\development\customer\threadx\workspace\apps\ml/libonnx.a(onnx.o) (resolver_default_op_LeakyRelu)
C:\Users\nikol\projects\quectel\development\customer\threadx\workspace\apps\ml/libonnx.a(Transpose.o)
		C:\Users\nikol\projects\quectel\development\customer\threadx\workspace\apps\ml/libonnx.a(onnx.o) (resolver_default_op_Transpose)
C:\Users\nikol\projects\quectel\development\customer\threadx\workspace\apps\ml/libonnx.a(Mod.o)
		C:\Users\nikol\projects\quectel\development\customer\threadx\workspace\apps\ml/libonnx.a(onnx.o) (resolver_default_op_Mod)
C:\Users\nikol\projects\quectel\development\customer\threadx\workspace\apps\ml/libonnx.a(InstanceNormalization.o)
		C:\Users\nikol\projects\quectel\development\customer\threadx\workspace\apps\ml/libonnx.a(onnx.o) (resolver_default_op_InstanceNormalization)
C:\Users\nikol\projects\quectel\development\customer\threadx\workspace\apps\ml/libonnx.a(Unsqueeze.o)
		C:\Users\nikol\projects\quectel\development\customer\threadx\workspace\apps\ml/libonnx.a(onnx.o) (resolver_default_op_Unsqueeze)
C:\Users\nikol\projects\quectel\development\customer\threadx\workspace\apps\ml/libonnx.a(Atanh.o)
		C:\Users\nikol\projects\quectel\development\customer\threadx\workspace\apps\ml/libonnx.a(onnx.o) (resolver_default_op_Atanh)
C:\Users\nikol\projects\quectel\development\customer\threadx\workspace\apps\ml/libonnx.a(Softsign.o)
		C:\Users\nikol\projects\quectel\development\customer\threadx\workspace\apps\ml/libonnx.a(onnx.o) (resolver_default_op_Softsign)
C:\Users\nikol\projects\quectel\development\customer\threadx\workspace\apps\ml/libonnx.a(Softmax.o)
		C:\Users\nikol\projects\quectel\development\customer\threadx\workspace\apps\ml/libonnx.a(onnx.o) (resolver_default_op_Softmax)
C:\Users\nikol\projects\quectel\development\customer\threadx\workspace\apps\ml/libonnx.a(NegativeLogLikelihoodLoss.o)
		C:\Users\nikol\projects\quectel\development\customer\threadx\workspace\apps\ml/libonnx.a(onnx.o) (resolver_default_op_NegativeLogLikelihoodLoss)
C:\Users\nikol\projects\quectel\development\customer\threadx\workspace\apps\ml/libonnx.a(Min.o)
		C:\Users\nikol\projects\quectel\development\customer\threadx\workspace\apps\ml/libonnx.a(onnx.o) (resolver_default_op_Min)
C:\Users\nikol\projects\quectel\development\customer\threadx\workspace\apps\ml/libonnx.a(MatMulInteger.o)
		C:\Users\nikol\projects\quectel\development\customer\threadx\workspace\apps\ml/libonnx.a(onnx.o) (resolver_default_op_MatMulInteger)
C:\Users\nikol\projects\quectel\development\customer\threadx\workspace\apps\ml/libonnx.a(Cos.o)
		C:\Users\nikol\projects\quectel\development\customer\threadx\workspace\apps\ml/libonnx.a(onnx.o) (resolver_default_op_Cos)
C:\Users\nikol\projects\quectel\development\customer\threadx\workspace\apps\ml/libonnx.a(ArgMin.o)
		C:\Users\nikol\projects\quectel\development\customer\threadx\workspace\apps\ml/libonnx.a(onnx.o) (resolver_default_op_ArgMin)
C:\Users\nikol\projects\quectel\development\customer\threadx\workspace\apps\ml/libonnx.a(Relu.o)
		C:\Users\nikol\projects\quectel\development\customer\threadx\workspace\apps\ml/libonnx.a(onnx.o) (resolver_default_op_Relu)
C:\Users\nikol\projects\quectel\development\customer\threadx\workspace\apps\ml/libonnx.a(MaxUnpool.o)
		C:\Users\nikol\projects\quectel\development\customer\threadx\workspace\apps\ml/libonnx.a(onnx.o) (resolver_default_op_MaxUnpool)
C:\Users\nikol\projects\quectel\development\customer\threadx\workspace\apps\ml/libonnx.a(Exp.o)
		C:\Users\nikol\projects\quectel\development\customer\threadx\workspace\apps\ml/libonnx.a(onnx.o) (resolver_default_op_Exp)
C:\Users\nikol\projects\quectel\development\customer\threadx\workspace\apps\ml/libonnx.a(Equal.o)
		C:\Users\nikol\projects\quectel\development\customer\threadx\workspace\apps\ml/libonnx.a(onnx.o) (resolver_default_op_Equal)
C:\Users\nikol\projects\quectel\development\customer\threadx\workspace\apps\ml/libonnx.a(Squeeze.o)
		C:\Users\nikol\projects\quectel\development\customer\threadx\workspace\apps\ml/libonnx.a(onnx.o) (resolver_default_op_Squeeze)
C:\Users\nikol\projects\quectel\development\customer\threadx\workspace\apps\ml/libonnx.a(Hardmax.o)
		C:\Users\nikol\projects\quectel\development\customer\threadx\workspace\apps\ml/libonnx.a(onnx.o) (resolver_default_op_Hardmax)
C:\Users\nikol\projects\quectel\development\customer\threadx\workspace\apps\ml/libonnx.a(Sigmoid.o)
		C:\Users\nikol\projects\quectel\development\customer\threadx\workspace\apps\ml/libonnx.a(onnx.o) (resolver_default_op_Sigmoid)
C:\Users\nikol\projects\quectel\development\customer\threadx\workspace\apps\ml/libonnx.a(GatherND.o)
		C:\Users\nikol\projects\quectel\development\customer\threadx\workspace\apps\ml/libonnx.a(onnx.o) (resolver_default_op_GatherND)
C:\Users\nikol\projects\quectel\development\customer\threadx\workspace\apps\ml/libonnx.a(Less.o)
		C:\Users\nikol\projects\quectel\development\customer\threadx\workspace\apps\ml/libonnx.a(onnx.o) (resolver_default_op_Less)
C:\Users\nikol\projects\quectel\development\customer\threadx\workspace\apps\ml/libonnx.a(Abs.o)
		C:\Users\nikol\projects\quectel\development\customer\threadx\workspace\apps\ml/libonnx.a(onnx.o) (resolver_default_op_Abs)
C:\Users\nikol\projects\quectel\development\customer\threadx\workspace\apps\ml/libonnx.a(ReduceMin.o)
		C:\Users\nikol\projects\quectel\development\customer\threadx\workspace\apps\ml/libonnx.a(onnx.o) (resolver_default_op_ReduceMin)
C:\Users\nikol\projects\quectel\development\customer\threadx\workspace\apps\ml/libonnx.a(RandomNormal.o)
		C:\Users\nikol\projects\quectel\development\customer\threadx\workspace\apps\ml/libonnx.a(onnx.o) (resolver_default_op_RandomNormal)
C:\Users\nikol\projects\quectel\development\customer\threadx\workspace\apps\ml/libonnx.a(BitShift.o)
		C:\Users\nikol\projects\quectel\development\customer\threadx\workspace\apps\ml/libonnx.a(onnx.o) (resolver_default_op_BitShift)
C:\Users\nikol\projects\quectel\development\customer\threadx\workspace\apps\ml/libonnx.a(Einsum.o)
		C:\Users\nikol\projects\quectel\development\customer\threadx\workspace\apps\ml/libonnx.a(onnx.o) (resolver_default_op_Einsum)
C:\Users\nikol\projects\quectel\development\customer\threadx\workspace\apps\ml/libonnx.a(QLinearConv.o)
		C:\Users\nikol\projects\quectel\development\customer\threadx\workspace\apps\ml/libonnx.a(onnx.o) (resolver_default_op_QLinearConv)
C:\Users\nikol\projects\quectel\development\customer\threadx\workspace\apps\ml/libonnx.a(RandomUniform.o)
		C:\Users\nikol\projects\quectel\development\customer\threadx\workspace\apps\ml/libonnx.a(onnx.o) (resolver_default_op_RandomUniform)
C:\Users\nikol\projects\quectel\development\customer\threadx\workspace\apps\ml/libonnx.a(DynamicQuantizeLinear.o)
		C:\Users\nikol\projects\quectel\development\customer\threadx\workspace\apps\ml/libonnx.a(onnx.o) (resolver_default_op_DynamicQuantizeLinear)
C:\Users\nikol\projects\quectel\development\customer\threadx\workspace\apps\ml/libonnx.a(Identity.o)
		C:\Users\nikol\projects\quectel\development\customer\threadx\workspace\apps\ml/libonnx.a(onnx.o) (resolver_default_op_Identity)
C:\Users\nikol\projects\quectel\development\customer\threadx\workspace\apps\ml/libonnx.a(MatMul.o)
		C:\Users\nikol\projects\quectel\development\customer\threadx\workspace\apps\ml/libonnx.a(onnx.o) (resolver_default_op_MatMul)
C:\Users\nikol\projects\quectel\development\customer\threadx\workspace\apps\ml/libonnx.a(Mul.o)
		C:\Users\nikol\projects\quectel\development\customer\threadx\workspace\apps\ml/libonnx.a(onnx.o) (resolver_default_op_Mul)
C:\Users\nikol\projects\quectel\development\customer\threadx\workspace\apps\ml/libonnx.a(SequenceConstruct.o)
		C:\Users\nikol\projects\quectel\development\customer\threadx\workspace\apps\ml/libonnx.a(onnx.o) (resolver_default_op_SequenceConstruct)
C:\Users\nikol\projects\quectel\development\customer\threadx\workspace\apps\ml/libonnx.a(CumSum.o)
		C:\Users\nikol\projects\quectel\development\customer\threadx\workspace\apps\ml/libonnx.a(onnx.o) (resolver_default_op_CumSum)
C:\Users\nikol\projects\quectel\development\customer\threadx\workspace\apps\ml/libonnx.a(Elu.o)
		C:\Users\nikol\projects\quectel\development\customer\threadx\workspace\apps\ml/libonnx.a(onnx.o) (resolver_default_op_Elu)
C:\Users\nikol\projects\quectel\development\customer\threadx\workspace\apps\ml/libonnx.a(Gather.o)
		C:\Users\nikol\projects\quectel\development\customer\threadx\workspace\apps\ml/libonnx.a(onnx.o) (resolver_default_op_Gather)
C:\Users\nikol\projects\quectel\development\customer\threadx\workspace\apps\ml/libonnx.a(protobuf-c.o)
		C:\Users\nikol\projects\quectel\development\customer\threadx\workspace\apps\ml/libonnx.a(onnx.proto3.pb-c.o) (protobuf_c_empty_string)
C:\Users\nikol\projects\quectel\development\customer\threadx\tools\LLVM\4.0.3\armv7m-none-eabi\libc\lib/libc.a(assert.o)
		C:\Users\nikol\projects\quectel\development\customer\threadx\workspace\apps\ml/libonnx.a(onnx.proto3.pb-c.o) (__assert_fail)
C:\Users\nikol\projects\quectel\development\customer\threadx\tools\LLVM\4.0.3\armv7m-none-eabi\libc\lib/libc.a(acos.o)
		C:\Users\nikol\projects\quectel\development\customer\threadx\workspace\apps\ml/libonnx.a(Acos.o) (acos)
C:\Users\nikol\projects\quectel\development\customer\threadx\tools\LLVM\4.0.3\armv7m-none-eabi\libc\lib/libc.a(acosf.o)
		C:\Users\nikol\projects\quectel\development\customer\threadx\workspace\apps\ml/libonnx.a(Acos.o) (acosf)
C:\Users\nikol\projects\quectel\development\customer\threadx\tools\LLVM\4.0.3\armv7m-none-eabi\libc\lib/libc.a(acosh.o)
		C:\Users\nikol\projects\quectel\development\customer\threadx\workspace\apps\ml/libonnx.a(Acosh.o) (acosh)
C:\Users\nikol\projects\quectel\development\customer\threadx\tools\LLVM\4.0.3\armv7m-none-eabi\libc\lib/libc.a(acoshf.o)
		C:\Users\nikol\projects\quectel\development\customer\threadx\workspace\apps\ml/libonnx.a(Acosh.o) (acoshf)
C:\Users\nikol\projects\quectel\development\customer\threadx\tools\LLVM\4.0.3\armv7m-none-eabi\libc\lib/libc.a(sqrt.o)
		C:\Users\nikol\projects\quectel\development\customer\threadx\workspace\apps\ml/libonnx.a(ReduceL2.o) (sqrt)
C:\Users\nikol\projects\quectel\development\customer\threadx\tools\LLVM\4.0.3\armv7m-none-eabi\libc\lib/libc.a(sqrtf.o)
		C:\Users\nikol\projects\quectel\development\customer\threadx\workspace\apps\ml/libonnx.a(ReduceL2.o) (sqrtf)
C:\Users\nikol\projects\quectel\development\customer\threadx\tools\LLVM\4.0.3\armv7m-none-eabi\libc\lib/libc.a(asin.o)
		C:\Users\nikol\projects\quectel\development\customer\threadx\workspace\apps\ml/libonnx.a(Asin.o) (asin)
C:\Users\nikol\projects\quectel\development\customer\threadx\tools\LLVM\4.0.3\armv7m-none-eabi\libc\lib/libc.a(asinf.o)
		C:\Users\nikol\projects\quectel\development\customer\threadx\workspace\apps\ml/libonnx.a(Asin.o) (asinf)
C:\Users\nikol\projects\quectel\development\customer\threadx\tools\LLVM\4.0.3\armv7m-none-eabi\libc\lib/libc.a(asinh.o)
		C:\Users\nikol\projects\quectel\development\customer\threadx\workspace\apps\ml/libonnx.a(Asinh.o) (asinh)
C:\Users\nikol\projects\quectel\development\customer\threadx\tools\LLVM\4.0.3\armv7m-none-eabi\libc\lib/libc.a(asinhf.o)
		C:\Users\nikol\projects\quectel\development\customer\threadx\workspace\apps\ml/libonnx.a(Asinh.o) (asinhf)
C:\Users\nikol\projects\quectel\development\customer\threadx\tools\LLVM\4.0.3\armv7m-none-eabi\libc\lib/libc.a(atan.o)
		C:\Users\nikol\projects\quectel\development\customer\threadx\workspace\apps\ml/libonnx.a(Atan.o) (atan)
C:\Users\nikol\projects\quectel\development\customer\threadx\tools\LLVM\4.0.3\armv7m-none-eabi\libc\lib/libc.a(atanf.o)
		C:\Users\nikol\projects\quectel\development\customer\threadx\workspace\apps\ml/libonnx.a(Atan.o) (atanf)
C:\Users\nikol\projects\quectel\development\customer\threadx\tools\LLVM\4.0.3\armv7m-none-eabi\libc\lib/libc.a(atanh.o)
		C:\Users\nikol\projects\quectel\development\customer\threadx\workspace\apps\ml/libonnx.a(Atanh.o) (atanh)
C:\Users\nikol\projects\quectel\development\customer\threadx\tools\LLVM\4.0.3\armv7m-none-eabi\libc\lib/libc.a(atanhf.o)
		C:\Users\nikol\projects\quectel\development\customer\threadx\workspace\apps\ml/libonnx.a(Atanh.o) (atanhf)
C:\Users\nikol\projects\quectel\development\customer\threadx\tools\LLVM\4.0.3\armv7m-none-eabi\libc\lib/libc.a(ceil.o)
		C:\Users\nikol\projects\quectel\development\customer\threadx\workspace\apps\ml/libonnx.a(Ceil.o) (ceil)
C:\Users\nikol\projects\quectel\development\customer\threadx\tools\LLVM\4.0.3\armv7m-none-eabi\libc\lib/libc.a(ceilf.o)
		C:\Users\nikol\projects\quectel\development\customer\threadx\workspace\apps\ml/libonnx.a(AveragePool.o) (ceilf)
C:\Users\nikol\projects\quectel\development\customer\threadx\tools\LLVM\4.0.3\armv7m-none-eabi\libc\lib/libc.a(cos.o)
		C:\Users\nikol\projects\quectel\development\customer\threadx\workspace\apps\ml/libonnx.a(RandomNormalLike.o) (cos)
C:\Users\nikol\projects\quectel\development\customer\threadx\tools\LLVM\4.0.3\armv7m-none-eabi\libc\lib/libc.a(cosf.o)
		C:\Users\nikol\projects\quectel\development\customer\threadx\workspace\apps\ml/libonnx.a(RandomNormalLike.o) (cosf)
C:\Users\nikol\projects\quectel\development\customer\threadx\tools\LLVM\4.0.3\armv7m-none-eabi\libc\lib/libc.a(cosh.o)
		C:\Users\nikol\projects\quectel\development\customer\threadx\workspace\apps\ml/libonnx.a(Cosh.o) (cosh)
C:\Users\nikol\projects\quectel\development\customer\threadx\tools\LLVM\4.0.3\armv7m-none-eabi\libc\lib/libc.a(coshf.o)
		C:\Users\nikol\projects\quectel\development\customer\threadx\workspace\apps\ml/libonnx.a(Cosh.o) (coshf)
C:\Users\nikol\projects\quectel\development\customer\threadx\tools\LLVM\4.0.3\armv7m-none-eabi\libc\lib/libc.a(erf.o)
		C:\Users\nikol\projects\quectel\development\customer\threadx\workspace\apps\ml/libonnx.a(Erf.o) (erf)
C:\Users\nikol\projects\quectel\development\customer\threadx\tools\LLVM\4.0.3\armv7m-none-eabi\libc\lib/libc.a(erff.o)
		C:\Users\nikol\projects\quectel\development\customer\threadx\workspace\apps\ml/libonnx.a(Erf.o) (erff)
C:\Users\nikol\projects\quectel\development\customer\threadx\tools\LLVM\4.0.3\armv7m-none-eabi\libc\lib/libc.a(exp.o)
		C:\Users\nikol\projects\quectel\development\customer\threadx\workspace\apps\ml/libonnx.a(ReduceLogSumExp.o) (exp)
C:\Users\nikol\projects\quectel\development\customer\threadx\tools\LLVM\4.0.3\armv7m-none-eabi\libc\lib/libc.a(expf.o)
		C:\Users\nikol\projects\quectel\development\customer\threadx\workspace\apps\ml/libonnx.a(ReduceLogSumExp.o) (expf)
C:\Users\nikol\projects\quectel\development\customer\threadx\tools\LLVM\4.0.3\armv7m-none-eabi\libc\lib/libc.a(expm1.o)
		C:\Users\nikol\projects\quectel\development\customer\threadx\tools\LLVM\4.0.3\armv7m-none-eabi\libc\lib/libc.a(cosh.o) (expm1)
C:\Users\nikol\projects\quectel\development\customer\threadx\tools\LLVM\4.0.3\armv7m-none-eabi\libc\lib/libc.a(expm1f.o)
		C:\Users\nikol\projects\quectel\development\customer\threadx\tools\LLVM\4.0.3\armv7m-none-eabi\libc\lib/libc.a(coshf.o) (expm1f)
C:\Users\nikol\projects\quectel\development\customer\threadx\tools\LLVM\4.0.3\armv7m-none-eabi\libc\lib/libc.a(floor.o)
		C:\Users\nikol\projects\quectel\development\customer\threadx\workspace\apps\ml/libonnx.a(Floor.o) (floor)
C:\Users\nikol\projects\quectel\development\customer\threadx\tools\LLVM\4.0.3\armv7m-none-eabi\libc\lib/libc.a(floorf.o)
		C:\Users\nikol\projects\quectel\development\customer\threadx\workspace\apps\ml/libonnx.a(AveragePool.o) (floorf)
C:\Users\nikol\projects\quectel\development\customer\threadx\tools\LLVM\4.0.3\armv7m-none-eabi\libc\lib/libc.a(fmax.o)
		C:\Users\nikol\projects\quectel\development\customer\threadx\workspace\apps\ml/libonnx.a(Range.o) (fmax)
C:\Users\nikol\projects\quectel\development\customer\threadx\tools\LLVM\4.0.3\armv7m-none-eabi\libc\lib/libc.a(fmaxf.o)
		C:\Users\nikol\projects\quectel\development\customer\threadx\workspace\apps\ml/libonnx.a(GlobalMaxPool.o) (fmaxf)
C:\Users\nikol\projects\quectel\development\customer\threadx\tools\LLVM\4.0.3\armv7m-none-eabi\libc\lib/libc.a(fmod.o)
		C:\Users\nikol\projects\quectel\development\customer\threadx\workspace\apps\ml/libonnx.a(Mod.o) (fmod)
C:\Users\nikol\projects\quectel\development\customer\threadx\tools\LLVM\4.0.3\armv7m-none-eabi\libc\lib/libc.a(fmodf.o)
		C:\Users\nikol\projects\quectel\development\customer\threadx\workspace\apps\ml/libonnx.a(Mod.o) (fmodf)
C:\Users\nikol\projects\quectel\development\customer\threadx\tools\LLVM\4.0.3\armv7m-none-eabi\libc\lib/libc.a(log.o)
		C:\Users\nikol\projects\quectel\development\customer\threadx\workspace\apps\ml/libonnx.a(ReduceLogSumExp.o) (log)
C:\Users\nikol\projects\quectel\development\customer\threadx\tools\LLVM\4.0.3\armv7m-none-eabi\libc\lib/libc.a(log1p.o)
		C:\Users\nikol\projects\quectel\development\customer\threadx\tools\LLVM\4.0.3\armv7m-none-eabi\libc\lib/libc.a(acosh.o) (log1p)
C:\Users\nikol\projects\quectel\development\customer\threadx\tools\LLVM\4.0.3\armv7m-none-eabi\libc\lib/libc.a(log1pf.o)
		C:\Users\nikol\projects\quectel\development\customer\threadx\tools\LLVM\4.0.3\armv7m-none-eabi\libc\lib/libc.a(acoshf.o) (log1pf)
C:\Users\nikol\projects\quectel\development\customer\threadx\tools\LLVM\4.0.3\armv7m-none-eabi\libc\lib/libc.a(logf.o)
		C:\Users\nikol\projects\quectel\development\customer\threadx\workspace\apps\ml/libonnx.a(ReduceLogSumExp.o) (logf)
C:\Users\nikol\projects\quectel\development\customer\threadx\tools\LLVM\4.0.3\armv7m-none-eabi\libc\lib/libc.a(nearbyint.o)
		C:\Users\nikol\projects\quectel\development\customer\threadx\workspace\apps\ml/libonnx.a(Round.o) (nearbyint)
C:\Users\nikol\projects\quectel\development\customer\threadx\tools\LLVM\4.0.3\armv7m-none-eabi\libc\lib/libc.a(pow.o)
		C:\Users\nikol\projects\quectel\development\customer\threadx\workspace\apps\ml/libonnx.a(LRN.o) (pow)
C:\Users\nikol\projects\quectel\development\customer\threadx\tools\LLVM\4.0.3\armv7m-none-eabi\libc\lib/libc.a(powf.o)
		C:\Users\nikol\projects\quectel\development\customer\threadx\workspace\apps\ml/libonnx.a(LRN.o) (powf)
C:\Users\nikol\projects\quectel\development\customer\threadx\tools\LLVM\4.0.3\armv7m-none-eabi\libc\lib/libc.a(rint.o)
		C:\Users\nikol\projects\quectel\development\customer\threadx\tools\LLVM\4.0.3\armv7m-none-eabi\libc\lib/libc.a(nearbyint.o) (rint)
C:\Users\nikol\projects\quectel\development\customer\threadx\tools\LLVM\4.0.3\armv7m-none-eabi\libc\lib/libc.a(rintf.o)
		C:\Users\nikol\projects\quectel\development\customer\threadx\workspace\apps\ml/libonnx.a(Round.o) (rintf)
C:\Users\nikol\projects\quectel\development\customer\threadx\tools\LLVM\4.0.3\armv7m-none-eabi\libc\lib/libc.a(scalbn.o)
		C:\Users\nikol\projects\quectel\development\customer\threadx\tools\LLVM\4.0.3\armv7m-none-eabi\libc\lib/libc.a(exp.o) (scalbn)
C:\Users\nikol\projects\quectel\development\customer\threadx\tools\LLVM\4.0.3\armv7m-none-eabi\libc\lib/libc.a(scalbnf.o)
		C:\Users\nikol\projects\quectel\development\customer\threadx\tools\LLVM\4.0.3\armv7m-none-eabi\libc\lib/libc.a(expf.o) (scalbnf)
C:\Users\nikol\projects\quectel\development\customer\threadx\tools\LLVM\4.0.3\armv7m-none-eabi\libc\lib/libc.a(sin.o)
		C:\Users\nikol\projects\quectel\development\customer\threadx\workspace\apps\ml/libonnx.a(Sin.o) (sin)
C:\Users\nikol\projects\quectel\development\customer\threadx\tools\LLVM\4.0.3\armv7m-none-eabi\libc\lib/libc.a(sinf.o)
		C:\Users\nikol\projects\quectel\development\customer\threadx\workspace\apps\ml/libonnx.a(Sin.o) (sinf)
C:\Users\nikol\projects\quectel\development\customer\threadx\tools\LLVM\4.0.3\armv7m-none-eabi\libc\lib/libc.a(sinh.o)
		C:\Users\nikol\projects\quectel\development\customer\threadx\workspace\apps\ml/libonnx.a(Sinh.o) (sinh)
C:\Users\nikol\projects\quectel\development\customer\threadx\tools\LLVM\4.0.3\armv7m-none-eabi\libc\lib/libc.a(sinhf.o)
		C:\Users\nikol\projects\quectel\development\customer\threadx\workspace\apps\ml/libonnx.a(Sinh.o) (sinhf)
C:\Users\nikol\projects\quectel\development\customer\threadx\tools\LLVM\4.0.3\armv7m-none-eabi\libc\lib/libc.a(tan.o)
		C:\Users\nikol\projects\quectel\development\customer\threadx\workspace\apps\ml/libonnx.a(Tan.o) (tan)
C:\Users\nikol\projects\quectel\development\customer\threadx\tools\LLVM\4.0.3\armv7m-none-eabi\libc\lib/libc.a(tanf.o)
		C:\Users\nikol\projects\quectel\development\customer\threadx\workspace\apps\ml/libonnx.a(Tan.o) (tanf)
C:\Users\nikol\projects\quectel\development\customer\threadx\tools\LLVM\4.0.3\armv7m-none-eabi\libc\lib/libc.a(tanh.o)
		C:\Users\nikol\projects\quectel\development\customer\threadx\workspace\apps\ml/libonnx.a(Tanh.o) (tanh)
C:\Users\nikol\projects\quectel\development\customer\threadx\tools\LLVM\4.0.3\armv7m-none-eabi\libc\lib/libc.a(tanhf.o)
		C:\Users\nikol\projects\quectel\development\customer\threadx\workspace\apps\ml/libonnx.a(Tanh.o) (tanhf)
C:\Users\nikol\projects\quectel\development\customer\threadx\tools\LLVM\4.0.3\armv7m-none-eabi\libc\lib/libc.a(rand.o)
		C:\Users\nikol\projects\quectel\development\customer\threadx\workspace\apps\ml/libonnx.a(Multinomial.o) (srand)
C:\Users\nikol\projects\quectel\development\customer\threadx\tools\LLVM\4.0.3\armv7m-none-eabi\libc\lib/libc.a(fflush.o)
		C:\Users\nikol\projects\quectel\development\customer\threadx\tools\LLVM\4.0.3\armv7m-none-eabi\libc\lib/libc.a(assert.o) (fflush)
C:\Users\nikol\projects\quectel\development\customer\threadx\tools\LLVM\4.0.3\armv7m-none-eabi\libc\lib/libc.a(fprintf.o)
		C:\Users\nikol\projects\quectel\development\customer\threadx\tools\LLVM\4.0.3\armv7m-none-eabi\libc\lib/libc.a(assert.o) (fprintf)
C:\Users\nikol\projects\quectel\development\customer\threadx\tools\LLVM\4.0.3\armv7m-none-eabi\libc\lib/libc.a(sprintf.o)
		out/src/main.o (sprintf)
C:\Users\nikol\projects\quectel\development\customer\threadx\tools\LLVM\4.0.3\armv7m-none-eabi\libc\lib/libc.a(stderr.o)
		C:\Users\nikol\projects\quectel\development\customer\threadx\tools\LLVM\4.0.3\armv7m-none-eabi\libc\lib/libc.a(assert.o) (stderr)
C:\Users\nikol\projects\quectel\development\customer\threadx\tools\LLVM\4.0.3\armv7m-none-eabi\libc\lib/libc.a(vsprintf.o)
		C:\Users\nikol\projects\quectel\development\customer\threadx\tools\LLVM\4.0.3\armv7m-none-eabi\libc\lib/libc.a(sprintf.o) (vsprintf)
C:\Users\nikol\projects\quectel\development\customer\threadx\tools\LLVM\4.0.3\armv7m-none-eabi\libc\lib/libc.a(strtod.o)
		C:\Users\nikol\projects\quectel\development\customer\threadx\workspace\apps\ml/libonnx.a(Cast.o) (strtod)
C:\Users\nikol\projects\quectel\development\customer\threadx\tools\LLVM\4.0.3\armv7m-none-eabi\libc\lib/libc.a(strtol.o)
		C:\Users\nikol\projects\quectel\development\customer\threadx\workspace\apps\ml/libonnx.a(Cast.o) (strtoull)
C:\Users\nikol\projects\quectel\development\customer\threadx\tools\LLVM\4.0.3\armv7m-none-eabi\libc\lib/libc.a(__aeabi_memclr.o)
		C:\Users\nikol\projects\quectel\development\customer\threadx\tools\LLVM\4.0.3\armv7m-none-eabi\libc\lib/libc.a(strtod.o) (__aeabi_memclr8)
C:\Users\nikol\projects\quectel\development\customer\threadx\tools\LLVM\4.0.3\armv7m-none-eabi\libc\lib/libc.a(memcpy_le.o)
		out/common/src/malloc.o (memcpy)
C:\Users\nikol\projects\quectel\development\customer\threadx\tools\LLVM\4.0.3\armv7m-none-eabi\libc\lib/libc.a(memset_nofp_armv7.o)
		out/common/src/malloc.o (memset)
C:\Users\nikol\projects\quectel\development\customer\threadx\tools\LLVM\4.0.3\armv7m-none-eabi\libc\lib/libc.a(memcmp.o)
		C:\Users\nikol\projects\quectel\development\customer\threadx\workspace\apps\ml/libonnx.a(onnx.o) (memcmp)
C:\Users\nikol\projects\quectel\development\customer\threadx\tools\LLVM\4.0.3\armv7m-none-eabi\libc\lib/libc.a(memmove.o)
		C:\Users\nikol\projects\quectel\development\customer\threadx\workspace\apps\ml/libonnx.a(protobuf-c.o) (memmove)
C:\Users\nikol\projects\quectel\development\customer\threadx\tools\LLVM\4.0.3\armv7m-none-eabi\libc\lib/libc.a(strcmp.o)
		out/common/src/file.o (strcmp)
C:\Users\nikol\projects\quectel\development\customer\threadx\tools\LLVM\4.0.3\armv7m-none-eabi\libc\lib/libc.a(strdup.o)
		C:\Users\nikol\projects\quectel\development\customer\threadx\workspace\apps\ml/libonnx.a(hmap.o) (strdup)
C:\Users\nikol\projects\quectel\development\customer\threadx\tools\LLVM\4.0.3\armv7m-none-eabi\libc\lib/libc.a(strlen.o)
		out/common/src/retarget.o (strlen)
C:\Users\nikol\projects\quectel\development\customer\threadx\tools\LLVM\4.0.3\armv7m-none-eabi\libc\lib/libc.a(floatscan.o)
		C:\Users\nikol\projects\quectel\development\customer\threadx\tools\LLVM\4.0.3\armv7m-none-eabi\libc\lib/libc.a(strtod.o) (__floatscan)
C:\Users\nikol\projects\quectel\development\customer\threadx\tools\LLVM\4.0.3\armv7m-none-eabi\libc\lib/libc.a(intscan.o)
		C:\Users\nikol\projects\quectel\development\customer\threadx\tools\LLVM\4.0.3\armv7m-none-eabi\libc\lib/libc.a(strtol.o) (__intscan)
C:\Users\nikol\projects\quectel\development\customer\threadx\tools\LLVM\4.0.3\armv7m-none-eabi\libc\lib/libc.a(shgetc.o)
		C:\Users\nikol\projects\quectel\development\customer\threadx\tools\LLVM\4.0.3\armv7m-none-eabi\libc\lib/libc.a(strtod.o) (__shlim)
C:\Users\nikol\projects\quectel\development\customer\threadx\tools\LLVM\4.0.3\armv7m-none-eabi\libc\lib/libc.a(__cos.o)
		C:\Users\nikol\projects\quectel\development\customer\threadx\tools\LLVM\4.0.3\armv7m-none-eabi\libc\lib/libc.a(cos.o) (__cos)
C:\Users\nikol\projects\quectel\development\customer\threadx\tools\LLVM\4.0.3\armv7m-none-eabi\libc\lib/libc.a(__cosdf.o)
		C:\Users\nikol\projects\quectel\development\customer\threadx\tools\LLVM\4.0.3\armv7m-none-eabi\libc\lib/libc.a(cosf.o) (__cosdf)
C:\Users\nikol\projects\quectel\development\customer\threadx\tools\LLVM\4.0.3\armv7m-none-eabi\libc\lib/libc.a(__expo2.o)
		C:\Users\nikol\projects\quectel\development\customer\threadx\tools\LLVM\4.0.3\armv7m-none-eabi\libc\lib/libc.a(cosh.o) (__expo2)
C:\Users\nikol\projects\quectel\development\customer\threadx\tools\LLVM\4.0.3\armv7m-none-eabi\libc\lib/libc.a(__expo2f.o)
		C:\Users\nikol\projects\quectel\development\customer\threadx\tools\LLVM\4.0.3\armv7m-none-eabi\libc\lib/libc.a(coshf.o) (__expo2f)
C:\Users\nikol\projects\quectel\development\customer\threadx\tools\LLVM\4.0.3\armv7m-none-eabi\libc\lib/libc.a(__rem_pio2.o)
		C:\Users\nikol\projects\quectel\development\customer\threadx\tools\LLVM\4.0.3\armv7m-none-eabi\libc\lib/libc.a(cos.o) (__rem_pio2)
C:\Users\nikol\projects\quectel\development\customer\threadx\tools\LLVM\4.0.3\armv7m-none-eabi\libc\lib/libc.a(__rem_pio2_large.o)
		C:\Users\nikol\projects\quectel\development\customer\threadx\tools\LLVM\4.0.3\armv7m-none-eabi\libc\lib/libc.a(__rem_pio2.o) (__rem_pio2_large)
C:\Users\nikol\projects\quectel\development\customer\threadx\tools\LLVM\4.0.3\armv7m-none-eabi\libc\lib/libc.a(__rem_pio2f.o)
		C:\Users\nikol\projects\quectel\development\customer\threadx\tools\LLVM\4.0.3\armv7m-none-eabi\libc\lib/libc.a(cosf.o) (__rem_pio2f)
C:\Users\nikol\projects\quectel\development\customer\threadx\tools\LLVM\4.0.3\armv7m-none-eabi\libc\lib/libc.a(__sin.o)
		C:\Users\nikol\projects\quectel\development\customer\threadx\tools\LLVM\4.0.3\armv7m-none-eabi\libc\lib/libc.a(cos.o) (__sin)
C:\Users\nikol\projects\quectel\development\customer\threadx\tools\LLVM\4.0.3\armv7m-none-eabi\libc\lib/libc.a(__sindf.o)
		C:\Users\nikol\projects\quectel\development\customer\threadx\tools\LLVM\4.0.3\armv7m-none-eabi\libc\lib/libc.a(cosf.o) (__sindf)
C:\Users\nikol\projects\quectel\development\customer\threadx\tools\LLVM\4.0.3\armv7m-none-eabi\libc\lib/libc.a(__tan.o)
		C:\Users\nikol\projects\quectel\development\customer\threadx\tools\LLVM\4.0.3\armv7m-none-eabi\libc\lib/libc.a(tan.o) (__tan)
C:\Users\nikol\projects\quectel\development\customer\threadx\tools\LLVM\4.0.3\armv7m-none-eabi\libc\lib/libc.a(__tandf.o)
		C:\Users\nikol\projects\quectel\development\customer\threadx\tools\LLVM\4.0.3\armv7m-none-eabi\libc\lib/libc.a(tanf.o) (__tandf)
C:\Users\nikol\projects\quectel\development\customer\threadx\tools\LLVM\4.0.3\armv7m-none-eabi\libc\lib/libc.a(fabs.o)
		C:\Users\nikol\projects\quectel\development\customer\threadx\tools\LLVM\4.0.3\armv7m-none-eabi\libc\lib/libc.a(asin.o) (fabs)
C:\Users\nikol\projects\quectel\development\customer\threadx\tools\LLVM\4.0.3\armv7m-none-eabi\libc\lib/libc.a(fabsf.o)
		C:\Users\nikol\projects\quectel\development\customer\threadx\tools\LLVM\4.0.3\armv7m-none-eabi\libc\lib/libc.a(asinf.o) (fabsf)
C:\Users\nikol\projects\quectel\development\customer\threadx\tools\LLVM\4.0.3\armv7m-none-eabi\libc\lib/libc.a(copysignl.o)
		C:\Users\nikol\projects\quectel\development\customer\threadx\tools\LLVM\4.0.3\armv7m-none-eabi\libc\lib/libc.a(floatscan.o) (copysignl)
C:\Users\nikol\projects\quectel\development\customer\threadx\tools\LLVM\4.0.3\armv7m-none-eabi\libc\lib/libc.a(fmodl.o)
		C:\Users\nikol\projects\quectel\development\customer\threadx\tools\LLVM\4.0.3\armv7m-none-eabi\libc\lib/libc.a(floatscan.o) (fmodl)
C:\Users\nikol\projects\quectel\development\customer\threadx\tools\LLVM\4.0.3\armv7m-none-eabi\libc\lib/libc.a(scalbnl.o)
		C:\Users\nikol\projects\quectel\development\customer\threadx\tools\LLVM\4.0.3\armv7m-none-eabi\libc\lib/libc.a(floatscan.o) (scalbnl)
C:\Users\nikol\projects\quectel\development\customer\threadx\tools\LLVM\4.0.3\armv7m-none-eabi\libc\lib/libc.a(__uflow.o)
		C:\Users\nikol\projects\quectel\development\customer\threadx\tools\LLVM\4.0.3\armv7m-none-eabi\libc\lib/libc.a(shgetc.o) (__uflow)
C:\Users\nikol\projects\quectel\development\customer\threadx\tools\LLVM\4.0.3\armv7m-none-eabi\libc\lib/libc.a(__lockfile.o)
		C:\Users\nikol\projects\quectel\development\customer\threadx\tools\LLVM\4.0.3\armv7m-none-eabi\libc\lib/libc.a(fflush.o) (__lockfile)
C:\Users\nikol\projects\quectel\development\customer\threadx\tools\LLVM\4.0.3\armv7m-none-eabi\libc\lib/libc.a(__stdio_close.o)
		C:\Users\nikol\projects\quectel\development\customer\threadx\tools\LLVM\4.0.3\armv7m-none-eabi\libc\lib/libc.a(stderr.o) (__stdio_close)
C:\Users\nikol\projects\quectel\development\customer\threadx\tools\LLVM\4.0.3\armv7m-none-eabi\libc\lib/libc.a(__stdio_seek.o)
		C:\Users\nikol\projects\quectel\development\customer\threadx\tools\LLVM\4.0.3\armv7m-none-eabi\libc\lib/libc.a(stderr.o) (__stdio_seek)
C:\Users\nikol\projects\quectel\development\customer\threadx\tools\LLVM\4.0.3\armv7m-none-eabi\libc\lib/libc.a(__stdio_write.o)
		C:\Users\nikol\projects\quectel\development\customer\threadx\tools\LLVM\4.0.3\armv7m-none-eabi\libc\lib/libc.a(stderr.o) (__stdio_write)
C:\Users\nikol\projects\quectel\development\customer\threadx\tools\LLVM\4.0.3\armv7m-none-eabi\libc\lib/libc.a(ofl.o)
		C:\Users\nikol\projects\quectel\development\customer\threadx\tools\LLVM\4.0.3\armv7m-none-eabi\libc\lib/libc.a(fflush.o) (__ofl_lock)
C:\Users\nikol\projects\quectel\development\customer\threadx\tools\LLVM\4.0.3\armv7m-none-eabi\libc\lib/libc.a(vfprintf.o)
		C:\Users\nikol\projects\quectel\development\customer\threadx\tools\LLVM\4.0.3\armv7m-none-eabi\libc\lib/libc.a(fprintf.o) (vfprintf)
C:\Users\nikol\projects\quectel\development\customer\threadx\tools\LLVM\4.0.3\armv7m-none-eabi\libc\lib/libc.a(fwrite.o)
		C:\Users\nikol\projects\quectel\development\customer\threadx\tools\LLVM\4.0.3\armv7m-none-eabi\libc\lib/libc.a(vfprintf.o) (__fwritex)
C:\Users\nikol\projects\quectel\development\customer\threadx\tools\LLVM\4.0.3\armv7m-none-eabi\libc\lib/libc.a(vsnprintf.o)
		C:\Users\nikol\projects\quectel\development\customer\threadx\tools\LLVM\4.0.3\armv7m-none-eabi\libc\lib/libc.a(vfprintf.o) (vsnprintf_full)
C:\Users\nikol\projects\quectel\development\customer\threadx\tools\LLVM\4.0.3\armv7m-none-eabi\libc\lib/libc.a(__aeabi_memcpy.o)
		C:\Users\nikol\projects\quectel\development\customer\threadx\tools\LLVM\4.0.3\armv7m-none-eabi\libc\lib/libc.a(vsnprintf.o) (__aeabi_memcpy8)
C:\Users\nikol\projects\quectel\development\customer\threadx\tools\LLVM\4.0.3\armv7m-none-eabi\libc\lib/libc.a(memchr.o)
		C:\Users\nikol\projects\quectel\development\customer\threadx\tools\LLVM\4.0.3\armv7m-none-eabi\libc\lib/libc.a(vfprintf.o) (memchr)
C:\Users\nikol\projects\quectel\development\customer\threadx\tools\LLVM\4.0.3\armv7m-none-eabi\libc\lib/libc.a(__errno_location.o)
		C:\Users\nikol\projects\quectel\development\customer\threadx\tools\LLVM\4.0.3\armv7m-none-eabi\libc\lib/libc.a(floatscan.o) (__errno_location)
C:\Users\nikol\projects\quectel\development\customer\threadx\tools\LLVM\4.0.3\armv7m-none-eabi\libc\lib/libc.a(strerror.o)
		C:\Users\nikol\projects\quectel\development\customer\threadx\tools\LLVM\4.0.3\armv7m-none-eabi\libc\lib/libc.a(vfprintf.o) (strerror)
C:\Users\nikol\projects\quectel\development\customer\threadx\tools\LLVM\4.0.3\armv7m-none-eabi\libc\lib/libc.a(__lctrans.o)
		C:\Users\nikol\projects\quectel\development\customer\threadx\tools\LLVM\4.0.3\armv7m-none-eabi\libc\lib/libc.a(strerror.o) (__lctrans)
C:\Users\nikol\projects\quectel\development\customer\threadx\tools\LLVM\4.0.3\armv7m-none-eabi\libc\lib/libc.a(copysign.o)
		C:\Users\nikol\projects\quectel\development\customer\threadx\tools\LLVM\4.0.3\armv7m-none-eabi\libc\lib/libc.a(copysignl.o) (copysign)
C:\Users\nikol\projects\quectel\development\customer\threadx\tools\LLVM\4.0.3\armv7m-none-eabi\libc\lib/libc.a(wctomb.o)
		C:\Users\nikol\projects\quectel\development\customer\threadx\tools\LLVM\4.0.3\armv7m-none-eabi\libc\lib/libc.a(vfprintf.o) (wctomb)
C:\Users\nikol\projects\quectel\development\customer\threadx\tools\LLVM\4.0.3\armv7m-none-eabi\libc\lib/libc.a(__toread.o)
		C:\Users\nikol\projects\quectel\development\customer\threadx\tools\LLVM\4.0.3\armv7m-none-eabi\libc\lib/libc.a(__uflow.o) (__toread)
C:\Users\nikol\projects\quectel\development\customer\threadx\tools\LLVM\4.0.3\armv7m-none-eabi\libc\lib/libc.a(__towrite.o)
		C:\Users\nikol\projects\quectel\development\customer\threadx\tools\LLVM\4.0.3\armv7m-none-eabi\libc\lib/libc.a(fwrite.o) (__towrite)
C:\Users\nikol\projects\quectel\development\customer\threadx\tools\LLVM\4.0.3\armv7m-none-eabi\libc\lib/libc.a(wcrtomb.o)
		C:\Users\nikol\projects\quectel\development\customer\threadx\tools\LLVM\4.0.3\armv7m-none-eabi\libc\lib/libc.a(wctomb.o) (wcrtomb)
C:\Users\nikol\projects\quectel\development\customer\threadx\tools\LLVM\4.0.3\armv7m-none-eabi\libc\lib/libc.a(__stdio_exit.o)
		C:\Users\nikol\projects\quectel\development\customer\threadx\tools\LLVM\4.0.3\armv7m-none-eabi\libc\lib/libc.a(__toread.o) (__stdio_exit_needed)
C:\Users\nikol\projects\quectel\development\customer\threadx\tools\LLVM\4.0.3\lib\clang\4.0.3\lib\baremetal/libclang_rt.builtins-armv7m.a(aeabi_dcmp.S.obj)
		C:\Users\nikol\projects\quectel\development\customer\threadx\workspace\apps\ml/libonnx.a(LogSoftmax.o) (__aeabi_dcmpeq)
C:\Users\nikol\projects\quectel\development\customer\threadx\tools\LLVM\4.0.3\lib\clang\4.0.3\lib\baremetal/libclang_rt.builtins-armv7m.a(aeabi_fcmp.S.obj)
		C:\Users\nikol\projects\quectel\development\customer\threadx\workspace\apps\ml/libonnx.a(Multinomial.o) (__aeabi_fcmpeq)
C:\Users\nikol\projects\quectel\development\customer\threadx\tools\LLVM\4.0.3\lib\clang\4.0.3\lib\baremetal/libclang_rt.builtins-armv7m.a(aeabi_idivmod.S.obj)
		C:\Users\nikol\projects\quectel\development\customer\threadx\workspace\apps\ml/libonnx.a(Sub.o) (__aeabi_idivmod)
C:\Users\nikol\projects\quectel\development\customer\threadx\tools\LLVM\4.0.3\lib\clang\4.0.3\lib\baremetal/libclang_rt.builtins-armv7m.a(aeabi_ldivmod.S.obj)
		C:\Users\nikol\projects\quectel\development\customer\threadx\workspace\apps\ml/libonnx.a(ReduceMean.o) (__aeabi_ldivmod)
C:\Users\nikol\projects\quectel\development\customer\threadx\tools\LLVM\4.0.3\lib\clang\4.0.3\lib\baremetal/libclang_rt.builtins-armv7m.a(aeabi_uidivmod.S.obj)
		C:\Users\nikol\projects\quectel\development\customer\threadx\workspace\apps\ml/libonnx.a(onnx.o) (__aeabi_uidivmod)
C:\Users\nikol\projects\quectel\development\customer\threadx\tools\LLVM\4.0.3\lib\clang\4.0.3\lib\baremetal/libclang_rt.builtins-armv7m.a(aeabi_uldivmod.S.obj)
		out/common/src/printf.o (__aeabi_uldivmod)
C:\Users\nikol\projects\quectel\development\customer\threadx\tools\LLVM\4.0.3\lib\clang\4.0.3\lib\baremetal/libclang_rt.builtins-armv7m.a(adddf3.c.obj)
		C:\Users\nikol\projects\quectel\development\customer\threadx\workspace\apps\ml/libonnx.a(LRN.o) (__aeabi_dadd)
C:\Users\nikol\projects\quectel\development\customer\threadx\tools\LLVM\4.0.3\lib\clang\4.0.3\lib\baremetal/libclang_rt.builtins-armv7m.a(addsf3.c.obj)
		C:\Users\nikol\projects\quectel\development\customer\threadx\workspace\apps\ml/libonnx.a(LRN.o) (__aeabi_fadd)
C:\Users\nikol\projects\quectel\development\customer\threadx\tools\LLVM\4.0.3\lib\clang\4.0.3\lib\baremetal/libclang_rt.builtins-armv7m.a(comparedf2.c.obj)
		C:\Users\nikol\projects\quectel\development\customer\threadx\tools\LLVM\4.0.3\lib\clang\4.0.3\lib\baremetal/libclang_rt.builtins-armv7m.a(aeabi_dcmp.S.obj) (__eqdf2)
C:\Users\nikol\projects\quectel\development\customer\threadx\tools\LLVM\4.0.3\lib\clang\4.0.3\lib\baremetal/libclang_rt.builtins-armv7m.a(comparesf2.c.obj)
		C:\Users\nikol\projects\quectel\development\customer\threadx\tools\LLVM\4.0.3\lib\clang\4.0.3\lib\baremetal/libclang_rt.builtins-armv7m.a(aeabi_fcmp.S.obj) (__eqsf2)
C:\Users\nikol\projects\quectel\development\customer\threadx\tools\LLVM\4.0.3\lib\clang\4.0.3\lib\baremetal/libclang_rt.builtins-armv7m.a(divdf3.c.obj)
		C:\Users\nikol\projects\quectel\development\customer\threadx\workspace\apps\ml/libonnx.a(Multinomial.o) (__aeabi_ddiv)
C:\Users\nikol\projects\quectel\development\customer\threadx\tools\LLVM\4.0.3\lib\clang\4.0.3\lib\baremetal/libclang_rt.builtins-armv7m.a(divmoddi4.c.obj)
		C:\Users\nikol\projects\quectel\development\customer\threadx\tools\LLVM\4.0.3\lib\clang\4.0.3\lib\baremetal/libclang_rt.builtins-armv7m.a(aeabi_ldivmod.S.obj) (__divmoddi4)
C:\Users\nikol\projects\quectel\development\customer\threadx\tools\LLVM\4.0.3\lib\clang\4.0.3\lib\baremetal/libclang_rt.builtins-armv7m.a(divmodsi4.c.obj)
		C:\Users\nikol\projects\quectel\development\customer\threadx\tools\LLVM\4.0.3\lib\clang\4.0.3\lib\baremetal/libclang_rt.builtins-armv7m.a(aeabi_idivmod.S.obj) (__divmodsi4)
C:\Users\nikol\projects\quectel\development\customer\threadx\tools\LLVM\4.0.3\lib\clang\4.0.3\lib\baremetal/libclang_rt.builtins-armv7m.a(divsf3.c.obj)
		C:\Users\nikol\projects\quectel\development\customer\threadx\workspace\apps\ml/libonnx.a(LRN.o) (__aeabi_fdiv)
C:\Users\nikol\projects\quectel\development\customer\threadx\tools\LLVM\4.0.3\lib\clang\4.0.3\lib\baremetal/libclang_rt.builtins-armv7m.a(divsi3.c.obj)
		C:\Users\nikol\projects\quectel\development\customer\threadx\workspace\apps\ml/libonnx.a(Div.o) (__aeabi_idiv)
C:\Users\nikol\projects\quectel\development\customer\threadx\tools\LLVM\4.0.3\lib\clang\4.0.3\lib\baremetal/libclang_rt.builtins-armv7m.a(extendsfdf2.c.obj)
		C:\Users\nikol\projects\quectel\development\customer\threadx\workspace\apps\ml/libonnx.a(onnx.o) (__aeabi_f2d)
C:\Users\nikol\projects\quectel\development\customer\threadx\tools\LLVM\4.0.3\lib\clang\4.0.3\lib\baremetal/libclang_rt.builtins-armv7m.a(fixdfdi.c.obj)
		C:\Users\nikol\projects\quectel\development\customer\threadx\workspace\apps\ml/libonnx.a(Range.o) (__aeabi_d2lz)
C:\Users\nikol\projects\quectel\development\customer\threadx\tools\LLVM\4.0.3\lib\clang\4.0.3\lib\baremetal/libclang_rt.builtins-armv7m.a(fixdfsi.c.obj)
		C:\Users\nikol\projects\quectel\development\customer\threadx\workspace\apps\ml/libonnx.a(Range.o) (__aeabi_d2iz)
C:\Users\nikol\projects\quectel\development\customer\threadx\tools\LLVM\4.0.3\lib\clang\4.0.3\lib\baremetal/libclang_rt.builtins-armv7m.a(fixsfdi.c.obj)
		C:\Users\nikol\projects\quectel\development\customer\threadx\workspace\apps\ml/libonnx.a(ReduceL2.o) (__aeabi_f2lz)
C:\Users\nikol\projects\quectel\development\customer\threadx\tools\LLVM\4.0.3\lib\clang\4.0.3\lib\baremetal/libclang_rt.builtins-armv7m.a(fixsfsi.c.obj)
		C:\Users\nikol\projects\quectel\development\customer\threadx\workspace\apps\ml/libonnx.a(ReduceL2.o) (__aeabi_f2iz)
C:\Users\nikol\projects\quectel\development\customer\threadx\tools\LLVM\4.0.3\lib\clang\4.0.3\lib\baremetal/libclang_rt.builtins-armv7m.a(fixunsdfdi.c.obj)
		C:\Users\nikol\projects\quectel\development\customer\threadx\workspace\apps\ml/libonnx.a(Erf.o) (__aeabi_d2ulz)
C:\Users\nikol\projects\quectel\development\customer\threadx\tools\LLVM\4.0.3\lib\clang\4.0.3\lib\baremetal/libclang_rt.builtins-armv7m.a(fixunsdfsi.c.obj)
		C:\Users\nikol\projects\quectel\development\customer\threadx\workspace\apps\ml/libonnx.a(Cast.o) (__aeabi_d2uiz)
C:\Users\nikol\projects\quectel\development\customer\threadx\tools\LLVM\4.0.3\lib\clang\4.0.3\lib\baremetal/libclang_rt.builtins-armv7m.a(fixunssfdi.c.obj)
		C:\Users\nikol\projects\quectel\development\customer\threadx\workspace\apps\ml/libonnx.a(ReduceL2.o) (__aeabi_f2ulz)
C:\Users\nikol\projects\quectel\development\customer\threadx\tools\LLVM\4.0.3\lib\clang\4.0.3\lib\baremetal/libclang_rt.builtins-armv7m.a(fixunssfsi.c.obj)
		C:\Users\nikol\projects\quectel\development\customer\threadx\workspace\apps\ml/libonnx.a(Multinomial.o) (__aeabi_f2uiz)
C:\Users\nikol\projects\quectel\development\customer\threadx\tools\LLVM\4.0.3\lib\clang\4.0.3\lib\baremetal/libclang_rt.builtins-armv7m.a(floatdidf.c.obj)
		C:\Users\nikol\projects\quectel\development\customer\threadx\workspace\apps\ml/libonnx.a(Range.o) (__aeabi_l2d)
C:\Users\nikol\projects\quectel\development\customer\threadx\tools\LLVM\4.0.3\lib\clang\4.0.3\lib\baremetal/libclang_rt.builtins-armv7m.a(floatdisf.c.obj)
		C:\Users\nikol\projects\quectel\development\customer\threadx\workspace\apps\ml/libonnx.a(ReduceL2.o) (__aeabi_l2f)
C:\Users\nikol\projects\quectel\development\customer\threadx\tools\LLVM\4.0.3\lib\clang\4.0.3\lib\baremetal/libclang_rt.builtins-armv7m.a(floatsidf.c.obj)
		C:\Users\nikol\projects\quectel\development\customer\threadx\workspace\apps\ml/libonnx.a(Multinomial.o) (__aeabi_i2d)
C:\Users\nikol\projects\quectel\development\customer\threadx\tools\LLVM\4.0.3\lib\clang\4.0.3\lib\baremetal/libclang_rt.builtins-armv7m.a(floatsisf.c.obj)
		C:\Users\nikol\projects\quectel\development\customer\threadx\workspace\apps\ml/libonnx.a(LRN.o) (__aeabi_i2f)
C:\Users\nikol\projects\quectel\development\customer\threadx\tools\LLVM\4.0.3\lib\clang\4.0.3\lib\baremetal/libclang_rt.builtins-armv7m.a(floatundidf.c.obj)
		C:\Users\nikol\projects\quectel\development\customer\threadx\workspace\apps\ml/libonnx.a(Range.o) (__aeabi_ul2d)
C:\Users\nikol\projects\quectel\development\customer\threadx\tools\LLVM\4.0.3\lib\clang\4.0.3\lib\baremetal/libclang_rt.builtins-armv7m.a(floatundisf.c.obj)
		C:\Users\nikol\projects\quectel\development\customer\threadx\workspace\apps\ml/libonnx.a(ReduceL2.o) (__aeabi_ul2f)
C:\Users\nikol\projects\quectel\development\customer\threadx\tools\LLVM\4.0.3\lib\clang\4.0.3\lib\baremetal/libclang_rt.builtins-armv7m.a(floatunsidf.c.obj)
		C:\Users\nikol\projects\quectel\development\customer\threadx\workspace\apps\ml/libonnx.a(Range.o) (__aeabi_ui2d)
C:\Users\nikol\projects\quectel\development\customer\threadx\tools\LLVM\4.0.3\lib\clang\4.0.3\lib\baremetal/libclang_rt.builtins-armv7m.a(floatunsisf.c.obj)
		C:\Users\nikol\projects\quectel\development\customer\threadx\workspace\apps\ml/libonnx.a(ReduceL2.o) (__aeabi_ui2f)
C:\Users\nikol\projects\quectel\development\customer\threadx\tools\LLVM\4.0.3\lib\clang\4.0.3\lib\baremetal/libclang_rt.builtins-armv7m.a(muldf3.c.obj)
		C:\Users\nikol\projects\quectel\development\customer\threadx\workspace\apps\ml/libonnx.a(LRN.o) (__aeabi_dmul)
C:\Users\nikol\projects\quectel\development\customer\threadx\tools\LLVM\4.0.3\lib\clang\4.0.3\lib\baremetal/libclang_rt.builtins-armv7m.a(mulsf3.c.obj)
		C:\Users\nikol\projects\quectel\development\customer\threadx\workspace\apps\ml/libonnx.a(LRN.o) (__aeabi_fmul)
C:\Users\nikol\projects\quectel\development\customer\threadx\tools\LLVM\4.0.3\lib\clang\4.0.3\lib\baremetal/libclang_rt.builtins-armv7m.a(subdf3.c.obj)
		C:\Users\nikol\projects\quectel\development\customer\threadx\workspace\apps\ml/libonnx.a(Sub.o) (__aeabi_dsub)
C:\Users\nikol\projects\quectel\development\customer\threadx\tools\LLVM\4.0.3\lib\clang\4.0.3\lib\baremetal/libclang_rt.builtins-armv7m.a(subsf3.c.obj)
		C:\Users\nikol\projects\quectel\development\customer\threadx\workspace\apps\ml/libonnx.a(LRN.o) (__aeabi_fsub)
C:\Users\nikol\projects\quectel\development\customer\threadx\tools\LLVM\4.0.3\lib\clang\4.0.3\lib\baremetal/libclang_rt.builtins-armv7m.a(truncdfsf2.c.obj)
		C:\Users\nikol\projects\quectel\development\customer\threadx\workspace\apps\ml/libonnx.a(Range.o) (__aeabi_d2f)
C:\Users\nikol\projects\quectel\development\customer\threadx\tools\LLVM\4.0.3\lib\clang\4.0.3\lib\baremetal/libclang_rt.builtins-armv7m.a(udivmoddi4.c.obj)
		C:\Users\nikol\projects\quectel\development\customer\threadx\tools\LLVM\4.0.3\lib\clang\4.0.3\lib\baremetal/libclang_rt.builtins-armv7m.a(aeabi_uldivmod.S.obj) (__udivmoddi4)
C:\Users\nikol\projects\quectel\development\customer\threadx\tools\LLVM\4.0.3\lib\clang\4.0.3\lib\baremetal/libclang_rt.builtins-armv7m.a(udivmodsi4.c.obj)
		C:\Users\nikol\projects\quectel\development\customer\threadx\tools\LLVM\4.0.3\lib\clang\4.0.3\lib\baremetal/libclang_rt.builtins-armv7m.a(aeabi_uidivmod.S.obj) (__udivmodsi4)
C:\Users\nikol\projects\quectel\development\customer\threadx\tools\LLVM\4.0.3\lib\clang\4.0.3\lib\baremetal/libclang_rt.builtins-armv7m.a(udivsi3.c.obj)
		C:\Users\nikol\projects\quectel\development\customer\threadx\workspace\apps\ml/libonnx.a(onnx.o) (__aeabi_uidiv)
C:\Users\nikol\projects\quectel\development\customer\threadx\tools\LLVM\4.0.3\lib\clang\4.0.3\lib\baremetal/libclang_rt.builtins-armv7m.a(divdi3.c.obj)
		C:\Users\nikol\projects\quectel\development\customer\threadx\tools\LLVM\4.0.3\lib\clang\4.0.3\lib\baremetal/libclang_rt.builtins-armv7m.a(divmoddi4.c.obj) (__divdi3)

Allocating common symbols
Common symbol	size	file

stdin_buf	0x80	out/common/src/retarget.o
in_tx_sem	0x4	out/common/src/retarget.o
out_tx_done_sem	0x4	out/common/src/retarget.o
out_tx_mutex	0x4	out/common/src/retarget.o
byte_malloc_mem_pool	0x4	out/common/src/malloc.o
mem_heap	0x80000	out/common/src/malloc.o
timer_client_stack	0x1000	../../../Quectel_BG96_QuecOpen_SDK_Package_V3.0.1-AUS/SDK/libs/llvm\timer_dam_lib.lib(qapi_timer_user.o)
timer_client_module_thread	0x4	../../../Quectel_BG96_QuecOpen_SDK_Package_V3.0.1-AUS/SDK/libs/llvm\timer_dam_lib.lib(qapi_timer_user.o)
timer_thread_state	0x4	../../../Quectel_BG96_QuecOpen_SDK_Package_V3.0.1-AUS/SDK/libs/llvm\timer_dam_lib.lib(qapi_timer_user.o)
timer_user_handle	0x4	../../../Quectel_BG96_QuecOpen_SDK_Package_V3.0.1-AUS/SDK/libs/llvm\timer_dam_lib.lib(qapi_timer_user.o)
_txm_module_entry_info	0x4	../../../Quectel_BG96_QuecOpen_SDK_Package_V3.0.1-AUS/SDK/libs/llvm\txm_lib.lib(txm_module_thread_shell_entry.o)
_txm_module_instance_ptr	0x4	../../../Quectel_BG96_QuecOpen_SDK_Package_V3.0.1-AUS/SDK/libs/llvm\txm_lib.lib(txm_module_thread_shell_entry.o)
_txm_module_kernel_call_dispatcher	0x4	../../../Quectel_BG96_QuecOpen_SDK_Package_V3.0.1-AUS/SDK/libs/llvm\txm_lib.lib(txm_module_thread_shell_entry.o)

Linker Script and memory map
LOAD ./ldscripts/txm_module_preamble_llvm.o[]
LOAD out/common/src/retarget.o[]
LOAD out/common/src/malloc.o[]
LOAD out/common/src/stubs.o[]
LOAD out/common/src/printf.o[]
LOAD out/common/src/file.o[]
LOAD out/src/main.o[]
[...]
.debug_str	0xd0740	0x1e	../../../Quectel_BG96_QuecOpen_SDK_Package_V3.0.1-AUS/SDK/libs/llvm\txm_lib.lib(txm_module_callback_request_thread_entry.o)	#SHT_PROGBITS,SHF_MERGE|SHF_STRINGS,1
	0x21ac		
.debug_str	0xd075e	0x14	../../../Quectel_BG96_QuecOpen_SDK_Package_V3.0.1-AUS/SDK/libs/llvm\txm_lib.lib(txm_module_callback_request_thread_entry.o)	#SHT_PROGBITS,SHF_MERGE|SHF_STRINGS,1
	0x21ca		
.debug_str	0xd0772	0xd	../../../Quectel_BG96_QuecOpen_SDK_Package_V3.0.1-AUS/SDK/libs/llvm\txm_lib.lib(txm_module_callback_request_thread_entry.o)	#SHT_PROGBITS,SHF_MERGE|SHF_STRINGS,1
	0x21de		
.debug_str	0xd077f	0x18	../../../Quectel_BG96_QuecOpen_SDK_Package_V3.0.1-AUS/SDK/libs/llvm\txm_lib.lib(txm_module_callback_request_thread_entry.o)	#SHT_PROGBITS,SHF_MERGE|SHF_STRINGS,1
	0x21eb		
.debug_str	0xd0797	0x2a	../../../Quectel_BG96_QuecOpen_SDK_Package_V3.0.1-AUS/SDK/libs/llvm\txm_lib.lib(txm_module_callback_request_thread_entry.o)	#SHT_PROGBITS,SHF_MERGE|SHF_STRINGS,1
	0x2203		
.debug_str	0xd07c1	0x3	../../../Quectel_BG96_QuecOpen_SDK_Package_V3.0.1-AUS/SDK/libs/llvm\txm_lib.lib(txm_module_callback_request_thread_entry.o)	#SHT_PROGBITS,SHF_MERGE|SHF_STRINGS,1
	0x222d		
.debug_str	0xd07c4	0x7	../../../Quectel_BG96_QuecOpen_SDK_Package_V3.0.1-AUS/SDK/libs/llvm\txm_lib.lib(txm_module_callback_request_thread_entry.o)	#SHT_PROGBITS,SHF_MERGE|SHF_STRINGS,1
	0x2230		
.debug_str	0xd07cb	0xf	../../../Quectel_BG96_QuecOpen_SDK_Package_V3.0.1-AUS/SDK/libs/llvm\txm_lib.lib(txm_module_callback_request_thread_entry.o)	#SHT_PROGBITS,SHF_MERGE|SHF_STRINGS,1
	0x2237		
.debug_str	0xd07da	0x19	../../../Quectel_BG96_QuecOpen_SDK_Package_V3.0.1-AUS/SDK/libs/llvm\txm_lib.lib(txm_module_callback_request_thread_entry.o)	#SHT_PROGBITS,SHF_MERGE|SHF_STRINGS,1
	0x2246		
.debug_str	0xd07f3	0x12	../../../Quectel_BG96_QuecOpen_SDK_Package_V3.0.1-AUS/SDK/libs/llvm\txm_lib.lib(txm_module_callback_request_thread_entry.o)	#SHT_PROGBITS,SHF_MERGE|SHF_STRINGS,1
	0x225f		
.debug_str	0xd0805	0xe	../../../Quectel_BG96_QuecOpen_SDK_Package_V3.0.1-AUS/SDK/libs/llvm\txm_lib.lib(txm_module_callback_request_thread_entry.o)	#SHT_PROGBITS,SHF_MERGE|SHF_STRINGS,1
	0x2271		
.debug_str	0xd0813	0xf	../../../Quectel_BG96_QuecOpen_SDK_Package_V3.0.1-AUS/SDK/libs/llvm\txm_lib.lib(txm_module_callback_request_thread_entry.o)	#SHT_PROGBITS,SHF_MERGE|SHF_STRINGS,1
	0x227f		
.debug_str	0xd0822	0x11	../../../Quectel_BG96_QuecOpen_SDK_Package_V3.0.1-AUS/SDK/libs/llvm\txm_lib.lib(txm_module_callback_request_thread_entry.o)	#SHT_PROGBITS,SHF_MERGE|SHF_STRINGS,1
	0x228e		
.debug_str	0xd0833	0x24	../../../Quectel_BG96_QuecOpen_SDK_Package_V3.0.1-AUS/SDK/libs/llvm\txm_lib.lib(txm_module_callback_request_thread_entry.o)	#SHT_PROGBITS,SHF_MERGE|SHF_STRINGS,1
	0x229f		
.debug_str	0xd0857	0x1a	../../../Quectel_BG96_QuecOpen_SDK_Package_V3.0.1-AUS/SDK/libs/llvm\txm_lib.lib(txm_module_callback_request_thread_entry.o)	#SHT_PROGBITS,SHF_MERGE|SHF_STRINGS,1
	0x22c3		
.debug_str	0xd0871	0x22	../../../Quectel_BG96_QuecOpen_SDK_Package_V3.0.1-AUS/SDK/libs/llvm\txm_lib.lib(txm_module_callback_request_thread_entry.o)	#SHT_PROGBITS,SHF_MERGE|SHF_STRINGS,1
	0x22dd		
.debug_str	0xd0893	0x1e	../../../Quectel_BG96_QuecOpen_SDK_Package_V3.0.1-AUS/SDK/libs/llvm\txm_lib.lib(txm_module_callback_request_thread_entry.o)	#SHT_PROGBITS,SHF_MERGE|SHF_STRINGS,1
	0x22ff		
.debug_str	0xd08b1	0x25	../../../Quectel_BG96_QuecOpen_SDK_Package_V3.0.1-AUS/SDK/libs/llvm\txm_lib.lib(txm_module_callback_request_thread_entry.o)	#SHT_PROGBITS,SHF_MERGE|SHF_STRINGS,1
	0x231d		
.debug_str	0xd08d6	0x24	../../../Quectel_BG96_QuecOpen_SDK_Package_V3.0.1-AUS/SDK/libs/llvm\txm_lib.lib(txm_module_callback_request_thread_entry.o)	#SHT_PROGBITS,SHF_MERGE|SHF_STRINGS,1
	0x2342		
.debug_str	0xd08fa	0x22	../../../Quectel_BG96_QuecOpen_SDK_Package_V3.0.1-AUS/SDK/libs/llvm\txm_lib.lib(txm_module_callback_request_thread_entry.o)	#SHT_PROGBITS,SHF_MERGE|SHF_STRINGS,1
	0x2366		
.debug_str	0xd091c	0x29	../../../Quectel_BG96_QuecOpen_SDK_Package_V3.0.1-AUS/SDK/libs/llvm\txm_lib.lib(txm_module_callback_request_thread_entry.o)	#SHT_PROGBITS,SHF_MERGE|SHF_STRINGS,1
	0x2388		
.debug_str	0xd0945	0x19	../../../Quectel_BG96_QuecOpen_SDK_Package_V3.0.1-AUS/SDK/libs/llvm\txm_lib.lib(txm_module_callback_request_thread_entry.o)	#SHT_PROGBITS,SHF_MERGE|SHF_STRINGS,1
	0x23b1		
.debug_str	0xd095e	0x1f	../../../Quectel_BG96_QuecOpen_SDK_Package_V3.0.1-AUS/SDK/libs/llvm\txm_lib.lib(txm_module_callback_request_thread_entry.o)	#SHT_PROGBITS,SHF_MERGE|SHF_STRINGS,1
	0x23ca		
.debug_str	0xd097d	0x17	../../../Quectel_BG96_QuecOpen_SDK_Package_V3.0.1-AUS/SDK/libs/llvm\txm_lib.lib(txm_module_callback_request_thread_entry.o)	#SHT_PROGBITS,SHF_MERGE|SHF_STRINGS,1
	0x23e9		
.debug_str	0xd0994	0x1c	../../../Quectel_BG96_QuecOpen_SDK_Package_V3.0.1-AUS/SDK/libs/llvm\txm_lib.lib(txm_module_callback_request_thread_entry.o)	#SHT_PROGBITS,SHF_MERGE|SHF_STRINGS,1
	0x2400		
.debug_str	0xd09b0	0x1c	../../../Quectel_BG96_QuecOpen_SDK_Package_V3.0.1-AUS/SDK/libs/llvm\txm_lib.lib(txm_module_callback_request_thread_entry.o)	#SHT_PROGBITS,SHF_MERGE|SHF_STRINGS,1
	0x241c		
.debug_str	0xd09cc	0x19	../../../Quectel_BG96_QuecOpen_SDK_Package_V3.0.1-AUS/SDK/libs/llvm\txm_lib.lib(txm_module_callback_request_thread_entry.o)	#SHT_PROGBITS,SHF_MERGE|SHF_STRINGS,1
	0x2438		
.debug_str	0xd09e5	0x1d	../../../Quectel_BG96_QuecOpen_SDK_Package_V3.0.1-AUS/SDK/libs/llvm\txm_lib.lib(txm_module_callback_request_thread_entry.o)	#SHT_PROGBITS,SHF_MERGE|SHF_STRINGS,1
	0x2451		
.debug_str	0xd0a02	0x21	../../../Quectel_BG96_QuecOpen_SDK_Package_V3.0.1-AUS/SDK/libs/llvm\txm_lib.lib(txm_module_callback_request_thread_entry.o)	#SHT_PROGBITS,SHF_MERGE|SHF_STRINGS,1
	0x246e		
.debug_str	0xd0a23	0x25	../../../Quectel_BG96_QuecOpen_SDK_Package_V3.0.1-AUS/SDK/libs/llvm\txm_lib.lib(txm_module_callback_request_thread_entry.o)	#SHT_PROGBITS,SHF_MERGE|SHF_STRINGS,1
	0x248f		
.debug_str	0xd0a48	0x1c	../../../Quectel_BG96_QuecOpen_SDK_Package_V3.0.1-AUS/SDK/libs/llvm\txm_lib.lib(txm_module_callback_request_thread_entry.o)	#SHT_PROGBITS,SHF_MERGE|SHF_STRINGS,1
	0x24b4		
.debug_str	0xd0a64	0x1c	../../../Quectel_BG96_QuecOpen_SDK_Package_V3.0.1-AUS/SDK/libs/llvm\txm_lib.lib(txm_module_callback_request_thread_entry.o)	#SHT_PROGBITS,SHF_MERGE|SHF_STRINGS,1
	0x24d0		
.debug_str	0xd0a80	0x1c	../../../Quectel_BG96_QuecOpen_SDK_Package_V3.0.1-AUS/SDK/libs/llvm\txm_lib.lib(txm_module_callback_request_thread_entry.o)	#SHT_PROGBITS,SHF_MERGE|SHF_STRINGS,1
	0x24ec		
.debug_str	0xd0a9c	0x1c	../../../Quectel_BG96_QuecOpen_SDK_Package_V3.0.1-AUS/SDK/libs/llvm\txm_lib.lib(txm_module_callback_request_thread_entry.o)	#SHT_PROGBITS,SHF_MERGE|SHF_STRINGS,1
	0x2508		
.debug_str	0xd0ab8	0x1c	../../../Quectel_BG96_QuecOpen_SDK_Package_V3.0.1-AUS/SDK/libs/llvm\txm_lib.lib(txm_module_callback_request_thread_entry.o)	#SHT_PROGBITS,SHF_MERGE|SHF_STRINGS,1
	0x2524		
.debug_str	0xd0ad4	0x1c	../../../Quectel_BG96_QuecOpen_SDK_Package_V3.0.1-AUS/SDK/libs/llvm\txm_lib.lib(txm_module_callback_request_thread_entry.o)	#SHT_PROGBITS,SHF_MERGE|SHF_STRINGS,1
	0x2540		
.debug_str	0xd0af0	0x1b	../../../Quectel_BG96_QuecOpen_SDK_Package_V3.0.1-AUS/SDK/libs/llvm\txm_lib.lib(txm_module_callback_request_thread_entry.o)	#SHT_PROGBITS,SHF_MERGE|SHF_STRINGS,1
	0x255c		
.debug_str	0xd0b0b	0x14	../../../Quectel_BG96_QuecOpen_SDK_Package_V3.0.1-AUS/SDK/libs/llvm\txm_lib.lib(txm_module_callback_request_thread_entry.o)	#SHT_PROGBITS,SHF_MERGE|SHF_STRINGS,1
	0x2577		
.debug_str	0xd0b1f	0x30	../../../Quectel_BG96_QuecOpen_SDK_Package_V3.0.1-AUS/SDK/libs/llvm\txm_lib.lib(txm_module_callback_request_thread_entry.o)	#SHT_PROGBITS,SHF_MERGE|SHF_STRINGS,1
	0x258b		
.debug_str	0xd0b4f	0x23	../../../Quectel_BG96_QuecOpen_SDK_Package_V3.0.1-AUS/SDK/libs/llvm\txm_lib.lib(txm_module_callback_request_thread_entry.o)	#SHT_PROGBITS,SHF_MERGE|SHF_STRINGS,1
	0x25bb		
.debug_str	0xd0b72	0x23	../../../Quectel_BG96_QuecOpen_SDK_Package_V3.0.1-AUS/SDK/libs/llvm\txm_lib.lib(txm_module_callback_request_thread_entry.o)	#SHT_PROGBITS,SHF_MERGE|SHF_STRINGS,1
	0x25de		
.debug_str	0xd0b95	0x20	../../../Quectel_BG96_QuecOpen_SDK_Package_V3.0.1-AUS/SDK/libs/llvm\txm_lib.lib(txm_module_callback_request_thread_entry.o)	#SHT_PROGBITS,SHF_MERGE|SHF_STRINGS,1
	0x2601		
.debug_str	0xd0bb5	0x29	../../../Quectel_BG96_QuecOpen_SDK_Package_V3.0.1-AUS/SDK/libs/llvm\txm_lib.lib(txm_module_callback_request_thread_entry.o)	#SHT_PROGBITS,SHF_MERGE|SHF_STRINGS,1
	0x2621		
.debug_str	0xd0bde	0x25	../../../Quectel_BG96_QuecOpen_SDK_Package_V3.0.1-AUS/SDK/libs/llvm\txm_lib.lib(txm_module_callback_request_thread_entry.o)	#SHT_PROGBITS,SHF_MERGE|SHF_STRINGS,1
	0x264a		
.debug_str	0xd0c03	0x25	../../../Quectel_BG96_QuecOpen_SDK_Package_V3.0.1-AUS/SDK/libs/llvm\txm_lib.lib(txm_module_callback_request_thread_entry.o)	#SHT_PROGBITS,SHF_MERGE|SHF_STRINGS,1
	0x266f		
.debug_str	0xd0c28	0x28	../../../Quectel_BG96_QuecOpen_SDK_Package_V3.0.1-AUS/SDK/libs/llvm\txm_lib.lib(txm_module_callback_request_thread_entry.o)	#SHT_PROGBITS,SHF_MERGE|SHF_STRINGS,1
	0x2694		
.debug_str	0xd0c50	0x2c	../../../Quectel_BG96_QuecOpen_SDK_Package_V3.0.1-AUS/SDK/libs/llvm\txm_lib.lib(txm_module_callback_request_thread_entry.o)	#SHT_PROGBITS,SHF_MERGE|SHF_STRINGS,1
	0x26bc		
.debug_str	0xd0c7c	0x23	../../../Quectel_BG96_QuecOpen_SDK_Package_V3.0.1-AUS/SDK/libs/llvm\txm_lib.lib(txm_module_callback_request_thread_entry.o)	#SHT_PROGBITS,SHF_MERGE|SHF_STRINGS,1
	0x26e8		
.debug_str	0xd0c9f	0x23	../../../Quectel_BG96_QuecOpen_SDK_Package_V3.0.1-AUS/SDK/libs/llvm\txm_lib.lib(txm_module_callback_request_thread_entry.o)	#SHT_PROGBITS,SHF_MERGE|SHF_STRINGS,1
	0x270b		
.debug_str	0xd0cc2	0x23	../../../Quectel_BG96_QuecOpen_SDK_Package_V3.0.1-AUS/SDK/libs/llvm\txm_lib.lib(txm_module_callback_request_thread_entry.o)	#SHT_PROGBITS,SHF_MERGE|SHF_STRINGS,1
	0x272e		
.debug_str	0xd0ce5	0x23	../../../Quectel_BG96_QuecOpen_SDK_Package_V3.0.1-AUS/SDK/libs/llvm\txm_lib.lib(txm_module_callback_request_thread_entry.o)	#SHT_PROGBITS,SHF_MERGE|SHF_STRINGS,1
	0x2751		
.debug_str	0xd0d08	0x23	../../../Quectel_BG96_QuecOpen_SDK_Package_V3.0.1-AUS/SDK/libs/llvm\txm_lib.lib(txm_module_callback_request_thread_entry.o)	#SHT_PROGBITS,SHF_MERGE|SHF_STRINGS,1
	0x2774		
.debug_str	0xd0d2b	0x23	../../../Quectel_BG96_QuecOpen_SDK_Package_V3.0.1-AUS/SDK/libs/llvm\txm_lib.lib(txm_module_callback_request_thread_entry.o)	#SHT_PROGBITS,SHF_MERGE|SHF_STRINGS,1
	0x2797		
.debug_str	0xd0d4e	0x22	../../../Quectel_BG96_QuecOpen_SDK_Package_V3.0.1-AUS/SDK/libs/llvm\txm_lib.lib(txm_module_callback_request_thread_entry.o)	#SHT_PROGBITS,SHF_MERGE|SHF_STRINGS,1
	0x27ba		
.debug_str	0xd0d70	0x1b	../../../Quectel_BG96_QuecOpen_SDK_Package_V3.0.1-AUS/SDK/libs/llvm\txm_lib.lib(txm_module_callback_request_thread_entry.o)	#SHT_PROGBITS,SHF_MERGE|SHF_STRINGS,1
	0x27dc		
.debug_str	0xd0d8b	0x12	../../../Quectel_BG96_QuecOpen_SDK_Package_V3.0.1-AUS/SDK/libs/llvm\txm_lib.lib(txm_module_callback_request_thread_entry.o)	#SHT_PROGBITS,SHF_MERGE|SHF_STRINGS,1
	0x27f7		
.debug_str	0xd0d9d	0x15	../../../Quectel_BG96_QuecOpen_SDK_Package_V3.0.1-AUS/SDK/libs/llvm\txm_lib.lib(txm_module_callback_request_thread_entry.o)	#SHT_PROGBITS,SHF_MERGE|SHF_STRINGS,1
	0x2809		
.debug_str	0xd0db2	0x12	../../../Quectel_BG96_QuecOpen_SDK_Package_V3.0.1-AUS/SDK/libs/llvm\txm_lib.lib(txm_module_callback_request_thread_entry.o)	#SHT_PROGBITS,SHF_MERGE|SHF_STRINGS,1
	0x281e		
.debug_str	0xd0dc4	0xa4	../../../Quectel_BG96_QuecOpen_SDK_Package_V3.0.1-AUS/SDK/libs/llvm\txm_lib.lib(txm_module_system_call11.o)	#SHT_PROGBITS,SHF_MERGE|SHF_STRINGS,1
	0x2830		
.debug_str	0xd0e68	0x1a	../../../Quectel_BG96_QuecOpen_SDK_Package_V3.0.1-AUS/SDK/libs/llvm\txm_lib.lib(txm_module_system_call11.o)	#SHT_PROGBITS,SHF_MERGE|SHF_STRINGS,1
	0x28d4		
.debug_str	0xd0e82	0x11	../../../Quectel_BG96_QuecOpen_SDK_Package_V3.0.1-AUS/SDK/libs/llvm\txm_lib.lib(txm_module_system_call11.o)	#SHT_PROGBITS,SHF_MERGE|SHF_STRINGS,1
	0x28ee		
.debug_str	0xd0e93	0x8	../../../Quectel_BG96_QuecOpen_SDK_Package_V3.0.1-AUS/SDK/libs/llvm\txm_lib.lib(txm_module_system_call11.o)	#SHT_PROGBITS,SHF_MERGE|SHF_STRINGS,1
	0x28ff		
.debug_str	0xd0e9b	0x8	../../../Quectel_BG96_QuecOpen_SDK_Package_V3.0.1-AUS/SDK/libs/llvm\txm_lib.lib(txm_module_system_call11.o)	#SHT_PROGBITS,SHF_MERGE|SHF_STRINGS,1
	0x2907		
.debug_str	0xd0ea3	0x8	../../../Quectel_BG96_QuecOpen_SDK_Package_V3.0.1-AUS/SDK/libs/llvm\txm_lib.lib(txm_module_system_call11.o)	#SHT_PROGBITS,SHF_MERGE|SHF_STRINGS,1
	0x290f		
.debug_str	0xd0eab	0x8	../../../Quectel_BG96_QuecOpen_SDK_Package_V3.0.1-AUS/SDK/libs/llvm\txm_lib.lib(txm_module_system_call11.o)	#SHT_PROGBITS,SHF_MERGE|SHF_STRINGS,1
	0x2917		
.debug_str	0xd0eb3	0x8	../../../Quectel_BG96_QuecOpen_SDK_Package_V3.0.1-AUS/SDK/libs/llvm\txm_lib.lib(txm_module_system_call11.o)	#SHT_PROGBITS,SHF_MERGE|SHF_STRINGS,1
	0x291f		
.debug_str	0xd0ebb	0x8	../../../Quectel_BG96_QuecOpen_SDK_Package_V3.0.1-AUS/SDK/libs/llvm\txm_lib.lib(txm_module_system_call11.o)	#SHT_PROGBITS,SHF_MERGE|SHF_STRINGS,1
	0x2927		
.debug_str	0xd0ec3	0x8	../../../Quectel_BG96_QuecOpen_SDK_Package_V3.0.1-AUS/SDK/libs/llvm\txm_lib.lib(txm_module_system_call11.o)	#SHT_PROGBITS,SHF_MERGE|SHF_STRINGS,1
	0x292f		
.debug_str	0xd0ecb	0x8	../../../Quectel_BG96_QuecOpen_SDK_Package_V3.0.1-AUS/SDK/libs/llvm\txm_lib.lib(txm_module_system_call11.o)	#SHT_PROGBITS,SHF_MERGE|SHF_STRINGS,1
	0x2937		
.debug_str	0xd0ed3	0x8	../../../Quectel_BG96_QuecOpen_SDK_Package_V3.0.1-AUS/SDK/libs/llvm\txm_lib.lib(txm_module_system_call11.o)	#SHT_PROGBITS,SHF_MERGE|SHF_STRINGS,1
	0x293f		
.debug_str	0xd0edb	0x8	../../../Quectel_BG96_QuecOpen_SDK_Package_V3.0.1-AUS/SDK/libs/llvm\txm_lib.lib(txm_module_system_call11.o)	#SHT_PROGBITS,SHF_MERGE|SHF_STRINGS,1
	0x2947		
.debug_str	0xd0ee3	0x9	../../../Quectel_BG96_QuecOpen_SDK_Package_V3.0.1-AUS/SDK/libs/llvm\txm_lib.lib(txm_module_system_call11.o)	#SHT_PROGBITS,SHF_MERGE|SHF_STRINGS,1
	0x294f		
.debug_str	0xd0eec	0x9	../../../Quectel_BG96_QuecOpen_SDK_Package_V3.0.1-AUS/SDK/libs/llvm\txm_lib.lib(txm_module_system_call11.o)	#SHT_PROGBITS,SHF_MERGE|SHF_STRINGS,1
	0x2958		
.debug_str	0xd0ef5	0xd	../../../Quectel_BG96_QuecOpen_SDK_Package_V3.0.1-AUS/SDK/libs/llvm\txm_lib.lib(txm_module_system_call11.o)	#SHT_PROGBITS,SHF_MERGE|SHF_STRINGS,1
	0x2961		
.debug_str	0xd0f02	0xa4	../../../Quectel_BG96_QuecOpen_SDK_Package_V3.0.1-AUS/SDK/libs/llvm\txm_lib.lib(txm_module_system_call12.o)	#SHT_PROGBITS,SHF_MERGE|SHF_STRINGS,1
	0x296e		
.debug_str	0xd0fa6	0x1a	../../../Quectel_BG96_QuecOpen_SDK_Package_V3.0.1-AUS/SDK/libs/llvm\txm_lib.lib(txm_module_system_call12.o)	#SHT_PROGBITS,SHF_MERGE|SHF_STRINGS,1
	0x2a12		
.debug_str	0xd0fc0	0x9	../../../Quectel_BG96_QuecOpen_SDK_Package_V3.0.1-AUS/SDK/libs/llvm\txm_lib.lib(txm_module_system_call12.o)	#SHT_PROGBITS,SHF_MERGE|SHF_STRINGS,1
	0x2a2c		
.debug_str	0xd0fc9	0xa3	../../../Quectel_BG96_QuecOpen_SDK_Package_V3.0.1-AUS/SDK/libs/llvm\txm_lib.lib(txm_module_system_call4.o)	#SHT_PROGBITS,SHF_MERGE|SHF_STRINGS,1
	0x2a35		
.debug_str	0xd106c	0x19	../../../Quectel_BG96_QuecOpen_SDK_Package_V3.0.1-AUS/SDK/libs/llvm\txm_lib.lib(txm_module_system_call4.o)	#SHT_PROGBITS,SHF_MERGE|SHF_STRINGS,1
	0x2ad8		
.debug_str	0xd1085	0xa3	../../../Quectel_BG96_QuecOpen_SDK_Package_V3.0.1-AUS/SDK/libs/llvm\txm_lib.lib(txm_module_system_call5.o)	#SHT_PROGBITS,SHF_MERGE|SHF_STRINGS,1
	0x2af1		
.debug_str	0xd1128	0x19	../../../Quectel_BG96_QuecOpen_SDK_Package_V3.0.1-AUS/SDK/libs/llvm\txm_lib.lib(txm_module_system_call5.o)	#SHT_PROGBITS,SHF_MERGE|SHF_STRINGS,1
	0x2b94		

.debug_loc	0xd1141	0x6d2 # Offset: 0xd1141
*(.debug_loc )
.debug_loc	0xd1141	0x30c	../../../Quectel_BG96_QuecOpen_SDK_Package_V3.0.1-AUS/SDK/libs/llvm\timer_dam_lib.lib(qapi_timer_user.o)	#SHT_PROGBITS,,1
.debug_loc	0xd144d	0x3c	../../../Quectel_BG96_QuecOpen_SDK_Package_V3.0.1-AUS/SDK/libs/llvm\txm_lib.lib(txm_module_thread_shell_entry.o)	#SHT_PROGBITS,,1
.debug_loc	0xd1489	0x75	../../../Quectel_BG96_QuecOpen_SDK_Package_V3.0.1-AUS/SDK/libs/llvm\txm_lib.lib(txm_module_callback_request_thread_entry.o)	#SHT_PROGBITS,,1
.debug_loc	0xd14fe	0x103	../../../Quectel_BG96_QuecOpen_SDK_Package_V3.0.1-AUS/SDK/libs/llvm\txm_lib.lib(txm_module_system_call11.o)	#SHT_PROGBITS,,1
.debug_loc	0xd1601	0x118	../../../Quectel_BG96_QuecOpen_SDK_Package_V3.0.1-AUS/SDK/libs/llvm\txm_lib.lib(txm_module_system_call12.o)	#SHT_PROGBITS,,1
.debug_loc	0xd1719	0x73	../../../Quectel_BG96_QuecOpen_SDK_Package_V3.0.1-AUS/SDK/libs/llvm\txm_lib.lib(txm_module_system_call4.o)	#SHT_PROGBITS,,1
.debug_loc	0xd178c	0x87	../../../Quectel_BG96_QuecOpen_SDK_Package_V3.0.1-AUS/SDK/libs/llvm\txm_lib.lib(txm_module_system_call5.o)	#SHT_PROGBITS,,1

.debug_macinfo	0xd1813	0x7 # Offset: 0xd1813
*(.debug_macinfo )
.debug_macinfo	0xd1813	0x1	../../../Quectel_BG96_QuecOpen_SDK_Package_V3.0.1-AUS/SDK/libs/llvm\timer_dam_lib.lib(qapi_timer_user.o)	#SHT_PROGBITS,,1
.debug_macinfo	0xd1814	0x1	../../../Quectel_BG96_QuecOpen_SDK_Package_V3.0.1-AUS/SDK/libs/llvm\txm_lib.lib(txm_module_thread_shell_entry.o)	#SHT_PROGBITS,,1
.debug_macinfo	0xd1815	0x1	../../../Quectel_BG96_QuecOpen_SDK_Package_V3.0.1-AUS/SDK/libs/llvm\txm_lib.lib(txm_module_callback_request_thread_entry.o)	#SHT_PROGBITS,,1
.debug_macinfo	0xd1816	0x1	../../../Quectel_BG96_QuecOpen_SDK_Package_V3.0.1-AUS/SDK/libs/llvm\txm_lib.lib(txm_module_system_call11.o)	#SHT_PROGBITS,,1
.debug_macinfo	0xd1817	0x1	../../../Quectel_BG96_QuecOpen_SDK_Package_V3.0.1-AUS/SDK/libs/llvm\txm_lib.lib(txm_module_system_call12.o)	#SHT_PROGBITS,,1
.debug_macinfo	0xd1818	0x1	../../../Quectel_BG96_QuecOpen_SDK_Package_V3.0.1-AUS/SDK/libs/llvm\txm_lib.lib(txm_module_system_call4.o)	#SHT_PROGBITS,,1
.debug_macinfo	0xd1819	0x1	../../../Quectel_BG96_QuecOpen_SDK_Package_V3.0.1-AUS/SDK/libs/llvm\txm_lib.lib(txm_module_system_call5.o)	#SHT_PROGBITS,,1

.debug_weaknames	0xd181a	0x0 # Offset: 0xd181a

.debug_funcnames	0xd181a	0x0 # Offset: 0xd181a

.debug_typenames	0xd181a	0x0 # Offset: 0xd181a

.debug_varnames	0xd181a	0x0 # Offset: 0xd181a

.debug_pubtypes	0xd181a	0x7f8 # Offset: 0xd181a
*(.debug_pubtypes )
.debug_pubtypes	0xd181a	0x2bb	../../../Quectel_BG96_QuecOpen_SDK_Package_V3.0.1-AUS/SDK/libs/llvm\timer_dam_lib.lib(qapi_timer_user.o)	#SHT_PROGBITS,,1
.debug_pubtypes	0xd1ad5	0x1e2	../../../Quectel_BG96_QuecOpen_SDK_Package_V3.0.1-AUS/SDK/libs/llvm\txm_lib.lib(txm_module_thread_shell_entry.o)	#SHT_PROGBITS,,1
.debug_pubtypes	0xd1cb7	0x293	../../../Quectel_BG96_QuecOpen_SDK_Package_V3.0.1-AUS/SDK/libs/llvm\txm_lib.lib(txm_module_callback_request_thread_entry.o)	#SHT_PROGBITS,,1
.debug_pubtypes	0xd1f4a	0x32	../../../Quectel_BG96_QuecOpen_SDK_Package_V3.0.1-AUS/SDK/libs/llvm\txm_lib.lib(txm_module_system_call11.o)	#SHT_PROGBITS,,1
.debug_pubtypes	0xd1f7c	0x32	../../../Quectel_BG96_QuecOpen_SDK_Package_V3.0.1-AUS/SDK/libs/llvm\txm_lib.lib(txm_module_system_call12.o)	#SHT_PROGBITS,,1
.debug_pubtypes	0xd1fae	0x32	../../../Quectel_BG96_QuecOpen_SDK_Package_V3.0.1-AUS/SDK/libs/llvm\txm_lib.lib(txm_module_system_call4.o)	#SHT_PROGBITS,,1
.debug_pubtypes	0xd1fe0	0x32	../../../Quectel_BG96_QuecOpen_SDK_Package_V3.0.1-AUS/SDK/libs/llvm\txm_lib.lib(txm_module_system_call5.o)	#SHT_PROGBITS,,1

.debug_ranges	0xd2012	0x58 # Offset: 0xd2012
*(.debug_ranges )
.debug_ranges	0xd2012	0x58	../../../Quectel_BG96_QuecOpen_SDK_Package_V3.0.1-AUS/SDK/libs/llvm\timer_dam_lib.lib(qapi_timer_user.o)	#SHT_PROGBITS,,1

.gnu.attributes	0x0	0x0 # Offset: 0xd206a, LMA: 0x0

.note.gnu.arm.ident	0x0	0x0 # Offset: 0xd206a, LMA: 0x0

.ARM.attributes	0xd206a	0x10 # Offset: 0xd206a

.comment	0xd207a	0x65 # Offset: 0xd207a
.comment	0xd207a	0x1	C:\Users\nikol\projects\quectel\development\customer\threadx\tools\LLVM\4.0.3\armv7m-none-eabi\libc\lib/libc.a(assert.o)	#SHT_PROGBITS,SHF_MERGE|SHF_STRINGS,1
.comment	0xd20b7	0x28	Linker Version	#SHT_PROGBITS,SHF_MERGE|SHF_STRINGS,1

.note.GNU-stack	0xd20df	0x0 # Offset: 0xd20df

/DISCARD/	0x75	0x0 # Offset: 0xd20df, LMA: 0x0

.shstrtab	0xd20df	0xcc # Offset: 0xd20df

.symtab	0xd21ac	0x13070 # Offset: 0xd21ac

.strtab	0xe521c	0xe56e # Offset: 0xe521c
