# Linker from Snapdragon LLVM ARM Compiler Version 4.0.3
# Linker based on LLVM version: 4.0
# Notable linker command/script options:
# CPU Architecture Version: 
# Target triple environment for the link: gnueabi
# Maximum GP size: 8
# Link type: Static
# ABI Page Size: 0x4
# CommandLine : C:\Users\nikol\projects\quectel\development\customer\threadx\tools\LLVM\4.0.3\bin\ld.qcld.exe -X --eh-frame-hdr -m armelf_linux_eabi -dynamic-linker /lib/ld-musl-arm.so.1 -o out/ml.elf -lc++ -mno-unaligned-access -entry=0x43000000 ./ldscripts/txm_module_preamble_llvm.o --wrap getchar --wrap gets --wrap printf --wrap puts --wrap malloc --wrap free --wrap realloc --wrap calloc -T ./ldscripts/sections.ld -Map=out/ml.map -gc-sections -gc-sections ./retarget.o ./malloc.o ./stubs.o out/src/main.o ../../../Quectel_BG96_QuecOpen_SDK_Package_V3.0.1-AUS/SDK/libs/llvm\azure_sdk.lib ../../../Quectel_BG96_QuecOpen_SDK_Package_V3.0.1-AUS/SDK/libs/llvm\azure_sdk_port.lib ../../../Quectel_BG96_QuecOpen_SDK_Package_V3.0.1-AUS/SDK/libs/llvm\diag_dam_lib.lib ../../../Quectel_BG96_QuecOpen_SDK_Package_V3.0.1-AUS/SDK/libs/llvm\qapi_psm_lib.lib ../../../Quectel_BG96_QuecOpen_SDK_Package_V3.0.1-AUS/SDK/libs/llvm\timer_dam_lib.lib ../../../Quectel_BG96_QuecOpen_SDK_Package_V3.0.1-AUS/SDK/libs/llvm\txm_lib.lib -lm -lc -LC:\Users\nikol\projects\quectel\development\customer\threadx\tools\LLVM\4.0.3\armv7m-none-eabi\libc\lib -LC:\Users\nikol\projects\quectel\development\customer\threadx\tools\LLVM\4.0.3\armv7m-none-eabi\lib --start-group -lunwind -lc++ -lc++abi --end-group -LC:\Users\nikol\projects\quectel\development\customer\threadx\tools\LLVM\4.0.3\lib\clang\4.0.3\lib\baremetal --start-group -lc -lclang_rt.builtins-armv7m --end-group -lm -lc 
Archive member included because of file (symbol)
../../../Quectel_BG96_QuecOpen_SDK_Package_V3.0.1-AUS/SDK/libs/llvm\txm_lib.lib(txm_module_thread_shell_entry.o)
		./retarget.o (_txm_module_kernel_call_dispatcher)
../../../Quectel_BG96_QuecOpen_SDK_Package_V3.0.1-AUS/SDK/libs/llvm\txm_lib.lib(txm_module_callback_request_thread_entry.o)
		./ldscripts/txm_module_preamble_llvm.o (_txm_module_callback_request_thread_entry)
../../../Quectel_BG96_QuecOpen_SDK_Package_V3.0.1-AUS/SDK/libs/llvm\txm_lib.lib(txm_module_system_call11.o)
		./retarget.o (_txm_module_system_call11)
../../../Quectel_BG96_QuecOpen_SDK_Package_V3.0.1-AUS/SDK/libs/llvm\txm_lib.lib(txm_module_system_call4.o)
		./retarget.o (_txm_module_system_call4)
../../../Quectel_BG96_QuecOpen_SDK_Package_V3.0.1-AUS/SDK/libs/llvm\txm_lib.lib(txm_module_system_call5.o)
		./retarget.o (_txm_module_system_call5)
../../../Quectel_BG96_QuecOpen_SDK_Package_V3.0.1-AUS/SDK/libs/llvm\txm_lib.lib(txm_module_system_call6.o)
		./retarget.o (_txm_module_system_call6)
C:\Users\nikol\projects\quectel\development\customer\threadx\tools\LLVM\4.0.3\armv7m-none-eabi\libc\lib/libc.a(vfprintf.o)
		./retarget.o (vsnprintf)
C:\Users\nikol\projects\quectel\development\customer\threadx\tools\LLVM\4.0.3\armv7m-none-eabi\libc\lib/libc.a(fwrite.o)
		C:\Users\nikol\projects\quectel\development\customer\threadx\tools\LLVM\4.0.3\armv7m-none-eabi\libc\lib/libc.a(vfprintf.o) (__fwritex)
C:\Users\nikol\projects\quectel\development\customer\threadx\tools\LLVM\4.0.3\armv7m-none-eabi\libc\lib/libc.a(vsnprintf.o)
		C:\Users\nikol\projects\quectel\development\customer\threadx\tools\LLVM\4.0.3\armv7m-none-eabi\libc\lib/libc.a(vfprintf.o) (vsnprintf_full)
C:\Users\nikol\projects\quectel\development\customer\threadx\tools\LLVM\4.0.3\armv7m-none-eabi\libc\lib/libc.a(__aeabi_memclr.o)
		C:\Users\nikol\projects\quectel\development\customer\threadx\tools\LLVM\4.0.3\armv7m-none-eabi\libc\lib/libc.a(vfprintf.o) (__aeabi_memclr4)
C:\Users\nikol\projects\quectel\development\customer\threadx\tools\LLVM\4.0.3\armv7m-none-eabi\libc\lib/libc.a(__aeabi_memcpy.o)
		C:\Users\nikol\projects\quectel\development\customer\threadx\tools\LLVM\4.0.3\armv7m-none-eabi\libc\lib/libc.a(vsnprintf.o) (__aeabi_memcpy8)
C:\Users\nikol\projects\quectel\development\customer\threadx\tools\LLVM\4.0.3\armv7m-none-eabi\libc\lib/libc.a(memcpy_le.o)
		./malloc.o (memcpy)
C:\Users\nikol\projects\quectel\development\customer\threadx\tools\LLVM\4.0.3\armv7m-none-eabi\libc\lib/libc.a(memset_nofp_armv7.o)
		./malloc.o (memset)
C:\Users\nikol\projects\quectel\development\customer\threadx\tools\LLVM\4.0.3\armv7m-none-eabi\libc\lib/libc.a(memchr.o)
		C:\Users\nikol\projects\quectel\development\customer\threadx\tools\LLVM\4.0.3\armv7m-none-eabi\libc\lib/libc.a(vfprintf.o) (memchr)
C:\Users\nikol\projects\quectel\development\customer\threadx\tools\LLVM\4.0.3\armv7m-none-eabi\libc\lib/libc.a(strlen.o)
		./retarget.o (strlen)
C:\Users\nikol\projects\quectel\development\customer\threadx\tools\LLVM\4.0.3\armv7m-none-eabi\libc\lib/libc.a(strncpy.o)
		./retarget.o (strncpy)
C:\Users\nikol\projects\quectel\development\customer\threadx\tools\LLVM\4.0.3\armv7m-none-eabi\libc\lib/libc.a(__errno_location.o)
		C:\Users\nikol\projects\quectel\development\customer\threadx\tools\LLVM\4.0.3\armv7m-none-eabi\libc\lib/libc.a(vfprintf.o) (__errno_location)
C:\Users\nikol\projects\quectel\development\customer\threadx\tools\LLVM\4.0.3\armv7m-none-eabi\libc\lib/libc.a(strerror.o)
		C:\Users\nikol\projects\quectel\development\customer\threadx\tools\LLVM\4.0.3\armv7m-none-eabi\libc\lib/libc.a(vfprintf.o) (strerror)
C:\Users\nikol\projects\quectel\development\customer\threadx\tools\LLVM\4.0.3\armv7m-none-eabi\libc\lib/libc.a(__lctrans.o)
		C:\Users\nikol\projects\quectel\development\customer\threadx\tools\LLVM\4.0.3\armv7m-none-eabi\libc\lib/libc.a(strerror.o) (__lctrans)
C:\Users\nikol\projects\quectel\development\customer\threadx\tools\LLVM\4.0.3\armv7m-none-eabi\libc\lib/libc.a(wctomb.o)
		C:\Users\nikol\projects\quectel\development\customer\threadx\tools\LLVM\4.0.3\armv7m-none-eabi\libc\lib/libc.a(vfprintf.o) (wctomb)
C:\Users\nikol\projects\quectel\development\customer\threadx\tools\LLVM\4.0.3\armv7m-none-eabi\libc\lib/libc.a(__towrite.o)
		C:\Users\nikol\projects\quectel\development\customer\threadx\tools\LLVM\4.0.3\armv7m-none-eabi\libc\lib/libc.a(fwrite.o) (__towrite)
C:\Users\nikol\projects\quectel\development\customer\threadx\tools\LLVM\4.0.3\armv7m-none-eabi\libc\lib/libc.a(__lockfile.o)
		C:\Users\nikol\projects\quectel\development\customer\threadx\tools\LLVM\4.0.3\armv7m-none-eabi\libc\lib/libc.a(vfprintf.o) (__lockfile)
C:\Users\nikol\projects\quectel\development\customer\threadx\tools\LLVM\4.0.3\armv7m-none-eabi\libc\lib/libc.a(stpncpy.o)
		C:\Users\nikol\projects\quectel\development\customer\threadx\tools\LLVM\4.0.3\armv7m-none-eabi\libc\lib/libc.a(strncpy.o) (__stpncpy)
C:\Users\nikol\projects\quectel\development\customer\threadx\tools\LLVM\4.0.3\armv7m-none-eabi\libc\lib/libc.a(wcrtomb.o)
		C:\Users\nikol\projects\quectel\development\customer\threadx\tools\LLVM\4.0.3\armv7m-none-eabi\libc\lib/libc.a(wctomb.o) (wcrtomb)
C:\Users\nikol\projects\quectel\development\customer\threadx\tools\LLVM\4.0.3\armv7m-none-eabi\libc\lib/libc.a(__stdio_exit.o)
		C:\Users\nikol\projects\quectel\development\customer\threadx\tools\LLVM\4.0.3\armv7m-none-eabi\libc\lib/libc.a(__towrite.o) (__stdio_exit_needed)
C:\Users\nikol\projects\quectel\development\customer\threadx\tools\LLVM\4.0.3\armv7m-none-eabi\libc\lib/libc.a(ofl.o)
		C:\Users\nikol\projects\quectel\development\customer\threadx\tools\LLVM\4.0.3\armv7m-none-eabi\libc\lib/libc.a(__stdio_exit.o) (__ofl_lock)
C:\Users\nikol\projects\quectel\development\customer\threadx\tools\LLVM\4.0.3\lib\clang\4.0.3\lib\baremetal/libclang_rt.builtins-armv7m.a(aeabi_uldivmod.S.obj)
		C:\Users\nikol\projects\quectel\development\customer\threadx\tools\LLVM\4.0.3\armv7m-none-eabi\libc\lib/libc.a(vfprintf.o) (__aeabi_uldivmod)
C:\Users\nikol\projects\quectel\development\customer\threadx\tools\LLVM\4.0.3\lib\clang\4.0.3\lib\baremetal/libclang_rt.builtins-armv7m.a(udivmoddi4.c.obj)
		C:\Users\nikol\projects\quectel\development\customer\threadx\tools\LLVM\4.0.3\lib\clang\4.0.3\lib\baremetal/libclang_rt.builtins-armv7m.a(aeabi_uldivmod.S.obj) (__udivmoddi4)

Allocating common symbols
Common symbol	size	file

pool_mem	0x20000	./retarget.o
stdin_buf	0x80	./retarget.o
tracef_msg_mem	0x200	./retarget.o
tracef_thread_mem	0x1800	./retarget.o
in_tx_sem	0x4	./retarget.o
out_tx_sem	0x4	./retarget.o
pool	0x4	./retarget.o
tracef_msg_queue	0x4	./retarget.o
tracef_thread_byte_pool	0x4	./retarget.o
tracef_thread_handle	0x4	./retarget.o
tracef_thread_stack	0x4	./retarget.o
_txm_module_entry_info	0x4	../../../Quectel_BG96_QuecOpen_SDK_Package_V3.0.1-AUS/SDK/libs/llvm\txm_lib.lib(txm_module_thread_shell_entry.o)
_txm_module_instance_ptr	0x4	../../../Quectel_BG96_QuecOpen_SDK_Package_V3.0.1-AUS/SDK/libs/llvm\txm_lib.lib(txm_module_thread_shell_entry.o)
_txm_module_kernel_call_dispatcher	0x4	../../../Quectel_BG96_QuecOpen_SDK_Package_V3.0.1-AUS/SDK/libs/llvm\txm_lib.lib(txm_module_thread_shell_entry.o)

Linker Script and memory map
LOAD ./ldscripts/txm_module_preamble_llvm.o[]
LOAD ./retarget.o[]
LOAD ./malloc.o[]
LOAD ./stubs.o[]
LOAD out/src/main.o[]
LOAD ../../../Quectel_BG96_QuecOpen_SDK_Package_V3.0.1-AUS/SDK/libs/llvm\txm_lib.lib(txm_module_thread_shell_entry.o) []
LOAD ../../../Quectel_BG96_QuecOpen_SDK_Package_V3.0.1-AUS/SDK/libs/llvm\txm_lib.lib(txm_module_callback_request_thread_entry.o) []
LOAD ../../../Quectel_BG96_QuecOpen_SDK_Package_V3.0.1-AUS/SDK/libs/llvm\txm_lib.lib(txm_module_system_call11.o) []
LOAD ../../../Quectel_BG96_QuecOpen_SDK_Package_V3.0.1-AUS/SDK/libs/llvm\txm_lib.lib(txm_module_system_call4.o) []
LOAD ../../../Quectel_BG96_QuecOpen_SDK_Package_V3.0.1-AUS/SDK/libs/llvm\txm_lib.lib(txm_module_system_call5.o) []
LOAD ../../../Quectel_BG96_QuecOpen_SDK_Package_V3.0.1-AUS/SDK/libs/llvm\txm_lib.lib(txm_module_system_call6.o) []
LOAD C:\Users\nikol\projects\quectel\development\customer\threadx\tools\LLVM\4.0.3\armv7m-none-eabi\libc\lib/libc.a(vfprintf.o) []
LOAD C:\Users\nikol\projects\quectel\development\customer\threadx\tools\LLVM\4.0.3\armv7m-none-eabi\libc\lib/libc.a(fwrite.o) []
LOAD C:\Users\nikol\projects\quectel\development\customer\threadx\tools\LLVM\4.0.3\armv7m-none-eabi\libc\lib/libc.a(vsnprintf.o) []
LOAD C:\Users\nikol\projects\quectel\development\customer\threadx\tools\LLVM\4.0.3\armv7m-none-eabi\libc\lib/libc.a(__aeabi_memclr.o) []
LOAD C:\Users\nikol\projects\quectel\development\customer\threadx\tools\LLVM\4.0.3\armv7m-none-eabi\libc\lib/libc.a(__aeabi_memcpy.o) []
LOAD C:\Users\nikol\projects\quectel\development\customer\threadx\tools\LLVM\4.0.3\armv7m-none-eabi\libc\lib/libc.a(memcpy_le.o) []
LOAD C:\Users\nikol\projects\quectel\development\customer\threadx\tools\LLVM\4.0.3\armv7m-none-eabi\libc\lib/libc.a(memset_nofp_armv7.o) []
LOAD C:\Users\nikol\projects\quectel\development\customer\threadx\tools\LLVM\4.0.3\armv7m-none-eabi\libc\lib/libc.a(memchr.o) []
LOAD C:\Users\nikol\projects\quectel\development\customer\threadx\tools\LLVM\4.0.3\armv7m-none-eabi\libc\lib/libc.a(strlen.o) []
LOAD C:\Users\nikol\projects\quectel\development\customer\threadx\tools\LLVM\4.0.3\armv7m-none-eabi\libc\lib/libc.a(strncpy.o) []
LOAD C:\Users\nikol\projects\quectel\development\customer\threadx\tools\LLVM\4.0.3\armv7m-none-eabi\libc\lib/libc.a(__errno_location.o) []
LOAD C:\Users\nikol\projects\quectel\development\customer\threadx\tools\LLVM\4.0.3\armv7m-none-eabi\libc\lib/libc.a(strerror.o) []
LOAD C:\Users\nikol\projects\quectel\development\customer\threadx\tools\LLVM\4.0.3\armv7m-none-eabi\libc\lib/libc.a(__lctrans.o) []
LOAD C:\Users\nikol\projects\quectel\development\customer\threadx\tools\LLVM\4.0.3\armv7m-none-eabi\libc\lib/libc.a(wctomb.o) []
LOAD C:\Users\nikol\projects\quectel\development\customer\threadx\tools\LLVM\4.0.3\armv7m-none-eabi\libc\lib/libc.a(__towrite.o) []
LOAD C:\Users\nikol\projects\quectel\development\customer\threadx\tools\LLVM\4.0.3\armv7m-none-eabi\libc\lib/libc.a(__lockfile.o) []
LOAD C:\Users\nikol\projects\quectel\development\customer\threadx\tools\LLVM\4.0.3\armv7m-none-eabi\libc\lib/libc.a(stpncpy.o) []
LOAD C:\Users\nikol\projects\quectel\development\customer\threadx\tools\LLVM\4.0.3\armv7m-none-eabi\libc\lib/libc.a(wcrtomb.o) []
LOAD C:\Users\nikol\projects\quectel\development\customer\threadx\tools\LLVM\4.0.3\armv7m-none-eabi\libc\lib/libc.a(__stdio_exit.o) []
LOAD C:\Users\nikol\projects\quectel\development\customer\threadx\tools\LLVM\4.0.3\armv7m-none-eabi\libc\lib/libc.a(ofl.o) []
START GROUP
END GROUP
START GROUP
LOAD C:\Users\nikol\projects\quectel\development\customer\threadx\tools\LLVM\4.0.3\lib\clang\4.0.3\lib\baremetal/libclang_rt.builtins-armv7m.a(aeabi_uldivmod.S.obj) []
LOAD C:\Users\nikol\projects\quectel\development\customer\threadx\tools\LLVM\4.0.3\lib\clang\4.0.3\lib\baremetal/libclang_rt.builtins-armv7m.a(udivmoddi4.c.obj) []
END GROUP

Linker scripts used (including INCLUDE command)
./ldscripts/sections.ld

ER_RO	0x43000000	0x2d9c # Offset: 0x60, LMA: 0x43000000
	Image$$ER_RO$$Base(0x43000000) = .( 0x43000000 );
*txm_module_preamble_llvm.o(.text .text.* )
*txm_module_preamble_llvm.o(Init )
Init	0x43000000	0x80	./ldscripts/txm_module_preamble_llvm.o	#SHT_PROGBITS,SHF_ALLOC|SHF_EXECINSTR,4
	0x43000000		.CODE32
	0x43000000		_txm_module_preamble
*txm_module_preamble_llvm.o(.rodata .rodata.* )
KEEP (*(.text .text.* ))
.text	0x43000080	0x72c	./retarget.o	#SHT_PROGBITS,SHF_ALLOC|SHF_EXECINSTR,4
	0x43000080		$a.0
	0x43000080		task_main_entry
	0x4300030c		$d.1
	0x43000370		$a.2
	0x43000370		putchar
	0x430003e4		$d.3
	0x430003f4		$a.4
	0x430003f4		__wrap_puts
	0x430004d0		$d.5
	0x430004e0		$a.6
	0x430004e0		__wrap_printf
	0x4300059c		$d.7
	0x430005ac		$a.8
	0x430005ac		__wrap_gets
	0x430005b4		__wrap_getchar
	0x4300063c		$d.9
	0x43000650		$a.10
	0x43000650		uart_rx_cb
	0x43000678		$d.11
	0x43000680		$a.12
	0x43000680		uart_tx_cb
	0x430006a0		$d.13
	0x430006a8		$a.14
	0x430006a8		qapi_uart_tx_user_cb_dispatcher
	0x430006c8		qapi_uart_rx_user_cb_dispatcher
	0x430006e8		tracef_thread
	0x43000798		$d.15
.text	0x430007ac	0x2dc	./malloc.o	#SHT_PROGBITS,SHF_ALLOC|SHF_EXECINSTR,4
	0x430007ac		$a.0
	0x430007ac		memscpy
	0x430007d4		malloc_byte_pool_init
	0x4300084c		$d.1
	0x43000864		$a.2
	0x43000864		malloc_get_pool
	0x43000870		$d.3
	0x43000874		$a.4
	0x43000874		__wrap_malloc
	0x43000908		$d.5
	0x43000914		$a.6
	0x43000914		__wrap_free
	0x43000978		$d.7
	0x43000988		$a.8
	0x43000988		__wrap_calloc
	0x430009c0		__wrap_realloc
	0x43000a78		$d.9
.text	0x43000a88	0x100	./stubs.o	#SHT_PROGBITS,SHF_ALLOC|SHF_EXECINSTR,4
	0x43000a88		$a.0
	0x43000a88		abort
	0x43000ac4		$d.1
	0x43000ac8		$a.2
	0x43000ac8		exit
	0x43000b04		$d.3
	0x43000b08		$a.4
	0x43000b08		_Exit
	0x43000b44		$d.5
	0x43000b48		$a.6
	0x43000b48		quick_exit
	0x43000b84		$d.7
.text	0x43000b88	0x8	out/src/main.o	#SHT_PROGBITS,SHF_ALLOC|SHF_EXECINSTR,4
	0x43000b88		$a.0
	0x43000b88		main
.text._txm_module_thread_shell_entry	0x43000b90	0x94	../../../Quectel_BG96_QuecOpen_SDK_Package_V3.0.1-AUS/SDK/libs/llvm\txm_lib.lib(txm_module_thread_shell_entry.o)	#SHT_PROGBITS,SHF_ALLOC|SHF_EXECINSTR,4
	0x43000b90		$a.0
	0x43000b90		_txm_module_thread_shell_entry
	0x43000c18		$d.1
.text._txm_module_callback_request_thread_entry	0x43000c24	0x108	../../../Quectel_BG96_QuecOpen_SDK_Package_V3.0.1-AUS/SDK/libs/llvm\txm_lib.lib(txm_module_callback_request_thread_entry.o)	#SHT_PROGBITS,SHF_ALLOC|SHF_EXECINSTR,4
	0x43000c24		$a.0
	0x43000c24		_txm_module_callback_request_thread_entry
	0x43000c7c		$d.1
	0x43000c90		$a.2
	0x43000d24		$d.3
.text._txm_module_system_call11	0x43000d2c	0x68	../../../Quectel_BG96_QuecOpen_SDK_Package_V3.0.1-AUS/SDK/libs/llvm\txm_lib.lib(txm_module_system_call11.o)	#SHT_PROGBITS,SHF_ALLOC|SHF_EXECINSTR,4
	0x43000d2c		$a.0
	0x43000d2c		_txm_module_system_call11
	0x43000d90		$d.1
.text._txm_module_system_call4	0x43000d94	0x2c	../../../Quectel_BG96_QuecOpen_SDK_Package_V3.0.1-AUS/SDK/libs/llvm\txm_lib.lib(txm_module_system_call4.o)	#SHT_PROGBITS,SHF_ALLOC|SHF_EXECINSTR,4
	0x43000d94		$a.0
	0x43000d94		_txm_module_system_call4
	0x43000dbc		$d.1
.text._txm_module_system_call5	0x43000dc0	0x34	../../../Quectel_BG96_QuecOpen_SDK_Package_V3.0.1-AUS/SDK/libs/llvm\txm_lib.lib(txm_module_system_call5.o)	#SHT_PROGBITS,SHF_ALLOC|SHF_EXECINSTR,4
	0x43000dc0		$a.0
	0x43000dc0		_txm_module_system_call5
	0x43000df0		$d.1
.text._txm_module_system_call6	0x43000df4	0x3c	../../../Quectel_BG96_QuecOpen_SDK_Package_V3.0.1-AUS/SDK/libs/llvm\txm_lib.lib(txm_module_system_call6.o)	#SHT_PROGBITS,SHF_ALLOC|SHF_EXECINSTR,4
	0x43000df4		$a.0
	0x43000df4		_txm_module_system_call6
	0x43000e2c		$d.1
.text.vfprintf	0x43000e30	0xd6	C:\Users\nikol\projects\quectel\development\customer\threadx\tools\LLVM\4.0.3\armv7m-none-eabi\libc\lib/libc.a(vfprintf.o)	#SHT_PROGBITS,SHF_ALLOC|SHF_EXECINSTR,2
	0x43000e30		$t
	0x43000e31		vfprintf
PADDING_ALIGNMENT	0x43000f06	0x2	0x0
.text.printf_core	0x43000f08	0x6a8	C:\Users\nikol\projects\quectel\development\customer\threadx\tools\LLVM\4.0.3\armv7m-none-eabi\libc\lib/libc.a(vfprintf.o)	#SHT_PROGBITS,SHF_ALLOC|SHF_EXECINSTR,4
	0x43000f08		$t
	0x43000f09		printf_core
	0x430011b8		$d
	0x430011c0		$t
	0x43001428		$d
	0x4300144e		$t
	0x4300158c		$d
.text.vsnprintf	0x430015b0	0x1a4	C:\Users\nikol\projects\quectel\development\customer\threadx\tools\LLVM\4.0.3\armv7m-none-eabi\libc\lib/libc.a(vfprintf.o)	#SHT_PROGBITS,SHF_ALLOC|SHF_EXECINSTR,4
	0x430015b0		$t
	0x430015b1		vsnprintf
	0x43001750		$d
.text.fmt_u32	0x43001754	0x22	C:\Users\nikol\projects\quectel\development\customer\threadx\tools\LLVM\4.0.3\armv7m-none-eabi\libc\lib/libc.a(vfprintf.o)	#SHT_PROGBITS,SHF_ALLOC|SHF_EXECINSTR,2
	0x43001754		$t
	0x43001755		fmt_u32
.text.out	0x43001776	0x14	C:\Users\nikol\projects\quectel\development\customer\threadx\tools\LLVM\4.0.3\armv7m-none-eabi\libc\lib/libc.a(vfprintf.o)	#SHT_PROGBITS,SHF_ALLOC|SHF_EXECINSTR,2
	0x43001776		$t
	0x43001777		out
.text.getint	0x4300178a	0x1e	C:\Users\nikol\projects\quectel\development\customer\threadx\tools\LLVM\4.0.3\armv7m-none-eabi\libc\lib/libc.a(vfprintf.o)	#SHT_PROGBITS,SHF_ALLOC|SHF_EXECINSTR,2
	0x4300178a		$t
	0x4300178b		getint
.text.pop_arg	0x430017a8	0x80	C:\Users\nikol\projects\quectel\development\customer\threadx\tools\LLVM\4.0.3\armv7m-none-eabi\libc\lib/libc.a(vfprintf.o)	#SHT_PROGBITS,SHF_ALLOC|SHF_EXECINSTR,4
	0x430017a8		$t
	0x430017a9		pop_arg
	0x430017b6		$d
	0x430017c0		$t
.text.pad	0x43001828	0x4e	C:\Users\nikol\projects\quectel\development\customer\threadx\tools\LLVM\4.0.3\armv7m-none-eabi\libc\lib/libc.a(vfprintf.o)	#SHT_PROGBITS,SHF_ALLOC|SHF_EXECINSTR,2
	0x43001828		$t
	0x43001829		pad
.text.__fwritex	0x43001876	0x76	C:\Users\nikol\projects\quectel\development\customer\threadx\tools\LLVM\4.0.3\armv7m-none-eabi\libc\lib/libc.a(fwrite.o)	#SHT_PROGBITS,SHF_ALLOC|SHF_EXECINSTR,2
	0x43001876		$t
	0x43001877		__fwritex
.text.fwrite	0x430018ec	0x58	C:\Users\nikol\projects\quectel\development\customer\threadx\tools\LLVM\4.0.3\armv7m-none-eabi\libc\lib/libc.a(fwrite.o)	#SHT_PROGBITS,SHF_ALLOC|SHF_EXECINSTR,2
	0x430018ec		$t
	0x430018ed		fwrite
	0x430018ed		fwrite_unlocked
.text.vsnprintf_full	0x43001944	0x74	C:\Users\nikol\projects\quectel\development\customer\threadx\tools\LLVM\4.0.3\armv7m-none-eabi\libc\lib/libc.a(vsnprintf.o)	#SHT_PROGBITS,SHF_ALLOC|SHF_EXECINSTR,4
	0x43001944		$t
	0x43001945		vsnprintf_full
	0x430019b0		$d
.text.sn_write	0x430019b8	0x22	C:\Users\nikol\projects\quectel\development\customer\threadx\tools\LLVM\4.0.3\armv7m-none-eabi\libc\lib/libc.a(vsnprintf.o)	#SHT_PROGBITS,SHF_ALLOC|SHF_EXECINSTR,2
	0x430019b8		$t
	0x430019b9		sn_write
.text.__aeabi_memclr	0x430019da	0x8	C:\Users\nikol\projects\quectel\development\customer\threadx\tools\LLVM\4.0.3\armv7m-none-eabi\libc\lib/libc.a(__aeabi_memclr.o)	#SHT_PROGBITS,SHF_ALLOC|SHF_EXECINSTR,2
	0x430019da		$t
	0x430019db		__aeabi_memclr
	0x430019db		__aeabi_memclr4
	0x430019db		__aeabi_memclr8
.text.__aeabi_memcpy	0x430019e2	0x4	C:\Users\nikol\projects\quectel\development\customer\threadx\tools\LLVM\4.0.3\armv7m-none-eabi\libc\lib/libc.a(__aeabi_memcpy.o)	#SHT_PROGBITS,SHF_ALLOC|SHF_EXECINSTR,2
	0x430019e2		$t
	0x430019e3		__aeabi_memcpy
	0x430019e3		__aeabi_memcpy4
	0x430019e3		__aeabi_memcpy8
.text	0x430019e6	0x2ee	C:\Users\nikol\projects\quectel\development\customer\threadx\tools\LLVM\4.0.3\armv7m-none-eabi\libc\lib/libc.a(memcpy_le.o)	#SHT_PROGBITS,SHF_ALLOC|SHF_EXECINSTR,2
	0x430019e6		$t
	0x430019e7		memcpy
	0x43001a26		src_aligned
	0x43001a74		congruent_aligned32
	0x43001a74		cached_aligned32
	0x43001a8a		less_than_32_left
	0x43001ad8		non_congruent
	0x43001b54		loop16
	0x43001bb0		loop8
	0x43001c0c		loop24
	0x43001c64		less_than_thirtytwo
	0x43001c8e		partial_word_tail
	0x43001caa		copy_last_3_and_return
.text	0x43001cd4	0x68	C:\Users\nikol\projects\quectel\development\customer\threadx\tools\LLVM\4.0.3\armv7m-none-eabi\libc\lib/libc.a(memset_nofp_armv7.o)	#SHT_PROGBITS,SHF_ALLOC|SHF_EXECINSTR,4
	0x43001cd4		$t
	0x43001cd5		memset
.text.memchr	0x43001d3c	0x5c	C:\Users\nikol\projects\quectel\development\customer\threadx\tools\LLVM\4.0.3\armv7m-none-eabi\libc\lib/libc.a(memchr.o)	#SHT_PROGBITS,SHF_ALLOC|SHF_EXECINSTR,2
	0x43001d3c		$t
	0x43001d3d		memchr
.text.strlen	0x43001d98	0x34	C:\Users\nikol\projects\quectel\development\customer\threadx\tools\LLVM\4.0.3\armv7m-none-eabi\libc\lib/libc.a(strlen.o)	#SHT_PROGBITS,SHF_ALLOC|SHF_EXECINSTR,2
	0x43001d98		$t
	0x43001d99		strlen
.text.strncpy	0x43001dcc	0xc	C:\Users\nikol\projects\quectel\development\customer\threadx\tools\LLVM\4.0.3\armv7m-none-eabi\libc\lib/libc.a(strncpy.o)	#SHT_PROGBITS,SHF_ALLOC|SHF_EXECINSTR,2
	0x43001dcc		$t
	0x43001dcd		strncpy
.text.__errno_location	0x43001dd8	0x8	C:\Users\nikol\projects\quectel\development\customer\threadx\tools\LLVM\4.0.3\armv7m-none-eabi\libc\lib/libc.a(__errno_location.o)	#SHT_PROGBITS,SHF_ALLOC|SHF_EXECINSTR,2
	0x43001dd8		$t
	0x43001dd9		__errno_location
.text.__strerror_l	0x43001de0	0x3c	C:\Users\nikol\projects\quectel\development\customer\threadx\tools\LLVM\4.0.3\armv7m-none-eabi\libc\lib/libc.a(strerror.o)	#SHT_PROGBITS,SHF_ALLOC|SHF_EXECINSTR,4
	0x43001de0		$t
	0x43001de1		__strerror_l
	0x43001de1		strerror_l
	0x43001e14		$d
.text.strerror	0x43001e1c	0xc	C:\Users\nikol\projects\quectel\development\customer\threadx\tools\LLVM\4.0.3\armv7m-none-eabi\libc\lib/libc.a(strerror.o)	#SHT_PROGBITS,SHF_ALLOC|SHF_EXECINSTR,2
	0x43001e1c		$t
	0x43001e1d		strerror
.text.dummy	0x43001e28	0x2	C:\Users\nikol\projects\quectel\development\customer\threadx\tools\LLVM\4.0.3\armv7m-none-eabi\libc\lib/libc.a(__lctrans.o)	#SHT_PROGBITS,SHF_ALLOC|SHF_EXECINSTR,2
	0x43001e28		$t
	0x43001e29		dummy
	0x43001e29		__lctrans_impl
.text.__lctrans	0x43001e2a	0x4	C:\Users\nikol\projects\quectel\development\customer\threadx\tools\LLVM\4.0.3\armv7m-none-eabi\libc\lib/libc.a(__lctrans.o)	#SHT_PROGBITS,SHF_ALLOC|SHF_EXECINSTR,2
	0x43001e2a		$t
	0x43001e2b		__lctrans
.text.__lctrans_cur	0x43001e2e	0xe	C:\Users\nikol\projects\quectel\development\customer\threadx\tools\LLVM\4.0.3\armv7m-none-eabi\libc\lib/libc.a(__lctrans.o)	#SHT_PROGBITS,SHF_ALLOC|SHF_EXECINSTR,2
	0x43001e2e		$t
	0x43001e2f		__lctrans_cur
.text.wctomb	0x43001e3c	0xc	C:\Users\nikol\projects\quectel\development\customer\threadx\tools\LLVM\4.0.3\armv7m-none-eabi\libc\lib/libc.a(wctomb.o)	#SHT_PROGBITS,SHF_ALLOC|SHF_EXECINSTR,2
	0x43001e3c		$t
	0x43001e3d		wctomb
.text.__towrite	0x43001e48	0x38	C:\Users\nikol\projects\quectel\development\customer\threadx\tools\LLVM\4.0.3\armv7m-none-eabi\libc\lib/libc.a(__towrite.o)	#SHT_PROGBITS,SHF_ALLOC|SHF_EXECINSTR,2
	0x43001e48		$t
	0x43001e49		__towrite
.text.__towrite_needs_stdio_exit	0x43001e80	0x4	C:\Users\nikol\projects\quectel\development\customer\threadx\tools\LLVM\4.0.3\armv7m-none-eabi\libc\lib/libc.a(__towrite.o)	#SHT_PROGBITS,SHF_ALLOC|SHF_EXECINSTR,2
	0x43001e80		$t
	0x43001e81		__towrite_needs_stdio_exit
.text.__lockfile	0x43001e84	0x4	C:\Users\nikol\projects\quectel\development\customer\threadx\tools\LLVM\4.0.3\armv7m-none-eabi\libc\lib/libc.a(__lockfile.o)	#SHT_PROGBITS,SHF_ALLOC|SHF_EXECINSTR,2
	0x43001e84		$t
	0x43001e85		__lockfile
.text.__unlockfile	0x43001e88	0x2	C:\Users\nikol\projects\quectel\development\customer\threadx\tools\LLVM\4.0.3\armv7m-none-eabi\libc\lib/libc.a(__lockfile.o)	#SHT_PROGBITS,SHF_ALLOC|SHF_EXECINSTR,2
	0x43001e88		$t
	0x43001e89		__unlockfile
.text.__stpncpy	0x43001e8a	0x68	C:\Users\nikol\projects\quectel\development\customer\threadx\tools\LLVM\4.0.3\armv7m-none-eabi\libc\lib/libc.a(stpncpy.o)	#SHT_PROGBITS,SHF_ALLOC|SHF_EXECINSTR,2
	0x43001e8a		$t
	0x43001e8b		__stpncpy
	0x43001e8b		stpncpy
.text.wcrtomb	0x43001ef2	0xb0	C:\Users\nikol\projects\quectel\development\customer\threadx\tools\LLVM\4.0.3\armv7m-none-eabi\libc\lib/libc.a(wcrtomb.o)	#SHT_PROGBITS,SHF_ALLOC|SHF_EXECINSTR,2
	0x43001ef2		$t
	0x43001ef3		wcrtomb
PADDING_ALIGNMENT	0x43001fa2	0x2	0x0
.text.__stdio_exit	0x43001fa4	0x30	C:\Users\nikol\projects\quectel\development\customer\threadx\tools\LLVM\4.0.3\armv7m-none-eabi\libc\lib/libc.a(__stdio_exit.o)	#SHT_PROGBITS,SHF_ALLOC|SHF_EXECINSTR,4
	0x43001fa4		$t
	0x43001fa5		__stdio_exit
	0x43001fa5		__stdio_exit_needed
	0x43001fcc		$d
.text.close_file	0x43001fd4	0x3c	C:\Users\nikol\projects\quectel\development\customer\threadx\tools\LLVM\4.0.3\armv7m-none-eabi\libc\lib/libc.a(__stdio_exit.o)	#SHT_PROGBITS,SHF_ALLOC|SHF_EXECINSTR,2
	0x43001fd4		$t
	0x43001fd5		close_file
.text.__ofl_lock	0x43002010	0x8	C:\Users\nikol\projects\quectel\development\customer\threadx\tools\LLVM\4.0.3\armv7m-none-eabi\libc\lib/libc.a(ofl.o)	#SHT_PROGBITS,SHF_ALLOC|SHF_EXECINSTR,4
	0x43002010		$t
	0x43002011		__ofl_lock
	0x43002014		$d
.text.__ofl_unlock	0x43002018	0x2	C:\Users\nikol\projects\quectel\development\customer\threadx\tools\LLVM\4.0.3\armv7m-none-eabi\libc\lib/libc.a(ofl.o)	#SHT_PROGBITS,SHF_ALLOC|SHF_EXECINSTR,2
	0x43002018		$t
	0x43002019		__ofl_unlock
PADDING_ALIGNMENT	0x4300201a	0x2	0x0
.text	0x4300201c	0x14	C:\Users\nikol\projects\quectel\development\customer\threadx\tools\LLVM\4.0.3\lib\clang\4.0.3\lib\baremetal/libclang_rt.builtins-armv7m.a(aeabi_uldivmod.S.obj)	#SHT_PROGBITS,SHF_ALLOC|SHF_EXECINSTR,4
	0x4300201c		$t.0
	0x4300201d		__aeabi_uldivmod
.text.__udivmoddi4	0x43002030	0x1d4	C:\Users\nikol\projects\quectel\development\customer\threadx\tools\LLVM\4.0.3\lib\clang\4.0.3\lib\baremetal/libclang_rt.builtins-armv7m.a(udivmoddi4.c.obj)	#SHT_PROGBITS,SHF_ALLOC|SHF_EXECINSTR,2
	0x43002030		$t.0
	0x43002031		__udivmoddi4
*(Init )
*(.rodata .rodata.* )
.rodata.str1.1	0x43002204	0xb	./retarget.o	#SHT_PROGBITS,SHF_ALLOC|SHF_MERGE|SHF_STRINGS,1
	0x43002204		.L.str
.rodata.str1.1	0x4300220f	0xa	./retarget.o	#SHT_PROGBITS,SHF_ALLOC|SHF_MERGE|SHF_STRINGS,1
	0x4300220f		.L.str.1
.rodata.str1.1	0x43002219	0xd	./retarget.o	#SHT_PROGBITS,SHF_ALLOC|SHF_MERGE|SHF_STRINGS,1
	0x43002219		.L.str.2
.rodata.str1.1	0x43002226	0xf	./retarget.o	#SHT_PROGBITS,SHF_ALLOC|SHF_MERGE|SHF_STRINGS,1
	0x43002226		.L.str.3
.rodata.str1.1	0x43002235	0x11	./retarget.o	#SHT_PROGBITS,SHF_ALLOC|SHF_MERGE|SHF_STRINGS,1
	0x43002235		.L.str.4
.rodata.str1.1	0x43002246	0xe	./retarget.o	#SHT_PROGBITS,SHF_ALLOC|SHF_MERGE|SHF_STRINGS,1
	0x43002246		.L.str.5
.rodata.str1.1	0x43002254	0xb	./malloc.o	#SHT_PROGBITS,SHF_ALLOC|SHF_MERGE|SHF_STRINGS,1
	0x43002254		.L.str.1
.rodata.str1.1	0x4300225f	0x28	./malloc.o	#SHT_PROGBITS,SHF_ALLOC|SHF_MERGE|SHF_STRINGS,1
	0x4300225f		.L.str.3
PADDING_ALIGNMENT	0x43002287	0x9	0x0
.rodata.str1.16	0x43002290	0x10c	./malloc.o	#SHT_PROGBITS,SHF_ALLOC|SHF_MERGE|SHF_STRINGS,16
	0x43002290		.Lstr
	0x430022c0		.Lstr.7
	0x430022f0		.Lstr.10
	0x43002330		.Lstr.11
	0x43002360		.Lstr.12
.rodata.str1.1	0x4300239c	0x7	C:\Users\nikol\projects\quectel\development\customer\threadx\tools\LLVM\4.0.3\armv7m-none-eabi\libc\lib/libc.a(vfprintf.o)	#SHT_PROGBITS,SHF_ALLOC|SHF_MERGE|SHF_STRINGS,1
.rodata.str1.1	0x430023a3	0xa	C:\Users\nikol\projects\quectel\development\customer\threadx\tools\LLVM\4.0.3\armv7m-none-eabi\libc\lib/libc.a(vfprintf.o)	#SHT_PROGBITS,SHF_ALLOC|SHF_MERGE|SHF_STRINGS,1
.rodata.states	0x430023ad	0x1d0	C:\Users\nikol\projects\quectel\development\customer\threadx\tools\LLVM\4.0.3\armv7m-none-eabi\libc\lib/libc.a(vfprintf.o)	#SHT_PROGBITS,SHF_ALLOC,1
	0x430023ad		states
.rodata.cst16	0x4300257d	0x10	C:\Users\nikol\projects\quectel\development\customer\threadx\tools\LLVM\4.0.3\armv7m-none-eabi\libc\lib/libc.a(vfprintf.o)	#SHT_PROGBITS,SHF_ALLOC|SHF_MERGE,1
	0x4300257d		xdigits
PADDING_ALIGNMENT	0x4300258d	0x3	0x0
.rodata.str1.4	0x43002590	0x14	C:\Users\nikol\projects\quectel\development\customer\threadx\tools\LLVM\4.0.3\armv7m-none-eabi\libc\lib/libc.a(vfprintf.o)	#SHT_PROGBITS,SHF_ALLOC|SHF_MERGE|SHF_STRINGS,4
	0x43002590		$d
PADDING_ALIGNMENT	0x430025a4	0x4	0x0
.rodata..Lvsnprintf_full.f	0x430025a8	0x90	C:\Users\nikol\projects\quectel\development\customer\threadx\tools\LLVM\4.0.3\armv7m-none-eabi\libc\lib/libc.a(vsnprintf.o)	#SHT_PROGBITS,SHF_ALLOC,8
	0x430025a8		$d
.rodata.str1.1	0x43002638	0x58	C:\Users\nikol\projects\quectel\development\customer\threadx\tools\LLVM\4.0.3\armv7m-none-eabi\libc\lib/libc.a(strerror.o)	#SHT_PROGBITS,SHF_ALLOC|SHF_MERGE|SHF_STRINGS,1
	0x43002638		errid
.rodata.errmsg	0x43002690	0x70c	C:\Users\nikol\projects\quectel\development\customer\threadx\tools\LLVM\4.0.3\armv7m-none-eabi\libc\lib/libc.a(strerror.o)	#SHT_PROGBITS,SHF_ALLOC,1
	0x43002690		errmsg
	Image$$ER_RO$$Limit(0x43002d9c) = .( 0x43002d9c );
Image$$ER_RO$$Length(0x2d9c) = Image$$ER_RO$$Limit( 0x43002d9c ) - Image$$ER_RO$$Base( 0x43000000 );

ER_RW	0x43002da0	0x8 # Offset: 0x2e00, LMA: 0x43002da0
	Image$$ER_RW$$Base(0x43002da0) = .( 0x43002da0 );
KEEP (*(.data .data.* ))
.data.dummy_file	0x43002da0	0x4	C:\Users\nikol\projects\quectel\development\customer\threadx\tools\LLVM\4.0.3\armv7m-none-eabi\libc\lib/libc.a(__stdio_exit.o)	#SHT_PROGBITS,SHF_ALLOC|SHF_WRITE,4
	0x43002da0		dummy_file
	0x43002da0		$d
	0x43002da0		__stdin_used
	0x43002da0		__stdout_used
	0x43002da0		__stderr_used
.data.ofl_head	0x43002da4	0x4	C:\Users\nikol\projects\quectel\development\customer\threadx\tools\LLVM\4.0.3\armv7m-none-eabi\libc\lib/libc.a(ofl.o)	#SHT_PROGBITS,SHF_ALLOC|SHF_WRITE,4
	0x43002da4		ofl_head
	0x43002da4		$d
	Image$$ER_RW$$Limit(0x43002da8) = .( 0x43002da8 );
Image$$ER_RW$$Length(0x8) = Image$$ER_RW$$Limit( 0x43002da8 ) - Image$$ER_RW$$Base( 0x43002da0 );

ER_ZI	0x43002da8	0xa1ab0 # Offset: 0x2e08, LMA: 0x43002da8
	Image$$ER_ZI$$Base(0x43002da8) = .( 0x43002da8 );
*(.bss* .bss.* .common COMMON )
	0x43002da8	0x20000	./retarget.o	#SHT_NOBITS,SHF_ALLOC|SHF_WRITE,4
	0x43002da8		pool_mem
	0x43022da8	0x80	./retarget.o	#SHT_NOBITS,SHF_ALLOC|SHF_WRITE,4
	0x43022da8		stdin_buf
	0x43022e28	0x200	./retarget.o	#SHT_NOBITS,SHF_ALLOC|SHF_WRITE,4
	0x43022e28		tracef_msg_mem
	0x43023028	0x1800	./retarget.o	#SHT_NOBITS,SHF_ALLOC|SHF_WRITE,4
	0x43023028		tracef_thread_mem
	0x43024828	0x4	./retarget.o	#SHT_NOBITS,SHF_ALLOC|SHF_WRITE,4
	0x43024828		in_tx_sem
	0x4302482c	0x4	./retarget.o	#SHT_NOBITS,SHF_ALLOC|SHF_WRITE,4
	0x4302482c		out_tx_sem
	0x43024830	0x4	./retarget.o	#SHT_NOBITS,SHF_ALLOC|SHF_WRITE,4
	0x43024830		pool
	0x43024834	0x4	./retarget.o	#SHT_NOBITS,SHF_ALLOC|SHF_WRITE,4
	0x43024834		tracef_msg_queue
	0x43024838	0x4	./retarget.o	#SHT_NOBITS,SHF_ALLOC|SHF_WRITE,4
	0x43024838		tracef_thread_byte_pool
	0x4302483c	0x4	./retarget.o	#SHT_NOBITS,SHF_ALLOC|SHF_WRITE,4
	0x4302483c		tracef_thread_handle
	0x43024840	0x4	./retarget.o	#SHT_NOBITS,SHF_ALLOC|SHF_WRITE,4
	0x43024840		tracef_thread_stack
	0x43024844	0x4	../../../Quectel_BG96_QuecOpen_SDK_Package_V3.0.1-AUS/SDK/libs/llvm\txm_lib.lib(txm_module_thread_shell_entry.o)	#SHT_NOBITS,SHF_ALLOC|SHF_WRITE,4
	0x43024844		_txm_module_entry_info
	0x43024848	0x4	../../../Quectel_BG96_QuecOpen_SDK_Package_V3.0.1-AUS/SDK/libs/llvm\txm_lib.lib(txm_module_thread_shell_entry.o)	#SHT_NOBITS,SHF_ALLOC|SHF_WRITE,4
	0x43024848		_txm_module_instance_ptr
	0x4302484c	0x4	../../../Quectel_BG96_QuecOpen_SDK_Package_V3.0.1-AUS/SDK/libs/llvm\txm_lib.lib(txm_module_thread_shell_entry.o)	#SHT_NOBITS,SHF_ALLOC|SHF_WRITE,4
	0x4302484c		_txm_module_kernel_call_dispatcher
.bss	0x43024850	0x4	./retarget.o	#SHT_NOBITS,SHF_ALLOC|SHF_WRITE,4
	0x43024850		handle
.bss	0x43024854	0x80004	./malloc.o	#SHT_NOBITS,SHF_ALLOC|SHF_WRITE,4
	0x43024854		byte_malloc_mem_pool
	0x43024858		mem
	Image$$ER_ZI$$Limit(0x430a4858) = .( 0x430a4858 );
Image$$ER_ZI$$ZI$$Length(0xa1ab0) = Image$$ER_ZI$$Limit( 0x430a4858 ) - Image$$ER_ZI$$Base( 0x43002da8 );

.debug	0x0	0x0 # Offset: 0x0

.line	0x0	0x0 # Offset: 0x0

.debug_srcinfo	0x0	0x0 # Offset: 0x0

.debug_sfnames	0x0	0x0 # Offset: 0x0

.debug_aranges	0x0	0x0 # Offset: 0x0

.debug_pubnames	0x2e08	0x19f # Offset: 0x2e08
*(.debug_pubnames )
.debug_pubnames	0x2e08	0xa2	../../../Quectel_BG96_QuecOpen_SDK_Package_V3.0.1-AUS/SDK/libs/llvm\txm_lib.lib(txm_module_thread_shell_entry.o)	#SHT_PROGBITS,,1
.debug_pubnames	0x2eaa	0x40	../../../Quectel_BG96_QuecOpen_SDK_Package_V3.0.1-AUS/SDK/libs/llvm\txm_lib.lib(txm_module_callback_request_thread_entry.o)	#SHT_PROGBITS,,1
.debug_pubnames	0x2eea	0x30	../../../Quectel_BG96_QuecOpen_SDK_Package_V3.0.1-AUS/SDK/libs/llvm\txm_lib.lib(txm_module_system_call11.o)	#SHT_PROGBITS,,1
.debug_pubnames	0x2f1a	0x2f	../../../Quectel_BG96_QuecOpen_SDK_Package_V3.0.1-AUS/SDK/libs/llvm\txm_lib.lib(txm_module_system_call4.o)	#SHT_PROGBITS,,1
.debug_pubnames	0x2f49	0x2f	../../../Quectel_BG96_QuecOpen_SDK_Package_V3.0.1-AUS/SDK/libs/llvm\txm_lib.lib(txm_module_system_call5.o)	#SHT_PROGBITS,,1
.debug_pubnames	0x2f78	0x2f	../../../Quectel_BG96_QuecOpen_SDK_Package_V3.0.1-AUS/SDK/libs/llvm\txm_lib.lib(txm_module_system_call6.o)	#SHT_PROGBITS,,1

.debug_info	0x2fa7	0x20b8 # Offset: 0x2fa7
*(.debug_info .gnu.linkonce.wi.* )
.debug_info	0x2fa7	0xcd5	../../../Quectel_BG96_QuecOpen_SDK_Package_V3.0.1-AUS/SDK/libs/llvm\txm_lib.lib(txm_module_thread_shell_entry.o)	#SHT_PROGBITS,,1
.debug_info	0x3c7c	0x1019	../../../Quectel_BG96_QuecOpen_SDK_Package_V3.0.1-AUS/SDK/libs/llvm\txm_lib.lib(txm_module_callback_request_thread_entry.o)	#SHT_PROGBITS,,1
.debug_info	0x4c95	0x136	../../../Quectel_BG96_QuecOpen_SDK_Package_V3.0.1-AUS/SDK/libs/llvm\txm_lib.lib(txm_module_system_call11.o)	#SHT_PROGBITS,,1
.debug_info	0x4dcb	0xcd	../../../Quectel_BG96_QuecOpen_SDK_Package_V3.0.1-AUS/SDK/libs/llvm\txm_lib.lib(txm_module_system_call4.o)	#SHT_PROGBITS,,1
.debug_info	0x4e98	0xdc	../../../Quectel_BG96_QuecOpen_SDK_Package_V3.0.1-AUS/SDK/libs/llvm\txm_lib.lib(txm_module_system_call5.o)	#SHT_PROGBITS,,1
.debug_info	0x4f74	0xeb	../../../Quectel_BG96_QuecOpen_SDK_Package_V3.0.1-AUS/SDK/libs/llvm\txm_lib.lib(txm_module_system_call6.o)	#SHT_PROGBITS,,1

.debug_abbrev	0x505f	0x401 # Offset: 0x505f
*(.debug_abbrev )
.debug_abbrev	0x505f	0xe2	../../../Quectel_BG96_QuecOpen_SDK_Package_V3.0.1-AUS/SDK/libs/llvm\txm_lib.lib(txm_module_thread_shell_entry.o)	#SHT_PROGBITS,,1
.debug_abbrev	0x5141	0xeb	../../../Quectel_BG96_QuecOpen_SDK_Package_V3.0.1-AUS/SDK/libs/llvm\txm_lib.lib(txm_module_callback_request_thread_entry.o)	#SHT_PROGBITS,,1
.debug_abbrev	0x522c	0x8d	../../../Quectel_BG96_QuecOpen_SDK_Package_V3.0.1-AUS/SDK/libs/llvm\txm_lib.lib(txm_module_system_call11.o)	#SHT_PROGBITS,,1
.debug_abbrev	0x52b9	0x8d	../../../Quectel_BG96_QuecOpen_SDK_Package_V3.0.1-AUS/SDK/libs/llvm\txm_lib.lib(txm_module_system_call4.o)	#SHT_PROGBITS,,1
.debug_abbrev	0x5346	0x8d	../../../Quectel_BG96_QuecOpen_SDK_Package_V3.0.1-AUS/SDK/libs/llvm\txm_lib.lib(txm_module_system_call5.o)	#SHT_PROGBITS,,1
.debug_abbrev	0x53d3	0x8d	../../../Quectel_BG96_QuecOpen_SDK_Package_V3.0.1-AUS/SDK/libs/llvm\txm_lib.lib(txm_module_system_call6.o)	#SHT_PROGBITS,,1

.debug_line	0x5460	0x9f9 # Offset: 0x5460
*(.debug_line )
.debug_line	0x5460	0x1c2	../../../Quectel_BG96_QuecOpen_SDK_Package_V3.0.1-AUS/SDK/libs/llvm\txm_lib.lib(txm_module_thread_shell_entry.o)	#SHT_PROGBITS,,1
.debug_line	0x5622	0x27c	../../../Quectel_BG96_QuecOpen_SDK_Package_V3.0.1-AUS/SDK/libs/llvm\txm_lib.lib(txm_module_callback_request_thread_entry.o)	#SHT_PROGBITS,,1
.debug_line	0x589e	0x174	../../../Quectel_BG96_QuecOpen_SDK_Package_V3.0.1-AUS/SDK/libs/llvm\txm_lib.lib(txm_module_system_call11.o)	#SHT_PROGBITS,,1
.debug_line	0x5a12	0x16c	../../../Quectel_BG96_QuecOpen_SDK_Package_V3.0.1-AUS/SDK/libs/llvm\txm_lib.lib(txm_module_system_call4.o)	#SHT_PROGBITS,,1
.debug_line	0x5b7e	0x16d	../../../Quectel_BG96_QuecOpen_SDK_Package_V3.0.1-AUS/SDK/libs/llvm\txm_lib.lib(txm_module_system_call5.o)	#SHT_PROGBITS,,1
.debug_line	0x5ceb	0x16e	../../../Quectel_BG96_QuecOpen_SDK_Package_V3.0.1-AUS/SDK/libs/llvm\txm_lib.lib(txm_module_system_call6.o)	#SHT_PROGBITS,,1

.debug_frame	0x5e59	0x10c # Offset: 0x5e59
*(.debug_frame )
.debug_frame	0x5e59	0x2c	../../../Quectel_BG96_QuecOpen_SDK_Package_V3.0.1-AUS/SDK/libs/llvm\txm_lib.lib(txm_module_thread_shell_entry.o)	#SHT_PROGBITS,,4
.debug_frame	0x5e85	0x3c	../../../Quectel_BG96_QuecOpen_SDK_Package_V3.0.1-AUS/SDK/libs/llvm\txm_lib.lib(txm_module_callback_request_thread_entry.o)	#SHT_PROGBITS,,4
.debug_frame	0x5ec1	0x2c	../../../Quectel_BG96_QuecOpen_SDK_Package_V3.0.1-AUS/SDK/libs/llvm\txm_lib.lib(txm_module_system_call11.o)	#SHT_PROGBITS,,4
.debug_frame	0x5eed	0x28	../../../Quectel_BG96_QuecOpen_SDK_Package_V3.0.1-AUS/SDK/libs/llvm\txm_lib.lib(txm_module_system_call4.o)	#SHT_PROGBITS,,4
.debug_frame	0x5f15	0x28	../../../Quectel_BG96_QuecOpen_SDK_Package_V3.0.1-AUS/SDK/libs/llvm\txm_lib.lib(txm_module_system_call5.o)	#SHT_PROGBITS,,4
.debug_frame	0x5f3d	0x28	../../../Quectel_BG96_QuecOpen_SDK_Package_V3.0.1-AUS/SDK/libs/llvm\txm_lib.lib(txm_module_system_call6.o)	#SHT_PROGBITS,,4

.debug_str	0x5f65	0x24c3 # Offset: 0x5f65
*(.debug_str )
.debug_str	0x5f65	0x3c	../../../Quectel_BG96_QuecOpen_SDK_Package_V3.0.1-AUS/SDK/libs/llvm\txm_lib.lib(txm_module_thread_shell_entry.o)	#SHT_PROGBITS,SHF_MERGE|SHF_STRINGS,1
	0x0		
.debug_str	0x5fa1	0xa9	../../../Quectel_BG96_QuecOpen_SDK_Package_V3.0.1-AUS/SDK/libs/llvm\txm_lib.lib(txm_module_thread_shell_entry.o)	#SHT_PROGBITS,SHF_MERGE|SHF_STRINGS,1
	0x3c		
.debug_str	0x604a	0x66	../../../Quectel_BG96_QuecOpen_SDK_Package_V3.0.1-AUS/SDK/libs/llvm\txm_lib.lib(txm_module_thread_shell_entry.o)	#SHT_PROGBITS,SHF_MERGE|SHF_STRINGS,1
	0xe5		
.debug_str	0x60b0	0x17	../../../Quectel_BG96_QuecOpen_SDK_Package_V3.0.1-AUS/SDK/libs/llvm\txm_lib.lib(txm_module_thread_shell_entry.o)	#SHT_PROGBITS,SHF_MERGE|SHF_STRINGS,1
	0x14b		
.debug_str	0x60c7	0x24	../../../Quectel_BG96_QuecOpen_SDK_Package_V3.0.1-AUS/SDK/libs/llvm\txm_lib.lib(txm_module_thread_shell_entry.o)	#SHT_PROGBITS,SHF_MERGE|SHF_STRINGS,1
	0x162		
.debug_str	0x60eb	0xd	../../../Quectel_BG96_QuecOpen_SDK_Package_V3.0.1-AUS/SDK/libs/llvm\txm_lib.lib(txm_module_thread_shell_entry.o)	#SHT_PROGBITS,SHF_MERGE|SHF_STRINGS,1
	0x186		
.debug_str	0x60f8	0x12	../../../Quectel_BG96_QuecOpen_SDK_Package_V3.0.1-AUS/SDK/libs/llvm\txm_lib.lib(txm_module_thread_shell_entry.o)	#SHT_PROGBITS,SHF_MERGE|SHF_STRINGS,1
	0x193		
.debug_str	0x610a	0x6	../../../Quectel_BG96_QuecOpen_SDK_Package_V3.0.1-AUS/SDK/libs/llvm\txm_lib.lib(txm_module_thread_shell_entry.o)	#SHT_PROGBITS,SHF_MERGE|SHF_STRINGS,1
	0x1a5		
.debug_str	0x6110	0x14	../../../Quectel_BG96_QuecOpen_SDK_Package_V3.0.1-AUS/SDK/libs/llvm\txm_lib.lib(txm_module_thread_shell_entry.o)	#SHT_PROGBITS,SHF_MERGE|SHF_STRINGS,1
	0x1ab		
.debug_str	0x6124	0x14	../../../Quectel_BG96_QuecOpen_SDK_Package_V3.0.1-AUS/SDK/libs/llvm\txm_lib.lib(txm_module_thread_shell_entry.o)	#SHT_PROGBITS,SHF_MERGE|SHF_STRINGS,1
	0x1bf		
.debug_str	0x6138	0x16	../../../Quectel_BG96_QuecOpen_SDK_Package_V3.0.1-AUS/SDK/libs/llvm\txm_lib.lib(txm_module_thread_shell_entry.o)	#SHT_PROGBITS,SHF_MERGE|SHF_STRINGS,1
	0x1d3		
.debug_str	0x614e	0x14	../../../Quectel_BG96_QuecOpen_SDK_Package_V3.0.1-AUS/SDK/libs/llvm\txm_lib.lib(txm_module_thread_shell_entry.o)	#SHT_PROGBITS,SHF_MERGE|SHF_STRINGS,1
	0x1e9		
.debug_str	0x6162	0x15	../../../Quectel_BG96_QuecOpen_SDK_Package_V3.0.1-AUS/SDK/libs/llvm\txm_lib.lib(txm_module_thread_shell_entry.o)	#SHT_PROGBITS,SHF_MERGE|SHF_STRINGS,1
	0x1fd		
.debug_str	0x6177	0x15	../../../Quectel_BG96_QuecOpen_SDK_Package_V3.0.1-AUS/SDK/libs/llvm\txm_lib.lib(txm_module_thread_shell_entry.o)	#SHT_PROGBITS,SHF_MERGE|SHF_STRINGS,1
	0x212		
.debug_str	0x618c	0x19	../../../Quectel_BG96_QuecOpen_SDK_Package_V3.0.1-AUS/SDK/libs/llvm\txm_lib.lib(txm_module_thread_shell_entry.o)	#SHT_PROGBITS,SHF_MERGE|SHF_STRINGS,1
	0x227		
.debug_str	0x61a5	0x15	../../../Quectel_BG96_QuecOpen_SDK_Package_V3.0.1-AUS/SDK/libs/llvm\txm_lib.lib(txm_module_thread_shell_entry.o)	#SHT_PROGBITS,SHF_MERGE|SHF_STRINGS,1
	0x240		
.debug_str	0x61ba	0x19	../../../Quectel_BG96_QuecOpen_SDK_Package_V3.0.1-AUS/SDK/libs/llvm\txm_lib.lib(txm_module_thread_shell_entry.o)	#SHT_PROGBITS,SHF_MERGE|SHF_STRINGS,1
	0x255		
.debug_str	0x61d3	0xf	../../../Quectel_BG96_QuecOpen_SDK_Package_V3.0.1-AUS/SDK/libs/llvm\txm_lib.lib(txm_module_thread_shell_entry.o)	#SHT_PROGBITS,SHF_MERGE|SHF_STRINGS,1
	0x26e		
.debug_str	0x61e2	0x5	../../../Quectel_BG96_QuecOpen_SDK_Package_V3.0.1-AUS/SDK/libs/llvm\txm_lib.lib(txm_module_thread_shell_entry.o)	#SHT_PROGBITS,SHF_MERGE|SHF_STRINGS,1
	0x27d		
.debug_str	0x61e7	0x5	../../../Quectel_BG96_QuecOpen_SDK_Package_V3.0.1-AUS/SDK/libs/llvm\txm_lib.lib(txm_module_thread_shell_entry.o)	#SHT_PROGBITS,SHF_MERGE|SHF_STRINGS,1
	0x282		
.debug_str	0x61ec	0x13	../../../Quectel_BG96_QuecOpen_SDK_Package_V3.0.1-AUS/SDK/libs/llvm\txm_lib.lib(txm_module_thread_shell_entry.o)	#SHT_PROGBITS,SHF_MERGE|SHF_STRINGS,1
	0x287		
.debug_str	0x61ff	0xd	../../../Quectel_BG96_QuecOpen_SDK_Package_V3.0.1-AUS/SDK/libs/llvm\txm_lib.lib(txm_module_thread_shell_entry.o)	#SHT_PROGBITS,SHF_MERGE|SHF_STRINGS,1
	0x29a		
.debug_str	0x620c	0x5	../../../Quectel_BG96_QuecOpen_SDK_Package_V3.0.1-AUS/SDK/libs/llvm\txm_lib.lib(txm_module_thread_shell_entry.o)	#SHT_PROGBITS,SHF_MERGE|SHF_STRINGS,1
	0x2a7		
.debug_str	0x6211	0x10	../../../Quectel_BG96_QuecOpen_SDK_Package_V3.0.1-AUS/SDK/libs/llvm\txm_lib.lib(txm_module_thread_shell_entry.o)	#SHT_PROGBITS,SHF_MERGE|SHF_STRINGS,1
	0x2ac		
.debug_str	0x6221	0x1a	../../../Quectel_BG96_QuecOpen_SDK_Package_V3.0.1-AUS/SDK/libs/llvm\txm_lib.lib(txm_module_thread_shell_entry.o)	#SHT_PROGBITS,SHF_MERGE|SHF_STRINGS,1
	0x2bc		
.debug_str	0x623b	0x15	../../../Quectel_BG96_QuecOpen_SDK_Package_V3.0.1-AUS/SDK/libs/llvm\txm_lib.lib(txm_module_thread_shell_entry.o)	#SHT_PROGBITS,SHF_MERGE|SHF_STRINGS,1
	0x2d6		
.debug_str	0x6250	0x1c	../../../Quectel_BG96_QuecOpen_SDK_Package_V3.0.1-AUS/SDK/libs/llvm\txm_lib.lib(txm_module_thread_shell_entry.o)	#SHT_PROGBITS,SHF_MERGE|SHF_STRINGS,1
	0x2eb		
.debug_str	0x626c	0x18	../../../Quectel_BG96_QuecOpen_SDK_Package_V3.0.1-AUS/SDK/libs/llvm\txm_lib.lib(txm_module_thread_shell_entry.o)	#SHT_PROGBITS,SHF_MERGE|SHF_STRINGS,1
	0x307		
.debug_str	0x6284	0x10	../../../Quectel_BG96_QuecOpen_SDK_Package_V3.0.1-AUS/SDK/libs/llvm\txm_lib.lib(txm_module_thread_shell_entry.o)	#SHT_PROGBITS,SHF_MERGE|SHF_STRINGS,1
	0x31f		
.debug_str	0x6294	0x1a	../../../Quectel_BG96_QuecOpen_SDK_Package_V3.0.1-AUS/SDK/libs/llvm\txm_lib.lib(txm_module_thread_shell_entry.o)	#SHT_PROGBITS,SHF_MERGE|SHF_STRINGS,1
	0x32f		
.debug_str	0x62ae	0x10	../../../Quectel_BG96_QuecOpen_SDK_Package_V3.0.1-AUS/SDK/libs/llvm\txm_lib.lib(txm_module_thread_shell_entry.o)	#SHT_PROGBITS,SHF_MERGE|SHF_STRINGS,1
	0x349		
.debug_str	0x62be	0x22	../../../Quectel_BG96_QuecOpen_SDK_Package_V3.0.1-AUS/SDK/libs/llvm\txm_lib.lib(txm_module_thread_shell_entry.o)	#SHT_PROGBITS,SHF_MERGE|SHF_STRINGS,1
	0x359		
.debug_str	0x62e0	0x26	../../../Quectel_BG96_QuecOpen_SDK_Package_V3.0.1-AUS/SDK/libs/llvm\txm_lib.lib(txm_module_thread_shell_entry.o)	#SHT_PROGBITS,SHF_MERGE|SHF_STRINGS,1
	0x37b		
.debug_str	0x6306	0x23	../../../Quectel_BG96_QuecOpen_SDK_Package_V3.0.1-AUS/SDK/libs/llvm\txm_lib.lib(txm_module_thread_shell_entry.o)	#SHT_PROGBITS,SHF_MERGE|SHF_STRINGS,1
	0x3a1		
.debug_str	0x6329	0x20	../../../Quectel_BG96_QuecOpen_SDK_Package_V3.0.1-AUS/SDK/libs/llvm\txm_lib.lib(txm_module_thread_shell_entry.o)	#SHT_PROGBITS,SHF_MERGE|SHF_STRINGS,1
	0x3c4		
.debug_str	0x6349	0x1e	../../../Quectel_BG96_QuecOpen_SDK_Package_V3.0.1-AUS/SDK/libs/llvm\txm_lib.lib(txm_module_thread_shell_entry.o)	#SHT_PROGBITS,SHF_MERGE|SHF_STRINGS,1
	0x3e4		
.debug_str	0x6367	0x22	../../../Quectel_BG96_QuecOpen_SDK_Package_V3.0.1-AUS/SDK/libs/llvm\txm_lib.lib(txm_module_thread_shell_entry.o)	#SHT_PROGBITS,SHF_MERGE|SHF_STRINGS,1
	0x402		
.debug_str	0x6389	0x1c	../../../Quectel_BG96_QuecOpen_SDK_Package_V3.0.1-AUS/SDK/libs/llvm\txm_lib.lib(txm_module_thread_shell_entry.o)	#SHT_PROGBITS,SHF_MERGE|SHF_STRINGS,1
	0x424		
.debug_str	0x63a5	0x19	../../../Quectel_BG96_QuecOpen_SDK_Package_V3.0.1-AUS/SDK/libs/llvm\txm_lib.lib(txm_module_thread_shell_entry.o)	#SHT_PROGBITS,SHF_MERGE|SHF_STRINGS,1
	0x440		
.debug_str	0x63be	0x12	../../../Quectel_BG96_QuecOpen_SDK_Package_V3.0.1-AUS/SDK/libs/llvm\txm_lib.lib(txm_module_thread_shell_entry.o)	#SHT_PROGBITS,SHF_MERGE|SHF_STRINGS,1
	0x459		
.debug_str	0x63d0	0x1a	../../../Quectel_BG96_QuecOpen_SDK_Package_V3.0.1-AUS/SDK/libs/llvm\txm_lib.lib(txm_module_thread_shell_entry.o)	#SHT_PROGBITS,SHF_MERGE|SHF_STRINGS,1
	0x46b		
.debug_str	0x63ea	0x20	../../../Quectel_BG96_QuecOpen_SDK_Package_V3.0.1-AUS/SDK/libs/llvm\txm_lib.lib(txm_module_thread_shell_entry.o)	#SHT_PROGBITS,SHF_MERGE|SHF_STRINGS,1
	0x485		
.debug_str	0x640a	0x19	../../../Quectel_BG96_QuecOpen_SDK_Package_V3.0.1-AUS/SDK/libs/llvm\txm_lib.lib(txm_module_thread_shell_entry.o)	#SHT_PROGBITS,SHF_MERGE|SHF_STRINGS,1
	0x4a5		
.debug_str	0x6423	0x1d	../../../Quectel_BG96_QuecOpen_SDK_Package_V3.0.1-AUS/SDK/libs/llvm\txm_lib.lib(txm_module_thread_shell_entry.o)	#SHT_PROGBITS,SHF_MERGE|SHF_STRINGS,1
	0x4be		
.debug_str	0x6440	0x17	../../../Quectel_BG96_QuecOpen_SDK_Package_V3.0.1-AUS/SDK/libs/llvm\txm_lib.lib(txm_module_thread_shell_entry.o)	#SHT_PROGBITS,SHF_MERGE|SHF_STRINGS,1
	0x4db		
.debug_str	0x6457	0x22	../../../Quectel_BG96_QuecOpen_SDK_Package_V3.0.1-AUS/SDK/libs/llvm\txm_lib.lib(txm_module_thread_shell_entry.o)	#SHT_PROGBITS,SHF_MERGE|SHF_STRINGS,1
	0x4f2		
.debug_str	0x6479	0x19	../../../Quectel_BG96_QuecOpen_SDK_Package_V3.0.1-AUS/SDK/libs/llvm\txm_lib.lib(txm_module_thread_shell_entry.o)	#SHT_PROGBITS,SHF_MERGE|SHF_STRINGS,1
	0x514		
.debug_str	0x6492	0x19	../../../Quectel_BG96_QuecOpen_SDK_Package_V3.0.1-AUS/SDK/libs/llvm\txm_lib.lib(txm_module_thread_shell_entry.o)	#SHT_PROGBITS,SHF_MERGE|SHF_STRINGS,1
	0x52d		
.debug_str	0x64ab	0x17	../../../Quectel_BG96_QuecOpen_SDK_Package_V3.0.1-AUS/SDK/libs/llvm\txm_lib.lib(txm_module_thread_shell_entry.o)	#SHT_PROGBITS,SHF_MERGE|SHF_STRINGS,1
	0x546		
.debug_str	0x64c2	0x1b	../../../Quectel_BG96_QuecOpen_SDK_Package_V3.0.1-AUS/SDK/libs/llvm\txm_lib.lib(txm_module_thread_shell_entry.o)	#SHT_PROGBITS,SHF_MERGE|SHF_STRINGS,1
	0x55d		
.debug_str	0x64dd	0x15	../../../Quectel_BG96_QuecOpen_SDK_Package_V3.0.1-AUS/SDK/libs/llvm\txm_lib.lib(txm_module_thread_shell_entry.o)	#SHT_PROGBITS,SHF_MERGE|SHF_STRINGS,1
	0x578		
.debug_str	0x64f2	0x1e	../../../Quectel_BG96_QuecOpen_SDK_Package_V3.0.1-AUS/SDK/libs/llvm\txm_lib.lib(txm_module_thread_shell_entry.o)	#SHT_PROGBITS,SHF_MERGE|SHF_STRINGS,1
	0x58d		
.debug_str	0x6510	0x20	../../../Quectel_BG96_QuecOpen_SDK_Package_V3.0.1-AUS/SDK/libs/llvm\txm_lib.lib(txm_module_thread_shell_entry.o)	#SHT_PROGBITS,SHF_MERGE|SHF_STRINGS,1
	0x5ab		
.debug_str	0x6530	0x23	../../../Quectel_BG96_QuecOpen_SDK_Package_V3.0.1-AUS/SDK/libs/llvm\txm_lib.lib(txm_module_thread_shell_entry.o)	#SHT_PROGBITS,SHF_MERGE|SHF_STRINGS,1
	0x5cb		
.debug_str	0x6553	0x1b	../../../Quectel_BG96_QuecOpen_SDK_Package_V3.0.1-AUS/SDK/libs/llvm\txm_lib.lib(txm_module_thread_shell_entry.o)	#SHT_PROGBITS,SHF_MERGE|SHF_STRINGS,1
	0x5ee		
.debug_str	0x656e	0x1d	../../../Quectel_BG96_QuecOpen_SDK_Package_V3.0.1-AUS/SDK/libs/llvm\txm_lib.lib(txm_module_thread_shell_entry.o)	#SHT_PROGBITS,SHF_MERGE|SHF_STRINGS,1
	0x609		
.debug_str	0x658b	0x18	../../../Quectel_BG96_QuecOpen_SDK_Package_V3.0.1-AUS/SDK/libs/llvm\txm_lib.lib(txm_module_thread_shell_entry.o)	#SHT_PROGBITS,SHF_MERGE|SHF_STRINGS,1
	0x626		
.debug_str	0x65a3	0x21	../../../Quectel_BG96_QuecOpen_SDK_Package_V3.0.1-AUS/SDK/libs/llvm\txm_lib.lib(txm_module_thread_shell_entry.o)	#SHT_PROGBITS,SHF_MERGE|SHF_STRINGS,1
	0x63e		
.debug_str	0x65c4	0x1b	../../../Quectel_BG96_QuecOpen_SDK_Package_V3.0.1-AUS/SDK/libs/llvm\txm_lib.lib(txm_module_thread_shell_entry.o)	#SHT_PROGBITS,SHF_MERGE|SHF_STRINGS,1
	0x65f		
.debug_str	0x65df	0x1c	../../../Quectel_BG96_QuecOpen_SDK_Package_V3.0.1-AUS/SDK/libs/llvm\txm_lib.lib(txm_module_thread_shell_entry.o)	#SHT_PROGBITS,SHF_MERGE|SHF_STRINGS,1
	0x67a		
.debug_str	0x65fb	0x1b	../../../Quectel_BG96_QuecOpen_SDK_Package_V3.0.1-AUS/SDK/libs/llvm\txm_lib.lib(txm_module_thread_shell_entry.o)	#SHT_PROGBITS,SHF_MERGE|SHF_STRINGS,1
	0x696		
.debug_str	0x6616	0xc	../../../Quectel_BG96_QuecOpen_SDK_Package_V3.0.1-AUS/SDK/libs/llvm\txm_lib.lib(txm_module_thread_shell_entry.o)	#SHT_PROGBITS,SHF_MERGE|SHF_STRINGS,1
	0x6b1		
.debug_str	0x6622	0xe	../../../Quectel_BG96_QuecOpen_SDK_Package_V3.0.1-AUS/SDK/libs/llvm\txm_lib.lib(txm_module_thread_shell_entry.o)	#SHT_PROGBITS,SHF_MERGE|SHF_STRINGS,1
	0x6bd		
.debug_str	0x6630	0x19	../../../Quectel_BG96_QuecOpen_SDK_Package_V3.0.1-AUS/SDK/libs/llvm\txm_lib.lib(txm_module_thread_shell_entry.o)	#SHT_PROGBITS,SHF_MERGE|SHF_STRINGS,1
	0x6cb		
.debug_str	0x6649	0xf	../../../Quectel_BG96_QuecOpen_SDK_Package_V3.0.1-AUS/SDK/libs/llvm\txm_lib.lib(txm_module_thread_shell_entry.o)	#SHT_PROGBITS,SHF_MERGE|SHF_STRINGS,1
	0x6e4		
.debug_str	0x6658	0x11	../../../Quectel_BG96_QuecOpen_SDK_Package_V3.0.1-AUS/SDK/libs/llvm\txm_lib.lib(txm_module_thread_shell_entry.o)	#SHT_PROGBITS,SHF_MERGE|SHF_STRINGS,1
	0x6f3		
.debug_str	0x6669	0x1b	../../../Quectel_BG96_QuecOpen_SDK_Package_V3.0.1-AUS/SDK/libs/llvm\txm_lib.lib(txm_module_thread_shell_entry.o)	#SHT_PROGBITS,SHF_MERGE|SHF_STRINGS,1
	0x704		
.debug_str	0x6684	0x19	../../../Quectel_BG96_QuecOpen_SDK_Package_V3.0.1-AUS/SDK/libs/llvm\txm_lib.lib(txm_module_thread_shell_entry.o)	#SHT_PROGBITS,SHF_MERGE|SHF_STRINGS,1
	0x71f		
.debug_str	0x669d	0x19	../../../Quectel_BG96_QuecOpen_SDK_Package_V3.0.1-AUS/SDK/libs/llvm\txm_lib.lib(txm_module_thread_shell_entry.o)	#SHT_PROGBITS,SHF_MERGE|SHF_STRINGS,1
	0x738		
.debug_str	0x66b6	0x16	../../../Quectel_BG96_QuecOpen_SDK_Package_V3.0.1-AUS/SDK/libs/llvm\txm_lib.lib(txm_module_thread_shell_entry.o)	#SHT_PROGBITS,SHF_MERGE|SHF_STRINGS,1
	0x751		
.debug_str	0x66cc	0x1a	../../../Quectel_BG96_QuecOpen_SDK_Package_V3.0.1-AUS/SDK/libs/llvm\txm_lib.lib(txm_module_thread_shell_entry.o)	#SHT_PROGBITS,SHF_MERGE|SHF_STRINGS,1
	0x767		
.debug_str	0x66e6	0x22	../../../Quectel_BG96_QuecOpen_SDK_Package_V3.0.1-AUS/SDK/libs/llvm\txm_lib.lib(txm_module_thread_shell_entry.o)	#SHT_PROGBITS,SHF_MERGE|SHF_STRINGS,1
	0x781		
.debug_str	0x6708	0x14	../../../Quectel_BG96_QuecOpen_SDK_Package_V3.0.1-AUS/SDK/libs/llvm\txm_lib.lib(txm_module_thread_shell_entry.o)	#SHT_PROGBITS,SHF_MERGE|SHF_STRINGS,1
	0x7a3		
.debug_str	0x671c	0x18	../../../Quectel_BG96_QuecOpen_SDK_Package_V3.0.1-AUS/SDK/libs/llvm\txm_lib.lib(txm_module_thread_shell_entry.o)	#SHT_PROGBITS,SHF_MERGE|SHF_STRINGS,1
	0x7b7		
.debug_str	0x6734	0x10	../../../Quectel_BG96_QuecOpen_SDK_Package_V3.0.1-AUS/SDK/libs/llvm\txm_lib.lib(txm_module_thread_shell_entry.o)	#SHT_PROGBITS,SHF_MERGE|SHF_STRINGS,1
	0x7cf		
.debug_str	0x6744	0x1c	../../../Quectel_BG96_QuecOpen_SDK_Package_V3.0.1-AUS/SDK/libs/llvm\txm_lib.lib(txm_module_thread_shell_entry.o)	#SHT_PROGBITS,SHF_MERGE|SHF_STRINGS,1
	0x7df		
.debug_str	0x6760	0x4	../../../Quectel_BG96_QuecOpen_SDK_Package_V3.0.1-AUS/SDK/libs/llvm\txm_lib.lib(txm_module_thread_shell_entry.o)	#SHT_PROGBITS,SHF_MERGE|SHF_STRINGS,1
	0x7fb		
.debug_str	0x6764	0x9	../../../Quectel_BG96_QuecOpen_SDK_Package_V3.0.1-AUS/SDK/libs/llvm\txm_lib.lib(txm_module_thread_shell_entry.o)	#SHT_PROGBITS,SHF_MERGE|SHF_STRINGS,1
	0x7ff		
.debug_str	0x676d	0x15	../../../Quectel_BG96_QuecOpen_SDK_Package_V3.0.1-AUS/SDK/libs/llvm\txm_lib.lib(txm_module_thread_shell_entry.o)	#SHT_PROGBITS,SHF_MERGE|SHF_STRINGS,1
	0x808		
.debug_str	0x6782	0x17	../../../Quectel_BG96_QuecOpen_SDK_Package_V3.0.1-AUS/SDK/libs/llvm\txm_lib.lib(txm_module_thread_shell_entry.o)	#SHT_PROGBITS,SHF_MERGE|SHF_STRINGS,1
	0x81d		
.debug_str	0x6799	0x1a	../../../Quectel_BG96_QuecOpen_SDK_Package_V3.0.1-AUS/SDK/libs/llvm\txm_lib.lib(txm_module_thread_shell_entry.o)	#SHT_PROGBITS,SHF_MERGE|SHF_STRINGS,1
	0x834		
.debug_str	0x67b3	0x15	../../../Quectel_BG96_QuecOpen_SDK_Package_V3.0.1-AUS/SDK/libs/llvm\txm_lib.lib(txm_module_thread_shell_entry.o)	#SHT_PROGBITS,SHF_MERGE|SHF_STRINGS,1
	0x84e		
.debug_str	0x67c8	0x11	../../../Quectel_BG96_QuecOpen_SDK_Package_V3.0.1-AUS/SDK/libs/llvm\txm_lib.lib(txm_module_thread_shell_entry.o)	#SHT_PROGBITS,SHF_MERGE|SHF_STRINGS,1
	0x863		
.debug_str	0x67d9	0xa	../../../Quectel_BG96_QuecOpen_SDK_Package_V3.0.1-AUS/SDK/libs/llvm\txm_lib.lib(txm_module_thread_shell_entry.o)	#SHT_PROGBITS,SHF_MERGE|SHF_STRINGS,1
	0x874		
.debug_str	0x67e3	0x24	../../../Quectel_BG96_QuecOpen_SDK_Package_V3.0.1-AUS/SDK/libs/llvm\txm_lib.lib(txm_module_thread_shell_entry.o)	#SHT_PROGBITS,SHF_MERGE|SHF_STRINGS,1
	0x87e		
.debug_str	0x6807	0x17	../../../Quectel_BG96_QuecOpen_SDK_Package_V3.0.1-AUS/SDK/libs/llvm\txm_lib.lib(txm_module_thread_shell_entry.o)	#SHT_PROGBITS,SHF_MERGE|SHF_STRINGS,1
	0x8a2		
.debug_str	0x681e	0x19	../../../Quectel_BG96_QuecOpen_SDK_Package_V3.0.1-AUS/SDK/libs/llvm\txm_lib.lib(txm_module_thread_shell_entry.o)	#SHT_PROGBITS,SHF_MERGE|SHF_STRINGS,1
	0x8b9		
.debug_str	0x6837	0x1a	../../../Quectel_BG96_QuecOpen_SDK_Package_V3.0.1-AUS/SDK/libs/llvm\txm_lib.lib(txm_module_thread_shell_entry.o)	#SHT_PROGBITS,SHF_MERGE|SHF_STRINGS,1
	0x8d2		
.debug_str	0x6851	0x23	../../../Quectel_BG96_QuecOpen_SDK_Package_V3.0.1-AUS/SDK/libs/llvm\txm_lib.lib(txm_module_thread_shell_entry.o)	#SHT_PROGBITS,SHF_MERGE|SHF_STRINGS,1
	0x8ec		
.debug_str	0x6874	0x28	../../../Quectel_BG96_QuecOpen_SDK_Package_V3.0.1-AUS/SDK/libs/llvm\txm_lib.lib(txm_module_thread_shell_entry.o)	#SHT_PROGBITS,SHF_MERGE|SHF_STRINGS,1
	0x90f		
.debug_str	0x689c	0x29	../../../Quectel_BG96_QuecOpen_SDK_Package_V3.0.1-AUS/SDK/libs/llvm\txm_lib.lib(txm_module_thread_shell_entry.o)	#SHT_PROGBITS,SHF_MERGE|SHF_STRINGS,1
	0x937		
.debug_str	0x68c5	0x1f	../../../Quectel_BG96_QuecOpen_SDK_Package_V3.0.1-AUS/SDK/libs/llvm\txm_lib.lib(txm_module_thread_shell_entry.o)	#SHT_PROGBITS,SHF_MERGE|SHF_STRINGS,1
	0x960		
.debug_str	0x68e4	0x1d	../../../Quectel_BG96_QuecOpen_SDK_Package_V3.0.1-AUS/SDK/libs/llvm\txm_lib.lib(txm_module_thread_shell_entry.o)	#SHT_PROGBITS,SHF_MERGE|SHF_STRINGS,1
	0x97f		
.debug_str	0x6901	0x1e	../../../Quectel_BG96_QuecOpen_SDK_Package_V3.0.1-AUS/SDK/libs/llvm\txm_lib.lib(txm_module_thread_shell_entry.o)	#SHT_PROGBITS,SHF_MERGE|SHF_STRINGS,1
	0x99c		
.debug_str	0x691f	0x28	../../../Quectel_BG96_QuecOpen_SDK_Package_V3.0.1-AUS/SDK/libs/llvm\txm_lib.lib(txm_module_thread_shell_entry.o)	#SHT_PROGBITS,SHF_MERGE|SHF_STRINGS,1
	0x9ba		
.debug_str	0x6947	0x29	../../../Quectel_BG96_QuecOpen_SDK_Package_V3.0.1-AUS/SDK/libs/llvm\txm_lib.lib(txm_module_thread_shell_entry.o)	#SHT_PROGBITS,SHF_MERGE|SHF_STRINGS,1
	0x9e2		
.debug_str	0x6970	0x1f	../../../Quectel_BG96_QuecOpen_SDK_Package_V3.0.1-AUS/SDK/libs/llvm\txm_lib.lib(txm_module_thread_shell_entry.o)	#SHT_PROGBITS,SHF_MERGE|SHF_STRINGS,1
	0xa0b		
.debug_str	0x698f	0x1d	../../../Quectel_BG96_QuecOpen_SDK_Package_V3.0.1-AUS/SDK/libs/llvm\txm_lib.lib(txm_module_thread_shell_entry.o)	#SHT_PROGBITS,SHF_MERGE|SHF_STRINGS,1
	0xa2a		
.debug_str	0x69ac	0x2d	../../../Quectel_BG96_QuecOpen_SDK_Package_V3.0.1-AUS/SDK/libs/llvm\txm_lib.lib(txm_module_thread_shell_entry.o)	#SHT_PROGBITS,SHF_MERGE|SHF_STRINGS,1
	0xa47		
.debug_str	0x69d9	0x1e	../../../Quectel_BG96_QuecOpen_SDK_Package_V3.0.1-AUS/SDK/libs/llvm\txm_lib.lib(txm_module_thread_shell_entry.o)	#SHT_PROGBITS,SHF_MERGE|SHF_STRINGS,1
	0xa74		
.debug_str	0x69f7	0x24	../../../Quectel_BG96_QuecOpen_SDK_Package_V3.0.1-AUS/SDK/libs/llvm\txm_lib.lib(txm_module_thread_shell_entry.o)	#SHT_PROGBITS,SHF_MERGE|SHF_STRINGS,1
	0xa92		
.debug_str	0x6a1b	0x33	../../../Quectel_BG96_QuecOpen_SDK_Package_V3.0.1-AUS/SDK/libs/llvm\txm_lib.lib(txm_module_thread_shell_entry.o)	#SHT_PROGBITS,SHF_MERGE|SHF_STRINGS,1
	0xab6		
.debug_str	0x6a4e	0x31	../../../Quectel_BG96_QuecOpen_SDK_Package_V3.0.1-AUS/SDK/libs/llvm\txm_lib.lib(txm_module_thread_shell_entry.o)	#SHT_PROGBITS,SHF_MERGE|SHF_STRINGS,1
	0xae9		
.debug_str	0x6a7f	0x31	../../../Quectel_BG96_QuecOpen_SDK_Package_V3.0.1-AUS/SDK/libs/llvm\txm_lib.lib(txm_module_thread_shell_entry.o)	#SHT_PROGBITS,SHF_MERGE|SHF_STRINGS,1
	0xb1a		
.debug_str	0x6ab0	0x2f	../../../Quectel_BG96_QuecOpen_SDK_Package_V3.0.1-AUS/SDK/libs/llvm\txm_lib.lib(txm_module_thread_shell_entry.o)	#SHT_PROGBITS,SHF_MERGE|SHF_STRINGS,1
	0xb4b		
.debug_str	0x6adf	0x21	../../../Quectel_BG96_QuecOpen_SDK_Package_V3.0.1-AUS/SDK/libs/llvm\txm_lib.lib(txm_module_thread_shell_entry.o)	#SHT_PROGBITS,SHF_MERGE|SHF_STRINGS,1
	0xb7a		
.debug_str	0x6b00	0x17	../../../Quectel_BG96_QuecOpen_SDK_Package_V3.0.1-AUS/SDK/libs/llvm\txm_lib.lib(txm_module_thread_shell_entry.o)	#SHT_PROGBITS,SHF_MERGE|SHF_STRINGS,1
	0xb9b		
.debug_str	0x6b17	0x22	../../../Quectel_BG96_QuecOpen_SDK_Package_V3.0.1-AUS/SDK/libs/llvm\txm_lib.lib(txm_module_thread_shell_entry.o)	#SHT_PROGBITS,SHF_MERGE|SHF_STRINGS,1
	0xbb2		
.debug_str	0x6b39	0x22	../../../Quectel_BG96_QuecOpen_SDK_Package_V3.0.1-AUS/SDK/libs/llvm\txm_lib.lib(txm_module_thread_shell_entry.o)	#SHT_PROGBITS,SHF_MERGE|SHF_STRINGS,1
	0xbd4		
.debug_str	0x6b5b	0x22	../../../Quectel_BG96_QuecOpen_SDK_Package_V3.0.1-AUS/SDK/libs/llvm\txm_lib.lib(txm_module_thread_shell_entry.o)	#SHT_PROGBITS,SHF_MERGE|SHF_STRINGS,1
	0xbf6		
.debug_str	0x6b7d	0x2a	../../../Quectel_BG96_QuecOpen_SDK_Package_V3.0.1-AUS/SDK/libs/llvm\txm_lib.lib(txm_module_thread_shell_entry.o)	#SHT_PROGBITS,SHF_MERGE|SHF_STRINGS,1
	0xc18		
.debug_str	0x6ba7	0x23	../../../Quectel_BG96_QuecOpen_SDK_Package_V3.0.1-AUS/SDK/libs/llvm\txm_lib.lib(txm_module_thread_shell_entry.o)	#SHT_PROGBITS,SHF_MERGE|SHF_STRINGS,1
	0xc42		
.debug_str	0x6bca	0x29	../../../Quectel_BG96_QuecOpen_SDK_Package_V3.0.1-AUS/SDK/libs/llvm\txm_lib.lib(txm_module_thread_shell_entry.o)	#SHT_PROGBITS,SHF_MERGE|SHF_STRINGS,1
	0xc65		
.debug_str	0x6bf3	0x23	../../../Quectel_BG96_QuecOpen_SDK_Package_V3.0.1-AUS/SDK/libs/llvm\txm_lib.lib(txm_module_thread_shell_entry.o)	#SHT_PROGBITS,SHF_MERGE|SHF_STRINGS,1
	0xc8e		
.debug_str	0x6c16	0x22	../../../Quectel_BG96_QuecOpen_SDK_Package_V3.0.1-AUS/SDK/libs/llvm\txm_lib.lib(txm_module_thread_shell_entry.o)	#SHT_PROGBITS,SHF_MERGE|SHF_STRINGS,1
	0xcb1		
.debug_str	0x6c38	0x28	../../../Quectel_BG96_QuecOpen_SDK_Package_V3.0.1-AUS/SDK/libs/llvm\txm_lib.lib(txm_module_thread_shell_entry.o)	#SHT_PROGBITS,SHF_MERGE|SHF_STRINGS,1
	0xcd3		
.debug_str	0x6c60	0x2a	../../../Quectel_BG96_QuecOpen_SDK_Package_V3.0.1-AUS/SDK/libs/llvm\txm_lib.lib(txm_module_thread_shell_entry.o)	#SHT_PROGBITS,SHF_MERGE|SHF_STRINGS,1
	0xcfb		
.debug_str	0x6c8a	0x26	../../../Quectel_BG96_QuecOpen_SDK_Package_V3.0.1-AUS/SDK/libs/llvm\txm_lib.lib(txm_module_thread_shell_entry.o)	#SHT_PROGBITS,SHF_MERGE|SHF_STRINGS,1
	0xd25		
.debug_str	0x6cb0	0x26	../../../Quectel_BG96_QuecOpen_SDK_Package_V3.0.1-AUS/SDK/libs/llvm\txm_lib.lib(txm_module_thread_shell_entry.o)	#SHT_PROGBITS,SHF_MERGE|SHF_STRINGS,1
	0xd4b		
.debug_str	0x6cd6	0x28	../../../Quectel_BG96_QuecOpen_SDK_Package_V3.0.1-AUS/SDK/libs/llvm\txm_lib.lib(txm_module_thread_shell_entry.o)	#SHT_PROGBITS,SHF_MERGE|SHF_STRINGS,1
	0xd71		
.debug_str	0x6cfe	0x1e	../../../Quectel_BG96_QuecOpen_SDK_Package_V3.0.1-AUS/SDK/libs/llvm\txm_lib.lib(txm_module_thread_shell_entry.o)	#SHT_PROGBITS,SHF_MERGE|SHF_STRINGS,1
	0xd99		
.debug_str	0x6d1c	0x1e	../../../Quectel_BG96_QuecOpen_SDK_Package_V3.0.1-AUS/SDK/libs/llvm\txm_lib.lib(txm_module_thread_shell_entry.o)	#SHT_PROGBITS,SHF_MERGE|SHF_STRINGS,1
	0xdb7		
.debug_str	0x6d3a	0x1f	../../../Quectel_BG96_QuecOpen_SDK_Package_V3.0.1-AUS/SDK/libs/llvm\txm_lib.lib(txm_module_thread_shell_entry.o)	#SHT_PROGBITS,SHF_MERGE|SHF_STRINGS,1
	0xdd5		
.debug_str	0x6d59	0x1f	../../../Quectel_BG96_QuecOpen_SDK_Package_V3.0.1-AUS/SDK/libs/llvm\txm_lib.lib(txm_module_thread_shell_entry.o)	#SHT_PROGBITS,SHF_MERGE|SHF_STRINGS,1
	0xdf4		
.debug_str	0x6d78	0x1f	../../../Quectel_BG96_QuecOpen_SDK_Package_V3.0.1-AUS/SDK/libs/llvm\txm_lib.lib(txm_module_thread_shell_entry.o)	#SHT_PROGBITS,SHF_MERGE|SHF_STRINGS,1
	0xe13		
.debug_str	0x6d97	0x1f	../../../Quectel_BG96_QuecOpen_SDK_Package_V3.0.1-AUS/SDK/libs/llvm\txm_lib.lib(txm_module_thread_shell_entry.o)	#SHT_PROGBITS,SHF_MERGE|SHF_STRINGS,1
	0xe32		
.debug_str	0x6db6	0x1f	../../../Quectel_BG96_QuecOpen_SDK_Package_V3.0.1-AUS/SDK/libs/llvm\txm_lib.lib(txm_module_thread_shell_entry.o)	#SHT_PROGBITS,SHF_MERGE|SHF_STRINGS,1
	0xe51		
.debug_str	0x6dd5	0x1f	../../../Quectel_BG96_QuecOpen_SDK_Package_V3.0.1-AUS/SDK/libs/llvm\txm_lib.lib(txm_module_thread_shell_entry.o)	#SHT_PROGBITS,SHF_MERGE|SHF_STRINGS,1
	0xe70		
.debug_str	0x6df4	0x1f	../../../Quectel_BG96_QuecOpen_SDK_Package_V3.0.1-AUS/SDK/libs/llvm\txm_lib.lib(txm_module_thread_shell_entry.o)	#SHT_PROGBITS,SHF_MERGE|SHF_STRINGS,1
	0xe8f		
.debug_str	0x6e13	0x1f	../../../Quectel_BG96_QuecOpen_SDK_Package_V3.0.1-AUS/SDK/libs/llvm\txm_lib.lib(txm_module_thread_shell_entry.o)	#SHT_PROGBITS,SHF_MERGE|SHF_STRINGS,1
	0xeae		
.debug_str	0x6e32	0x1f	../../../Quectel_BG96_QuecOpen_SDK_Package_V3.0.1-AUS/SDK/libs/llvm\txm_lib.lib(txm_module_thread_shell_entry.o)	#SHT_PROGBITS,SHF_MERGE|SHF_STRINGS,1
	0xecd		
.debug_str	0x6e51	0x1f	../../../Quectel_BG96_QuecOpen_SDK_Package_V3.0.1-AUS/SDK/libs/llvm\txm_lib.lib(txm_module_thread_shell_entry.o)	#SHT_PROGBITS,SHF_MERGE|SHF_STRINGS,1
	0xeec		
.debug_str	0x6e70	0x21	../../../Quectel_BG96_QuecOpen_SDK_Package_V3.0.1-AUS/SDK/libs/llvm\txm_lib.lib(txm_module_thread_shell_entry.o)	#SHT_PROGBITS,SHF_MERGE|SHF_STRINGS,1
	0xf0b		
.debug_str	0x6e91	0x20	../../../Quectel_BG96_QuecOpen_SDK_Package_V3.0.1-AUS/SDK/libs/llvm\txm_lib.lib(txm_module_thread_shell_entry.o)	#SHT_PROGBITS,SHF_MERGE|SHF_STRINGS,1
	0xf2c		
.debug_str	0x6eb1	0x20	../../../Quectel_BG96_QuecOpen_SDK_Package_V3.0.1-AUS/SDK/libs/llvm\txm_lib.lib(txm_module_thread_shell_entry.o)	#SHT_PROGBITS,SHF_MERGE|SHF_STRINGS,1
	0xf4c		
.debug_str	0x6ed1	0x20	../../../Quectel_BG96_QuecOpen_SDK_Package_V3.0.1-AUS/SDK/libs/llvm\txm_lib.lib(txm_module_thread_shell_entry.o)	#SHT_PROGBITS,SHF_MERGE|SHF_STRINGS,1
	0xf6c		
.debug_str	0x6ef1	0x20	../../../Quectel_BG96_QuecOpen_SDK_Package_V3.0.1-AUS/SDK/libs/llvm\txm_lib.lib(txm_module_thread_shell_entry.o)	#SHT_PROGBITS,SHF_MERGE|SHF_STRINGS,1
	0xf8c		
.debug_str	0x6f11	0x1d	../../../Quectel_BG96_QuecOpen_SDK_Package_V3.0.1-AUS/SDK/libs/llvm\txm_lib.lib(txm_module_thread_shell_entry.o)	#SHT_PROGBITS,SHF_MERGE|SHF_STRINGS,1
	0xfac		
.debug_str	0x6f2e	0x1b	../../../Quectel_BG96_QuecOpen_SDK_Package_V3.0.1-AUS/SDK/libs/llvm\txm_lib.lib(txm_module_thread_shell_entry.o)	#SHT_PROGBITS,SHF_MERGE|SHF_STRINGS,1
	0xfc9		
.debug_str	0x6f49	0x14	../../../Quectel_BG96_QuecOpen_SDK_Package_V3.0.1-AUS/SDK/libs/llvm\txm_lib.lib(txm_module_thread_shell_entry.o)	#SHT_PROGBITS,SHF_MERGE|SHF_STRINGS,1
	0xfe4		
.debug_str	0x6f5d	0x29	../../../Quectel_BG96_QuecOpen_SDK_Package_V3.0.1-AUS/SDK/libs/llvm\txm_lib.lib(txm_module_thread_shell_entry.o)	#SHT_PROGBITS,SHF_MERGE|SHF_STRINGS,1
	0xff8		
.debug_str	0x6f86	0x27	../../../Quectel_BG96_QuecOpen_SDK_Package_V3.0.1-AUS/SDK/libs/llvm\txm_lib.lib(txm_module_thread_shell_entry.o)	#SHT_PROGBITS,SHF_MERGE|SHF_STRINGS,1
	0x1021		
.debug_str	0x6fad	0x26	../../../Quectel_BG96_QuecOpen_SDK_Package_V3.0.1-AUS/SDK/libs/llvm\txm_lib.lib(txm_module_thread_shell_entry.o)	#SHT_PROGBITS,SHF_MERGE|SHF_STRINGS,1
	0x1048		
.debug_str	0x6fd3	0x32	../../../Quectel_BG96_QuecOpen_SDK_Package_V3.0.1-AUS/SDK/libs/llvm\txm_lib.lib(txm_module_thread_shell_entry.o)	#SHT_PROGBITS,SHF_MERGE|SHF_STRINGS,1
	0x106e		
.debug_str	0x7005	0x26	../../../Quectel_BG96_QuecOpen_SDK_Package_V3.0.1-AUS/SDK/libs/llvm\txm_lib.lib(txm_module_thread_shell_entry.o)	#SHT_PROGBITS,SHF_MERGE|SHF_STRINGS,1
	0x10a0		
.debug_str	0x702b	0x2c	../../../Quectel_BG96_QuecOpen_SDK_Package_V3.0.1-AUS/SDK/libs/llvm\txm_lib.lib(txm_module_thread_shell_entry.o)	#SHT_PROGBITS,SHF_MERGE|SHF_STRINGS,1
	0x10c6		
.debug_str	0x7057	0x2b	../../../Quectel_BG96_QuecOpen_SDK_Package_V3.0.1-AUS/SDK/libs/llvm\txm_lib.lib(txm_module_thread_shell_entry.o)	#SHT_PROGBITS,SHF_MERGE|SHF_STRINGS,1
	0x10f2		
.debug_str	0x7082	0xc	../../../Quectel_BG96_QuecOpen_SDK_Package_V3.0.1-AUS/SDK/libs/llvm\txm_lib.lib(txm_module_thread_shell_entry.o)	#SHT_PROGBITS,SHF_MERGE|SHF_STRINGS,1
	0x111d		
.debug_str	0x708e	0xe	../../../Quectel_BG96_QuecOpen_SDK_Package_V3.0.1-AUS/SDK/libs/llvm\txm_lib.lib(txm_module_thread_shell_entry.o)	#SHT_PROGBITS,SHF_MERGE|SHF_STRINGS,1
	0x1129		
.debug_str	0x709c	0x16	../../../Quectel_BG96_QuecOpen_SDK_Package_V3.0.1-AUS/SDK/libs/llvm\txm_lib.lib(txm_module_thread_shell_entry.o)	#SHT_PROGBITS,SHF_MERGE|SHF_STRINGS,1
	0x1137		
.debug_str	0x70b2	0x12	../../../Quectel_BG96_QuecOpen_SDK_Package_V3.0.1-AUS/SDK/libs/llvm\txm_lib.lib(txm_module_thread_shell_entry.o)	#SHT_PROGBITS,SHF_MERGE|SHF_STRINGS,1
	0x114d		
.debug_str	0x70c4	0x12	../../../Quectel_BG96_QuecOpen_SDK_Package_V3.0.1-AUS/SDK/libs/llvm\txm_lib.lib(txm_module_thread_shell_entry.o)	#SHT_PROGBITS,SHF_MERGE|SHF_STRINGS,1
	0x115f		
.debug_str	0x70d6	0x1b	../../../Quectel_BG96_QuecOpen_SDK_Package_V3.0.1-AUS/SDK/libs/llvm\txm_lib.lib(txm_module_thread_shell_entry.o)	#SHT_PROGBITS,SHF_MERGE|SHF_STRINGS,1
	0x1171		
.debug_str	0x70f1	0xf	../../../Quectel_BG96_QuecOpen_SDK_Package_V3.0.1-AUS/SDK/libs/llvm\txm_lib.lib(txm_module_thread_shell_entry.o)	#SHT_PROGBITS,SHF_MERGE|SHF_STRINGS,1
	0x118c		
.debug_str	0x7100	0xd	../../../Quectel_BG96_QuecOpen_SDK_Package_V3.0.1-AUS/SDK/libs/llvm\txm_lib.lib(txm_module_thread_shell_entry.o)	#SHT_PROGBITS,SHF_MERGE|SHF_STRINGS,1
	0x119b		
.debug_str	0x710d	0xe	../../../Quectel_BG96_QuecOpen_SDK_Package_V3.0.1-AUS/SDK/libs/llvm\txm_lib.lib(txm_module_thread_shell_entry.o)	#SHT_PROGBITS,SHF_MERGE|SHF_STRINGS,1
	0x11a8		
.debug_str	0x711b	0xf	../../../Quectel_BG96_QuecOpen_SDK_Package_V3.0.1-AUS/SDK/libs/llvm\txm_lib.lib(txm_module_thread_shell_entry.o)	#SHT_PROGBITS,SHF_MERGE|SHF_STRINGS,1
	0x11b6		
.debug_str	0x712a	0x19	../../../Quectel_BG96_QuecOpen_SDK_Package_V3.0.1-AUS/SDK/libs/llvm\txm_lib.lib(txm_module_thread_shell_entry.o)	#SHT_PROGBITS,SHF_MERGE|SHF_STRINGS,1
	0x11c5		
.debug_str	0x7143	0x19	../../../Quectel_BG96_QuecOpen_SDK_Package_V3.0.1-AUS/SDK/libs/llvm\txm_lib.lib(txm_module_thread_shell_entry.o)	#SHT_PROGBITS,SHF_MERGE|SHF_STRINGS,1
	0x11de		
.debug_str	0x715c	0x16	../../../Quectel_BG96_QuecOpen_SDK_Package_V3.0.1-AUS/SDK/libs/llvm\txm_lib.lib(txm_module_thread_shell_entry.o)	#SHT_PROGBITS,SHF_MERGE|SHF_STRINGS,1
	0x11f7		
.debug_str	0x7172	0x1a	../../../Quectel_BG96_QuecOpen_SDK_Package_V3.0.1-AUS/SDK/libs/llvm\txm_lib.lib(txm_module_thread_shell_entry.o)	#SHT_PROGBITS,SHF_MERGE|SHF_STRINGS,1
	0x120d		
.debug_str	0x718c	0x10	../../../Quectel_BG96_QuecOpen_SDK_Package_V3.0.1-AUS/SDK/libs/llvm\txm_lib.lib(txm_module_thread_shell_entry.o)	#SHT_PROGBITS,SHF_MERGE|SHF_STRINGS,1
	0x1227		
.debug_str	0x719c	0x9	../../../Quectel_BG96_QuecOpen_SDK_Package_V3.0.1-AUS/SDK/libs/llvm\txm_lib.lib(txm_module_thread_shell_entry.o)	#SHT_PROGBITS,SHF_MERGE|SHF_STRINGS,1
	0x1237		
.debug_str	0x71a5	0x30	../../../Quectel_BG96_QuecOpen_SDK_Package_V3.0.1-AUS/SDK/libs/llvm\txm_lib.lib(txm_module_thread_shell_entry.o)	#SHT_PROGBITS,SHF_MERGE|SHF_STRINGS,1
	0x1240		
.debug_str	0x71d5	0x2a	../../../Quectel_BG96_QuecOpen_SDK_Package_V3.0.1-AUS/SDK/libs/llvm\txm_lib.lib(txm_module_thread_shell_entry.o)	#SHT_PROGBITS,SHF_MERGE|SHF_STRINGS,1
	0x1270		
.debug_str	0x71ff	0x28	../../../Quectel_BG96_QuecOpen_SDK_Package_V3.0.1-AUS/SDK/libs/llvm\txm_lib.lib(txm_module_thread_shell_entry.o)	#SHT_PROGBITS,SHF_MERGE|SHF_STRINGS,1
	0x129a		
.debug_str	0x7227	0x28	../../../Quectel_BG96_QuecOpen_SDK_Package_V3.0.1-AUS/SDK/libs/llvm\txm_lib.lib(txm_module_thread_shell_entry.o)	#SHT_PROGBITS,SHF_MERGE|SHF_STRINGS,1
	0x12c2		
.debug_str	0x724f	0x26	../../../Quectel_BG96_QuecOpen_SDK_Package_V3.0.1-AUS/SDK/libs/llvm\txm_lib.lib(txm_module_thread_shell_entry.o)	#SHT_PROGBITS,SHF_MERGE|SHF_STRINGS,1
	0x12ea		
.debug_str	0x7275	0x2a	../../../Quectel_BG96_QuecOpen_SDK_Package_V3.0.1-AUS/SDK/libs/llvm\txm_lib.lib(txm_module_thread_shell_entry.o)	#SHT_PROGBITS,SHF_MERGE|SHF_STRINGS,1
	0x1310		
.debug_str	0x729f	0x28	../../../Quectel_BG96_QuecOpen_SDK_Package_V3.0.1-AUS/SDK/libs/llvm\txm_lib.lib(txm_module_thread_shell_entry.o)	#SHT_PROGBITS,SHF_MERGE|SHF_STRINGS,1
	0x133a		
.debug_str	0x72c7	0x28	../../../Quectel_BG96_QuecOpen_SDK_Package_V3.0.1-AUS/SDK/libs/llvm\txm_lib.lib(txm_module_thread_shell_entry.o)	#SHT_PROGBITS,SHF_MERGE|SHF_STRINGS,1
	0x1362		
.debug_str	0x72ef	0x25	../../../Quectel_BG96_QuecOpen_SDK_Package_V3.0.1-AUS/SDK/libs/llvm\txm_lib.lib(txm_module_thread_shell_entry.o)	#SHT_PROGBITS,SHF_MERGE|SHF_STRINGS,1
	0x138a		
.debug_str	0x7314	0x19	../../../Quectel_BG96_QuecOpen_SDK_Package_V3.0.1-AUS/SDK/libs/llvm\txm_lib.lib(txm_module_thread_shell_entry.o)	#SHT_PROGBITS,SHF_MERGE|SHF_STRINGS,1
	0x13af		
.debug_str	0x732d	0x18	../../../Quectel_BG96_QuecOpen_SDK_Package_V3.0.1-AUS/SDK/libs/llvm\txm_lib.lib(txm_module_thread_shell_entry.o)	#SHT_PROGBITS,SHF_MERGE|SHF_STRINGS,1
	0x13c8		
.debug_str	0x7345	0x1e	../../../Quectel_BG96_QuecOpen_SDK_Package_V3.0.1-AUS/SDK/libs/llvm\txm_lib.lib(txm_module_thread_shell_entry.o)	#SHT_PROGBITS,SHF_MERGE|SHF_STRINGS,1
	0x13e0		
.debug_str	0x7363	0x1e	../../../Quectel_BG96_QuecOpen_SDK_Package_V3.0.1-AUS/SDK/libs/llvm\txm_lib.lib(txm_module_thread_shell_entry.o)	#SHT_PROGBITS,SHF_MERGE|SHF_STRINGS,1
	0x13fe		
.debug_str	0x7381	0x15	../../../Quectel_BG96_QuecOpen_SDK_Package_V3.0.1-AUS/SDK/libs/llvm\txm_lib.lib(txm_module_thread_shell_entry.o)	#SHT_PROGBITS,SHF_MERGE|SHF_STRINGS,1
	0x141c		
.debug_str	0x7396	0x14	../../../Quectel_BG96_QuecOpen_SDK_Package_V3.0.1-AUS/SDK/libs/llvm\txm_lib.lib(txm_module_thread_shell_entry.o)	#SHT_PROGBITS,SHF_MERGE|SHF_STRINGS,1
	0x1431		
.debug_str	0x73aa	0x25	../../../Quectel_BG96_QuecOpen_SDK_Package_V3.0.1-AUS/SDK/libs/llvm\txm_lib.lib(txm_module_thread_shell_entry.o)	#SHT_PROGBITS,SHF_MERGE|SHF_STRINGS,1
	0x1445		
.debug_str	0x73cf	0x2c	../../../Quectel_BG96_QuecOpen_SDK_Package_V3.0.1-AUS/SDK/libs/llvm\txm_lib.lib(txm_module_thread_shell_entry.o)	#SHT_PROGBITS,SHF_MERGE|SHF_STRINGS,1
	0x146a		
.debug_str	0x73fb	0x21	../../../Quectel_BG96_QuecOpen_SDK_Package_V3.0.1-AUS/SDK/libs/llvm\txm_lib.lib(txm_module_thread_shell_entry.o)	#SHT_PROGBITS,SHF_MERGE|SHF_STRINGS,1
	0x1496		
.debug_str	0x741c	0x25	../../../Quectel_BG96_QuecOpen_SDK_Package_V3.0.1-AUS/SDK/libs/llvm\txm_lib.lib(txm_module_thread_shell_entry.o)	#SHT_PROGBITS,SHF_MERGE|SHF_STRINGS,1
	0x14b7		
.debug_str	0x7441	0x17	../../../Quectel_BG96_QuecOpen_SDK_Package_V3.0.1-AUS/SDK/libs/llvm\txm_lib.lib(txm_module_thread_shell_entry.o)	#SHT_PROGBITS,SHF_MERGE|SHF_STRINGS,1
	0x14dc		
.debug_str	0x7458	0x23	../../../Quectel_BG96_QuecOpen_SDK_Package_V3.0.1-AUS/SDK/libs/llvm\txm_lib.lib(txm_module_thread_shell_entry.o)	#SHT_PROGBITS,SHF_MERGE|SHF_STRINGS,1
	0x14f3		
.debug_str	0x747b	0x26	../../../Quectel_BG96_QuecOpen_SDK_Package_V3.0.1-AUS/SDK/libs/llvm\txm_lib.lib(txm_module_thread_shell_entry.o)	#SHT_PROGBITS,SHF_MERGE|SHF_STRINGS,1
	0x1516		
.debug_str	0x74a1	0x20	../../../Quectel_BG96_QuecOpen_SDK_Package_V3.0.1-AUS/SDK/libs/llvm\txm_lib.lib(txm_module_thread_shell_entry.o)	#SHT_PROGBITS,SHF_MERGE|SHF_STRINGS,1
	0x153c		
.debug_str	0x74c1	0x24	../../../Quectel_BG96_QuecOpen_SDK_Package_V3.0.1-AUS/SDK/libs/llvm\txm_lib.lib(txm_module_thread_shell_entry.o)	#SHT_PROGBITS,SHF_MERGE|SHF_STRINGS,1
	0x155c		
.debug_str	0x74e5	0x1b	../../../Quectel_BG96_QuecOpen_SDK_Package_V3.0.1-AUS/SDK/libs/llvm\txm_lib.lib(txm_module_thread_shell_entry.o)	#SHT_PROGBITS,SHF_MERGE|SHF_STRINGS,1
	0x1580		
.debug_str	0x7500	0x14	../../../Quectel_BG96_QuecOpen_SDK_Package_V3.0.1-AUS/SDK/libs/llvm\txm_lib.lib(txm_module_thread_shell_entry.o)	#SHT_PROGBITS,SHF_MERGE|SHF_STRINGS,1
	0x159b		
.debug_str	0x7514	0x2f	../../../Quectel_BG96_QuecOpen_SDK_Package_V3.0.1-AUS/SDK/libs/llvm\txm_lib.lib(txm_module_thread_shell_entry.o)	#SHT_PROGBITS,SHF_MERGE|SHF_STRINGS,1
	0x15af		
.debug_str	0x7543	0x2f	../../../Quectel_BG96_QuecOpen_SDK_Package_V3.0.1-AUS/SDK/libs/llvm\txm_lib.lib(txm_module_thread_shell_entry.o)	#SHT_PROGBITS,SHF_MERGE|SHF_STRINGS,1
	0x15de		
.debug_str	0x7572	0x23	../../../Quectel_BG96_QuecOpen_SDK_Package_V3.0.1-AUS/SDK/libs/llvm\txm_lib.lib(txm_module_thread_shell_entry.o)	#SHT_PROGBITS,SHF_MERGE|SHF_STRINGS,1
	0x160d		
.debug_str	0x7595	0x27	../../../Quectel_BG96_QuecOpen_SDK_Package_V3.0.1-AUS/SDK/libs/llvm\txm_lib.lib(txm_module_thread_shell_entry.o)	#SHT_PROGBITS,SHF_MERGE|SHF_STRINGS,1
	0x1630		
.debug_str	0x75bc	0x29	../../../Quectel_BG96_QuecOpen_SDK_Package_V3.0.1-AUS/SDK/libs/llvm\txm_lib.lib(txm_module_thread_shell_entry.o)	#SHT_PROGBITS,SHF_MERGE|SHF_STRINGS,1
	0x1657		
.debug_str	0x75e5	0x2a	../../../Quectel_BG96_QuecOpen_SDK_Package_V3.0.1-AUS/SDK/libs/llvm\txm_lib.lib(txm_module_thread_shell_entry.o)	#SHT_PROGBITS,SHF_MERGE|SHF_STRINGS,1
	0x1680		
.debug_str	0x760f	0x35	../../../Quectel_BG96_QuecOpen_SDK_Package_V3.0.1-AUS/SDK/libs/llvm\txm_lib.lib(txm_module_thread_shell_entry.o)	#SHT_PROGBITS,SHF_MERGE|SHF_STRINGS,1
	0x16aa		
.debug_str	0x7644	0x34	../../../Quectel_BG96_QuecOpen_SDK_Package_V3.0.1-AUS/SDK/libs/llvm\txm_lib.lib(txm_module_thread_shell_entry.o)	#SHT_PROGBITS,SHF_MERGE|SHF_STRINGS,1
	0x16df		
.debug_str	0x7678	0x35	../../../Quectel_BG96_QuecOpen_SDK_Package_V3.0.1-AUS/SDK/libs/llvm\txm_lib.lib(txm_module_thread_shell_entry.o)	#SHT_PROGBITS,SHF_MERGE|SHF_STRINGS,1
	0x1713		
.debug_str	0x76ad	0x34	../../../Quectel_BG96_QuecOpen_SDK_Package_V3.0.1-AUS/SDK/libs/llvm\txm_lib.lib(txm_module_thread_shell_entry.o)	#SHT_PROGBITS,SHF_MERGE|SHF_STRINGS,1
	0x1748		
.debug_str	0x76e1	0x24	../../../Quectel_BG96_QuecOpen_SDK_Package_V3.0.1-AUS/SDK/libs/llvm\txm_lib.lib(txm_module_thread_shell_entry.o)	#SHT_PROGBITS,SHF_MERGE|SHF_STRINGS,1
	0x177c		
.debug_str	0x7705	0x1d	../../../Quectel_BG96_QuecOpen_SDK_Package_V3.0.1-AUS/SDK/libs/llvm\txm_lib.lib(txm_module_thread_shell_entry.o)	#SHT_PROGBITS,SHF_MERGE|SHF_STRINGS,1
	0x17a0		
.debug_str	0x7722	0x19	../../../Quectel_BG96_QuecOpen_SDK_Package_V3.0.1-AUS/SDK/libs/llvm\txm_lib.lib(txm_module_thread_shell_entry.o)	#SHT_PROGBITS,SHF_MERGE|SHF_STRINGS,1
	0x17bd		
.debug_str	0x773b	0x23	../../../Quectel_BG96_QuecOpen_SDK_Package_V3.0.1-AUS/SDK/libs/llvm\txm_lib.lib(txm_module_thread_shell_entry.o)	#SHT_PROGBITS,SHF_MERGE|SHF_STRINGS,1
	0x17d6		
.debug_str	0x775e	0xa	../../../Quectel_BG96_QuecOpen_SDK_Package_V3.0.1-AUS/SDK/libs/llvm\txm_lib.lib(txm_module_thread_shell_entry.o)	#SHT_PROGBITS,SHF_MERGE|SHF_STRINGS,1
	0x17f9		
.debug_str	0x7768	0x1f	../../../Quectel_BG96_QuecOpen_SDK_Package_V3.0.1-AUS/SDK/libs/llvm\txm_lib.lib(txm_module_thread_shell_entry.o)	#SHT_PROGBITS,SHF_MERGE|SHF_STRINGS,1
	0x1803		
.debug_str	0x7787	0xb	../../../Quectel_BG96_QuecOpen_SDK_Package_V3.0.1-AUS/SDK/libs/llvm\txm_lib.lib(txm_module_thread_shell_entry.o)	#SHT_PROGBITS,SHF_MERGE|SHF_STRINGS,1
	0x1822		
.debug_str	0x7792	0xc	../../../Quectel_BG96_QuecOpen_SDK_Package_V3.0.1-AUS/SDK/libs/llvm\txm_lib.lib(txm_module_thread_shell_entry.o)	#SHT_PROGBITS,SHF_MERGE|SHF_STRINGS,1
	0x182d		
.debug_str	0x779e	0xb4	../../../Quectel_BG96_QuecOpen_SDK_Package_V3.0.1-AUS/SDK/libs/llvm\txm_lib.lib(txm_module_callback_request_thread_entry.o)	#SHT_PROGBITS,SHF_MERGE|SHF_STRINGS,1
	0x1839		
.debug_str	0x7852	0x18	../../../Quectel_BG96_QuecOpen_SDK_Package_V3.0.1-AUS/SDK/libs/llvm\txm_lib.lib(txm_module_callback_request_thread_entry.o)	#SHT_PROGBITS,SHF_MERGE|SHF_STRINGS,1
	0x18ed		
.debug_str	0x786a	0x1a	../../../Quectel_BG96_QuecOpen_SDK_Package_V3.0.1-AUS/SDK/libs/llvm\txm_lib.lib(txm_module_callback_request_thread_entry.o)	#SHT_PROGBITS,SHF_MERGE|SHF_STRINGS,1
	0x1905		
.debug_str	0x7884	0x1d	../../../Quectel_BG96_QuecOpen_SDK_Package_V3.0.1-AUS/SDK/libs/llvm\txm_lib.lib(txm_module_callback_request_thread_entry.o)	#SHT_PROGBITS,SHF_MERGE|SHF_STRINGS,1
	0x191f		
.debug_str	0x78a1	0x22	../../../Quectel_BG96_QuecOpen_SDK_Package_V3.0.1-AUS/SDK/libs/llvm\txm_lib.lib(txm_module_callback_request_thread_entry.o)	#SHT_PROGBITS,SHF_MERGE|SHF_STRINGS,1
	0x193c		
.debug_str	0x78c3	0x25	../../../Quectel_BG96_QuecOpen_SDK_Package_V3.0.1-AUS/SDK/libs/llvm\txm_lib.lib(txm_module_callback_request_thread_entry.o)	#SHT_PROGBITS,SHF_MERGE|SHF_STRINGS,1
	0x195e		
.debug_str	0x78e8	0x25	../../../Quectel_BG96_QuecOpen_SDK_Package_V3.0.1-AUS/SDK/libs/llvm\txm_lib.lib(txm_module_callback_request_thread_entry.o)	#SHT_PROGBITS,SHF_MERGE|SHF_STRINGS,1
	0x1983		
.debug_str	0x790d	0x22	../../../Quectel_BG96_QuecOpen_SDK_Package_V3.0.1-AUS/SDK/libs/llvm\txm_lib.lib(txm_module_callback_request_thread_entry.o)	#SHT_PROGBITS,SHF_MERGE|SHF_STRINGS,1
	0x19a8		
.debug_str	0x792f	0x26	../../../Quectel_BG96_QuecOpen_SDK_Package_V3.0.1-AUS/SDK/libs/llvm\txm_lib.lib(txm_module_callback_request_thread_entry.o)	#SHT_PROGBITS,SHF_MERGE|SHF_STRINGS,1
	0x19ca		
.debug_str	0x7955	0x23	../../../Quectel_BG96_QuecOpen_SDK_Package_V3.0.1-AUS/SDK/libs/llvm\txm_lib.lib(txm_module_callback_request_thread_entry.o)	#SHT_PROGBITS,SHF_MERGE|SHF_STRINGS,1
	0x19f0		
.debug_str	0x7978	0x1c	../../../Quectel_BG96_QuecOpen_SDK_Package_V3.0.1-AUS/SDK/libs/llvm\txm_lib.lib(txm_module_callback_request_thread_entry.o)	#SHT_PROGBITS,SHF_MERGE|SHF_STRINGS,1
	0x1a13		
.debug_str	0x7994	0x15	../../../Quectel_BG96_QuecOpen_SDK_Package_V3.0.1-AUS/SDK/libs/llvm\txm_lib.lib(txm_module_callback_request_thread_entry.o)	#SHT_PROGBITS,SHF_MERGE|SHF_STRINGS,1
	0x1a2f		
.debug_str	0x79a9	0x10	../../../Quectel_BG96_QuecOpen_SDK_Package_V3.0.1-AUS/SDK/libs/llvm\txm_lib.lib(txm_module_callback_request_thread_entry.o)	#SHT_PROGBITS,SHF_MERGE|SHF_STRINGS,1
	0x1a44		
.debug_str	0x79b9	0x12	../../../Quectel_BG96_QuecOpen_SDK_Package_V3.0.1-AUS/SDK/libs/llvm\txm_lib.lib(txm_module_callback_request_thread_entry.o)	#SHT_PROGBITS,SHF_MERGE|SHF_STRINGS,1
	0x1a54		
.debug_str	0x79cb	0x13	../../../Quectel_BG96_QuecOpen_SDK_Package_V3.0.1-AUS/SDK/libs/llvm\txm_lib.lib(txm_module_callback_request_thread_entry.o)	#SHT_PROGBITS,SHF_MERGE|SHF_STRINGS,1
	0x1a66		
.debug_str	0x79de	0x1d	../../../Quectel_BG96_QuecOpen_SDK_Package_V3.0.1-AUS/SDK/libs/llvm\txm_lib.lib(txm_module_callback_request_thread_entry.o)	#SHT_PROGBITS,SHF_MERGE|SHF_STRINGS,1
	0x1a79		
.debug_str	0x79fb	0x1d	../../../Quectel_BG96_QuecOpen_SDK_Package_V3.0.1-AUS/SDK/libs/llvm\txm_lib.lib(txm_module_callback_request_thread_entry.o)	#SHT_PROGBITS,SHF_MERGE|SHF_STRINGS,1
	0x1a96		
.debug_str	0x7a18	0x1a	../../../Quectel_BG96_QuecOpen_SDK_Package_V3.0.1-AUS/SDK/libs/llvm\txm_lib.lib(txm_module_callback_request_thread_entry.o)	#SHT_PROGBITS,SHF_MERGE|SHF_STRINGS,1
	0x1ab3		
.debug_str	0x7a32	0x1e	../../../Quectel_BG96_QuecOpen_SDK_Package_V3.0.1-AUS/SDK/libs/llvm\txm_lib.lib(txm_module_callback_request_thread_entry.o)	#SHT_PROGBITS,SHF_MERGE|SHF_STRINGS,1
	0x1acd		
.debug_str	0x7a50	0x14	../../../Quectel_BG96_QuecOpen_SDK_Package_V3.0.1-AUS/SDK/libs/llvm\txm_lib.lib(txm_module_callback_request_thread_entry.o)	#SHT_PROGBITS,SHF_MERGE|SHF_STRINGS,1
	0x1aeb		
.debug_str	0x7a64	0xd	../../../Quectel_BG96_QuecOpen_SDK_Package_V3.0.1-AUS/SDK/libs/llvm\txm_lib.lib(txm_module_callback_request_thread_entry.o)	#SHT_PROGBITS,SHF_MERGE|SHF_STRINGS,1
	0x1aff		
.debug_str	0x7a71	0x18	../../../Quectel_BG96_QuecOpen_SDK_Package_V3.0.1-AUS/SDK/libs/llvm\txm_lib.lib(txm_module_callback_request_thread_entry.o)	#SHT_PROGBITS,SHF_MERGE|SHF_STRINGS,1
	0x1b0c		
.debug_str	0x7a89	0x2a	../../../Quectel_BG96_QuecOpen_SDK_Package_V3.0.1-AUS/SDK/libs/llvm\txm_lib.lib(txm_module_callback_request_thread_entry.o)	#SHT_PROGBITS,SHF_MERGE|SHF_STRINGS,1
	0x1b24		
.debug_str	0x7ab3	0x3	../../../Quectel_BG96_QuecOpen_SDK_Package_V3.0.1-AUS/SDK/libs/llvm\txm_lib.lib(txm_module_callback_request_thread_entry.o)	#SHT_PROGBITS,SHF_MERGE|SHF_STRINGS,1
	0x1b4e		
.debug_str	0x7ab6	0x7	../../../Quectel_BG96_QuecOpen_SDK_Package_V3.0.1-AUS/SDK/libs/llvm\txm_lib.lib(txm_module_callback_request_thread_entry.o)	#SHT_PROGBITS,SHF_MERGE|SHF_STRINGS,1
	0x1b51		
.debug_str	0x7abd	0xf	../../../Quectel_BG96_QuecOpen_SDK_Package_V3.0.1-AUS/SDK/libs/llvm\txm_lib.lib(txm_module_callback_request_thread_entry.o)	#SHT_PROGBITS,SHF_MERGE|SHF_STRINGS,1
	0x1b58		
.debug_str	0x7acc	0x19	../../../Quectel_BG96_QuecOpen_SDK_Package_V3.0.1-AUS/SDK/libs/llvm\txm_lib.lib(txm_module_callback_request_thread_entry.o)	#SHT_PROGBITS,SHF_MERGE|SHF_STRINGS,1
	0x1b67		
.debug_str	0x7ae5	0x12	../../../Quectel_BG96_QuecOpen_SDK_Package_V3.0.1-AUS/SDK/libs/llvm\txm_lib.lib(txm_module_callback_request_thread_entry.o)	#SHT_PROGBITS,SHF_MERGE|SHF_STRINGS,1
	0x1b80		
.debug_str	0x7af7	0xe	../../../Quectel_BG96_QuecOpen_SDK_Package_V3.0.1-AUS/SDK/libs/llvm\txm_lib.lib(txm_module_callback_request_thread_entry.o)	#SHT_PROGBITS,SHF_MERGE|SHF_STRINGS,1
	0x1b92		
.debug_str	0x7b05	0xf	../../../Quectel_BG96_QuecOpen_SDK_Package_V3.0.1-AUS/SDK/libs/llvm\txm_lib.lib(txm_module_callback_request_thread_entry.o)	#SHT_PROGBITS,SHF_MERGE|SHF_STRINGS,1
	0x1ba0		
.debug_str	0x7b14	0x11	../../../Quectel_BG96_QuecOpen_SDK_Package_V3.0.1-AUS/SDK/libs/llvm\txm_lib.lib(txm_module_callback_request_thread_entry.o)	#SHT_PROGBITS,SHF_MERGE|SHF_STRINGS,1
	0x1baf		
.debug_str	0x7b25	0x24	../../../Quectel_BG96_QuecOpen_SDK_Package_V3.0.1-AUS/SDK/libs/llvm\txm_lib.lib(txm_module_callback_request_thread_entry.o)	#SHT_PROGBITS,SHF_MERGE|SHF_STRINGS,1
	0x1bc0		
.debug_str	0x7b49	0x1a	../../../Quectel_BG96_QuecOpen_SDK_Package_V3.0.1-AUS/SDK/libs/llvm\txm_lib.lib(txm_module_callback_request_thread_entry.o)	#SHT_PROGBITS,SHF_MERGE|SHF_STRINGS,1
	0x1be4		
.debug_str	0x7b63	0x22	../../../Quectel_BG96_QuecOpen_SDK_Package_V3.0.1-AUS/SDK/libs/llvm\txm_lib.lib(txm_module_callback_request_thread_entry.o)	#SHT_PROGBITS,SHF_MERGE|SHF_STRINGS,1
	0x1bfe		
.debug_str	0x7b85	0x1e	../../../Quectel_BG96_QuecOpen_SDK_Package_V3.0.1-AUS/SDK/libs/llvm\txm_lib.lib(txm_module_callback_request_thread_entry.o)	#SHT_PROGBITS,SHF_MERGE|SHF_STRINGS,1
	0x1c20		
.debug_str	0x7ba3	0x25	../../../Quectel_BG96_QuecOpen_SDK_Package_V3.0.1-AUS/SDK/libs/llvm\txm_lib.lib(txm_module_callback_request_thread_entry.o)	#SHT_PROGBITS,SHF_MERGE|SHF_STRINGS,1
	0x1c3e		
.debug_str	0x7bc8	0x24	../../../Quectel_BG96_QuecOpen_SDK_Package_V3.0.1-AUS/SDK/libs/llvm\txm_lib.lib(txm_module_callback_request_thread_entry.o)	#SHT_PROGBITS,SHF_MERGE|SHF_STRINGS,1
	0x1c63		
.debug_str	0x7bec	0x22	../../../Quectel_BG96_QuecOpen_SDK_Package_V3.0.1-AUS/SDK/libs/llvm\txm_lib.lib(txm_module_callback_request_thread_entry.o)	#SHT_PROGBITS,SHF_MERGE|SHF_STRINGS,1
	0x1c87		
.debug_str	0x7c0e	0x29	../../../Quectel_BG96_QuecOpen_SDK_Package_V3.0.1-AUS/SDK/libs/llvm\txm_lib.lib(txm_module_callback_request_thread_entry.o)	#SHT_PROGBITS,SHF_MERGE|SHF_STRINGS,1
	0x1ca9		
.debug_str	0x7c37	0x19	../../../Quectel_BG96_QuecOpen_SDK_Package_V3.0.1-AUS/SDK/libs/llvm\txm_lib.lib(txm_module_callback_request_thread_entry.o)	#SHT_PROGBITS,SHF_MERGE|SHF_STRINGS,1
	0x1cd2		
.debug_str	0x7c50	0x1f	../../../Quectel_BG96_QuecOpen_SDK_Package_V3.0.1-AUS/SDK/libs/llvm\txm_lib.lib(txm_module_callback_request_thread_entry.o)	#SHT_PROGBITS,SHF_MERGE|SHF_STRINGS,1
	0x1ceb		
.debug_str	0x7c6f	0x17	../../../Quectel_BG96_QuecOpen_SDK_Package_V3.0.1-AUS/SDK/libs/llvm\txm_lib.lib(txm_module_callback_request_thread_entry.o)	#SHT_PROGBITS,SHF_MERGE|SHF_STRINGS,1
	0x1d0a		
.debug_str	0x7c86	0x1c	../../../Quectel_BG96_QuecOpen_SDK_Package_V3.0.1-AUS/SDK/libs/llvm\txm_lib.lib(txm_module_callback_request_thread_entry.o)	#SHT_PROGBITS,SHF_MERGE|SHF_STRINGS,1
	0x1d21		
.debug_str	0x7ca2	0x1c	../../../Quectel_BG96_QuecOpen_SDK_Package_V3.0.1-AUS/SDK/libs/llvm\txm_lib.lib(txm_module_callback_request_thread_entry.o)	#SHT_PROGBITS,SHF_MERGE|SHF_STRINGS,1
	0x1d3d		
.debug_str	0x7cbe	0x19	../../../Quectel_BG96_QuecOpen_SDK_Package_V3.0.1-AUS/SDK/libs/llvm\txm_lib.lib(txm_module_callback_request_thread_entry.o)	#SHT_PROGBITS,SHF_MERGE|SHF_STRINGS,1
	0x1d59		
.debug_str	0x7cd7	0x1d	../../../Quectel_BG96_QuecOpen_SDK_Package_V3.0.1-AUS/SDK/libs/llvm\txm_lib.lib(txm_module_callback_request_thread_entry.o)	#SHT_PROGBITS,SHF_MERGE|SHF_STRINGS,1
	0x1d72		
.debug_str	0x7cf4	0x21	../../../Quectel_BG96_QuecOpen_SDK_Package_V3.0.1-AUS/SDK/libs/llvm\txm_lib.lib(txm_module_callback_request_thread_entry.o)	#SHT_PROGBITS,SHF_MERGE|SHF_STRINGS,1
	0x1d8f		
.debug_str	0x7d15	0x25	../../../Quectel_BG96_QuecOpen_SDK_Package_V3.0.1-AUS/SDK/libs/llvm\txm_lib.lib(txm_module_callback_request_thread_entry.o)	#SHT_PROGBITS,SHF_MERGE|SHF_STRINGS,1
	0x1db0		
.debug_str	0x7d3a	0x1c	../../../Quectel_BG96_QuecOpen_SDK_Package_V3.0.1-AUS/SDK/libs/llvm\txm_lib.lib(txm_module_callback_request_thread_entry.o)	#SHT_PROGBITS,SHF_MERGE|SHF_STRINGS,1
	0x1dd5		
.debug_str	0x7d56	0x1c	../../../Quectel_BG96_QuecOpen_SDK_Package_V3.0.1-AUS/SDK/libs/llvm\txm_lib.lib(txm_module_callback_request_thread_entry.o)	#SHT_PROGBITS,SHF_MERGE|SHF_STRINGS,1
	0x1df1		
.debug_str	0x7d72	0x1c	../../../Quectel_BG96_QuecOpen_SDK_Package_V3.0.1-AUS/SDK/libs/llvm\txm_lib.lib(txm_module_callback_request_thread_entry.o)	#SHT_PROGBITS,SHF_MERGE|SHF_STRINGS,1
	0x1e0d		
.debug_str	0x7d8e	0x1c	../../../Quectel_BG96_QuecOpen_SDK_Package_V3.0.1-AUS/SDK/libs/llvm\txm_lib.lib(txm_module_callback_request_thread_entry.o)	#SHT_PROGBITS,SHF_MERGE|SHF_STRINGS,1
	0x1e29		
.debug_str	0x7daa	0x1c	../../../Quectel_BG96_QuecOpen_SDK_Package_V3.0.1-AUS/SDK/libs/llvm\txm_lib.lib(txm_module_callback_request_thread_entry.o)	#SHT_PROGBITS,SHF_MERGE|SHF_STRINGS,1
	0x1e45		
.debug_str	0x7dc6	0x1c	../../../Quectel_BG96_QuecOpen_SDK_Package_V3.0.1-AUS/SDK/libs/llvm\txm_lib.lib(txm_module_callback_request_thread_entry.o)	#SHT_PROGBITS,SHF_MERGE|SHF_STRINGS,1
	0x1e61		
.debug_str	0x7de2	0x1b	../../../Quectel_BG96_QuecOpen_SDK_Package_V3.0.1-AUS/SDK/libs/llvm\txm_lib.lib(txm_module_callback_request_thread_entry.o)	#SHT_PROGBITS,SHF_MERGE|SHF_STRINGS,1
	0x1e7d		
.debug_str	0x7dfd	0x14	../../../Quectel_BG96_QuecOpen_SDK_Package_V3.0.1-AUS/SDK/libs/llvm\txm_lib.lib(txm_module_callback_request_thread_entry.o)	#SHT_PROGBITS,SHF_MERGE|SHF_STRINGS,1
	0x1e98		
.debug_str	0x7e11	0x30	../../../Quectel_BG96_QuecOpen_SDK_Package_V3.0.1-AUS/SDK/libs/llvm\txm_lib.lib(txm_module_callback_request_thread_entry.o)	#SHT_PROGBITS,SHF_MERGE|SHF_STRINGS,1
	0x1eac		
.debug_str	0x7e41	0x23	../../../Quectel_BG96_QuecOpen_SDK_Package_V3.0.1-AUS/SDK/libs/llvm\txm_lib.lib(txm_module_callback_request_thread_entry.o)	#SHT_PROGBITS,SHF_MERGE|SHF_STRINGS,1
	0x1edc		
.debug_str	0x7e64	0x23	../../../Quectel_BG96_QuecOpen_SDK_Package_V3.0.1-AUS/SDK/libs/llvm\txm_lib.lib(txm_module_callback_request_thread_entry.o)	#SHT_PROGBITS,SHF_MERGE|SHF_STRINGS,1
	0x1eff		
.debug_str	0x7e87	0x20	../../../Quectel_BG96_QuecOpen_SDK_Package_V3.0.1-AUS/SDK/libs/llvm\txm_lib.lib(txm_module_callback_request_thread_entry.o)	#SHT_PROGBITS,SHF_MERGE|SHF_STRINGS,1
	0x1f22		
.debug_str	0x7ea7	0x29	../../../Quectel_BG96_QuecOpen_SDK_Package_V3.0.1-AUS/SDK/libs/llvm\txm_lib.lib(txm_module_callback_request_thread_entry.o)	#SHT_PROGBITS,SHF_MERGE|SHF_STRINGS,1
	0x1f42		
.debug_str	0x7ed0	0x25	../../../Quectel_BG96_QuecOpen_SDK_Package_V3.0.1-AUS/SDK/libs/llvm\txm_lib.lib(txm_module_callback_request_thread_entry.o)	#SHT_PROGBITS,SHF_MERGE|SHF_STRINGS,1
	0x1f6b		
.debug_str	0x7ef5	0x25	../../../Quectel_BG96_QuecOpen_SDK_Package_V3.0.1-AUS/SDK/libs/llvm\txm_lib.lib(txm_module_callback_request_thread_entry.o)	#SHT_PROGBITS,SHF_MERGE|SHF_STRINGS,1
	0x1f90		
.debug_str	0x7f1a	0x28	../../../Quectel_BG96_QuecOpen_SDK_Package_V3.0.1-AUS/SDK/libs/llvm\txm_lib.lib(txm_module_callback_request_thread_entry.o)	#SHT_PROGBITS,SHF_MERGE|SHF_STRINGS,1
	0x1fb5		
.debug_str	0x7f42	0x2c	../../../Quectel_BG96_QuecOpen_SDK_Package_V3.0.1-AUS/SDK/libs/llvm\txm_lib.lib(txm_module_callback_request_thread_entry.o)	#SHT_PROGBITS,SHF_MERGE|SHF_STRINGS,1
	0x1fdd		
.debug_str	0x7f6e	0x23	../../../Quectel_BG96_QuecOpen_SDK_Package_V3.0.1-AUS/SDK/libs/llvm\txm_lib.lib(txm_module_callback_request_thread_entry.o)	#SHT_PROGBITS,SHF_MERGE|SHF_STRINGS,1
	0x2009		
.debug_str	0x7f91	0x23	../../../Quectel_BG96_QuecOpen_SDK_Package_V3.0.1-AUS/SDK/libs/llvm\txm_lib.lib(txm_module_callback_request_thread_entry.o)	#SHT_PROGBITS,SHF_MERGE|SHF_STRINGS,1
	0x202c		
.debug_str	0x7fb4	0x23	../../../Quectel_BG96_QuecOpen_SDK_Package_V3.0.1-AUS/SDK/libs/llvm\txm_lib.lib(txm_module_callback_request_thread_entry.o)	#SHT_PROGBITS,SHF_MERGE|SHF_STRINGS,1
	0x204f		
.debug_str	0x7fd7	0x23	../../../Quectel_BG96_QuecOpen_SDK_Package_V3.0.1-AUS/SDK/libs/llvm\txm_lib.lib(txm_module_callback_request_thread_entry.o)	#SHT_PROGBITS,SHF_MERGE|SHF_STRINGS,1
	0x2072		
.debug_str	0x7ffa	0x23	../../../Quectel_BG96_QuecOpen_SDK_Package_V3.0.1-AUS/SDK/libs/llvm\txm_lib.lib(txm_module_callback_request_thread_entry.o)	#SHT_PROGBITS,SHF_MERGE|SHF_STRINGS,1
	0x2095		
.debug_str	0x801d	0x23	../../../Quectel_BG96_QuecOpen_SDK_Package_V3.0.1-AUS/SDK/libs/llvm\txm_lib.lib(txm_module_callback_request_thread_entry.o)	#SHT_PROGBITS,SHF_MERGE|SHF_STRINGS,1
	0x20b8		
.debug_str	0x8040	0x22	../../../Quectel_BG96_QuecOpen_SDK_Package_V3.0.1-AUS/SDK/libs/llvm\txm_lib.lib(txm_module_callback_request_thread_entry.o)	#SHT_PROGBITS,SHF_MERGE|SHF_STRINGS,1
	0x20db		
.debug_str	0x8062	0x1b	../../../Quectel_BG96_QuecOpen_SDK_Package_V3.0.1-AUS/SDK/libs/llvm\txm_lib.lib(txm_module_callback_request_thread_entry.o)	#SHT_PROGBITS,SHF_MERGE|SHF_STRINGS,1
	0x20fd		
.debug_str	0x807d	0x12	../../../Quectel_BG96_QuecOpen_SDK_Package_V3.0.1-AUS/SDK/libs/llvm\txm_lib.lib(txm_module_callback_request_thread_entry.o)	#SHT_PROGBITS,SHF_MERGE|SHF_STRINGS,1
	0x2118		
.debug_str	0x808f	0x15	../../../Quectel_BG96_QuecOpen_SDK_Package_V3.0.1-AUS/SDK/libs/llvm\txm_lib.lib(txm_module_callback_request_thread_entry.o)	#SHT_PROGBITS,SHF_MERGE|SHF_STRINGS,1
	0x212a		
.debug_str	0x80a4	0x12	../../../Quectel_BG96_QuecOpen_SDK_Package_V3.0.1-AUS/SDK/libs/llvm\txm_lib.lib(txm_module_callback_request_thread_entry.o)	#SHT_PROGBITS,SHF_MERGE|SHF_STRINGS,1
	0x213f		
.debug_str	0x80b6	0xa4	../../../Quectel_BG96_QuecOpen_SDK_Package_V3.0.1-AUS/SDK/libs/llvm\txm_lib.lib(txm_module_system_call11.o)	#SHT_PROGBITS,SHF_MERGE|SHF_STRINGS,1
	0x2151		
.debug_str	0x815a	0x1a	../../../Quectel_BG96_QuecOpen_SDK_Package_V3.0.1-AUS/SDK/libs/llvm\txm_lib.lib(txm_module_system_call11.o)	#SHT_PROGBITS,SHF_MERGE|SHF_STRINGS,1
	0x21f5		
.debug_str	0x8174	0x11	../../../Quectel_BG96_QuecOpen_SDK_Package_V3.0.1-AUS/SDK/libs/llvm\txm_lib.lib(txm_module_system_call11.o)	#SHT_PROGBITS,SHF_MERGE|SHF_STRINGS,1
	0x220f		
.debug_str	0x8185	0x8	../../../Quectel_BG96_QuecOpen_SDK_Package_V3.0.1-AUS/SDK/libs/llvm\txm_lib.lib(txm_module_system_call11.o)	#SHT_PROGBITS,SHF_MERGE|SHF_STRINGS,1
	0x2220		
.debug_str	0x818d	0x8	../../../Quectel_BG96_QuecOpen_SDK_Package_V3.0.1-AUS/SDK/libs/llvm\txm_lib.lib(txm_module_system_call11.o)	#SHT_PROGBITS,SHF_MERGE|SHF_STRINGS,1
	0x2228		
.debug_str	0x8195	0x8	../../../Quectel_BG96_QuecOpen_SDK_Package_V3.0.1-AUS/SDK/libs/llvm\txm_lib.lib(txm_module_system_call11.o)	#SHT_PROGBITS,SHF_MERGE|SHF_STRINGS,1
	0x2230		
.debug_str	0x819d	0x8	../../../Quectel_BG96_QuecOpen_SDK_Package_V3.0.1-AUS/SDK/libs/llvm\txm_lib.lib(txm_module_system_call11.o)	#SHT_PROGBITS,SHF_MERGE|SHF_STRINGS,1
	0x2238		
.debug_str	0x81a5	0x8	../../../Quectel_BG96_QuecOpen_SDK_Package_V3.0.1-AUS/SDK/libs/llvm\txm_lib.lib(txm_module_system_call11.o)	#SHT_PROGBITS,SHF_MERGE|SHF_STRINGS,1
	0x2240		
.debug_str	0x81ad	0x8	../../../Quectel_BG96_QuecOpen_SDK_Package_V3.0.1-AUS/SDK/libs/llvm\txm_lib.lib(txm_module_system_call11.o)	#SHT_PROGBITS,SHF_MERGE|SHF_STRINGS,1
	0x2248		
.debug_str	0x81b5	0x8	../../../Quectel_BG96_QuecOpen_SDK_Package_V3.0.1-AUS/SDK/libs/llvm\txm_lib.lib(txm_module_system_call11.o)	#SHT_PROGBITS,SHF_MERGE|SHF_STRINGS,1
	0x2250		
.debug_str	0x81bd	0x8	../../../Quectel_BG96_QuecOpen_SDK_Package_V3.0.1-AUS/SDK/libs/llvm\txm_lib.lib(txm_module_system_call11.o)	#SHT_PROGBITS,SHF_MERGE|SHF_STRINGS,1
	0x2258		
.debug_str	0x81c5	0x8	../../../Quectel_BG96_QuecOpen_SDK_Package_V3.0.1-AUS/SDK/libs/llvm\txm_lib.lib(txm_module_system_call11.o)	#SHT_PROGBITS,SHF_MERGE|SHF_STRINGS,1
	0x2260		
.debug_str	0x81cd	0x8	../../../Quectel_BG96_QuecOpen_SDK_Package_V3.0.1-AUS/SDK/libs/llvm\txm_lib.lib(txm_module_system_call11.o)	#SHT_PROGBITS,SHF_MERGE|SHF_STRINGS,1
	0x2268		
.debug_str	0x81d5	0x9	../../../Quectel_BG96_QuecOpen_SDK_Package_V3.0.1-AUS/SDK/libs/llvm\txm_lib.lib(txm_module_system_call11.o)	#SHT_PROGBITS,SHF_MERGE|SHF_STRINGS,1
	0x2270		
.debug_str	0x81de	0x9	../../../Quectel_BG96_QuecOpen_SDK_Package_V3.0.1-AUS/SDK/libs/llvm\txm_lib.lib(txm_module_system_call11.o)	#SHT_PROGBITS,SHF_MERGE|SHF_STRINGS,1
	0x2279		
.debug_str	0x81e7	0xd	../../../Quectel_BG96_QuecOpen_SDK_Package_V3.0.1-AUS/SDK/libs/llvm\txm_lib.lib(txm_module_system_call11.o)	#SHT_PROGBITS,SHF_MERGE|SHF_STRINGS,1
	0x2282		
.debug_str	0x81f4	0xa3	../../../Quectel_BG96_QuecOpen_SDK_Package_V3.0.1-AUS/SDK/libs/llvm\txm_lib.lib(txm_module_system_call4.o)	#SHT_PROGBITS,SHF_MERGE|SHF_STRINGS,1
	0x228f		
.debug_str	0x8297	0x19	../../../Quectel_BG96_QuecOpen_SDK_Package_V3.0.1-AUS/SDK/libs/llvm\txm_lib.lib(txm_module_system_call4.o)	#SHT_PROGBITS,SHF_MERGE|SHF_STRINGS,1
	0x2332		
.debug_str	0x82b0	0xa3	../../../Quectel_BG96_QuecOpen_SDK_Package_V3.0.1-AUS/SDK/libs/llvm\txm_lib.lib(txm_module_system_call5.o)	#SHT_PROGBITS,SHF_MERGE|SHF_STRINGS,1
	0x234b		
.debug_str	0x8353	0x19	../../../Quectel_BG96_QuecOpen_SDK_Package_V3.0.1-AUS/SDK/libs/llvm\txm_lib.lib(txm_module_system_call5.o)	#SHT_PROGBITS,SHF_MERGE|SHF_STRINGS,1
	0x23ee		
.debug_str	0x836c	0xa3	../../../Quectel_BG96_QuecOpen_SDK_Package_V3.0.1-AUS/SDK/libs/llvm\txm_lib.lib(txm_module_system_call6.o)	#SHT_PROGBITS,SHF_MERGE|SHF_STRINGS,1
	0x2407		
.debug_str	0x840f	0x19	../../../Quectel_BG96_QuecOpen_SDK_Package_V3.0.1-AUS/SDK/libs/llvm\txm_lib.lib(txm_module_system_call6.o)	#SHT_PROGBITS,SHF_MERGE|SHF_STRINGS,1
	0x24aa		

.debug_loc	0x8428	0x349 # Offset: 0x8428
*(.debug_loc )
.debug_loc	0x8428	0x3c	../../../Quectel_BG96_QuecOpen_SDK_Package_V3.0.1-AUS/SDK/libs/llvm\txm_lib.lib(txm_module_thread_shell_entry.o)	#SHT_PROGBITS,,1
.debug_loc	0x8464	0x75	../../../Quectel_BG96_QuecOpen_SDK_Package_V3.0.1-AUS/SDK/libs/llvm\txm_lib.lib(txm_module_callback_request_thread_entry.o)	#SHT_PROGBITS,,1
.debug_loc	0x84d9	0x103	../../../Quectel_BG96_QuecOpen_SDK_Package_V3.0.1-AUS/SDK/libs/llvm\txm_lib.lib(txm_module_system_call11.o)	#SHT_PROGBITS,,1
.debug_loc	0x85dc	0x73	../../../Quectel_BG96_QuecOpen_SDK_Package_V3.0.1-AUS/SDK/libs/llvm\txm_lib.lib(txm_module_system_call4.o)	#SHT_PROGBITS,,1
.debug_loc	0x864f	0x87	../../../Quectel_BG96_QuecOpen_SDK_Package_V3.0.1-AUS/SDK/libs/llvm\txm_lib.lib(txm_module_system_call5.o)	#SHT_PROGBITS,,1
.debug_loc	0x86d6	0x9b	../../../Quectel_BG96_QuecOpen_SDK_Package_V3.0.1-AUS/SDK/libs/llvm\txm_lib.lib(txm_module_system_call6.o)	#SHT_PROGBITS,,1

.debug_macinfo	0x8771	0x6 # Offset: 0x8771
*(.debug_macinfo )
.debug_macinfo	0x8771	0x1	../../../Quectel_BG96_QuecOpen_SDK_Package_V3.0.1-AUS/SDK/libs/llvm\txm_lib.lib(txm_module_thread_shell_entry.o)	#SHT_PROGBITS,,1
.debug_macinfo	0x8772	0x1	../../../Quectel_BG96_QuecOpen_SDK_Package_V3.0.1-AUS/SDK/libs/llvm\txm_lib.lib(txm_module_callback_request_thread_entry.o)	#SHT_PROGBITS,,1
.debug_macinfo	0x8773	0x1	../../../Quectel_BG96_QuecOpen_SDK_Package_V3.0.1-AUS/SDK/libs/llvm\txm_lib.lib(txm_module_system_call11.o)	#SHT_PROGBITS,,1
.debug_macinfo	0x8774	0x1	../../../Quectel_BG96_QuecOpen_SDK_Package_V3.0.1-AUS/SDK/libs/llvm\txm_lib.lib(txm_module_system_call4.o)	#SHT_PROGBITS,,1
.debug_macinfo	0x8775	0x1	../../../Quectel_BG96_QuecOpen_SDK_Package_V3.0.1-AUS/SDK/libs/llvm\txm_lib.lib(txm_module_system_call5.o)	#SHT_PROGBITS,,1
.debug_macinfo	0x8776	0x1	../../../Quectel_BG96_QuecOpen_SDK_Package_V3.0.1-AUS/SDK/libs/llvm\txm_lib.lib(txm_module_system_call6.o)	#SHT_PROGBITS,,1

.debug_weaknames	0x8777	0x0 # Offset: 0x8777

.debug_funcnames	0x8777	0x0 # Offset: 0x8777

.debug_typenames	0x8777	0x0 # Offset: 0x8777

.debug_varnames	0x8777	0x0 # Offset: 0x8777

.debug_pubtypes	0x8777	0x53d # Offset: 0x8777
*(.debug_pubtypes )
.debug_pubtypes	0x8777	0x1e2	../../../Quectel_BG96_QuecOpen_SDK_Package_V3.0.1-AUS/SDK/libs/llvm\txm_lib.lib(txm_module_thread_shell_entry.o)	#SHT_PROGBITS,,1
.debug_pubtypes	0x8959	0x293	../../../Quectel_BG96_QuecOpen_SDK_Package_V3.0.1-AUS/SDK/libs/llvm\txm_lib.lib(txm_module_callback_request_thread_entry.o)	#SHT_PROGBITS,,1
.debug_pubtypes	0x8bec	0x32	../../../Quectel_BG96_QuecOpen_SDK_Package_V3.0.1-AUS/SDK/libs/llvm\txm_lib.lib(txm_module_system_call11.o)	#SHT_PROGBITS,,1
.debug_pubtypes	0x8c1e	0x32	../../../Quectel_BG96_QuecOpen_SDK_Package_V3.0.1-AUS/SDK/libs/llvm\txm_lib.lib(txm_module_system_call4.o)	#SHT_PROGBITS,,1
.debug_pubtypes	0x8c50	0x32	../../../Quectel_BG96_QuecOpen_SDK_Package_V3.0.1-AUS/SDK/libs/llvm\txm_lib.lib(txm_module_system_call5.o)	#SHT_PROGBITS,,1
.debug_pubtypes	0x8c82	0x32	../../../Quectel_BG96_QuecOpen_SDK_Package_V3.0.1-AUS/SDK/libs/llvm\txm_lib.lib(txm_module_system_call6.o)	#SHT_PROGBITS,,1

.debug_ranges	0x8cb4	0x0 # Offset: 0x8cb4
*(.debug_ranges )

.gnu.attributes	0x0	0x0 # Offset: 0x8cb4, LMA: 0x0

.note.gnu.arm.ident	0x0	0x0 # Offset: 0x8cb4, LMA: 0x0

.ARM.attributes	0x8cb4	0x10 # Offset: 0x8cb4

.comment	0x8cc4	0x65 # Offset: 0x8cc4
.comment	0x8cc4	0x1	C:\Users\nikol\projects\quectel\development\customer\threadx\tools\LLVM\4.0.3\armv7m-none-eabi\libc\lib/libc.a(vfprintf.o)	#SHT_PROGBITS,SHF_MERGE|SHF_STRINGS,1
.comment	0x8d01	0x28	Linker Version	#SHT_PROGBITS,SHF_MERGE|SHF_STRINGS,1

.note.GNU-stack	0x8d29	0x0 # Offset: 0x8d29

/DISCARD/	0x75	0x0 # Offset: 0x8d29, LMA: 0x0

.shstrtab	0x8d29	0xbe # Offset: 0x8d29

.symtab	0x8de8	0x3330 # Offset: 0x8de8

.strtab	0xc118	0x11f8 # Offset: 0xc118
